Installing dependencies...
npm warn deprecated w3c-hr-time@1.0.2: Use your platform's native performance.now() and performance.timeOrigin.
npm warn deprecated domexception@2.0.1: Use your platform's native DOMException instead
npm warn deprecated abab@2.0.6: Use your platform's native atob() and btoa() methods instead

added 1750 packages, and audited 1751 packages in 4m

222 packages are looking for funding
  run `npm fund` for details

52 vulnerabilities (51 moderate, 1 high)

To address issues that do not require attention, run:
  npm audit fix

To address all issues possible (including breaking changes), run:
  npm audit fix --force

Some issues need review, and may require choosing
a different dependency.

Run `npm audit` for details.
Building React app...

> boilerplate-code-react-js@0.0.0 build
> vite build

vite v7.1.11 building for production...
transforming...
✓ 2933 modules transformed.
rendering chunks...
computing gzip size...
dist/index.html                                    2.18 kB │ gzip:   1.05 kB
dist/assets/verifiedBadge-CrcJq1tD.webp           10.83 kB
dist/assets/rectanglePlaceholder-nCbViREl.png     11.85 kB
dist/assets/goldenCheck-CnSHOmXW.webp             13.45 kB
dist/assets/irfanMalikBg-D4osmO_C.jpg             24.66 kB
dist/assets/proposal6-wLmvSjqd.webp               28.15 kB
dist/assets/placeholderMan-BvremNML.png           36.64 kB
dist/assets/handShake-Dk1DoagP.webp               65.18 kB
dist/assets/tower-gldBe0jJ.webp                   66.16 kB
dist/assets/tower2-LuqAcWCu.jpg                   72.52 kB
dist/assets/shakeelBg-NX99JDrP.jpg               143.15 kB
dist/assets/MainLogo-DJpFhlQE.png                144.86 kB
dist/assets/Fav-BPcykgsi.png                     147.34 kB
dist/assets/akhtar-qLBVRLf-.jpg                  173.92 kB
dist/assets/proposal5-DItum-r7.webp              174.24 kB
dist/assets/tower3-DpFzgoGy.jpg                  175.56 kB
dist/assets/proposal2-B9XZZX50.webp              192.62 kB
dist/assets/meerShinyDress-C8scZpYx.webp         229.68 kB
dist/assets/meerGreenJacket-ykCKR2uN.png         230.19 kB
dist/assets/arabic-BElshnQY.jpg                  238.42 kB
dist/assets/wasim-ETjjiRaD.jpg                   242.26 kB
dist/assets/salman-DD3Zraly.jpg                  255.18 kB
dist/assets/fahad-CnovJc60.jpg                   278.62 kB
dist/assets/tech-BdWyL5Pa.jpg                    281.71 kB
dist/assets/dubai-Bmqq4ymj.jpg                   311.77 kB
dist/assets/wasimAkramBg-D4BFEYu1.png            313.57 kB
dist/assets/proposal3-fxAFZeku.webp              445.47 kB
dist/assets/proposal4-CZk7QC75.webp              542.86 kB
dist/assets/proposal1-D37fvLUu.webp              779.05 kB
dist/assets/wasimAkram-CBOcRO9q.png            4,488.96 kB
dist/assets/index-WUN1Ueh8.css                   133.89 kB │ gzip:  18.43 kB
dist/assets/useDebounce-CuEPJsgf.js                0.19 kB │ gzip:   0.17 kB
dist/assets/chevron-down-CQvjcDCy.js               0.30 kB │ gzip:   0.25 kB
dist/assets/chevron-left-CQk3a_OO.js               0.30 kB │ gzip:   0.25 kB
dist/assets/plus-BsqiOIpt.js                       0.33 kB │ gzip:   0.25 kB
dist/assets/arrow-right-DLLhmM-B.js                0.34 kB │ gzip:   0.26 kB
dist/assets/circle-check-C602C2EO.js               0.35 kB │ gzip:   0.27 kB
dist/assets/trending-up-BVmvYOzU.js                0.35 kB │ gzip:   0.27 kB
dist/assets/ban-BKU0n-CI.js                        0.35 kB │ gzip:   0.27 kB
dist/assets/info-BJeKSkzg.js                       0.37 kB │ gzip:   0.28 kB
dist/assets/rotate-ccw-7rnUgZ71.js                 0.37 kB │ gzip:   0.29 kB
dist/assets/circle-x-ClFQMrk0.js                   0.38 kB │ gzip:   0.28 kB
dist/assets/mail-DYfsMX8E.js                       0.39 kB │ gzip:   0.30 kB
dist/assets/target-B6oSK5vV.js                     0.39 kB │ gzip:   0.26 kB
dist/assets/upload-lkyXY7K1.js                     0.40 kB │ gzip:   0.29 kB
dist/assets/log-in-BvzxGHsN.js                     0.40 kB │ gzip:   0.29 kB
dist/assets/download-BSQs4XZd.js                   0.41 kB │ gzip:   0.30 kB
dist/assets/message-square-DAPsBfVz.js             0.41 kB │ gzip:   0.30 kB
dist/assets/globe-BPgAHTu0.js                      0.41 kB │ gzip:   0.29 kB
dist/assets/circle-alert-CIB5tdcK.js               0.42 kB │ gzip:   0.29 kB
dist/assets/eye-SJh4ufXm.js                        0.42 kB │ gzip:   0.30 kB
dist/assets/map-pin-DjJr5p4n.js                    0.43 kB │ gzip:   0.32 kB
dist/assets/link-CiC3gEHU.js                       0.43 kB │ gzip:   0.30 kB
dist/assets/calendar-CIPnRYZ5.js                   0.43 kB │ gzip:   0.30 kB
dist/assets/pencil-DuvpSSmL.js                     0.45 kB │ gzip:   0.33 kB
dist/assets/user-plus-CSDnPM0J.js                  0.48 kB │ gzip:   0.34 kB
dist/assets/shield-check-CcAIo_U7.js               0.49 kB │ gzip:   0.35 kB
dist/assets/square-pen-gKvMXlaC.js                 0.49 kB │ gzip:   0.34 kB
dist/assets/phone-aLev5gQX.js                      0.50 kB │ gzip:   0.33 kB
dist/assets/trash-2-BFY25DuP.js                    0.50 kB │ gzip:   0.32 kB
dist/assets/file-text-ZBDvbaET.js                  0.51 kB │ gzip:   0.32 kB
dist/assets/LegalModal-DWv1VUjM.js                 0.66 kB │ gzip:   0.46 kB
dist/assets/sparkles-DJV_aWll.js                   0.67 kB │ gzip:   0.38 kB
dist/assets/InfoBox-QvEUUoAy.js                    0.86 kB │ gzip:   0.43 kB
dist/assets/label-S-3gTgEa.js                      0.89 kB │ gzip:   0.55 kB
dist/assets/card-C4Qg_eCv.js                       1.18 kB │ gzip:   0.46 kB
dist/assets/package-D4JLel5T.js                    1.21 kB │ gzip:   0.49 kB
dist/assets/Tabs-DuSJvqRG.js                       1.23 kB │ gzip:   0.65 kB
dist/assets/GetMoreDetailsModal-lELKlRPp.js        1.27 kB │ gzip:   0.60 kB
dist/assets/EmptyState-DZ9HPFXg.js                 1.47 kB │ gzip:   0.61 kB
dist/assets/textarea-izFIiXtf.js                   1.49 kB │ gzip:   0.74 kB
dist/assets/ToggleChips-D9zgCT2Z.js                1.66 kB │ gzip:   0.82 kB
dist/assets/input-Cw0IYGE-.js                      1.68 kB │ gzip:   0.86 kB
dist/assets/topCards-BRojh8G-.js                   1.71 kB │ gzip:   0.74 kB
dist/assets/ImageUploader-udMPswvY.js              1.95 kB │ gzip:   0.94 kB
dist/assets/index-a1xJZS4d.js                      2.07 kB │ gzip:   0.92 kB
dist/assets/ForgotPassword-BG4RATL8.js             2.17 kB │ gzip:   1.08 kB
dist/assets/ContactSupportModal-C1YOIRM9.js        2.37 kB │ gzip:   1.18 kB
dist/assets/index-CP6JUc7w.js                      2.38 kB │ gzip:   1.25 kB
dist/assets/ResetPassword-DSbTvt7L.js              2.40 kB │ gzip:   1.06 kB
dist/assets/AuthCallback-_pdP2dON.js               2.67 kB │ gzip:   1.26 kB
dist/assets/index-DCIn9Jit.js                      2.67 kB │ gzip:   1.20 kB
dist/assets/index-tuxnaUOi.js                      2.72 kB │ gzip:   1.22 kB
dist/assets/toolbar-DZcW8c0_.js                    2.99 kB │ gzip:   1.22 kB
dist/assets/FileUploader-CHmxgw4r.js               3.02 kB │ gzip:   1.35 kB
dist/assets/index-DYhOtS9x.js                      3.11 kB │ gzip:   1.48 kB
dist/assets/supabase-bulk-emails-ByLh1P-_.js       3.14 kB │ gzip:   1.12 kB
dist/assets/index-K-MNHDYX.js                      3.24 kB │ gzip:   1.62 kB
dist/assets/SignupThankYou-CGaDsUiq.js             3.29 kB │ gzip:   1.49 kB
dist/assets/index-Bcb9cTFF.js                      3.31 kB │ gzip:   1.61 kB
dist/assets/index-D9v4A9f5.js                      3.44 kB │ gzip:   1.64 kB
dist/assets/index-D6YlercY.js                      3.48 kB │ gzip:   1.67 kB
dist/assets/checkbox-DUjHOVET.js                   4.07 kB │ gzip:   1.78 kB
dist/assets/index-SOvGO5Hd.js                      4.23 kB │ gzip:   2.07 kB
dist/assets/index-BHvc0zmA.js                      4.25 kB │ gzip:   2.08 kB
dist/assets/Dashboard-BCWkIqeq.js                  4.28 kB │ gzip:   1.46 kB
dist/assets/Dashboard-CbNK0ytj.js                  4.30 kB │ gzip:   1.47 kB
dist/assets/index-DmgoifdV.js                      4.31 kB │ gzip:   1.72 kB
dist/assets/Stepper-DArNEW8C.js                    4.66 kB │ gzip:   2.02 kB
dist/assets/ContactSupport-B71pqhmP.js             4.97 kB │ gzip:   2.06 kB
dist/assets/Login-BnEqbIEe.js                      5.05 kB │ gzip:   2.13 kB
dist/assets/SelectRole-CibkD4mU.js                 5.11 kB │ gzip:   2.19 kB
dist/assets/SignUp-CZd4ch9J.js                     5.58 kB │ gzip:   2.24 kB
dist/assets/VerifyUserEmail-BQHtbITw.js            5.91 kB │ gzip:   2.12 kB
dist/assets/Profile-B_qASuEC.js                    7.14 kB │ gzip:   2.27 kB
dist/assets/businessProposalCard-C6HyG_Gd.js       7.57 kB │ gzip:   2.46 kB
dist/assets/index-CpshcaDc.js                      8.15 kB │ gzip:   3.32 kB
dist/assets/index-BxIq3YgB.js                      8.31 kB │ gzip:   3.19 kB
dist/assets/dialog-Cm0vHMmG.js                     8.50 kB │ gzip:   3.28 kB
dist/assets/index-BQF0YHHz.js                      8.74 kB │ gzip:   3.26 kB
dist/assets/tooltip-DXedrzUD.js                    8.77 kB │ gzip:   3.34 kB
dist/assets/index-gnqW-NvF.js                      9.58 kB │ gzip:   3.94 kB
dist/assets/index-BVxwIVp5.js                     10.28 kB │ gzip:   3.35 kB
dist/assets/Header-Cr63ECTC.js                    11.28 kB │ gzip:   3.37 kB
dist/assets/index-BVGhELyv.js                     12.94 kB │ gzip:   4.48 kB
dist/assets/SimplifiedProfile-BVMHw9bw.js         13.79 kB │ gzip:   3.74 kB
dist/assets/index-BV6rRMnA.js                     16.05 kB │ gzip:   5.48 kB
dist/assets/index-DKBRMNk8.js                     16.39 kB │ gzip:   5.48 kB
dist/assets/index-CXJcEjjt.js                     16.50 kB │ gzip:   6.25 kB
dist/assets/EditFounder-DPl2BOhq.js               18.12 kB │ gzip:   4.41 kB
dist/assets/ViewBusinessProposal-CgS32d73.js      18.55 kB │ gzip:   4.71 kB
dist/assets/EditInvestor-F92Pay1z.js              19.08 kB │ gzip:   4.67 kB
dist/assets/index-CSG56bAQ.js                     19.72 kB │ gzip:   6.46 kB
dist/assets/index-CvTWNFRS.js                     21.70 kB │ gzip:   5.76 kB
dist/assets/select-CeapwXYQ.js                    21.86 kB │ gzip:   7.81 kB
dist/assets/index-D1kCkpYe.js                     23.61 kB │ gzip:   7.36 kB
dist/assets/index-yLL6yOP9.js                     27.84 kB │ gzip:  10.83 kB
dist/assets/table-BSluiF8w.js                     37.18 kB │ gzip:  10.86 kB
dist/assets/AssignAdminModal-Bi_ntALU.js          89.86 kB │ gzip:  27.03 kB
dist/assets/Landing-DWaxeuaP.js                  136.59 kB │ gzip:  48.83 kB
dist/assets/xlsx-DGuHH-KN.js                     429.49 kB │ gzip: 143.07 kB
dist/assets/index-CvwX-u9I.js                    601.25 kB │ gzip: 163.44 kB
dist/assets/index-C11u5i7t.js                    762.25 kB │ gzip: 229.68 kB
dist/assets/CreateNewBatch-BKqNK1fI.js         1,332.41 kB │ gzip: 329.62 kB

(!) Some chunks are larger than 500 kB after minification. Consider:
- Using dynamic import() to code-split the application
- Use build.rollupOptions.output.manualChunks to improve chunking: https://rollupjs.org/configuration-options/#output-manualchunks
- Adjust chunk size limit for this warning via build.chunkSizeWarningLimit.
✓ built in 15.70s
Packaging build...
  adding: favicon.ico (deflated 13%)
  adding: assets/ (stored 0%)
  adding: assets/meerGreenJacket-ykCKR2uN.png (deflated 0%)
  adding: assets/shakeelBg-NX99JDrP.jpg (deflated 0%)
  adding: assets/irfanMalikBg-D4osmO_C.jpg (deflated 1%)
  adding: assets/arabic-BElshnQY.jpg (deflated 0%)
  adding: assets/akhtar-qLBVRLf-.jpg (deflated 1%)
  adding: assets/meerShinyDress-C8scZpYx.webp (deflated 0%)
  adding: assets/handShake-Dk1DoagP.webp (deflated 0%)
  adding: assets/fahad-CnovJc60.jpg (deflated 0%)
  adding: assets/dubai-Bmqq4ymj.jpg (deflated 0%)
  adding: assets/wasimAkramBg-D4BFEYu1.png (deflated 0%)
  adding: assets/salman-DD3Zraly.jpg (deflated 0%)
  adding: assets/wasim-ETjjiRaD.jpg (deflated 0%)
  adding: assets/tech-BdWyL5Pa.jpg (deflated 0%)
  adding: assets/MainLogo-DJpFhlQE.png (deflated 4%)
  adding: assets/goldenCheck-CnSHOmXW.webp (stored 0%)
  adding: assets/verifiedBadge-CrcJq1tD.webp (deflated 1%)
  adding: assets/tower-gldBe0jJ.webp (deflated 0%)
  adding: assets/tower2-LuqAcWCu.jpg (deflated 2%)
  adding: assets/tower3-DpFzgoGy.jpg (deflated 0%)
  adding: assets/rectanglePlaceholder-nCbViREl.png (deflated 31%)
  adding: assets/proposal2-B9XZZX50.webp (deflated 3%)
  adding: assets/placeholderMan-BvremNML.png (deflated 3%)
  adding: assets/proposal3-fxAFZeku.webp (deflated 1%)
  adding: assets/Fav-BPcykgsi.png (deflated 5%)
  adding: assets/proposal5-DItum-r7.webp (deflated 4%)
  adding: assets/proposal1-D37fvLUu.webp (deflated 1%)
  adding: assets/proposal4-CZk7QC75.webp (deflated 1%)
  adding: assets/proposal6-wLmvSjqd.webp (deflated 0%)
  adding: assets/wasimAkram-CBOcRO9q.png (deflated 1%)
  adding: assets/index-WUN1Ueh8.css (deflated 86%)
  adding: assets/index-C11u5i7t.js (deflated 70%)
  adding: assets/Landing-DWaxeuaP.js (deflated 64%)
  adding: assets/index-K-MNHDYX.js (deflated 50%)
  adding: assets/index-DYhOtS9x.js (deflated 53%)
  adding: assets/index-D9v4A9f5.js (deflated 53%)
  adding: assets/index-Bcb9cTFF.js (deflated 52%)
  adding: assets/Header-Cr63ECTC.js (deflated 70%)
  adding: assets/SignUp-CZd4ch9J.js (deflated 60%)
  adding: assets/ForgotPassword-BG4RATL8.js (deflated 51%)
  adding: assets/VerifyUserEmail-BQHtbITw.js (deflated 64%)
  adding: assets/ResetPassword-DSbTvt7L.js (deflated 57%)
  adding: assets/ContactSupport-B71pqhmP.js (deflated 59%)
  adding: assets/AuthCallback-_pdP2dON.js (deflated 53%)
  adding: assets/SelectRole-CibkD4mU.js (deflated 57%)
  adding: assets/SignupThankYou-CGaDsUiq.js (deflated 55%)
  adding: assets/arrow-right-DLLhmM-B.js (deflated 27%)
  adding: assets/Login-BnEqbIEe.js (deflated 58%)
  adding: assets/index-tuxnaUOi.js (deflated 55%)
  adding: assets/index-CvwX-u9I.js (deflated 73%)
  adding: assets/Profile-B_qASuEC.js (deflated 69%)
  adding: assets/index-CpshcaDc.js (deflated 60%)
  adding: assets/index-BV6rRMnA.js (deflated 66%)
  adding: assets/EditInvestor-F92Pay1z.js (deflated 76%)
  adding: assets/index-DKBRMNk8.js (deflated 67%)
  adding: assets/globe-BPgAHTu0.js (deflated 33%)
  adding: assets/AssignAdminModal-Bi_ntALU.js (deflated 70%)
  adding: assets/label-S-3gTgEa.js (deflated 40%)
  adding: assets/EditFounder-DPl2BOhq.js (deflated 76%)
  adding: assets/index-gnqW-NvF.js (deflated 59%)
  adding: assets/index-CSG56bAQ.js (deflated 67%)
  adding: assets/log-in-BvzxGHsN.js (deflated 32%)
  adding: assets/ban-BKU0n-CI.js (deflated 27%)
  adding: assets/user-plus-CSDnPM0J.js (deflated 35%)
  adding: assets/phone-aLev5gQX.js (deflated 37%)
  adding: assets/pencil-DuvpSSmL.js (deflated 31%)
  adding: assets/index-BVGhELyv.js (deflated 66%)
  adding: assets/ViewBusinessProposal-CgS32d73.js (deflated 75%)
  adding: assets/circle-check-C602C2EO.js (deflated 28%)
  adding: assets/calendar-CIPnRYZ5.js (deflated 33%)
  adding: assets/index-D1kCkpYe.js (deflated 69%)
  adding: assets/ToggleChips-D9zgCT2Z.js (deflated 52%)
  adding: assets/index-BVxwIVp5.js (deflated 68%)
  adding: assets/useDebounce-CuEPJsgf.js (deflated 22%)
  adding: assets/CreateNewBatch-BKqNK1fI.js (deflated 75%)
  adding: assets/sparkles-DJV_aWll.js (deflated 45%)
  adding: assets/map-pin-DjJr5p4n.js (deflated 29%)
  adding: assets/shield-check-CcAIo_U7.js (deflated 32%)
  adding: assets/supabase-bulk-emails-ByLh1P-_.js (deflated 65%)
  adding: assets/mail-DYfsMX8E.js (deflated 26%)
  adding: assets/table-BSluiF8w.js (deflated 71%)
  adding: assets/Dashboard-BCWkIqeq.js (deflated 66%)
  adding: assets/SimplifiedProfile-BVMHw9bw.js (deflated 73%)
  adding: assets/index-SOvGO5Hd.js (deflated 51%)
  adding: assets/trending-up-BVmvYOzU.js (deflated 26%)
  adding: assets/LegalModal-DWv1VUjM.js (deflated 33%)
  adding: assets/index-D6YlercY.js (deflated 53%)
  adding: assets/dialog-Cm0vHMmG.js (deflated 62%)
  adding: assets/download-BSQs4XZd.js (deflated 31%)
  adding: assets/index-BxIq3YgB.js (deflated 62%)
  adding: assets/index-CXJcEjjt.js (deflated 62%)
  adding: assets/index-a1xJZS4d.js (deflated 56%)
  adding: assets/InfoBox-QvEUUoAy.js (deflated 52%)
  adding: assets/input-Cw0IYGE-.js (deflated 50%)
  adding: assets/info-BJeKSkzg.js (deflated 30%)
  adding: assets/circle-alert-CIB5tdcK.js (deflated 36%)
  adding: assets/select-CeapwXYQ.js (deflated 64%)
  adding: assets/chevron-down-CQvjcDCy.js (deflated 24%)
  adding: assets/index-yLL6yOP9.js (deflated 61%)
  adding: assets/index-DCIn9Jit.js (deflated 56%)
  adding: assets/FileUploader-CHmxgw4r.js (deflated 56%)
  adding: assets/textarea-izFIiXtf.js (deflated 52%)
  adding: assets/link-CiC3gEHU.js (deflated 35%)
  adding: assets/eye-SJh4ufXm.js (deflated 33%)
  adding: assets/trash-2-BFY25DuP.js (deflated 40%)
  adding: assets/topCards-BRojh8G-.js (deflated 58%)
  adding: assets/card-C4Qg_eCv.js (deflated 62%)
  adding: assets/ImageUploader-udMPswvY.js (deflated 53%)
  adding: assets/upload-lkyXY7K1.js (deflated 31%)
  adding: assets/EmptyState-DZ9HPFXg.js (deflated 60%)
  adding: assets/toolbar-DZcW8c0_.js (deflated 60%)
  adding: assets/message-square-DAPsBfVz.js (deflated 29%)
  adding: assets/tooltip-DXedrzUD.js (deflated 62%)
  adding: assets/square-pen-gKvMXlaC.js (deflated 35%)
  adding: assets/rotate-ccw-7rnUgZ71.js (deflated 28%)
  adding: assets/chevron-left-CQk3a_OO.js (deflated 23%)
  adding: assets/checkbox-DUjHOVET.js (deflated 57%)
  adding: assets/plus-BsqiOIpt.js (deflated 28%)
  adding: assets/file-text-ZBDvbaET.js (deflated 40%)
  adding: assets/businessProposalCard-C6HyG_Gd.js (deflated 68%)
  adding: assets/GetMoreDetailsModal-lELKlRPp.js (deflated 54%)
  adding: assets/Tabs-DuSJvqRG.js (deflated 49%)
  adding: assets/circle-x-ClFQMrk0.js (deflated 31%)
  adding: assets/target-B6oSK5vV.js (deflated 38%)
  adding: assets/Stepper-DArNEW8C.js (deflated 57%)
  adding: assets/package-D4JLel5T.js (deflated 61%)
  adding: assets/ContactSupportModal-C1YOIRM9.js (deflated 51%)
  adding: assets/index-CP6JUc7w.js (deflated 48%)
  adding: assets/index-DmgoifdV.js (deflated 60%)
  adding: assets/Dashboard-CbNK0ytj.js (deflated 66%)
  adding: assets/index-CvTWNFRS.js (deflated 74%)
  adding: assets/index-BQF0YHHz.js (deflated 63%)
  adding: assets/index-BHvc0zmA.js (deflated 52%)
  adding: assets/xlsx-DGuHH-KN.js (deflated 67%)
  adding: index.html (deflated 52%)
Saving Lightsail SSH key...
Uploading build to Lightsail...
Warning: Permanently added '15.207.22.250' (ED25519) to the list of known hosts.
Deploying build to /var/www/html ...
Archive:  /home/ubuntu/react-build.zip
  inflating: /var/www/html/favicon.ico  
   creating: /var/www/html/assets/
  inflating: /var/www/html/assets/meerGreenJacket-ykCKR2uN.png  
  inflating: /var/www/html/assets/shakeelBg-NX99JDrP.jpg  
  inflating: /var/www/html/assets/irfanMalikBg-D4osmO_C.jpg  
  inflating: /var/www/html/assets/arabic-BElshnQY.jpg  
  inflating: /var/www/html/assets/akhtar-qLBVRLf-.jpg  
  inflating: /var/www/html/assets/meerShinyDress-C8scZpYx.webp  
  inflating: /var/www/html/assets/handShake-Dk1DoagP.webp  
  inflating: /var/www/html/assets/fahad-CnovJc60.jpg  
  inflating: /var/www/html/assets/dubai-Bmqq4ymj.jpg  
  inflating: /var/www/html/assets/wasimAkramBg-D4BFEYu1.png  
  inflating: /var/www/html/assets/salman-DD3Zraly.jpg  
  inflating: /var/www/html/assets/wasim-ETjjiRaD.jpg  
  inflating: /var/www/html/assets/tech-BdWyL5Pa.jpg  
  inflating: /var/www/html/assets/MainLogo-DJpFhlQE.png  
 extracting: /var/www/html/assets/goldenCheck-CnSHOmXW.webp  
  inflating: /var/www/html/assets/verifiedBadge-CrcJq1tD.webp  
  inflating: /var/www/html/assets/tower-gldBe0jJ.webp  
  inflating: /var/www/html/assets/tower2-LuqAcWCu.jpg  
  inflating: /var/www/html/assets/tower3-DpFzgoGy.jpg  
  inflating: /var/www/html/assets/rectanglePlaceholder-nCbViREl.png  
  inflating: /var/www/html/assets/proposal2-B9XZZX50.webp  
  inflating: /var/www/html/assets/placeholderMan-BvremNML.png  
  inflating: /var/www/html/assets/proposal3-fxAFZeku.webp  
  inflating: /var/www/html/assets/Fav-BPcykgsi.png  
  inflating: /var/www/html/assets/proposal5-DItum-r7.webp  
  inflating: /var/www/html/assets/proposal1-D37fvLUu.webp  
  inflating: /var/www/html/assets/proposal4-CZk7QC75.webp  
  inflating: /var/www/html/assets/proposal6-wLmvSjqd.webp  
  inflating: /var/www/html/assets/wasimAkram-CBOcRO9q.png  
  inflating: /var/www/html/assets/index-WUN1Ueh8.css  
  inflating: /var/www/html/assets/index-C11u5i7t.js  
  inflating: /var/www/html/assets/Landing-DWaxeuaP.js  
  inflating: /var/www/html/assets/index-K-MNHDYX.js  
  inflating: /var/www/html/assets/index-DYhOtS9x.js  
  inflating: /var/www/html/assets/index-D9v4A9f5.js  
  inflating: /var/www/html/assets/index-Bcb9cTFF.js  
  inflating: /var/www/html/assets/Header-Cr63ECTC.js  
  inflating: /var/www/html/assets/SignUp-CZd4ch9J.js  
  inflating: /var/www/html/assets/ForgotPassword-BG4RATL8.js  
  inflating: /var/www/html/assets/VerifyUserEmail-BQHtbITw.js  
  inflating: /var/www/html/assets/ResetPassword-DSbTvt7L.js  
  inflating: /var/www/html/assets/ContactSupport-B71pqhmP.js  
  inflating: /var/www/html/assets/AuthCallback-_pdP2dON.js  
  inflating: /var/www/html/assets/SelectRole-CibkD4mU.js  
  inflating: /var/www/html/assets/SignupThankYou-CGaDsUiq.js  
  inflating: /var/www/html/assets/arrow-right-DLLhmM-B.js  
  inflating: /var/www/html/assets/Login-BnEqbIEe.js  
  inflating: /var/www/html/assets/index-tuxnaUOi.js  
  inflating: /var/www/html/assets/index-CvwX-u9I.js  
  inflating: /var/www/html/assets/Profile-B_qASuEC.js  
  inflating: /var/www/html/assets/index-CpshcaDc.js  
  inflating: /var/www/html/assets/index-BV6rRMnA.js  
  inflating: /var/www/html/assets/EditInvestor-F92Pay1z.js  
  inflating: /var/www/html/assets/index-DKBRMNk8.js  
  inflating: /var/www/html/assets/globe-BPgAHTu0.js  
  inflating: /var/www/html/assets/AssignAdminModal-Bi_ntALU.js  
  inflating: /var/www/html/assets/label-S-3gTgEa.js  
  inflating: /var/www/html/assets/EditFounder-DPl2BOhq.js  
  inflating: /var/www/html/assets/index-gnqW-NvF.js  
  inflating: /var/www/html/assets/index-CSG56bAQ.js  
  inflating: /var/www/html/assets/log-in-BvzxGHsN.js  
  inflating: /var/www/html/assets/ban-BKU0n-CI.js  
  inflating: /var/www/html/assets/user-plus-CSDnPM0J.js  
  inflating: /var/www/html/assets/phone-aLev5gQX.js  
  inflating: /var/www/html/assets/pencil-DuvpSSmL.js  
  inflating: /var/www/html/assets/index-BVGhELyv.js  
  inflating: /var/www/html/assets/ViewBusinessProposal-CgS32d73.js  
  inflating: /var/www/html/assets/circle-check-C602C2EO.js  
  inflating: /var/www/html/assets/calendar-CIPnRYZ5.js  
  inflating: /var/www/html/assets/index-D1kCkpYe.js  
  inflating: /var/www/html/assets/ToggleChips-D9zgCT2Z.js  
  inflating: /var/www/html/assets/index-BVxwIVp5.js  
  inflating: /var/www/html/assets/useDebounce-CuEPJsgf.js  
  inflating: /var/www/html/assets/CreateNewBatch-BKqNK1fI.js  
  inflating: /var/www/html/assets/sparkles-DJV_aWll.js  
  inflating: /var/www/html/assets/map-pin-DjJr5p4n.js  
  inflating: /var/www/html/assets/shield-check-CcAIo_U7.js  
  inflating: /var/www/html/assets/supabase-bulk-emails-ByLh1P-_.js  
  inflating: /var/www/html/assets/mail-DYfsMX8E.js  
  inflating: /var/www/html/assets/table-BSluiF8w.js  
  inflating: /var/www/html/assets/Dashboard-BCWkIqeq.js  
  inflating: /var/www/html/assets/SimplifiedProfile-BVMHw9bw.js  
  inflating: /var/www/html/assets/index-SOvGO5Hd.js  
  inflating: /var/www/html/assets/trending-up-BVmvYOzU.js  
  inflating: /var/www/html/assets/LegalModal-DWv1VUjM.js  
  inflating: /var/www/html/assets/index-D6YlercY.js  
  inflating: /var/www/html/assets/dialog-Cm0vHMmG.js  
  inflating: /var/www/html/assets/download-BSQs4XZd.js  
  inflating: /var/www/html/assets/index-BxIq3YgB.js  
  inflating: /var/www/html/assets/index-CXJcEjjt.js  
  inflating: /var/www/html/assets/index-a1xJZS4d.js  
  inflating: /var/www/html/assets/InfoBox-QvEUUoAy.js  
  inflating: /var/www/html/assets/input-Cw0IYGE-.js  
  inflating: /var/www/html/assets/info-BJeKSkzg.js  
  inflating: /var/www/html/assets/circle-alert-CIB5tdcK.js  
  inflating: /var/www/html/assets/select-CeapwXYQ.js  
  inflating: /var/www/html/assets/chevron-down-CQvjcDCy.js  
  inflating: /var/www/html/assets/index-yLL6yOP9.js  
  inflating: /var/www/html/assets/index-DCIn9Jit.js  
  inflating: /var/www/html/assets/FileUploader-CHmxgw4r.js  
  inflating: /var/www/html/assets/textarea-izFIiXtf.js  
  inflating: /var/www/html/assets/link-CiC3gEHU.js  
  inflating: /var/www/html/assets/eye-SJh4ufXm.js  
  inflating: /var/www/html/assets/trash-2-BFY25DuP.js  
  inflating: /var/www/html/assets/topCards-BRojh8G-.js  
  inflating: /var/www/html/assets/card-C4Qg_eCv.js  
  inflating: /var/www/html/assets/ImageUploader-udMPswvY.js  
  inflating: /var/www/html/assets/upload-lkyXY7K1.js  
  inflating: /var/www/html/assets/EmptyState-DZ9HPFXg.js  
  inflating: /var/www/html/assets/toolbar-DZcW8c0_.js  
  inflating: /var/www/html/assets/message-square-DAPsBfVz.js  
  inflating: /var/www/html/assets/tooltip-DXedrzUD.js  
  inflating: /var/www/html/assets/square-pen-gKvMXlaC.js  
  inflating: /var/www/html/assets/rotate-ccw-7rnUgZ71.js  
  inflating: /var/www/html/assets/chevron-left-CQk3a_OO.js  
  inflating: /var/www/html/assets/checkbox-DUjHOVET.js  
  inflating: /var/www/html/assets/plus-BsqiOIpt.js  
  inflating: /var/www/html/assets/file-text-ZBDvbaET.js  
  inflating: /var/www/html/assets/businessProposalCard-C6HyG_Gd.js  
  inflating: /var/www/html/assets/GetMoreDetailsModal-lELKlRPp.js  
  inflating: /var/www/html/assets/Tabs-DuSJvqRG.js  
  inflating: /var/www/html/assets/circle-x-ClFQMrk0.js  
  inflating: /var/www/html/assets/target-B6oSK5vV.js  
  inflating: /var/www/html/assets/Stepper-DArNEW8C.js  
  inflating: /var/www/html/assets/package-D4JLel5T.js  
  inflating: /var/www/html/assets/ContactSupportModal-C1YOIRM9.js  
  inflating: /var/www/html/assets/index-CP6JUc7w.js  
  inflating: /var/www/html/assets/index-DmgoifdV.js  
  inflating: /var/www/html/assets/Dashboard-CbNK0ytj.js  
  inflating: /var/www/html/assets/index-CvTWNFRS.js  
  inflating: /var/www/html/assets/index-BQF0YHHz.js  
  inflating: /var/www/html/assets/index-BHvc0zmA.js  
  inflating: /var/www/html/assets/xlsx-DGuHH-KN.js  
  inflating: /var/www/html/index.html  
Saving Git logs repo SSH key...
Testing GitHub SSH key...
Cloning deployment-logs repo...
Cloning into 'logs-repo'...
