Installing dependencies...
npm warn deprecated w3c-hr-time@1.0.2: Use your platform's native performance.now() and performance.timeOrigin.
npm warn deprecated domexception@2.0.1: Use your platform's native DOMException instead
npm warn deprecated abab@2.0.6: Use your platform's native atob() and btoa() methods instead

added 1756 packages, and audited 1757 packages in 5m

222 packages are looking for funding
  run `npm fund` for details

70 vulnerabilities (67 moderate, 3 high)

To address issues that do not require attention, run:
  npm audit fix

To address all issues possible (including breaking changes), run:
  npm audit fix --force

Some issues need review, and may require choosing
a different dependency.

Run `npm audit` for details.
Building React app...

> boilerplate-code-react-js@0.0.0 build
> vite build

vite v7.1.11 building for production...
transforming...
✓ 3061 modules transformed.
rendering chunks...
computing gzip size...
dist/index.html                                    2.18 kB │ gzip:   1.05 kB
dist/assets/verifiedBadge-CrcJq1tD.webp           10.83 kB
dist/assets/rectanglePlaceholder-nCbViREl.png     11.85 kB
dist/assets/goldenCheck-CnSHOmXW.webp             13.45 kB
dist/assets/irfanMalikBg-D4osmO_C.jpg             24.66 kB
dist/assets/proposal6-wLmvSjqd.webp               28.15 kB
dist/assets/placeholderMan-BvremNML.png           36.64 kB
dist/assets/handShake-Dk1DoagP.webp               65.18 kB
dist/assets/tower-gldBe0jJ.webp                   66.16 kB
dist/assets/tower2-LuqAcWCu.jpg                   72.52 kB
dist/assets/shakeelBg-NX99JDrP.jpg               143.15 kB
dist/assets/MainLogo-DJpFhlQE.png                144.86 kB
dist/assets/Fav-BPcykgsi.png                     147.34 kB
dist/assets/akhtar-qLBVRLf-.jpg                  173.92 kB
dist/assets/proposal5-DItum-r7.webp              174.24 kB
dist/assets/tower3-DpFzgoGy.jpg                  175.56 kB
dist/assets/proposal2-B9XZZX50.webp              192.62 kB
dist/assets/meerShinyDress-C8scZpYx.webp         229.68 kB
dist/assets/meerGreenJacket-ykCKR2uN.png         230.19 kB
dist/assets/arabic-BElshnQY.jpg                  238.42 kB
dist/assets/wasim-ETjjiRaD.jpg                   242.26 kB
dist/assets/salman-DD3Zraly.jpg                  255.18 kB
dist/assets/fahad-CnovJc60.jpg                   278.62 kB
dist/assets/tech-BdWyL5Pa.jpg                    281.71 kB
dist/assets/dubai-Bmqq4ymj.jpg                   311.77 kB
dist/assets/wasimAkramBg-D4BFEYu1.png            313.57 kB
dist/assets/proposal3-fxAFZeku.webp              445.47 kB
dist/assets/proposal4-CZk7QC75.webp              542.86 kB
dist/assets/proposal1-D37fvLUu.webp              779.05 kB
dist/assets/wasimAkram-CBOcRO9q.png            4,488.96 kB
dist/assets/style-DpsRipQV.css                     3.23 kB │ gzip:   0.73 kB
dist/assets/index-Ff7ovr_8.css                   147.29 kB │ gzip:  20.24 kB
dist/assets/index-BdQq_4o_.js                      0.06 kB │ gzip:   0.08 kB
dist/assets/index-B9T6u3G4.js                      0.14 kB │ gzip:   0.14 kB
dist/assets/useDebounce-DRfZZT27.js                0.19 kB │ gzip:   0.17 kB
dist/assets/chevron-down-gYoCWoiZ.js               0.30 kB │ gzip:   0.25 kB
dist/assets/chevron-left-DnEo_q3Q.js               0.30 kB │ gzip:   0.25 kB
dist/assets/plus-xXk-DDKQ.js                       0.33 kB │ gzip:   0.25 kB
dist/assets/arrow-right-B0_UZbwz.js                0.34 kB │ gzip:   0.27 kB
dist/assets/arrow-left-CvrnFCbh.js                 0.34 kB │ gzip:   0.27 kB
dist/assets/circle-check-wBV7Pd1f.js               0.35 kB │ gzip:   0.27 kB
dist/assets/trending-up-DrM6IaD7.js                0.35 kB │ gzip:   0.27 kB
dist/assets/ban-C_IHlJML.js                        0.35 kB │ gzip:   0.28 kB
dist/assets/info-BfKiwOvs.js                       0.37 kB │ gzip:   0.28 kB
dist/assets/rotate-ccw-po9TR2La.js                 0.37 kB │ gzip:   0.29 kB
dist/assets/circle-x-CiL71SEN.js                   0.38 kB │ gzip:   0.28 kB
dist/assets/mail-BPTuxz5K.js                       0.39 kB │ gzip:   0.31 kB
dist/assets/index-Dbl5-Dui.js                      0.39 kB │ gzip:   0.30 kB
dist/assets/target-CnSEbR0H.js                     0.39 kB │ gzip:   0.27 kB
dist/assets/upload-Ds_q-pkZ.js                     0.40 kB │ gzip:   0.30 kB
dist/assets/log-in-CGF8dp9I.js                     0.40 kB │ gzip:   0.29 kB
dist/assets/download-DFrXTjMi.js                   0.41 kB │ gzip:   0.30 kB
dist/assets/message-square-B_cTxA0W.js             0.41 kB │ gzip:   0.31 kB
dist/assets/globe-DyFQ2FYo.js                      0.41 kB │ gzip:   0.29 kB
dist/assets/message-circle-BBxslsNI.js             0.41 kB │ gzip:   0.32 kB
dist/assets/circle-alert-Dk-PJi15.js               0.42 kB │ gzip:   0.29 kB
dist/assets/eye-UGApfNSj.js                        0.42 kB │ gzip:   0.30 kB
dist/assets/map-pin-sUEHwnLA.js                    0.43 kB │ gzip:   0.33 kB
dist/assets/link-bi0NNlI-.js                       0.43 kB │ gzip:   0.30 kB
dist/assets/calendar-BzevzirM.js                   0.43 kB │ gzip:   0.31 kB
dist/assets/pencil-BIr8MySD.js                     0.45 kB │ gzip:   0.33 kB
dist/assets/user-plus-B4aKkwLd.js                  0.48 kB │ gzip:   0.34 kB
dist/assets/shield-check-BGE2YBXE.js               0.49 kB │ gzip:   0.35 kB
dist/assets/square-pen-Bj3iifq6.js                 0.49 kB │ gzip:   0.34 kB
dist/assets/phone-DF9Of_w9.js                      0.50 kB │ gzip:   0.33 kB
dist/assets/save-BWWqDC9C.js                       0.50 kB │ gzip:   0.33 kB
dist/assets/trash-2-Ciqv2CAD.js                    0.50 kB │ gzip:   0.32 kB
dist/assets/LegalModal-BvSATKpX.js                 0.66 kB │ gzip:   0.46 kB
dist/assets/sparkles-DM1RJkf0.js                   0.67 kB │ gzip:   0.39 kB
dist/assets/InfoBox-CvAt_3aQ.js                    0.86 kB │ gzip:   0.43 kB
dist/assets/label-DjhHJRwT.js                      0.88 kB │ gzip:   0.55 kB
dist/assets/card-DD9fjqCB.js                       1.18 kB │ gzip:   0.46 kB
dist/assets/package-CrASD_ra.js                    1.21 kB │ gzip:   0.49 kB
dist/assets/Tabs-DV0lLvzs.js                       1.23 kB │ gzip:   0.65 kB
dist/assets/GetMoreDetailsModal-EbT24svL.js        1.27 kB │ gzip:   0.61 kB
dist/assets/EmptyState-BvCVF-Yp.js                 1.47 kB │ gzip:   0.61 kB
dist/assets/textarea-C_q2eghO.js                   1.50 kB │ gzip:   0.74 kB
dist/assets/ToggleChips-BBJapyHl.js                1.68 kB │ gzip:   0.83 kB
dist/assets/input-Cl_5qkH5.js                      1.68 kB │ gzip:   0.86 kB
dist/assets/topCards-DZqLC8fE.js                   1.71 kB │ gzip:   0.74 kB
dist/assets/ImageUploader-BdQYW6jO.js              1.95 kB │ gzip:   0.94 kB
dist/assets/index-ChPihdVP.js                      2.07 kB │ gzip:   0.92 kB
dist/assets/ForgotPassword-ady3QQul.js             2.21 kB │ gzip:   1.10 kB
dist/assets/ContactSupportModal-CuiGXXPc.js        2.36 kB │ gzip:   1.18 kB
dist/assets/ResetPassword-Bjo7-vCU.js              2.44 kB │ gzip:   1.08 kB
dist/assets/index-CFQ506Zh.js                      2.57 kB │ gzip:   1.16 kB
dist/assets/AuthCallback-ClEReBYY.js               2.71 kB │ gzip:   1.30 kB
dist/assets/index-BpcQZNgu.js                      2.72 kB │ gzip:   1.22 kB
dist/assets/index-BARnZCCp.js                      2.87 kB │ gzip:   1.41 kB
dist/assets/toolbar-CgTcuiw-.js                    2.99 kB │ gzip:   1.22 kB
dist/assets/FileUploader-Bu2i1y5h.js               3.02 kB │ gzip:   1.35 kB
dist/assets/index-DQGf8saJ.js                      3.11 kB │ gzip:   1.49 kB
dist/assets/supabase-bulk-emails-F0oYy1IG.js       3.14 kB │ gzip:   1.12 kB
dist/assets/index-BoYYXR70.js                      3.24 kB │ gzip:   1.62 kB
dist/assets/index-wam87opV.js                      3.31 kB │ gzip:   1.61 kB
dist/assets/SignupThankYou-V8T-LC-9.js             3.32 kB │ gzip:   1.51 kB
dist/assets/index-m8sPL6jj.js                      3.44 kB │ gzip:   1.64 kB
dist/assets/index-OTNMUq15.js                      3.48 kB │ gzip:   1.67 kB
dist/assets/checkbox-Bq8KQsVj.js                   4.04 kB │ gzip:   1.77 kB
dist/assets/index-DqlMHkgr.js                      4.28 kB │ gzip:   1.70 kB
dist/assets/Dashboard-elY0_71W.js                  4.28 kB │ gzip:   1.46 kB
dist/assets/index-C0ekY4H1.js                      4.29 kB │ gzip:   2.09 kB
dist/assets/Dashboard-CJWZEp84.js                  4.30 kB │ gzip:   1.47 kB
dist/assets/index-D1oYhgus.js                      4.30 kB │ gzip:   2.10 kB
dist/assets/BlogDetail-x7iCUYeM.js                 4.64 kB │ gzip:   1.98 kB
dist/assets/Stepper-DVBckoty.js                    4.65 kB │ gzip:   2.02 kB
dist/assets/Login-B5c9fnuR.js                      4.82 kB │ gzip:   2.00 kB
dist/assets/index-Ja83eD7D.js                      4.84 kB │ gzip:   2.14 kB
dist/assets/ContactSupport-7Hoj4xBr.js             5.08 kB │ gzip:   2.11 kB
dist/assets/CreateBlog-BQJ-y9Rb.js                 5.11 kB │ gzip:   2.11 kB
dist/assets/EditBlog-C4445Pg7.js                   5.72 kB │ gzip:   2.33 kB
dist/assets/VerifyUserEmail-0_Z-jLoo.js            5.91 kB │ gzip:   2.12 kB
dist/assets/SelectRole-Bz5SF22Y.js                 6.02 kB │ gzip:   2.52 kB
dist/assets/popover-D-zKSxhh.js                    6.81 kB │ gzip:   2.47 kB
dist/assets/SignUp-CFhPGlpM.js                     7.15 kB │ gzip:   2.68 kB
dist/assets/Profile-Ck79_CEX.js                    7.24 kB │ gzip:   2.34 kB
dist/assets/businessProposalCard-JE8yeQUO.js       7.88 kB │ gzip:   2.60 kB
dist/assets/index-BFj1Zg1h.js                      8.18 kB │ gzip:   3.33 kB
dist/assets/tooltip-wrDuVZOi.js                    8.77 kB │ gzip:   3.34 kB
dist/assets/index-D1MyaK0_.js                      8.95 kB │ gzip:   3.15 kB
dist/assets/FilterDrawer-C21RJJvZ.js               9.50 kB │ gzip:   3.21 kB
dist/assets/dialog-BrOijljw.js                     9.57 kB │ gzip:   3.57 kB
dist/assets/index-c-0bwLk0.js                      9.66 kB │ gzip:   3.97 kB
dist/assets/index-roaA_isC.js                     10.11 kB │ gzip:   3.77 kB
dist/assets/index-hRyOm23C.js                     10.30 kB │ gzip:   3.37 kB
dist/assets/Header-De3D_5rQ.js                    11.28 kB │ gzip:   3.38 kB
dist/assets/index-CmYzMp0p.js                     13.91 kB │ gzip:   4.82 kB
dist/assets/SimplifiedProfile-BTRRnzLo.js         14.09 kB │ gzip:   3.85 kB
dist/assets/index-DPfH_HDO.js                     16.50 kB │ gzip:   6.24 kB
dist/assets/CreateNewBatch-CDjbTlOZ.js            17.95 kB │ gzip:   5.01 kB
dist/assets/EditFounder-YePwtL-M.js               18.37 kB │ gzip:   4.51 kB
dist/assets/ViewBusinessProposal-CPEFtUli.js      18.65 kB │ gzip:   4.73 kB
dist/assets/mockData-BjikYMM9.js                  18.90 kB │ gzip:   6.85 kB
dist/assets/EditInvestor-BbqCfz8D.js              19.36 kB │ gzip:   4.79 kB
dist/assets/index-CEQ_-deP.js                     20.03 kB │ gzip:   6.55 kB
dist/assets/index-COpoSC78.js                     20.34 kB │ gzip:   6.72 kB
dist/assets/index-DEkhrCTH.js                     20.60 kB │ gzip:   6.66 kB
dist/assets/select-CpPTLFNn.js                    21.88 kB │ gzip:   7.81 kB
dist/assets/index-CJ2H5dIe.js                     21.92 kB │ gzip:   5.85 kB
dist/assets/index-CInTFb3E.js                     25.31 kB │ gzip:   7.62 kB
dist/assets/index-UntSucEg.js                     35.78 kB │ gzip:  13.52 kB
dist/assets/table-D6ZTetQu.js                     37.58 kB │ gzip:  11.07 kB
dist/assets/AssignAdminModal-DI2rq7Hy.js          81.27 kB │ gzip:  24.48 kB
dist/assets/Landing-CucVW_Dg.js                  147.95 kB │ gzip:  52.39 kB
dist/assets/xlsx-DGuHH-KN.js                     429.49 kB │ gzip: 143.07 kB
dist/assets/style-CRZsoxtY.js                    465.89 kB │ gzip: 112.59 kB
dist/assets/index-CYyCEHzu.js                    608.77 kB │ gzip: 164.63 kB
dist/assets/index-CPYh1-8m.js                    766.64 kB │ gzip: 230.85 kB
dist/assets/ckeditor-BK6LFjUA.js               1,314.13 kB │ gzip: 324.67 kB

(!) Some chunks are larger than 500 kB after minification. Consider:
- Using dynamic import() to code-split the application
- Use build.rollupOptions.output.manualChunks to improve chunking: https://rollupjs.org/configuration-options/#output-manualchunks
- Adjust chunk size limit for this warning via build.chunkSizeWarningLimit.
✓ built in 17.45s
Packaging build...
  adding: favicon.ico (deflated 13%)
  adding: assets/ (stored 0%)
  adding: assets/irfanMalikBg-D4osmO_C.jpg (deflated 1%)
  adding: assets/akhtar-qLBVRLf-.jpg (deflated 1%)
  adding: assets/wasimAkramBg-D4BFEYu1.png (deflated 0%)
  adding: assets/arabic-BElshnQY.jpg (deflated 0%)
  adding: assets/handShake-Dk1DoagP.webp (deflated 0%)
  adding: assets/dubai-Bmqq4ymj.jpg (deflated 0%)
  adding: assets/fahad-CnovJc60.jpg (deflated 0%)
  adding: assets/salman-DD3Zraly.jpg (deflated 0%)
  adding: assets/wasim-ETjjiRaD.jpg (deflated 0%)
  adding: assets/placeholderMan-BvremNML.png (deflated 3%)
  adding: assets/tech-BdWyL5Pa.jpg (deflated 0%)
  adding: assets/rectanglePlaceholder-nCbViREl.png (deflated 31%)
  adding: assets/Fav-BPcykgsi.png (deflated 5%)
  adding: assets/goldenCheck-CnSHOmXW.webp (stored 0%)
  adding: assets/MainLogo-DJpFhlQE.png (deflated 4%)
  adding: assets/verifiedBadge-CrcJq1tD.webp (deflated 1%)
  adding: assets/tower-gldBe0jJ.webp (deflated 0%)
  adding: assets/tower2-LuqAcWCu.jpg (deflated 2%)
  adding: assets/tower3-DpFzgoGy.jpg (deflated 0%)
  adding: assets/proposal2-B9XZZX50.webp (deflated 3%)
  adding: assets/proposal3-fxAFZeku.webp (deflated 1%)
  adding: assets/proposal5-DItum-r7.webp (deflated 4%)
  adding: assets/proposal6-wLmvSjqd.webp (deflated 0%)
  adding: assets/proposal1-D37fvLUu.webp (deflated 1%)
  adding: assets/proposal4-CZk7QC75.webp (deflated 1%)
  adding: assets/wasimAkram-CBOcRO9q.png (deflated 1%)
  adding: assets/index-Ff7ovr_8.css (deflated 86%)
  adding: assets/style-DpsRipQV.css (deflated 78%)
  adding: assets/index-CPYh1-8m.js (deflated 70%)
  adding: assets/Landing-CucVW_Dg.js (deflated 65%)
  adding: assets/BlogDetail-x7iCUYeM.js (deflated 58%)
  adding: assets/index-BoYYXR70.js (deflated 50%)
  adding: assets/index-DQGf8saJ.js (deflated 53%)
  adding: assets/index-m8sPL6jj.js (deflated 53%)
  adding: assets/index-wam87opV.js (deflated 52%)
  adding: assets/Header-De3D_5rQ.js (deflated 70%)
  adding: assets/SignUp-CFhPGlpM.js (deflated 63%)
  adding: assets/ForgotPassword-ady3QQul.js (deflated 51%)
  adding: assets/VerifyUserEmail-0_Z-jLoo.js (deflated 64%)
  adding: assets/ResetPassword-Bjo7-vCU.js (deflated 56%)
  adding: assets/ContactSupport-7Hoj4xBr.js (deflated 59%)
  adding: assets/AuthCallback-ClEReBYY.js (deflated 53%)
  adding: assets/SelectRole-Bz5SF22Y.js (deflated 58%)
  adding: assets/SignupThankYou-V8T-LC-9.js (deflated 55%)
  adding: assets/arrow-right-B0_UZbwz.js (deflated 27%)
  adding: assets/Login-B5c9fnuR.js (deflated 59%)
  adding: assets/index-BpcQZNgu.js (deflated 55%)
  adding: assets/index-CYyCEHzu.js (deflated 73%)
  adding: assets/Profile-Ck79_CEX.js (deflated 68%)
  adding: assets/index-BFj1Zg1h.js (deflated 60%)
  adding: assets/index-DEkhrCTH.js (deflated 68%)
  adding: assets/EditInvestor-BbqCfz8D.js (deflated 75%)
  adding: assets/index-CEQ_-deP.js (deflated 67%)
  adding: assets/globe-DyFQ2FYo.js (deflated 33%)
  adding: assets/AssignAdminModal-DI2rq7Hy.js (deflated 70%)
  adding: assets/label-DjhHJRwT.js (deflated 40%)
  adding: assets/EditFounder-YePwtL-M.js (deflated 76%)
  adding: assets/index-c-0bwLk0.js (deflated 59%)
  adding: assets/index-COpoSC78.js (deflated 67%)
  adding: assets/log-in-CGF8dp9I.js (deflated 32%)
  adding: assets/user-plus-B4aKkwLd.js (deflated 34%)
  adding: assets/phone-DF9Of_w9.js (deflated 37%)
  adding: assets/pencil-BIr8MySD.js (deflated 31%)
  adding: assets/index-CmYzMp0p.js (deflated 65%)
  adding: assets/ViewBusinessProposal-CPEFtUli.js (deflated 75%)
  adding: assets/circle-check-wBV7Pd1f.js (deflated 27%)
  adding: assets/index-CInTFb3E.js (deflated 70%)
  adding: assets/index-hRyOm23C.js (deflated 68%)
  adding: assets/CreateNewBatch-CDjbTlOZ.js (deflated 72%)
  adding: assets/message-circle-BBxslsNI.js (deflated 28%)
  adding: assets/map-pin-sUEHwnLA.js (deflated 28%)
  adding: assets/shield-check-BGE2YBXE.js (deflated 32%)
  adding: assets/supabase-bulk-emails-F0oYy1IG.js (deflated 65%)
  adding: assets/mail-BPTuxz5K.js (deflated 26%)
  adding: assets/index-Ja83eD7D.js (deflated 56%)
  adding: assets/ban-C_IHlJML.js (deflated 26%)
  adding: assets/useDebounce-DRfZZT27.js (deflated 21%)
  adding: assets/table-D6ZTetQu.js (deflated 71%)
  adding: assets/CreateBlog-BQJ-y9Rb.js (deflated 59%)
  adding: assets/sparkles-DM1RJkf0.js (deflated 45%)
  adding: assets/trending-up-DrM6IaD7.js (deflated 26%)
  adding: assets/LegalModal-BvSATKpX.js (deflated 33%)
  adding: assets/index-OTNMUq15.js (deflated 53%)
  adding: assets/input-Cl_5qkH5.js (deflated 50%)
  adding: assets/style-CRZsoxtY.js (deflated 76%)
  adding: assets/dialog-BrOijljw.js (deflated 63%)
  adding: assets/download-DFrXTjMi.js (deflated 31%)
  adding: assets/popover-D-zKSxhh.js (deflated 64%)
  adding: assets/index-UntSucEg.js (deflated 62%)
  adding: assets/index-DPfH_HDO.js (deflated 62%)
  adding: assets/index-ChPihdVP.js (deflated 56%)
  adding: assets/index-B9T6u3G4.js (deflated 14%)
  adding: assets/index-BdQq_4o_.js (deflated 5%)
  adding: assets/mockData-BjikYMM9.js (deflated 64%)
  adding: assets/calendar-BzevzirM.js (deflated 33%)
  adding: assets/arrow-left-CvrnFCbh.js (deflated 26%)
  adding: assets/InfoBox-CvAt_3aQ.js (deflated 52%)
  adding: assets/info-BfKiwOvs.js (deflated 30%)
  adding: assets/circle-alert-Dk-PJi15.js (deflated 36%)
  adding: assets/select-CpPTLFNn.js (deflated 64%)
  adding: assets/chevron-down-gYoCWoiZ.js (deflated 24%)
  adding: assets/index-CFQ506Zh.js (deflated 56%)
  adding: assets/index-Dbl5-Dui.js (deflated 28%)
  adding: assets/FileUploader-Bu2i1y5h.js (deflated 56%)
  adding: assets/textarea-C_q2eghO.js (deflated 52%)
  adding: assets/link-bi0NNlI-.js (deflated 34%)
  adding: assets/eye-UGApfNSj.js (deflated 33%)
  adding: assets/trash-2-Ciqv2CAD.js (deflated 40%)
  adding: assets/topCards-DZqLC8fE.js (deflated 58%)
  adding: assets/card-DD9fjqCB.js (deflated 62%)
  adding: assets/ImageUploader-BdQYW6jO.js (deflated 53%)
  adding: assets/upload-Ds_q-pkZ.js (deflated 31%)
  adding: assets/EmptyState-BvCVF-Yp.js (deflated 60%)
  adding: assets/toolbar-CgTcuiw-.js (deflated 60%)
  adding: assets/message-square-B_cTxA0W.js (deflated 29%)
  adding: assets/tooltip-wrDuVZOi.js (deflated 62%)
  adding: assets/FilterDrawer-C21RJJvZ.js (deflated 66%)
  adding: assets/save-BWWqDC9C.js (deflated 38%)
  adding: assets/checkbox-Bq8KQsVj.js (deflated 57%)
  adding: assets/ToggleChips-BBJapyHl.js (deflated 51%)
  adding: assets/circle-x-CiL71SEN.js (deflated 30%)
  adding: assets/square-pen-Bj3iifq6.js (deflated 35%)
  adding: assets/rotate-ccw-po9TR2La.js (deflated 28%)
  adding: assets/chevron-left-DnEo_q3Q.js (deflated 23%)
  adding: assets/plus-xXk-DDKQ.js (deflated 28%)
  adding: assets/businessProposalCard-JE8yeQUO.js (deflated 67%)
  adding: assets/GetMoreDetailsModal-EbT24svL.js (deflated 54%)
  adding: assets/Tabs-DV0lLvzs.js (deflated 49%)
  adding: assets/target-CnSEbR0H.js (deflated 37%)
  adding: assets/Stepper-DVBckoty.js (deflated 57%)
  adding: assets/ckeditor-BK6LFjUA.js (deflated 75%)
  adding: assets/EditBlog-C4445Pg7.js (deflated 60%)
  adding: assets/index-D1MyaK0_.js (deflated 65%)
  adding: assets/Dashboard-elY0_71W.js (deflated 66%)
  adding: assets/package-CrASD_ra.js (deflated 61%)
  adding: assets/SimplifiedProfile-BTRRnzLo.js (deflated 73%)
  adding: assets/ContactSupportModal-CuiGXXPc.js (deflated 51%)
  adding: assets/index-C0ekY4H1.js (deflated 52%)
  adding: assets/index-BARnZCCp.js (deflated 52%)
  adding: assets/index-DqlMHkgr.js (deflated 61%)
  adding: assets/Dashboard-CJWZEp84.js (deflated 66%)
  adding: assets/index-CJ2H5dIe.js (deflated 73%)
  adding: assets/index-roaA_isC.js (deflated 63%)
  adding: assets/index-D1oYhgus.js (deflated 52%)
  adding: assets/xlsx-DGuHH-KN.js (deflated 67%)
  adding: assets/meerGreenJacket-ykCKR2uN.png (deflated 0%)
  adding: assets/shakeelBg-NX99JDrP.jpg (deflated 0%)
  adding: assets/meerShinyDress-C8scZpYx.webp (deflated 0%)
  adding: index.html (deflated 53%)
Saving Lightsail SSH key...
Uploading build to Lightsail...
Warning: Permanently added '15.207.22.250' (ED25519) to the list of known hosts.
Deploying build to /var/www/html ...
Archive:  /home/ubuntu/react-build.zip
  inflating: /var/www/html/favicon.ico  
   creating: /var/www/html/assets/
  inflating: /var/www/html/assets/irfanMalikBg-D4osmO_C.jpg  
  inflating: /var/www/html/assets/akhtar-qLBVRLf-.jpg  
  inflating: /var/www/html/assets/wasimAkramBg-D4BFEYu1.png  
  inflating: /var/www/html/assets/arabic-BElshnQY.jpg  
  inflating: /var/www/html/assets/handShake-Dk1DoagP.webp  
  inflating: /var/www/html/assets/dubai-Bmqq4ymj.jpg  
  inflating: /var/www/html/assets/fahad-CnovJc60.jpg  
  inflating: /var/www/html/assets/salman-DD3Zraly.jpg  
  inflating: /var/www/html/assets/wasim-ETjjiRaD.jpg  
  inflating: /var/www/html/assets/placeholderMan-BvremNML.png  
  inflating: /var/www/html/assets/tech-BdWyL5Pa.jpg  
  inflating: /var/www/html/assets/rectanglePlaceholder-nCbViREl.png  
  inflating: /var/www/html/assets/Fav-BPcykgsi.png  
 extracting: /var/www/html/assets/goldenCheck-CnSHOmXW.webp  
  inflating: /var/www/html/assets/MainLogo-DJpFhlQE.png  
  inflating: /var/www/html/assets/verifiedBadge-CrcJq1tD.webp  
  inflating: /var/www/html/assets/tower-gldBe0jJ.webp  
  inflating: /var/www/html/assets/tower2-LuqAcWCu.jpg  
  inflating: /var/www/html/assets/tower3-DpFzgoGy.jpg  
  inflating: /var/www/html/assets/proposal2-B9XZZX50.webp  
  inflating: /var/www/html/assets/proposal3-fxAFZeku.webp  
  inflating: /var/www/html/assets/proposal5-DItum-r7.webp  
  inflating: /var/www/html/assets/proposal6-wLmvSjqd.webp  
  inflating: /var/www/html/assets/proposal1-D37fvLUu.webp  
  inflating: /var/www/html/assets/proposal4-CZk7QC75.webp  
  inflating: /var/www/html/assets/wasimAkram-CBOcRO9q.png  
  inflating: /var/www/html/assets/index-Ff7ovr_8.css  
  inflating: /var/www/html/assets/style-DpsRipQV.css  
  inflating: /var/www/html/assets/index-CPYh1-8m.js  
  inflating: /var/www/html/assets/Landing-CucVW_Dg.js  
  inflating: /var/www/html/assets/BlogDetail-x7iCUYeM.js  
  inflating: /var/www/html/assets/index-BoYYXR70.js  
  inflating: /var/www/html/assets/index-DQGf8saJ.js  
  inflating: /var/www/html/assets/index-m8sPL6jj.js  
  inflating: /var/www/html/assets/index-wam87opV.js  
  inflating: /var/www/html/assets/Header-De3D_5rQ.js  
  inflating: /var/www/html/assets/SignUp-CFhPGlpM.js  
  inflating: /var/www/html/assets/ForgotPassword-ady3QQul.js  
  inflating: /var/www/html/assets/VerifyUserEmail-0_Z-jLoo.js  
  inflating: /var/www/html/assets/ResetPassword-Bjo7-vCU.js  
  inflating: /var/www/html/assets/ContactSupport-7Hoj4xBr.js  
  inflating: /var/www/html/assets/AuthCallback-ClEReBYY.js  
  inflating: /var/www/html/assets/SelectRole-Bz5SF22Y.js  
  inflating: /var/www/html/assets/SignupThankYou-V8T-LC-9.js  
  inflating: /var/www/html/assets/arrow-right-B0_UZbwz.js  
  inflating: /var/www/html/assets/Login-B5c9fnuR.js  
  inflating: /var/www/html/assets/index-BpcQZNgu.js  
  inflating: /var/www/html/assets/index-CYyCEHzu.js  
  inflating: /var/www/html/assets/Profile-Ck79_CEX.js  
  inflating: /var/www/html/assets/index-BFj1Zg1h.js  
  inflating: /var/www/html/assets/index-DEkhrCTH.js  
  inflating: /var/www/html/assets/EditInvestor-BbqCfz8D.js  
  inflating: /var/www/html/assets/index-CEQ_-deP.js  
  inflating: /var/www/html/assets/globe-DyFQ2FYo.js  
  inflating: /var/www/html/assets/AssignAdminModal-DI2rq7Hy.js  
  inflating: /var/www/html/assets/label-DjhHJRwT.js  
  inflating: /var/www/html/assets/EditFounder-YePwtL-M.js  
  inflating: /var/www/html/assets/index-c-0bwLk0.js  
  inflating: /var/www/html/assets/index-COpoSC78.js  
  inflating: /var/www/html/assets/log-in-CGF8dp9I.js  
  inflating: /var/www/html/assets/user-plus-B4aKkwLd.js  
  inflating: /var/www/html/assets/phone-DF9Of_w9.js  
  inflating: /var/www/html/assets/pencil-BIr8MySD.js  
  inflating: /var/www/html/assets/index-CmYzMp0p.js  
  inflating: /var/www/html/assets/ViewBusinessProposal-CPEFtUli.js  
  inflating: /var/www/html/assets/circle-check-wBV7Pd1f.js  
  inflating: /var/www/html/assets/index-CInTFb3E.js  
  inflating: /var/www/html/assets/index-hRyOm23C.js  
  inflating: /var/www/html/assets/CreateNewBatch-CDjbTlOZ.js  
  inflating: /var/www/html/assets/message-circle-BBxslsNI.js  
  inflating: /var/www/html/assets/map-pin-sUEHwnLA.js  
  inflating: /var/www/html/assets/shield-check-BGE2YBXE.js  
  inflating: /var/www/html/assets/supabase-bulk-emails-F0oYy1IG.js  
  inflating: /var/www/html/assets/mail-BPTuxz5K.js  
  inflating: /var/www/html/assets/index-Ja83eD7D.js  
  inflating: /var/www/html/assets/ban-C_IHlJML.js  
  inflating: /var/www/html/assets/useDebounce-DRfZZT27.js  
  inflating: /var/www/html/assets/table-D6ZTetQu.js  
  inflating: /var/www/html/assets/CreateBlog-BQJ-y9Rb.js  
  inflating: /var/www/html/assets/sparkles-DM1RJkf0.js  
  inflating: /var/www/html/assets/trending-up-DrM6IaD7.js  
  inflating: /var/www/html/assets/LegalModal-BvSATKpX.js  
  inflating: /var/www/html/assets/index-OTNMUq15.js  
  inflating: /var/www/html/assets/input-Cl_5qkH5.js  
  inflating: /var/www/html/assets/style-CRZsoxtY.js  
  inflating: /var/www/html/assets/dialog-BrOijljw.js  
  inflating: /var/www/html/assets/download-DFrXTjMi.js  
  inflating: /var/www/html/assets/popover-D-zKSxhh.js  
  inflating: /var/www/html/assets/index-UntSucEg.js  
  inflating: /var/www/html/assets/index-DPfH_HDO.js  
  inflating: /var/www/html/assets/index-ChPihdVP.js  
  inflating: /var/www/html/assets/index-B9T6u3G4.js  
  inflating: /var/www/html/assets/index-BdQq_4o_.js  
  inflating: /var/www/html/assets/mockData-BjikYMM9.js  
  inflating: /var/www/html/assets/calendar-BzevzirM.js  
  inflating: /var/www/html/assets/arrow-left-CvrnFCbh.js  
  inflating: /var/www/html/assets/InfoBox-CvAt_3aQ.js  
  inflating: /var/www/html/assets/info-BfKiwOvs.js  
  inflating: /var/www/html/assets/circle-alert-Dk-PJi15.js  
  inflating: /var/www/html/assets/select-CpPTLFNn.js  
  inflating: /var/www/html/assets/chevron-down-gYoCWoiZ.js  
  inflating: /var/www/html/assets/index-CFQ506Zh.js  
  inflating: /var/www/html/assets/index-Dbl5-Dui.js  
  inflating: /var/www/html/assets/FileUploader-Bu2i1y5h.js  
  inflating: /var/www/html/assets/textarea-C_q2eghO.js  
  inflating: /var/www/html/assets/link-bi0NNlI-.js  
  inflating: /var/www/html/assets/eye-UGApfNSj.js  
  inflating: /var/www/html/assets/trash-2-Ciqv2CAD.js  
  inflating: /var/www/html/assets/topCards-DZqLC8fE.js  
  inflating: /var/www/html/assets/card-DD9fjqCB.js  
  inflating: /var/www/html/assets/ImageUploader-BdQYW6jO.js  
  inflating: /var/www/html/assets/upload-Ds_q-pkZ.js  
  inflating: /var/www/html/assets/EmptyState-BvCVF-Yp.js  
  inflating: /var/www/html/assets/toolbar-CgTcuiw-.js  
  inflating: /var/www/html/assets/message-square-B_cTxA0W.js  
  inflating: /var/www/html/assets/tooltip-wrDuVZOi.js  
  inflating: /var/www/html/assets/FilterDrawer-C21RJJvZ.js  
  inflating: /var/www/html/assets/save-BWWqDC9C.js  
  inflating: /var/www/html/assets/checkbox-Bq8KQsVj.js  
  inflating: /var/www/html/assets/ToggleChips-BBJapyHl.js  
  inflating: /var/www/html/assets/circle-x-CiL71SEN.js  
  inflating: /var/www/html/assets/square-pen-Bj3iifq6.js  
  inflating: /var/www/html/assets/rotate-ccw-po9TR2La.js  
  inflating: /var/www/html/assets/chevron-left-DnEo_q3Q.js  
  inflating: /var/www/html/assets/plus-xXk-DDKQ.js  
  inflating: /var/www/html/assets/businessProposalCard-JE8yeQUO.js  
  inflating: /var/www/html/assets/GetMoreDetailsModal-EbT24svL.js  
  inflating: /var/www/html/assets/Tabs-DV0lLvzs.js  
  inflating: /var/www/html/assets/target-CnSEbR0H.js  
  inflating: /var/www/html/assets/Stepper-DVBckoty.js  
  inflating: /var/www/html/assets/ckeditor-BK6LFjUA.js  
  inflating: /var/www/html/assets/EditBlog-C4445Pg7.js  
  inflating: /var/www/html/assets/index-D1MyaK0_.js  
  inflating: /var/www/html/assets/Dashboard-elY0_71W.js  
  inflating: /var/www/html/assets/package-CrASD_ra.js  
  inflating: /var/www/html/assets/SimplifiedProfile-BTRRnzLo.js  
  inflating: /var/www/html/assets/ContactSupportModal-CuiGXXPc.js  
  inflating: /var/www/html/assets/index-C0ekY4H1.js  
  inflating: /var/www/html/assets/index-BARnZCCp.js  
  inflating: /var/www/html/assets/index-DqlMHkgr.js  
  inflating: /var/www/html/assets/Dashboard-CJWZEp84.js  
  inflating: /var/www/html/assets/index-CJ2H5dIe.js  
  inflating: /var/www/html/assets/index-roaA_isC.js  
  inflating: /var/www/html/assets/index-D1oYhgus.js  
  inflating: /var/www/html/assets/xlsx-DGuHH-KN.js  
  inflating: /var/www/html/assets/meerGreenJacket-ykCKR2uN.png  
  inflating: /var/www/html/assets/shakeelBg-NX99JDrP.jpg  
  inflating: /var/www/html/assets/meerShinyDress-C8scZpYx.webp  
  inflating: /var/www/html/index.html  
Saving Git logs repo SSH key...
Testing GitHub SSH key...
Cloning deployment-logs repo...
Cloning into 'logs-repo'...
