Installing dependencies...
npm warn deprecated w3c-hr-time@1.0.2: Use your platform's native performance.now() and performance.timeOrigin.
npm warn deprecated domexception@2.0.1: Use your platform's native DOMException instead
npm warn deprecated abab@2.0.6: Use your platform's native atob() and btoa() methods instead

> the-business-hub-pakistan@0.0.0 prepare
> husky

.git can't be found
added 1810 packages, and audited 1811 packages in 5m

253 packages are looking for funding
  run `npm fund` for details

73 vulnerabilities (68 moderate, 5 high)

To address issues that do not require attention, run:
  npm audit fix

To address all issues possible (including breaking changes), run:
  npm audit fix --force

Some issues need review, and may require choosing
a different dependency.

Run `npm audit` for details.
Building React app...

> the-business-hub-pakistan@0.0.0 build
> vite build

vite v7.1.11 building for production...
transforming...
✓ 3116 modules transformed.
rendering chunks...
computing gzip size...
dist/index.html                                    2.18 kB │ gzip:   1.05 kB
dist/assets/verifiedBadge-CrcJq1tD.webp           10.83 kB
dist/assets/rectanglePlaceholder-nCbViREl.png     11.85 kB
dist/assets/goldenCheck-CnSHOmXW.webp             13.45 kB
dist/assets/irfanMalikBg-D4osmO_C.jpg             24.66 kB
dist/assets/proposal6-wLmvSjqd.webp               28.15 kB
dist/assets/placeholderMan-BvremNML.png           36.64 kB
dist/assets/handShake-Dk1DoagP.webp               65.18 kB
dist/assets/tower-gldBe0jJ.webp                   66.16 kB
dist/assets/tower2-LuqAcWCu.jpg                   72.52 kB
dist/assets/shakeelBg-NX99JDrP.jpg               143.15 kB
dist/assets/MainLogo-DJpFhlQE.png                144.86 kB
dist/assets/Fav-BPcykgsi.png                     147.34 kB
dist/assets/akhtar-qLBVRLf-.jpg                  173.92 kB
dist/assets/proposal5-DItum-r7.webp              174.24 kB
dist/assets/tower3-DpFzgoGy.jpg                  175.56 kB
dist/assets/proposal2-B9XZZX50.webp              192.62 kB
dist/assets/meerShinyDress-C8scZpYx.webp         229.68 kB
dist/assets/meerGreenJacket-ykCKR2uN.png         230.19 kB
dist/assets/arabic-BElshnQY.jpg                  238.42 kB
dist/assets/wasim-ETjjiRaD.jpg                   242.26 kB
dist/assets/salman-DD3Zraly.jpg                  255.18 kB
dist/assets/fahad-CnovJc60.jpg                   278.62 kB
dist/assets/tech-BdWyL5Pa.jpg                    281.71 kB
dist/assets/dubai-Bmqq4ymj.jpg                   311.77 kB
dist/assets/wasimAkramBg-D4BFEYu1.png            313.57 kB
dist/assets/video-poster-DrQklN8e.png            367.51 kB
dist/assets/proposal3-fxAFZeku.webp              445.47 kB
dist/assets/proposal4-CZk7QC75.webp              542.86 kB
dist/assets/proposal1-D37fvLUu.webp              779.05 kB
dist/assets/wasimAkram-CBOcRO9q.png            4,488.96 kB
dist/assets/BlogDetail-oNXnMkFG.css                0.63 kB │ gzip:   0.26 kB
dist/assets/style-DpsRipQV.css                     3.23 kB │ gzip:   0.73 kB
dist/assets/index-B1WKAnou.css                   155.83 kB │ gzip:  21.31 kB
dist/assets/blogs-ChqPogSE.js                      0.04 kB │ gzip:   0.06 kB
dist/assets/webinarBanner-XLbHXaFF.js              0.17 kB │ gzip:   0.15 kB
dist/assets/useDebounce-BvGsuE_7.js                0.19 kB │ gzip:   0.17 kB
dist/assets/plus-BhVSkPAF.js                       0.33 kB │ gzip:   0.25 kB
dist/assets/arrow-left-BAH_Hfzu.js                 0.34 kB │ gzip:   0.27 kB
dist/assets/circle-check-D8OD3xZ4.js               0.35 kB │ gzip:   0.27 kB
dist/assets/trending-up-BdAJlJiv.js                0.35 kB │ gzip:   0.27 kB
dist/assets/ban-6KM-FNJ4.js                        0.35 kB │ gzip:   0.27 kB
dist/assets/info-DTeBy22x.js                       0.37 kB │ gzip:   0.28 kB
dist/assets/rotate-ccw-CJT0QShp.js                 0.37 kB │ gzip:   0.29 kB
dist/assets/circle-x-DDTRm9Vd.js                   0.38 kB │ gzip:   0.28 kB
dist/assets/Dashboard-CR6K_98k.js                  0.39 kB │ gzip:   0.27 kB
dist/assets/Dashboard-CGeS5Szg.js                  0.39 kB │ gzip:   0.27 kB
dist/assets/upload-4x4OqAWw.js                     0.40 kB │ gzip:   0.30 kB
dist/assets/index-DWKQffDW.js                      0.41 kB │ gzip:   0.29 kB
dist/assets/index-DE97jhQe.js                      0.41 kB │ gzip:   0.30 kB
dist/assets/globe-D_5u54iW.js                      0.41 kB │ gzip:   0.29 kB
dist/assets/headphones-DLJy_GuF.js                 0.41 kB │ gzip:   0.28 kB
dist/assets/message-circle-BWpahL79.js             0.41 kB │ gzip:   0.31 kB
dist/assets/circle-alert-B0fKtwgb.js               0.42 kB │ gzip:   0.29 kB
dist/assets/external-link-ceXI6KnS.js              0.42 kB │ gzip:   0.30 kB
dist/assets/funnel-CJYMsJ4q.js                     0.42 kB │ gzip:   0.31 kB
dist/assets/calendar-D6-PrfUA.js                   0.43 kB │ gzip:   0.30 kB
dist/assets/pencil-DLAOSl4n.js                     0.45 kB │ gzip:   0.33 kB
dist/assets/bookmark-plus-BWf8O_vF.js              0.45 kB │ gzip:   0.32 kB
dist/assets/hash-DJ9NDPcx.js                       0.47 kB │ gzip:   0.30 kB
dist/assets/shield-check-DnXIwuCy.js               0.49 kB │ gzip:   0.35 kB
dist/assets/tag-_70oZZV8.js                        0.49 kB │ gzip:   0.35 kB
dist/assets/support-ticket-events-Bu-k9ICt.js      0.50 kB │ gzip:   0.37 kB
dist/assets/sparkles-BKphAjSE.js                   0.67 kB │ gzip:   0.39 kB
dist/assets/CkEditor-rZ2z7lY7.js                   0.85 kB │ gzip:   0.53 kB
dist/assets/InfoBox-DEmMibf8.js                    0.86 kB │ gzip:   0.43 kB
dist/assets/CurrencyWithApprox-Br9HDrsO.js         0.91 kB │ gzip:   0.52 kB
dist/assets/Tabs-DVHbkFD2.js                       1.23 kB │ gzip:   0.65 kB
dist/assets/Pagination-WQv6sIAA.js                 1.32 kB │ gzip:   0.72 kB
dist/assets/ToggleChips-DkcQEYL4.js                1.68 kB │ gzip:   0.83 kB
dist/assets/topCards-CzrCVWf4.js                   1.71 kB │ gzip:   0.74 kB
dist/assets/ForgotPassword-D9J-JYHZ.js             2.11 kB │ gzip:   1.06 kB
dist/assets/FounderThankYou-fGwvV_He.js            2.22 kB │ gzip:   1.08 kB
dist/assets/FilterDrawer-DYv0ApnG.js               2.26 kB │ gzip:   0.96 kB
dist/assets/ResetPassword-BOUvHM_Y.js              2.34 kB │ gzip:   1.04 kB
dist/assets/InvestorThankYou-1mG-WqmN.js           2.35 kB │ gzip:   1.15 kB
dist/assets/MultipleImageUploader-dKxv4L7y.js      2.61 kB │ gzip:   1.14 kB
dist/assets/toolbar-CT5BJVfD.js                    2.69 kB │ gzip:   1.15 kB
dist/assets/AuthCallback-CZwl82Ns.js               2.71 kB │ gzip:   1.29 kB
dist/assets/ImageUploader-J7IjD3L1.js              2.74 kB │ gzip:   1.18 kB
dist/assets/index-CpIglsO4.js                      2.86 kB │ gzip:   1.36 kB
dist/assets/index-CThWH0fp.js                      2.99 kB │ gzip:   1.50 kB
dist/assets/index-BHYRPPQZ.js                      3.06 kB │ gzip:   1.48 kB
dist/assets/supabase-bulk-emails-BeyzejH3.js       3.14 kB │ gzip:   1.12 kB
dist/assets/index-C067tIrJ.js                      3.19 kB │ gzip:   1.52 kB
dist/assets/index-BMj01lbI.js                      3.48 kB │ gzip:   1.67 kB
dist/assets/index-D_M449Vg.js                      3.51 kB │ gzip:   1.61 kB
dist/assets/index-D314nu4D.js                      3.80 kB │ gzip:   1.82 kB
dist/assets/index-B1FtSget.js                      4.35 kB │ gzip:   1.98 kB
dist/assets/index-CbsR4lbD.js                      4.51 kB │ gzip:   2.06 kB
dist/assets/ContactSupport-BFf-3JBv.js             4.63 kB │ gzip:   1.92 kB
dist/assets/Stepper-C3iQ-Tl5.js                    4.66 kB │ gzip:   2.01 kB
dist/assets/Login-BEuyA0ND.js                      4.74 kB │ gzip:   1.95 kB
dist/assets/index-DmAXGFXY.js                      5.07 kB │ gzip:   2.18 kB
dist/assets/CreateBlog-DFqux9hS.js                 5.16 kB │ gzip:   2.20 kB
dist/assets/AllBlogs-Diy6iSS_.js                   5.17 kB │ gzip:   2.06 kB
dist/assets/SelectRole-T-0kTP5F.js                 5.45 kB │ gzip:   2.32 kB
dist/assets/HelpPageContent-CJXU5_Ow.js            5.51 kB │ gzip:   2.00 kB
dist/assets/index-DgK7d8xV.js                      5.53 kB │ gzip:   2.51 kB
dist/assets/VerifyUserEmail-BWRy6qYP.js            5.82 kB │ gzip:   2.08 kB
dist/assets/EditBlog-BNPvinGf.js                   6.02 kB │ gzip:   2.58 kB
dist/assets/SignUp-ClB8dKKu.js                     6.64 kB │ gzip:   2.52 kB
dist/assets/Profile-DZKjOZJn.js                    6.86 kB │ gzip:   2.19 kB
dist/assets/ViewRemindersModal-BiQ9PGpD.js         7.30 kB │ gzip:   2.62 kB
dist/assets/index-D58qy56N.js                      8.01 kB │ gzip:   2.95 kB
dist/assets/index-yEz5_n-d.js                      9.24 kB │ gzip:   3.81 kB
dist/assets/businessProposalCard-DwnDE0qG.js       9.66 kB │ gzip:   3.29 kB
dist/assets/index-CpfBXeRS.js                      9.77 kB │ gzip:   3.61 kB
dist/assets/index-Co33QpaQ.js                      9.93 kB │ gzip:   3.22 kB
dist/assets/table-DOIjy3oo.js                     10.99 kB │ gzip:   3.44 kB
dist/assets/TicketDetailPage-DwkwTkUR.js          12.90 kB │ gzip:   4.06 kB
dist/assets/SimplifiedProfile-C4dWc2as.js         13.76 kB │ gzip:   3.64 kB
dist/assets/index-BXgJZlf9.js                     15.62 kB │ gzip:   4.81 kB
dist/assets/CreateNewBatch-Dz4h0zCi.js            16.74 kB │ gzip:   4.53 kB
dist/assets/EditFounder-CXSzA-e9.js               18.01 kB │ gzip:   4.37 kB
dist/assets/index-C9_f5BD_.js                     18.43 kB │ gzip:   5.94 kB
dist/assets/EditInvestor-Ccyfy82y.js              18.98 kB │ gzip:   4.65 kB
dist/assets/index-BjzhsrCY.js                     20.08 kB │ gzip:   6.61 kB
dist/assets/index-6A8W9Qjw.js                     20.13 kB │ gzip:   5.41 kB
dist/assets/BlogDetail-CeaAmlqZ.js                21.41 kB │ gzip:   8.68 kB
dist/assets/index-D57_oh1Z.js                     22.55 kB │ gzip:   7.06 kB
dist/assets/index-CsZxE-H2.js                     22.98 kB │ gzip:   6.85 kB
dist/assets/ViewBusinessProposal-BPSDQ6ub.js      25.92 kB │ gzip:   6.38 kB
dist/assets/index-C5rjA5fW.js                     29.36 kB │ gzip:   9.10 kB
dist/assets/Landing-DLCvCovr.js                  151.91 kB │ gzip:  53.55 kB
dist/assets/xlsx-DGuHH-KN.js                     429.49 kB │ gzip: 143.07 kB
dist/assets/index-ZRW9ou66.js                    637.83 kB │ gzip: 171.06 kB
dist/assets/index-DthSteIt.js                  2,837.34 kB │ gzip: 758.07 kB

(!) Some chunks are larger than 1500 kB after minification. Consider:
- Using dynamic import() to code-split the application
- Use build.rollupOptions.output.manualChunks to improve chunking: https://rollupjs.org/configuration-options/#output-manualchunks
- Adjust chunk size limit for this warning via build.chunkSizeWarningLimit.
✓ built in 17.81s
Packaging build...
  adding: favicon.ico (deflated 13%)
  adding: robots.txt (deflated 3%)
  adding: sitemap.xml (deflated 60%)
  adding: assets/ (stored 0%)
  adding: assets/video-poster-DrQklN8e.png (deflated 0%)
  adding: assets/irfanMalikBg-D4osmO_C.jpg (deflated 1%)
  adding: assets/meerShinyDress-C8scZpYx.webp (deflated 0%)
  adding: assets/meerGreenJacket-ykCKR2uN.png (deflated 0%)
  adding: assets/shakeelBg-NX99JDrP.jpg (deflated 0%)
  adding: assets/wasimAkramBg-D4BFEYu1.png (deflated 0%)
  adding: assets/dubai-Bmqq4ymj.jpg (deflated 0%)
  adding: assets/fahad-CnovJc60.jpg (deflated 0%)
  adding: assets/handShake-Dk1DoagP.webp (deflated 0%)
  adding: assets/salman-DD3Zraly.jpg (deflated 0%)
  adding: assets/tech-BdWyL5Pa.jpg (deflated 0%)
  adding: assets/wasim-ETjjiRaD.jpg (deflated 0%)
  adding: assets/arabic-BElshnQY.jpg (deflated 0%)
  adding: assets/akhtar-qLBVRLf-.jpg (deflated 1%)
  adding: assets/Fav-BPcykgsi.png (deflated 5%)
  adding: assets/MainLogo-DJpFhlQE.png (deflated 4%)
  adding: assets/goldenCheck-CnSHOmXW.webp (stored 0%)
  adding: assets/placeholderMan-BvremNML.png (deflated 3%)
  adding: assets/rectanglePlaceholder-nCbViREl.png (deflated 31%)
  adding: assets/tower2-LuqAcWCu.jpg (deflated 2%)
  adding: assets/tower3-DpFzgoGy.jpg (deflated 0%)
  adding: assets/proposal2-B9XZZX50.webp (deflated 3%)
  adding: assets/proposal3-fxAFZeku.webp (deflated 1%)
  adding: assets/tower-gldBe0jJ.webp (deflated 0%)
  adding: assets/proposal5-DItum-r7.webp (deflated 4%)
  adding: assets/proposal6-wLmvSjqd.webp (deflated 0%)
  adding: assets/verifiedBadge-CrcJq1tD.webp (deflated 1%)
  adding: assets/proposal1-D37fvLUu.webp (deflated 1%)
  adding: assets/proposal4-CZk7QC75.webp (deflated 1%)
  adding: assets/wasimAkram-CBOcRO9q.png (deflated 1%)
  adding: assets/index-B1WKAnou.css (deflated 86%)
  adding: assets/BlogDetail-oNXnMkFG.css (deflated 62%)
  adding: assets/style-DpsRipQV.css (deflated 78%)
  adding: assets/index-DthSteIt.js (deflated 73%)
  adding: assets/xlsx-DGuHH-KN.js (deflated 67%)
  adding: assets/Landing-DLCvCovr.js (deflated 65%)
  adding: assets/BlogDetail-CeaAmlqZ.js (deflated 60%)
  adding: assets/AllBlogs-Diy6iSS_.js (deflated 61%)
  adding: assets/index-CThWH0fp.js (deflated 50%)
  adding: assets/index-CpIglsO4.js (deflated 53%)
  adding: assets/index-C067tIrJ.js (deflated 53%)
  adding: assets/index-BHYRPPQZ.js (deflated 52%)
  adding: assets/index-D_M449Vg.js (deflated 54%)
  adding: assets/SignUp-ClB8dKKu.js (deflated 62%)
  adding: assets/ForgotPassword-D9J-JYHZ.js (deflated 51%)
  adding: assets/VerifyUserEmail-BWRy6qYP.js (deflated 64%)
  adding: assets/ResetPassword-BOUvHM_Y.js (deflated 56%)
  adding: assets/ContactSupport-BFf-3JBv.js (deflated 59%)
  adding: assets/AuthCallback-CZwl82Ns.js (deflated 53%)
  adding: assets/SelectRole-T-0kTP5F.js (deflated 58%)
  adding: assets/InvestorThankYou-1mG-WqmN.js (deflated 52%)
  adding: assets/FounderThankYou-fGwvV_He.js (deflated 52%)
  adding: assets/Login-BEuyA0ND.js (deflated 59%)
  adding: assets/Profile-DZKjOZJn.js (deflated 68%)
  adding: assets/index-DgK7d8xV.js (deflated 55%)
  adding: assets/index-C5rjA5fW.js (deflated 69%)
  adding: assets/EditInvestor-Ccyfy82y.js (deflated 76%)
  adding: assets/index-D57_oh1Z.js (deflated 69%)
  adding: assets/ViewRemindersModal-BiQ9PGpD.js (deflated 64%)
  adding: assets/tag-_70oZZV8.js (deflated 34%)
  adding: assets/EditFounder-CXSzA-e9.js (deflated 76%)
  adding: assets/index-yEz5_n-d.js (deflated 59%)
  adding: assets/index-BjzhsrCY.js (deflated 67%)
  adding: assets/pencil-DLAOSl4n.js (deflated 31%)
  adding: assets/index-C9_f5BD_.js (deflated 68%)
  adding: assets/ViewBusinessProposal-BPSDQ6ub.js (deflated 75%)
  adding: assets/circle-check-D8OD3xZ4.js (deflated 28%)
  adding: assets/index-CsZxE-H2.js (deflated 70%)
  adding: assets/shield-check-DnXIwuCy.js (deflated 32%)
  adding: assets/sparkles-BKphAjSE.js (deflated 45%)
  adding: assets/trending-up-BdAJlJiv.js (deflated 26%)
  adding: assets/globe-D_5u54iW.js (deflated 33%)
  adding: assets/blogs-ChqPogSE.js (stored 0%)
  adding: assets/calendar-D6-PrfUA.js (deflated 34%)
  adding: assets/index-BMj01lbI.js (deflated 53%)
  adding: assets/message-circle-BWpahL79.js (deflated 28%)
  adding: assets/arrow-left-BAH_Hfzu.js (deflated 26%)
  adding: assets/InfoBox-DEmMibf8.js (deflated 52%)
  adding: assets/info-DTeBy22x.js (deflated 30%)
  adding: assets/circle-alert-B0fKtwgb.js (deflated 36%)
  adding: assets/index-ZRW9ou66.js (deflated 73%)
  adding: assets/topCards-CzrCVWf4.js (deflated 58%)
  adding: assets/webinarBanner-XLbHXaFF.js (deflated 25%)
  adding: assets/CurrencyWithApprox-Br9HDrsO.js (deflated 45%)
  adding: assets/ImageUploader-J7IjD3L1.js (deflated 58%)
  adding: assets/external-link-ceXI6KnS.js (deflated 33%)
  adding: assets/upload-4x4OqAWw.js (deflated 31%)
  adding: assets/table-DOIjy3oo.js (deflated 69%)
  adding: assets/toolbar-CT5BJVfD.js (deflated 58%)
  adding: assets/useDebounce-BvGsuE_7.js (deflated 23%)
  adding: assets/support-ticket-events-Bu-k9ICt.js (deflated 30%)
  adding: assets/headphones-DLJy_GuF.js (deflated 34%)
  adding: assets/Pagination-WQv6sIAA.js (deflated 47%)
  adding: assets/funnel-CJYMsJ4q.js (deflated 31%)
  adding: assets/FilterDrawer-DYv0ApnG.js (deflated 58%)
  adding: assets/rotate-ccw-CJT0QShp.js (deflated 28%)
  adding: assets/ToggleChips-DkcQEYL4.js (deflated 52%)
  adding: assets/circle-x-DDTRm9Vd.js (deflated 31%)
  adding: assets/businessProposalCard-DwnDE0qG.js (deflated 66%)
  adding: assets/ban-6KM-FNJ4.js (deflated 27%)
  adding: assets/plus-BhVSkPAF.js (deflated 28%)
  adding: assets/Tabs-DVHbkFD2.js (deflated 49%)
  adding: assets/Stepper-C3iQ-Tl5.js (deflated 57%)
  adding: assets/MultipleImageUploader-dKxv4L7y.js (deflated 57%)
  adding: assets/index-Co33QpaQ.js (deflated 68%)
  adding: assets/supabase-bulk-emails-BeyzejH3.js (deflated 65%)
  adding: assets/CreateNewBatch-Dz4h0zCi.js (deflated 73%)
  adding: assets/CkEditor-rZ2z7lY7.js (deflated 40%)
  adding: assets/index-DmAXGFXY.js (deflated 57%)
  adding: assets/CreateBlog-DFqux9hS.js (deflated 58%)
  adding: assets/EditBlog-BNPvinGf.js (deflated 57%)
  adding: assets/index-BXgJZlf9.js (deflated 69%)
  adding: assets/index-D58qy56N.js (deflated 63%)
  adding: assets/Dashboard-CGeS5Szg.js (deflated 36%)
  adding: assets/SimplifiedProfile-C4dWc2as.js (deflated 74%)
  adding: assets/index-DE97jhQe.js (deflated 32%)
  adding: assets/HelpPageContent-CJXU5_Ow.js (deflated 64%)
  adding: assets/hash-DJ9NDPcx.js (deflated 41%)
  adding: assets/index-CbsR4lbD.js (deflated 55%)
  adding: assets/bookmark-plus-BWf8O_vF.js (deflated 33%)
  adding: assets/index-D314nu4D.js (deflated 52%)
  adding: assets/index-B1FtSget.js (deflated 55%)
  adding: assets/Dashboard-CR6K_98k.js (deflated 36%)
  adding: assets/index-6A8W9Qjw.js (deflated 73%)
  adding: assets/index-CpfBXeRS.js (deflated 63%)
  adding: assets/index-DWKQffDW.js (deflated 33%)
  adding: assets/TicketDetailPage-DwkwTkUR.js (deflated 69%)
  adding: index.html (deflated 52%)
Saving Lightsail SSH key...
Uploading build to Lightsail...
Warning: Permanently added '15.207.22.250' (ED25519) to the list of known hosts.
Deploying build to /var/www/html ...
Archive:  /home/ubuntu/react-build.zip
  inflating: /var/www/html/favicon.ico  
  inflating: /var/www/html/robots.txt  
  inflating: /var/www/html/sitemap.xml  
   creating: /var/www/html/assets/
  inflating: /var/www/html/assets/video-poster-DrQklN8e.png  
  inflating: /var/www/html/assets/irfanMalikBg-D4osmO_C.jpg  
  inflating: /var/www/html/assets/meerShinyDress-C8scZpYx.webp  
  inflating: /var/www/html/assets/meerGreenJacket-ykCKR2uN.png  
  inflating: /var/www/html/assets/shakeelBg-NX99JDrP.jpg  
  inflating: /var/www/html/assets/wasimAkramBg-D4BFEYu1.png  
  inflating: /var/www/html/assets/dubai-Bmqq4ymj.jpg  
  inflating: /var/www/html/assets/fahad-CnovJc60.jpg  
  inflating: /var/www/html/assets/handShake-Dk1DoagP.webp  
  inflating: /var/www/html/assets/salman-DD3Zraly.jpg  
  inflating: /var/www/html/assets/tech-BdWyL5Pa.jpg  
  inflating: /var/www/html/assets/wasim-ETjjiRaD.jpg  
  inflating: /var/www/html/assets/arabic-BElshnQY.jpg  
  inflating: /var/www/html/assets/akhtar-qLBVRLf-.jpg  
  inflating: /var/www/html/assets/Fav-BPcykgsi.png  
  inflating: /var/www/html/assets/MainLogo-DJpFhlQE.png  
 extracting: /var/www/html/assets/goldenCheck-CnSHOmXW.webp  
  inflating: /var/www/html/assets/placeholderMan-BvremNML.png  
  inflating: /var/www/html/assets/rectanglePlaceholder-nCbViREl.png  
  inflating: /var/www/html/assets/tower2-LuqAcWCu.jpg  
  inflating: /var/www/html/assets/tower3-DpFzgoGy.jpg  
  inflating: /var/www/html/assets/proposal2-B9XZZX50.webp  
  inflating: /var/www/html/assets/proposal3-fxAFZeku.webp  
  inflating: /var/www/html/assets/tower-gldBe0jJ.webp  
  inflating: /var/www/html/assets/proposal5-DItum-r7.webp  
  inflating: /var/www/html/assets/proposal6-wLmvSjqd.webp  
  inflating: /var/www/html/assets/verifiedBadge-CrcJq1tD.webp  
  inflating: /var/www/html/assets/proposal1-D37fvLUu.webp  
  inflating: /var/www/html/assets/proposal4-CZk7QC75.webp  
  inflating: /var/www/html/assets/wasimAkram-CBOcRO9q.png  
  inflating: /var/www/html/assets/index-B1WKAnou.css  
  inflating: /var/www/html/assets/BlogDetail-oNXnMkFG.css  
  inflating: /var/www/html/assets/style-DpsRipQV.css  
  inflating: /var/www/html/assets/index-DthSteIt.js  
  inflating: /var/www/html/assets/xlsx-DGuHH-KN.js  
  inflating: /var/www/html/assets/Landing-DLCvCovr.js  
  inflating: /var/www/html/assets/BlogDetail-CeaAmlqZ.js  
  inflating: /var/www/html/assets/AllBlogs-Diy6iSS_.js  
  inflating: /var/www/html/assets/index-CThWH0fp.js  
  inflating: /var/www/html/assets/index-CpIglsO4.js  
  inflating: /var/www/html/assets/index-C067tIrJ.js  
  inflating: /var/www/html/assets/index-BHYRPPQZ.js  
  inflating: /var/www/html/assets/index-D_M449Vg.js  
  inflating: /var/www/html/assets/SignUp-ClB8dKKu.js  
  inflating: /var/www/html/assets/ForgotPassword-D9J-JYHZ.js  
  inflating: /var/www/html/assets/VerifyUserEmail-BWRy6qYP.js  
  inflating: /var/www/html/assets/ResetPassword-BOUvHM_Y.js  
  inflating: /var/www/html/assets/ContactSupport-BFf-3JBv.js  
  inflating: /var/www/html/assets/AuthCallback-CZwl82Ns.js  
  inflating: /var/www/html/assets/SelectRole-T-0kTP5F.js  
  inflating: /var/www/html/assets/InvestorThankYou-1mG-WqmN.js  
  inflating: /var/www/html/assets/FounderThankYou-fGwvV_He.js  
  inflating: /var/www/html/assets/Login-BEuyA0ND.js  
  inflating: /var/www/html/assets/Profile-DZKjOZJn.js  
  inflating: /var/www/html/assets/index-DgK7d8xV.js  
  inflating: /var/www/html/assets/index-C5rjA5fW.js  
  inflating: /var/www/html/assets/EditInvestor-Ccyfy82y.js  
  inflating: /var/www/html/assets/index-D57_oh1Z.js  
  inflating: /var/www/html/assets/ViewRemindersModal-BiQ9PGpD.js  
  inflating: /var/www/html/assets/tag-_70oZZV8.js  
  inflating: /var/www/html/assets/EditFounder-CXSzA-e9.js  
  inflating: /var/www/html/assets/index-yEz5_n-d.js  
  inflating: /var/www/html/assets/index-BjzhsrCY.js  
  inflating: /var/www/html/assets/pencil-DLAOSl4n.js  
  inflating: /var/www/html/assets/index-C9_f5BD_.js  
  inflating: /var/www/html/assets/ViewBusinessProposal-BPSDQ6ub.js  
  inflating: /var/www/html/assets/circle-check-D8OD3xZ4.js  
  inflating: /var/www/html/assets/index-CsZxE-H2.js  
  inflating: /var/www/html/assets/shield-check-DnXIwuCy.js  
  inflating: /var/www/html/assets/sparkles-BKphAjSE.js  
  inflating: /var/www/html/assets/trending-up-BdAJlJiv.js  
  inflating: /var/www/html/assets/globe-D_5u54iW.js  
 extracting: /var/www/html/assets/blogs-ChqPogSE.js  
  inflating: /var/www/html/assets/calendar-D6-PrfUA.js  
  inflating: /var/www/html/assets/index-BMj01lbI.js  
  inflating: /var/www/html/assets/message-circle-BWpahL79.js  
  inflating: /var/www/html/assets/arrow-left-BAH_Hfzu.js  
  inflating: /var/www/html/assets/InfoBox-DEmMibf8.js  
  inflating: /var/www/html/assets/info-DTeBy22x.js  
  inflating: /var/www/html/assets/circle-alert-B0fKtwgb.js  
  inflating: /var/www/html/assets/index-ZRW9ou66.js  
  inflating: /var/www/html/assets/topCards-CzrCVWf4.js  
  inflating: /var/www/html/assets/webinarBanner-XLbHXaFF.js  
  inflating: /var/www/html/assets/CurrencyWithApprox-Br9HDrsO.js  
  inflating: /var/www/html/assets/ImageUploader-J7IjD3L1.js  
  inflating: /var/www/html/assets/external-link-ceXI6KnS.js  
  inflating: /var/www/html/assets/upload-4x4OqAWw.js  
  inflating: /var/www/html/assets/table-DOIjy3oo.js  
  inflating: /var/www/html/assets/toolbar-CT5BJVfD.js  
  inflating: /var/www/html/assets/useDebounce-BvGsuE_7.js  
  inflating: /var/www/html/assets/support-ticket-events-Bu-k9ICt.js  
  inflating: /var/www/html/assets/headphones-DLJy_GuF.js  
  inflating: /var/www/html/assets/Pagination-WQv6sIAA.js  
  inflating: /var/www/html/assets/funnel-CJYMsJ4q.js  
  inflating: /var/www/html/assets/FilterDrawer-DYv0ApnG.js  
  inflating: /var/www/html/assets/rotate-ccw-CJT0QShp.js  
  inflating: /var/www/html/assets/ToggleChips-DkcQEYL4.js  
  inflating: /var/www/html/assets/circle-x-DDTRm9Vd.js  
  inflating: /var/www/html/assets/businessProposalCard-DwnDE0qG.js  
  inflating: /var/www/html/assets/ban-6KM-FNJ4.js  
  inflating: /var/www/html/assets/plus-BhVSkPAF.js  
  inflating: /var/www/html/assets/Tabs-DVHbkFD2.js  
  inflating: /var/www/html/assets/Stepper-C3iQ-Tl5.js  
  inflating: /var/www/html/assets/MultipleImageUploader-dKxv4L7y.js  
  inflating: /var/www/html/assets/index-Co33QpaQ.js  
  inflating: /var/www/html/assets/supabase-bulk-emails-BeyzejH3.js  
  inflating: /var/www/html/assets/CreateNewBatch-Dz4h0zCi.js  
  inflating: /var/www/html/assets/CkEditor-rZ2z7lY7.js  
  inflating: /var/www/html/assets/index-DmAXGFXY.js  
  inflating: /var/www/html/assets/CreateBlog-DFqux9hS.js  
  inflating: /var/www/html/assets/EditBlog-BNPvinGf.js  
  inflating: /var/www/html/assets/index-BXgJZlf9.js  
  inflating: /var/www/html/assets/index-D58qy56N.js  
  inflating: /var/www/html/assets/Dashboard-CGeS5Szg.js  
  inflating: /var/www/html/assets/SimplifiedProfile-C4dWc2as.js  
  inflating: /var/www/html/assets/index-DE97jhQe.js  
  inflating: /var/www/html/assets/HelpPageContent-CJXU5_Ow.js  
  inflating: /var/www/html/assets/hash-DJ9NDPcx.js  
  inflating: /var/www/html/assets/index-CbsR4lbD.js  
  inflating: /var/www/html/assets/bookmark-plus-BWf8O_vF.js  
  inflating: /var/www/html/assets/index-D314nu4D.js  
  inflating: /var/www/html/assets/index-B1FtSget.js  
  inflating: /var/www/html/assets/Dashboard-CR6K_98k.js  
  inflating: /var/www/html/assets/index-6A8W9Qjw.js  
  inflating: /var/www/html/assets/index-CpfBXeRS.js  
  inflating: /var/www/html/assets/index-DWKQffDW.js  
  inflating: /var/www/html/assets/TicketDetailPage-DwkwTkUR.js  
  inflating: /var/www/html/index.html  
Saving Git logs repo SSH key...
Testing GitHub SSH key...
Cloning deployment-logs repo...
Cloning into 'logs-repo'...
