Installing dependencies...
npm warn deprecated w3c-hr-time@1.0.2: Use your platform's native performance.now() and performance.timeOrigin.
npm warn deprecated domexception@2.0.1: Use your platform's native DOMException instead
npm warn deprecated abab@2.0.6: Use your platform's native atob() and btoa() methods instead

added 1756 packages, and audited 1757 packages in 4m

222 packages are looking for funding
  run `npm fund` for details

54 vulnerabilities (52 moderate, 2 high)

To address issues that do not require attention, run:
  npm audit fix

To address all issues possible (including breaking changes), run:
  npm audit fix --force

Some issues need review, and may require choosing
a different dependency.

Run `npm audit` for details.
Building React app...

> boilerplate-code-react-js@0.0.0 build
> vite build

vite v7.1.11 building for production...
transforming...
✓ 3051 modules transformed.
rendering chunks...
computing gzip size...
dist/index.html                                    2.18 kB │ gzip:   1.05 kB
dist/assets/verifiedBadge-CrcJq1tD.webp           10.83 kB
dist/assets/rectanglePlaceholder-nCbViREl.png     11.85 kB
dist/assets/goldenCheck-CnSHOmXW.webp             13.45 kB
dist/assets/irfanMalikBg-D4osmO_C.jpg             24.66 kB
dist/assets/proposal6-wLmvSjqd.webp               28.15 kB
dist/assets/placeholderMan-BvremNML.png           36.64 kB
dist/assets/handShake-Dk1DoagP.webp               65.18 kB
dist/assets/tower-gldBe0jJ.webp                   66.16 kB
dist/assets/tower2-LuqAcWCu.jpg                   72.52 kB
dist/assets/shakeelBg-NX99JDrP.jpg               143.15 kB
dist/assets/MainLogo-DJpFhlQE.png                144.86 kB
dist/assets/Fav-BPcykgsi.png                     147.34 kB
dist/assets/akhtar-qLBVRLf-.jpg                  173.92 kB
dist/assets/proposal5-DItum-r7.webp              174.24 kB
dist/assets/tower3-DpFzgoGy.jpg                  175.56 kB
dist/assets/proposal2-B9XZZX50.webp              192.62 kB
dist/assets/meerShinyDress-C8scZpYx.webp         229.68 kB
dist/assets/meerGreenJacket-ykCKR2uN.png         230.19 kB
dist/assets/arabic-BElshnQY.jpg                  238.42 kB
dist/assets/wasim-ETjjiRaD.jpg                   242.26 kB
dist/assets/salman-DD3Zraly.jpg                  255.18 kB
dist/assets/fahad-CnovJc60.jpg                   278.62 kB
dist/assets/tech-BdWyL5Pa.jpg                    281.71 kB
dist/assets/dubai-Bmqq4ymj.jpg                   311.77 kB
dist/assets/wasimAkramBg-D4BFEYu1.png            313.57 kB
dist/assets/proposal3-fxAFZeku.webp              445.47 kB
dist/assets/proposal4-CZk7QC75.webp              542.86 kB
dist/assets/proposal1-D37fvLUu.webp              779.05 kB
dist/assets/wasimAkram-CBOcRO9q.png            4,488.96 kB
dist/assets/style-DpsRipQV.css                     3.23 kB │ gzip:   0.73 kB
dist/assets/index-D9t2O8-Q.css                   139.73 kB │ gzip:  19.26 kB
dist/assets/index-BdQq_4o_.js                      0.06 kB │ gzip:   0.08 kB
dist/assets/index-BBskOx1t.js                      0.14 kB │ gzip:   0.14 kB
dist/assets/useDebounce-muZ000_T.js                0.19 kB │ gzip:   0.17 kB
dist/assets/chevron-down-DqVoPrGg.js               0.30 kB │ gzip:   0.25 kB
dist/assets/chevron-left-rVPKtT3O.js               0.30 kB │ gzip:   0.25 kB
dist/assets/plus-DQs2dsUZ.js                       0.33 kB │ gzip:   0.25 kB
dist/assets/arrow-right-C8NvFuXG.js                0.34 kB │ gzip:   0.26 kB
dist/assets/circle-check-DPjo97hS.js               0.35 kB │ gzip:   0.27 kB
dist/assets/trending-up-DPQUBB7F.js                0.35 kB │ gzip:   0.27 kB
dist/assets/ban-Bq3kam86.js                        0.35 kB │ gzip:   0.28 kB
dist/assets/info-nDwUt0Sn.js                       0.37 kB │ gzip:   0.28 kB
dist/assets/rotate-ccw-Dwd0ebRD.js                 0.37 kB │ gzip:   0.29 kB
dist/assets/circle-x-BqUOnZiS.js                   0.38 kB │ gzip:   0.28 kB
dist/assets/mail-DAtmdCtU.js                       0.39 kB │ gzip:   0.31 kB
dist/assets/index-Di7G2NXu.js                      0.39 kB │ gzip:   0.30 kB
dist/assets/target-DzZIWOCG.js                     0.39 kB │ gzip:   0.27 kB
dist/assets/upload-DOyyVl0F.js                     0.40 kB │ gzip:   0.30 kB
dist/assets/log-in-CbTHpxEP.js                     0.40 kB │ gzip:   0.29 kB
dist/assets/download-BxLsxg8v.js                   0.41 kB │ gzip:   0.30 kB
dist/assets/message-square-ssj3COwU.js             0.41 kB │ gzip:   0.31 kB
dist/assets/globe-BQ8RucHY.js                      0.41 kB │ gzip:   0.29 kB
dist/assets/message-circle-DI1p_ACm.js             0.41 kB │ gzip:   0.31 kB
dist/assets/circle-alert-MtmXIanG.js               0.42 kB │ gzip:   0.29 kB
dist/assets/eye-DOc4GmjC.js                        0.42 kB │ gzip:   0.30 kB
dist/assets/map-pin-C56JzDle.js                    0.43 kB │ gzip:   0.33 kB
dist/assets/link-BCn1OWXs.js                       0.43 kB │ gzip:   0.30 kB
dist/assets/calendar-CIC3XTQk.js                   0.43 kB │ gzip:   0.31 kB
dist/assets/pencil-BqyGGyfB.js                     0.45 kB │ gzip:   0.33 kB
dist/assets/user-plus-C6VgWEmB.js                  0.48 kB │ gzip:   0.34 kB
dist/assets/shield-check-DIpQj1AW.js               0.49 kB │ gzip:   0.35 kB
dist/assets/square-pen-C7gPZwuk.js                 0.49 kB │ gzip:   0.34 kB
dist/assets/phone-Cx1jf3Yg.js                      0.50 kB │ gzip:   0.33 kB
dist/assets/trash-2-BUM6QVXp.js                    0.50 kB │ gzip:   0.32 kB
dist/assets/file-text-CGiNHWHT.js                  0.51 kB │ gzip:   0.32 kB
dist/assets/LegalModal-aarQPa-V.js                 0.66 kB │ gzip:   0.46 kB
dist/assets/sparkles-C-1VDdOP.js                   0.67 kB │ gzip:   0.39 kB
dist/assets/InfoBox-DkFeoxl2.js                    0.86 kB │ gzip:   0.43 kB
dist/assets/label-JU74Xfo7.js                      0.88 kB │ gzip:   0.55 kB
dist/assets/card-O3d_yw9I.js                       1.18 kB │ gzip:   0.46 kB
dist/assets/package-VVMxpPAu.js                    1.21 kB │ gzip:   0.49 kB
dist/assets/Tabs-CoYqXqhj.js                       1.23 kB │ gzip:   0.65 kB
dist/assets/GetMoreDetailsModal-DOGUM8OI.js        1.27 kB │ gzip:   0.61 kB
dist/assets/EmptyState-BFiR-BMC.js                 1.47 kB │ gzip:   0.61 kB
dist/assets/textarea-BCAWKUPI.js                   1.50 kB │ gzip:   0.74 kB
dist/assets/ToggleChips-CzsdsH2L.js                1.66 kB │ gzip:   0.82 kB
dist/assets/input-BSsShXUQ.js                      1.68 kB │ gzip:   0.86 kB
dist/assets/topCards-AQLyD1Gw.js                   1.71 kB │ gzip:   0.75 kB
dist/assets/ImageUploader-DtDU-BLg.js              1.95 kB │ gzip:   0.94 kB
dist/assets/index-7rVhJKcP.js                      2.07 kB │ gzip:   0.92 kB
dist/assets/ForgotPassword-BRdNp-Kd.js             2.17 kB │ gzip:   1.08 kB
dist/assets/ContactSupportModal-B9PqwRpR.js        2.36 kB │ gzip:   1.18 kB
dist/assets/ResetPassword-CrNiyCTF.js              2.40 kB │ gzip:   1.06 kB
dist/assets/index-Bjb72Ox2.js                      2.57 kB │ gzip:   1.16 kB
dist/assets/AuthCallback-I9Og2VYI.js               2.67 kB │ gzip:   1.26 kB
dist/assets/index-lWARRyK2.js                      2.72 kB │ gzip:   1.22 kB
dist/assets/index-C0VODzdN.js                      2.87 kB │ gzip:   1.41 kB
dist/assets/toolbar-Id8XvLVR.js                    2.99 kB │ gzip:   1.22 kB
dist/assets/FileUploader-CHWtcNl8.js               3.02 kB │ gzip:   1.36 kB
dist/assets/index-BWx2Dq0p.js                      3.11 kB │ gzip:   1.48 kB
dist/assets/supabase-bulk-emails-CnpFBuTJ.js       3.14 kB │ gzip:   1.12 kB
dist/assets/index-C_IQbjHV.js                      3.24 kB │ gzip:   1.62 kB
dist/assets/SignupThankYou-I1HLILds.js             3.29 kB │ gzip:   1.49 kB
dist/assets/index-BBW8MmEO.js                      3.31 kB │ gzip:   1.60 kB
dist/assets/index-BcUOMdZ4.js                      3.44 kB │ gzip:   1.64 kB
dist/assets/index-BCDQ6RvJ.js                      3.48 kB │ gzip:   1.67 kB
dist/assets/checkbox-BHf9570v.js                   4.04 kB │ gzip:   1.77 kB
dist/assets/Dashboard-CGSZYfZ7.js                  4.28 kB │ gzip:   1.46 kB
dist/assets/index-00zwc67R.js                      4.29 kB │ gzip:   2.10 kB
dist/assets/Dashboard-DQAklotC.js                  4.30 kB │ gzip:   1.47 kB
dist/assets/index-Cna82a7p.js                      4.30 kB │ gzip:   2.10 kB
dist/assets/index-HLzm_dod.js                      4.31 kB │ gzip:   1.72 kB
dist/assets/Stepper-DwS8lA_R.js                    4.65 kB │ gzip:   2.02 kB
dist/assets/ContactSupport-B0jifXP0.js             5.04 kB │ gzip:   2.09 kB
dist/assets/Login-gaxF09sX.js                      5.05 kB │ gzip:   2.13 kB
dist/assets/SelectRole-DS_s3V0i.js                 5.63 kB │ gzip:   2.37 kB
dist/assets/VerifyUserEmail-sLNI1-21.js            5.87 kB │ gzip:   2.10 kB
dist/assets/popover-BQ5KwnWo.js                    6.81 kB │ gzip:   2.48 kB
dist/assets/SignUp-BFHGOvUV.js                     7.12 kB │ gzip:   2.66 kB
dist/assets/Profile-CXSpEIIY.js                    7.24 kB │ gzip:   2.34 kB
dist/assets/dialog-DUjNgRLw.js                     7.86 kB │ gzip:   3.00 kB
dist/assets/businessProposalCard-5FUu_MWC.js       7.88 kB │ gzip:   2.60 kB
dist/assets/index-JEVC3x0E.js                      8.18 kB │ gzip:   3.33 kB
dist/assets/tooltip-B85BRDDh.js                    8.77 kB │ gzip:   3.34 kB
dist/assets/index-DFrn82vr.js                      9.66 kB │ gzip:   3.97 kB
dist/assets/index-BcpkLbHa.js                     10.15 kB │ gzip:   3.79 kB
dist/assets/index-BsYtxpK8.js                     10.30 kB │ gzip:   3.37 kB
dist/assets/Header-D2n39Yj8.js                    11.28 kB │ gzip:   3.37 kB
dist/assets/index-B5y_0V0y.js                     13.94 kB │ gzip:   4.84 kB
dist/assets/SimplifiedProfile-BuZRVjeV.js         14.09 kB │ gzip:   3.85 kB
dist/assets/index-BDJ-lWTR.js                     16.50 kB │ gzip:   6.25 kB
dist/assets/index-DdM5G5Dn.js                     18.32 kB │ gzip:   6.11 kB
dist/assets/EditFounder-CnIV2xCk.js               18.37 kB │ gzip:   4.51 kB
dist/assets/index-DBJ1W_zs.js                     18.59 kB │ gzip:   6.08 kB
dist/assets/ViewBusinessProposal-CKLUhTRF.js      18.69 kB │ gzip:   4.75 kB
dist/assets/EditInvestor-Cigo8Thm.js              19.36 kB │ gzip:   4.79 kB
dist/assets/index-B-cD8Uy5.js                     19.83 kB │ gzip:   6.52 kB
dist/assets/select-DNNYo-D4.js                    21.88 kB │ gzip:   7.81 kB
dist/assets/index-CdTOXeti.js                     21.92 kB │ gzip:   5.85 kB
dist/assets/index-Bdc1dAB7.js                     25.32 kB │ gzip:   7.62 kB
dist/assets/index-DQLP02s5.js                     35.78 kB │ gzip:  13.52 kB
dist/assets/table-lDMwnGDf.js                     37.24 kB │ gzip:  10.91 kB
dist/assets/AssignAdminModal-CW5t8x5L.js          84.16 kB │ gzip:  25.28 kB
dist/assets/Landing-DWs3Rdd7.js                  147.87 kB │ gzip:  52.33 kB
dist/assets/xlsx-DGuHH-KN.js                     429.49 kB │ gzip: 143.07 kB
dist/assets/style-BQIlExVC.js                    465.89 kB │ gzip: 112.59 kB
dist/assets/index-BK7tIinb.js                    603.24 kB │ gzip: 163.50 kB
dist/assets/index-CDtLadqG.js                    762.34 kB │ gzip: 229.72 kB
dist/assets/CreateNewBatch-Bo8-KKwg.js         1,332.16 kB │ gzip: 329.43 kB

(!) Some chunks are larger than 500 kB after minification. Consider:
- Using dynamic import() to code-split the application
- Use build.rollupOptions.output.manualChunks to improve chunking: https://rollupjs.org/configuration-options/#output-manualchunks
- Adjust chunk size limit for this warning via build.chunkSizeWarningLimit.
✓ built in 16.58s
Packaging build...
  adding: favicon.ico (deflated 13%)
  adding: assets/ (stored 0%)
  adding: assets/irfanMalikBg-D4osmO_C.jpg (deflated 1%)
  adding: assets/akhtar-qLBVRLf-.jpg (deflated 1%)
  adding: assets/wasimAkramBg-D4BFEYu1.png (deflated 0%)
  adding: assets/handShake-Dk1DoagP.webp (deflated 0%)
  adding: assets/fahad-CnovJc60.jpg (deflated 0%)
  adding: assets/dubai-Bmqq4ymj.jpg (deflated 0%)
  adding: assets/salman-DD3Zraly.jpg (deflated 0%)
  adding: assets/placeholderMan-BvremNML.png (deflated 3%)
  adding: assets/tech-BdWyL5Pa.jpg (deflated 0%)
  adding: assets/Fav-BPcykgsi.png (deflated 5%)
  adding: assets/MainLogo-DJpFhlQE.png (deflated 4%)
  adding: assets/goldenCheck-CnSHOmXW.webp (stored 0%)
  adding: assets/arabic-BElshnQY.jpg (deflated 0%)
  adding: assets/tower-gldBe0jJ.webp (deflated 0%)
  adding: assets/tower2-LuqAcWCu.jpg (deflated 2%)
  adding: assets/tower3-DpFzgoGy.jpg (deflated 0%)
  adding: assets/wasim-ETjjiRaD.jpg (deflated 0%)
  adding: assets/rectanglePlaceholder-nCbViREl.png (deflated 31%)
  adding: assets/verifiedBadge-CrcJq1tD.webp (deflated 1%)
  adding: assets/proposal5-DItum-r7.webp (deflated 4%)
  adding: assets/proposal6-wLmvSjqd.webp (deflated 0%)
  adding: assets/proposal2-B9XZZX50.webp (deflated 3%)
  adding: assets/proposal3-fxAFZeku.webp (deflated 1%)
  adding: assets/proposal1-D37fvLUu.webp (deflated 1%)
  adding: assets/proposal4-CZk7QC75.webp (deflated 1%)
  adding: assets/wasimAkram-CBOcRO9q.png (deflated 1%)
  adding: assets/index-D9t2O8-Q.css (deflated 86%)
  adding: assets/style-DpsRipQV.css (deflated 78%)
  adding: assets/index-CDtLadqG.js (deflated 70%)
  adding: assets/Landing-DWs3Rdd7.js (deflated 65%)
  adding: assets/index-C_IQbjHV.js (deflated 50%)
  adding: assets/index-BWx2Dq0p.js (deflated 53%)
  adding: assets/index-BcUOMdZ4.js (deflated 53%)
  adding: assets/index-BBW8MmEO.js (deflated 52%)
  adding: assets/shakeelBg-NX99JDrP.jpg (deflated 0%)
  adding: assets/meerShinyDress-C8scZpYx.webp (deflated 0%)
  adding: assets/meerGreenJacket-ykCKR2uN.png (deflated 0%)
  adding: assets/Header-D2n39Yj8.js (deflated 70%)
  adding: assets/SignUp-BFHGOvUV.js (deflated 63%)
  adding: assets/ForgotPassword-BRdNp-Kd.js (deflated 51%)
  adding: assets/VerifyUserEmail-sLNI1-21.js (deflated 64%)
  adding: assets/ResetPassword-CrNiyCTF.js (deflated 57%)
  adding: assets/ContactSupport-B0jifXP0.js (deflated 59%)
  adding: assets/AuthCallback-I9Og2VYI.js (deflated 53%)
  adding: assets/SelectRole-DS_s3V0i.js (deflated 58%)
  adding: assets/SignupThankYou-I1HLILds.js (deflated 55%)
  adding: assets/arrow-right-C8NvFuXG.js (deflated 27%)
  adding: assets/Login-gaxF09sX.js (deflated 58%)
  adding: assets/index-lWARRyK2.js (deflated 55%)
  adding: assets/index-BK7tIinb.js (deflated 73%)
  adding: assets/Profile-CXSpEIIY.js (deflated 68%)
  adding: assets/index-JEVC3x0E.js (deflated 60%)
  adding: assets/index-DdM5G5Dn.js (deflated 67%)
  adding: assets/EditInvestor-Cigo8Thm.js (deflated 75%)
  adding: assets/index-DBJ1W_zs.js (deflated 67%)
  adding: assets/globe-BQ8RucHY.js (deflated 33%)
  adding: assets/AssignAdminModal-CW5t8x5L.js (deflated 70%)
  adding: assets/label-JU74Xfo7.js (deflated 40%)
  adding: assets/EditFounder-CnIV2xCk.js (deflated 76%)
  adding: assets/index-DFrn82vr.js (deflated 59%)
  adding: assets/index-B-cD8Uy5.js (deflated 67%)
  adding: assets/log-in-CbTHpxEP.js (deflated 32%)
  adding: assets/ban-Bq3kam86.js (deflated 27%)
  adding: assets/user-plus-C6VgWEmB.js (deflated 34%)
  adding: assets/phone-Cx1jf3Yg.js (deflated 37%)
  adding: assets/pencil-BqyGGyfB.js (deflated 31%)
  adding: assets/index-B5y_0V0y.js (deflated 65%)
  adding: assets/ViewBusinessProposal-CKLUhTRF.js (deflated 75%)
  adding: assets/circle-check-DPjo97hS.js (deflated 27%)
  adding: assets/calendar-CIC3XTQk.js (deflated 33%)
  adding: assets/index-Bdc1dAB7.js (deflated 70%)
  adding: assets/ToggleChips-CzsdsH2L.js (deflated 51%)
  adding: assets/index-BsYtxpK8.js (deflated 68%)
  adding: assets/useDebounce-muZ000_T.js (deflated 22%)
  adding: assets/CreateNewBatch-Bo8-KKwg.js (deflated 75%)
  adding: assets/message-circle-DI1p_ACm.js (deflated 28%)
  adding: assets/sparkles-C-1VDdOP.js (deflated 45%)
  adding: assets/map-pin-C56JzDle.js (deflated 28%)
  adding: assets/shield-check-DIpQj1AW.js (deflated 31%)
  adding: assets/supabase-bulk-emails-CnpFBuTJ.js (deflated 65%)
  adding: assets/mail-DAtmdCtU.js (deflated 26%)
  adding: assets/table-lDMwnGDf.js (deflated 71%)
  adding: assets/Dashboard-CGSZYfZ7.js (deflated 66%)
  adding: assets/SimplifiedProfile-BuZRVjeV.js (deflated 73%)
  adding: assets/index-00zwc67R.js (deflated 52%)
  adding: assets/trending-up-DPQUBB7F.js (deflated 26%)
  adding: assets/LegalModal-aarQPa-V.js (deflated 33%)
  adding: assets/index-BCDQ6RvJ.js (deflated 53%)
  adding: assets/input-BSsShXUQ.js (deflated 50%)
  adding: assets/style-BQIlExVC.js (deflated 76%)
  adding: assets/dialog-DUjNgRLw.js (deflated 62%)
  adding: assets/download-BxLsxg8v.js (deflated 31%)
  adding: assets/popover-BQ5KwnWo.js (deflated 64%)
  adding: assets/index-DQLP02s5.js (deflated 62%)
  adding: assets/index-BDJ-lWTR.js (deflated 62%)
  adding: assets/index-7rVhJKcP.js (deflated 56%)
  adding: assets/index-BBskOx1t.js (deflated 15%)
  adding: assets/index-BdQq_4o_.js (deflated 5%)
  adding: assets/InfoBox-DkFeoxl2.js (deflated 52%)
  adding: assets/info-nDwUt0Sn.js (deflated 30%)
  adding: assets/circle-alert-MtmXIanG.js (deflated 36%)
  adding: assets/select-DNNYo-D4.js (deflated 64%)
  adding: assets/chevron-down-DqVoPrGg.js (deflated 24%)
  adding: assets/index-Bjb72Ox2.js (deflated 56%)
  adding: assets/index-Di7G2NXu.js (deflated 27%)
  adding: assets/FileUploader-CHWtcNl8.js (deflated 56%)
  adding: assets/textarea-BCAWKUPI.js (deflated 52%)
  adding: assets/link-BCn1OWXs.js (deflated 35%)
  adding: assets/eye-DOc4GmjC.js (deflated 33%)
  adding: assets/trash-2-BUM6QVXp.js (deflated 40%)
  adding: assets/topCards-AQLyD1Gw.js (deflated 58%)
  adding: assets/card-O3d_yw9I.js (deflated 62%)
  adding: assets/ImageUploader-DtDU-BLg.js (deflated 53%)
  adding: assets/upload-DOyyVl0F.js (deflated 31%)
  adding: assets/EmptyState-BFiR-BMC.js (deflated 60%)
  adding: assets/toolbar-Id8XvLVR.js (deflated 60%)
  adding: assets/message-square-ssj3COwU.js (deflated 29%)
  adding: assets/tooltip-B85BRDDh.js (deflated 62%)
  adding: assets/square-pen-C7gPZwuk.js (deflated 35%)
  adding: assets/rotate-ccw-Dwd0ebRD.js (deflated 28%)
  adding: assets/chevron-left-rVPKtT3O.js (deflated 23%)
  adding: assets/checkbox-BHf9570v.js (deflated 56%)
  adding: assets/plus-DQs2dsUZ.js (deflated 28%)
  adding: assets/file-text-CGiNHWHT.js (deflated 40%)
  adding: assets/businessProposalCard-5FUu_MWC.js (deflated 67%)
  adding: assets/GetMoreDetailsModal-DOGUM8OI.js (deflated 54%)
  adding: assets/Tabs-CoYqXqhj.js (deflated 49%)
  adding: assets/circle-x-BqUOnZiS.js (deflated 31%)
  adding: assets/target-DzZIWOCG.js (deflated 38%)
  adding: assets/Stepper-DwS8lA_R.js (deflated 57%)
  adding: assets/package-VVMxpPAu.js (deflated 61%)
  adding: assets/ContactSupportModal-B9PqwRpR.js (deflated 51%)
  adding: assets/index-C0VODzdN.js (deflated 52%)
  adding: assets/index-HLzm_dod.js (deflated 60%)
  adding: assets/Dashboard-DQAklotC.js (deflated 66%)
  adding: assets/index-CdTOXeti.js (deflated 73%)
  adding: assets/index-BcpkLbHa.js (deflated 63%)
  adding: assets/index-Cna82a7p.js (deflated 52%)
  adding: assets/xlsx-DGuHH-KN.js (deflated 67%)
  adding: index.html (deflated 52%)
Saving Lightsail SSH key...
Uploading build to Lightsail...
Warning: Permanently added '15.207.22.250' (ED25519) to the list of known hosts.
Deploying build to /var/www/html ...
Archive:  /home/ubuntu/react-build.zip
  inflating: /var/www/html/favicon.ico  
   creating: /var/www/html/assets/
  inflating: /var/www/html/assets/irfanMalikBg-D4osmO_C.jpg  
  inflating: /var/www/html/assets/akhtar-qLBVRLf-.jpg  
  inflating: /var/www/html/assets/wasimAkramBg-D4BFEYu1.png  
  inflating: /var/www/html/assets/handShake-Dk1DoagP.webp  
  inflating: /var/www/html/assets/fahad-CnovJc60.jpg  
  inflating: /var/www/html/assets/dubai-Bmqq4ymj.jpg  
  inflating: /var/www/html/assets/salman-DD3Zraly.jpg  
  inflating: /var/www/html/assets/placeholderMan-BvremNML.png  
  inflating: /var/www/html/assets/tech-BdWyL5Pa.jpg  
  inflating: /var/www/html/assets/Fav-BPcykgsi.png  
  inflating: /var/www/html/assets/MainLogo-DJpFhlQE.png  
 extracting: /var/www/html/assets/goldenCheck-CnSHOmXW.webp  
  inflating: /var/www/html/assets/arabic-BElshnQY.jpg  
  inflating: /var/www/html/assets/tower-gldBe0jJ.webp  
  inflating: /var/www/html/assets/tower2-LuqAcWCu.jpg  
  inflating: /var/www/html/assets/tower3-DpFzgoGy.jpg  
  inflating: /var/www/html/assets/wasim-ETjjiRaD.jpg  
  inflating: /var/www/html/assets/rectanglePlaceholder-nCbViREl.png  
  inflating: /var/www/html/assets/verifiedBadge-CrcJq1tD.webp  
  inflating: /var/www/html/assets/proposal5-DItum-r7.webp  
  inflating: /var/www/html/assets/proposal6-wLmvSjqd.webp  
  inflating: /var/www/html/assets/proposal2-B9XZZX50.webp  
  inflating: /var/www/html/assets/proposal3-fxAFZeku.webp  
  inflating: /var/www/html/assets/proposal1-D37fvLUu.webp  
  inflating: /var/www/html/assets/proposal4-CZk7QC75.webp  
  inflating: /var/www/html/assets/wasimAkram-CBOcRO9q.png  
  inflating: /var/www/html/assets/index-D9t2O8-Q.css  
  inflating: /var/www/html/assets/style-DpsRipQV.css  
  inflating: /var/www/html/assets/index-CDtLadqG.js  
  inflating: /var/www/html/assets/Landing-DWs3Rdd7.js  
  inflating: /var/www/html/assets/index-C_IQbjHV.js  
  inflating: /var/www/html/assets/index-BWx2Dq0p.js  
  inflating: /var/www/html/assets/index-BcUOMdZ4.js  
  inflating: /var/www/html/assets/index-BBW8MmEO.js  
  inflating: /var/www/html/assets/shakeelBg-NX99JDrP.jpg  
  inflating: /var/www/html/assets/meerShinyDress-C8scZpYx.webp  
  inflating: /var/www/html/assets/meerGreenJacket-ykCKR2uN.png  
  inflating: /var/www/html/assets/Header-D2n39Yj8.js  
  inflating: /var/www/html/assets/SignUp-BFHGOvUV.js  
  inflating: /var/www/html/assets/ForgotPassword-BRdNp-Kd.js  
  inflating: /var/www/html/assets/VerifyUserEmail-sLNI1-21.js  
  inflating: /var/www/html/assets/ResetPassword-CrNiyCTF.js  
  inflating: /var/www/html/assets/ContactSupport-B0jifXP0.js  
  inflating: /var/www/html/assets/AuthCallback-I9Og2VYI.js  
  inflating: /var/www/html/assets/SelectRole-DS_s3V0i.js  
  inflating: /var/www/html/assets/SignupThankYou-I1HLILds.js  
  inflating: /var/www/html/assets/arrow-right-C8NvFuXG.js  
  inflating: /var/www/html/assets/Login-gaxF09sX.js  
  inflating: /var/www/html/assets/index-lWARRyK2.js  
  inflating: /var/www/html/assets/index-BK7tIinb.js  
  inflating: /var/www/html/assets/Profile-CXSpEIIY.js  
  inflating: /var/www/html/assets/index-JEVC3x0E.js  
  inflating: /var/www/html/assets/index-DdM5G5Dn.js  
  inflating: /var/www/html/assets/EditInvestor-Cigo8Thm.js  
  inflating: /var/www/html/assets/index-DBJ1W_zs.js  
  inflating: /var/www/html/assets/globe-BQ8RucHY.js  
  inflating: /var/www/html/assets/AssignAdminModal-CW5t8x5L.js  
  inflating: /var/www/html/assets/label-JU74Xfo7.js  
  inflating: /var/www/html/assets/EditFounder-CnIV2xCk.js  
  inflating: /var/www/html/assets/index-DFrn82vr.js  
  inflating: /var/www/html/assets/index-B-cD8Uy5.js  
  inflating: /var/www/html/assets/log-in-CbTHpxEP.js  
  inflating: /var/www/html/assets/ban-Bq3kam86.js  
  inflating: /var/www/html/assets/user-plus-C6VgWEmB.js  
  inflating: /var/www/html/assets/phone-Cx1jf3Yg.js  
  inflating: /var/www/html/assets/pencil-BqyGGyfB.js  
  inflating: /var/www/html/assets/index-B5y_0V0y.js  
  inflating: /var/www/html/assets/ViewBusinessProposal-CKLUhTRF.js  
  inflating: /var/www/html/assets/circle-check-DPjo97hS.js  
  inflating: /var/www/html/assets/calendar-CIC3XTQk.js  
  inflating: /var/www/html/assets/index-Bdc1dAB7.js  
  inflating: /var/www/html/assets/ToggleChips-CzsdsH2L.js  
  inflating: /var/www/html/assets/index-BsYtxpK8.js  
  inflating: /var/www/html/assets/useDebounce-muZ000_T.js  
  inflating: /var/www/html/assets/CreateNewBatch-Bo8-KKwg.js  
  inflating: /var/www/html/assets/message-circle-DI1p_ACm.js  
  inflating: /var/www/html/assets/sparkles-C-1VDdOP.js  
  inflating: /var/www/html/assets/map-pin-C56JzDle.js  
  inflating: /var/www/html/assets/shield-check-DIpQj1AW.js  
  inflating: /var/www/html/assets/supabase-bulk-emails-CnpFBuTJ.js  
  inflating: /var/www/html/assets/mail-DAtmdCtU.js  
  inflating: /var/www/html/assets/table-lDMwnGDf.js  
  inflating: /var/www/html/assets/Dashboard-CGSZYfZ7.js  
  inflating: /var/www/html/assets/SimplifiedProfile-BuZRVjeV.js  
  inflating: /var/www/html/assets/index-00zwc67R.js  
  inflating: /var/www/html/assets/trending-up-DPQUBB7F.js  
  inflating: /var/www/html/assets/LegalModal-aarQPa-V.js  
  inflating: /var/www/html/assets/index-BCDQ6RvJ.js  
  inflating: /var/www/html/assets/input-BSsShXUQ.js  
  inflating: /var/www/html/assets/style-BQIlExVC.js  
  inflating: /var/www/html/assets/dialog-DUjNgRLw.js  
  inflating: /var/www/html/assets/download-BxLsxg8v.js  
  inflating: /var/www/html/assets/popover-BQ5KwnWo.js  
  inflating: /var/www/html/assets/index-DQLP02s5.js  
  inflating: /var/www/html/assets/index-BDJ-lWTR.js  
  inflating: /var/www/html/assets/index-7rVhJKcP.js  
  inflating: /var/www/html/assets/index-BBskOx1t.js  
  inflating: /var/www/html/assets/index-BdQq_4o_.js  
  inflating: /var/www/html/assets/InfoBox-DkFeoxl2.js  
  inflating: /var/www/html/assets/info-nDwUt0Sn.js  
  inflating: /var/www/html/assets/circle-alert-MtmXIanG.js  
  inflating: /var/www/html/assets/select-DNNYo-D4.js  
  inflating: /var/www/html/assets/chevron-down-DqVoPrGg.js  
  inflating: /var/www/html/assets/index-Bjb72Ox2.js  
  inflating: /var/www/html/assets/index-Di7G2NXu.js  
  inflating: /var/www/html/assets/FileUploader-CHWtcNl8.js  
  inflating: /var/www/html/assets/textarea-BCAWKUPI.js  
  inflating: /var/www/html/assets/link-BCn1OWXs.js  
  inflating: /var/www/html/assets/eye-DOc4GmjC.js  
  inflating: /var/www/html/assets/trash-2-BUM6QVXp.js  
  inflating: /var/www/html/assets/topCards-AQLyD1Gw.js  
  inflating: /var/www/html/assets/card-O3d_yw9I.js  
  inflating: /var/www/html/assets/ImageUploader-DtDU-BLg.js  
  inflating: /var/www/html/assets/upload-DOyyVl0F.js  
  inflating: /var/www/html/assets/EmptyState-BFiR-BMC.js  
  inflating: /var/www/html/assets/toolbar-Id8XvLVR.js  
  inflating: /var/www/html/assets/message-square-ssj3COwU.js  
  inflating: /var/www/html/assets/tooltip-B85BRDDh.js  
  inflating: /var/www/html/assets/square-pen-C7gPZwuk.js  
  inflating: /var/www/html/assets/rotate-ccw-Dwd0ebRD.js  
  inflating: /var/www/html/assets/chevron-left-rVPKtT3O.js  
  inflating: /var/www/html/assets/checkbox-BHf9570v.js  
  inflating: /var/www/html/assets/plus-DQs2dsUZ.js  
  inflating: /var/www/html/assets/file-text-CGiNHWHT.js  
  inflating: /var/www/html/assets/businessProposalCard-5FUu_MWC.js  
  inflating: /var/www/html/assets/GetMoreDetailsModal-DOGUM8OI.js  
  inflating: /var/www/html/assets/Tabs-CoYqXqhj.js  
  inflating: /var/www/html/assets/circle-x-BqUOnZiS.js  
  inflating: /var/www/html/assets/target-DzZIWOCG.js  
  inflating: /var/www/html/assets/Stepper-DwS8lA_R.js  
  inflating: /var/www/html/assets/package-VVMxpPAu.js  
  inflating: /var/www/html/assets/ContactSupportModal-B9PqwRpR.js  
  inflating: /var/www/html/assets/index-C0VODzdN.js  
  inflating: /var/www/html/assets/index-HLzm_dod.js  
  inflating: /var/www/html/assets/Dashboard-DQAklotC.js  
  inflating: /var/www/html/assets/index-CdTOXeti.js  
  inflating: /var/www/html/assets/index-BcpkLbHa.js  
  inflating: /var/www/html/assets/index-Cna82a7p.js  
  inflating: /var/www/html/assets/xlsx-DGuHH-KN.js  
  inflating: /var/www/html/index.html  
Saving Git logs repo SSH key...
Testing GitHub SSH key...
Cloning deployment-logs repo...
Cloning into 'logs-repo'...
