Installing dependencies...
npm warn deprecated w3c-hr-time@1.0.2: Use your platform's native performance.now() and performance.timeOrigin.
npm warn deprecated domexception@2.0.1: Use your platform's native DOMException instead
npm warn deprecated abab@2.0.6: Use your platform's native atob() and btoa() methods instead

added 1750 packages, and audited 1751 packages in 4m

222 packages are looking for funding
  run `npm fund` for details

52 vulnerabilities (51 moderate, 1 high)

To address issues that do not require attention, run:
  npm audit fix

To address all issues possible (including breaking changes), run:
  npm audit fix --force

Some issues need review, and may require choosing
a different dependency.

Run `npm audit` for details.
Building React app...

> boilerplate-code-react-js@0.0.0 build
> vite build

vite v7.1.11 building for production...
transforming...
✓ 2928 modules transformed.
rendering chunks...
computing gzip size...
dist/index.html                                     2.18 kB │ gzip:   1.05 kB
dist/assets/rectanglePlaceholder-nCbViREl.png      11.85 kB
dist/assets/irfanMalikBg-D4osmO_C.jpg              24.66 kB
dist/assets/proposal6-wLmvSjqd.webp                28.15 kB
dist/assets/placeholderMan-BvremNML.png            36.64 kB
dist/assets/handShake-Dk1DoagP.webp                65.18 kB
dist/assets/tower-gldBe0jJ.webp                    66.16 kB
dist/assets/tower2-LuqAcWCu.jpg                    72.52 kB
dist/assets/goldenCheck-QMGlinWJ.png              124.08 kB
dist/assets/shakeelBg-NX99JDrP.jpg                143.15 kB
dist/assets/MainLogo-DJpFhlQE.png                 144.86 kB
dist/assets/Fav-BPcykgsi.png                      147.34 kB
dist/assets/akhtar-qLBVRLf-.jpg                   173.92 kB
dist/assets/proposal5-DItum-r7.webp               174.24 kB
dist/assets/tower3-DpFzgoGy.jpg                   175.56 kB
dist/assets/proposal2-B9XZZX50.webp               192.62 kB
dist/assets/meerShinyDress-C8scZpYx.webp          229.68 kB
dist/assets/meerGreenJacket-ykCKR2uN.png          230.19 kB
dist/assets/arabic-BElshnQY.jpg                   238.42 kB
dist/assets/wasim-ETjjiRaD.jpg                    242.26 kB
dist/assets/salman-DD3Zraly.jpg                   255.18 kB
dist/assets/fahad-CnovJc60.jpg                    278.62 kB
dist/assets/tech-BdWyL5Pa.jpg                     281.71 kB
dist/assets/dubai-Bmqq4ymj.jpg                    311.77 kB
dist/assets/wasimAkramBg-D4BFEYu1.png             313.57 kB
dist/assets/proposal3-fxAFZeku.webp               445.47 kB
dist/assets/proposal4-CZk7QC75.webp               542.86 kB
dist/assets/proposal1-D37fvLUu.webp               779.05 kB
dist/assets/wasimAkram-CBOcRO9q.png             4,488.96 kB
dist/assets/index-CGWtwUfr.css                    135.82 kB │ gzip:  18.60 kB
dist/assets/chevron-down-CH1n2qWc.js                0.30 kB │ gzip:   0.25 kB
dist/assets/plus-DeBsZZIN.js                        0.33 kB │ gzip:   0.25 kB
dist/assets/trending-up-B5oborEv.js                 0.35 kB │ gzip:   0.27 kB
dist/assets/ban-BF7dBTj5.js                         0.35 kB │ gzip:   0.27 kB
dist/assets/info-CLQjMS8p.js                        0.37 kB │ gzip:   0.28 kB
dist/assets/circle-x-DZVj0Wd9.js                    0.38 kB │ gzip:   0.28 kB
dist/assets/mail-1cfypfA5.js                        0.39 kB │ gzip:   0.31 kB
dist/assets/upload-DdZ7K0iN.js                      0.40 kB │ gzip:   0.30 kB
dist/assets/log-in-Bh7PBIFy.js                      0.40 kB │ gzip:   0.29 kB
dist/assets/download-Dvh2-Xt4.js                    0.41 kB │ gzip:   0.30 kB
dist/assets/message-square-yGvwd7r7.js              0.41 kB │ gzip:   0.30 kB
dist/assets/globe-DUw-c3uw.js                       0.41 kB │ gzip:   0.29 kB
dist/assets/circle-alert-C51_IFJz.js                0.42 kB │ gzip:   0.29 kB
dist/assets/eye-C_Z5_wV_.js                         0.42 kB │ gzip:   0.30 kB
dist/assets/map-pin-Z24l786k.js                     0.43 kB │ gzip:   0.33 kB
dist/assets/link-DjEsAeDa.js                        0.43 kB │ gzip:   0.30 kB
dist/assets/pencil-Dh0Zks5b.js                      0.45 kB │ gzip:   0.33 kB
dist/assets/user-plus-Ce4RvtbF.js                   0.48 kB │ gzip:   0.34 kB
dist/assets/shield-check-G3aHHec_.js                0.49 kB │ gzip:   0.35 kB
dist/assets/uiFunctions-BEfxtXvV.js                 0.49 kB │ gzip:   0.33 kB
dist/assets/square-pen-Cd3l0iuH.js                  0.49 kB │ gzip:   0.34 kB
dist/assets/phone-CihiGNE7.js                       0.50 kB │ gzip:   0.33 kB
dist/assets/trash-2-Cd3cKJRY.js                     0.50 kB │ gzip:   0.32 kB
dist/assets/file-text-Csx5iQkg.js                   0.51 kB │ gzip:   0.32 kB
dist/assets/LegalModal-CFAlzkFs.js                  0.66 kB │ gzip:   0.46 kB
dist/assets/sparkles-ZTX5O3OW.js                    0.67 kB │ gzip:   0.39 kB
dist/assets/InfoBox-DEYZUyMa.js                     0.86 kB │ gzip:   0.43 kB
dist/assets/label-wWaSdzIK.js                       0.89 kB │ gzip:   0.55 kB
dist/assets/card-CQbKJMpL.js                        1.18 kB │ gzip:   0.46 kB
dist/assets/Tabs-BDC6K490.js                        1.23 kB │ gzip:   0.65 kB
dist/assets/GetMoreDetailsModal-BT5qCvf_.js         1.27 kB │ gzip:   0.61 kB
dist/assets/textarea-CVWs1ppy.js                    1.49 kB │ gzip:   0.74 kB
dist/assets/target-B7ZE0EcR.js                      1.56 kB │ gzip:   0.55 kB
dist/assets/useDebounce-Bf0pLoTb.js                 1.62 kB │ gzip:   0.69 kB
dist/assets/ToggleChips-BbdlcG0c.js                 1.66 kB │ gzip:   0.82 kB
dist/assets/input-DiBiV1BZ.js                       1.68 kB │ gzip:   0.86 kB
dist/assets/topCards-BSViZdjr.js                    1.71 kB │ gzip:   0.74 kB
dist/assets/ImageUploader-DB4ze3TP.js               1.95 kB │ gzip:   0.94 kB
dist/assets/index-3IWLOt3M.js                       2.07 kB │ gzip:   0.92 kB
dist/assets/ForgotPassword-D2m7aJib.js              2.17 kB │ gzip:   1.09 kB
dist/assets/ContactSupportModal-BI430WX1.js         2.34 kB │ gzip:   1.15 kB
dist/assets/ResetPassword-Btkx9gA1.js               2.40 kB │ gzip:   1.07 kB
dist/assets/AuthCallback-rGgwkpA_.js                2.67 kB │ gzip:   1.27 kB
dist/assets/index-DLt2Rrqx.js                       2.67 kB │ gzip:   1.20 kB
dist/assets/index-Bl7RzxhK.js                       2.72 kB │ gzip:   1.22 kB
dist/assets/toolbar-BIg3wbG7.js                     2.99 kB │ gzip:   1.21 kB
dist/assets/FileUploader-DAbZ5aEo.js                3.02 kB │ gzip:   1.36 kB
dist/assets/index-CWG_18Jc.js                       3.07 kB │ gzip:   1.46 kB
dist/assets/index-GEx7CdV0.js                       3.21 kB │ gzip:   1.60 kB
dist/assets/index-BiE9V7DZ.js                       3.27 kB │ gzip:   1.59 kB
dist/assets/index-C9QrrrRi.js                       3.40 kB │ gzip:   1.62 kB
dist/assets/index-I76HViya.js                       3.48 kB │ gzip:   1.67 kB
dist/assets/index-2dy-Ybrd.js                       3.58 kB │ gzip:   1.38 kB
dist/assets/SelectRole-BVe-1xPk.js                  3.68 kB │ gzip:   1.70 kB
dist/assets/checkbox-Bdypb6xB.js                    4.07 kB │ gzip:   1.78 kB
dist/assets/index-BKItmdNe.js                       4.21 kB │ gzip:   2.05 kB
dist/assets/index-DY69QpNP.js                       4.21 kB │ gzip:   1.67 kB
dist/assets/index-enM21DAE.js                       4.21 kB │ gzip:   1.67 kB
dist/assets/index-DG6ED8tV.js                       4.22 kB │ gzip:   2.05 kB
dist/assets/Dashboard-CoxDm_qI.js                   4.25 kB │ gzip:   1.44 kB
dist/assets/Dashboard-D4KgvW9_.js                   4.26 kB │ gzip:   1.45 kB
dist/assets/index-DC9qNDWa.js                       4.34 kB │ gzip:   1.72 kB
dist/assets/SignUp-UWBoQGKl.js                      4.34 kB │ gzip:   1.74 kB
dist/assets/Stepper-CreaC0K9.js                     4.66 kB │ gzip:   2.02 kB
dist/assets/ContactSupport-CSpf7t9y.js              4.94 kB │ gzip:   2.04 kB
dist/assets/Login-C0vi4TYz.js                       5.05 kB │ gzip:   2.13 kB
dist/assets/VerifyUserEmail-DtJlFJvM.js             6.17 kB │ gzip:   2.29 kB
dist/assets/businessProposalCard-DwFJLUJ3.js        6.52 kB │ gzip:   2.14 kB
dist/assets/Profile-CjIISQTg.js                     7.14 kB │ gzip:   2.27 kB
dist/assets/index-Uxj68-iv.js                       7.69 kB │ gzip:   3.15 kB
dist/assets/index-8DT_vjgP.js                       8.31 kB │ gzip:   3.18 kB
dist/assets/dialog-f9Q8A2-C.js                      8.50 kB │ gzip:   3.28 kB
dist/assets/tooltip-CsTxoAGQ.js                     8.77 kB │ gzip:   3.34 kB
dist/assets/index-BmcGZPXU.js                       9.60 kB │ gzip:   3.94 kB
dist/assets/index-B5FAtQdB.js                       9.97 kB │ gzip:   3.21 kB
dist/assets/index-hwX6TOyC.js                      11.48 kB │ gzip:   4.13 kB
dist/assets/Header-Cm8rFr8g.js                     11.52 kB │ gzip:   3.53 kB
dist/assets/CreateBusinessProposal-BPqMgyRw.js     14.73 kB │ gzip:   4.77 kB
dist/assets/CreateNewBatch-Carv7xrv.js             14.92 kB │ gzip:   3.99 kB
dist/assets/index-BoDp8HLl.js                      16.50 kB │ gzip:   6.25 kB
dist/assets/index-4VlH-wi4.js                      17.73 kB │ gzip:   6.01 kB
dist/assets/EditFounder-Civb0N6G.js                17.76 kB │ gzip:   4.28 kB
dist/assets/EditInvestor-CBZLb8ri.js               18.77 kB │ gzip:   4.53 kB
dist/assets/index-B3MqtBTi.js                      19.83 kB │ gzip:   5.59 kB
dist/assets/index-COokRoiZ.js                      20.07 kB │ gzip:   6.54 kB
dist/assets/index-Ctuod2vD.js                      21.16 kB │ gzip:   5.61 kB
dist/assets/select-y2AEhxXR.js                     21.86 kB │ gzip:   7.81 kB
dist/assets/index-B65xKgec.js                      27.84 kB │ gzip:  10.83 kB
dist/assets/table-BBDJCi1k.js                      37.20 kB │ gzip:  10.87 kB
dist/assets/ViewCallLogsModal-Dtrl93bf.js          82.17 kB │ gzip:  24.81 kB
dist/assets/Landing-DxHeJVFU.js                   136.55 kB │ gzip:  48.81 kB
dist/assets/xlsx-DGuHH-KN.js                      429.49 kB │ gzip: 143.07 kB
dist/assets/index-BDepJikm.js                     606.69 kB │ gzip: 164.87 kB
dist/assets/index-CaszCHHx.js                     757.26 kB │ gzip: 228.35 kB
dist/assets/CkEditor-C8vMnk83.js                1,318.06 kB │ gzip: 325.94 kB

(!) Some chunks are larger than 500 kB after minification. Consider:
- Using dynamic import() to code-split the application
- Use build.rollupOptions.output.manualChunks to improve chunking: https://rollupjs.org/configuration-options/#output-manualchunks
- Adjust chunk size limit for this warning via build.chunkSizeWarningLimit.
✓ built in 15.32s
Packaging build...
  adding: favicon.ico (deflated 13%)
  adding: assets/ (stored 0%)
  adding: assets/irfanMalikBg-D4osmO_C.jpg (deflated 1%)
  adding: assets/meerShinyDress-C8scZpYx.webp (deflated 0%)
  adding: assets/meerGreenJacket-ykCKR2uN.png (deflated 0%)
  adding: assets/shakeelBg-NX99JDrP.jpg (deflated 0%)
  adding: assets/akhtar-qLBVRLf-.jpg (deflated 1%)
  adding: assets/wasimAkramBg-D4BFEYu1.png (deflated 0%)
  adding: assets/arabic-BElshnQY.jpg (deflated 0%)
  adding: assets/handShake-Dk1DoagP.webp (deflated 0%)
  adding: assets/dubai-Bmqq4ymj.jpg (deflated 0%)
  adding: assets/fahad-CnovJc60.jpg (deflated 0%)
  adding: assets/placeholderMan-BvremNML.png (deflated 3%)
  adding: assets/rectanglePlaceholder-nCbViREl.png (deflated 31%)
  adding: assets/Fav-BPcykgsi.png (deflated 5%)
  adding: assets/MainLogo-DJpFhlQE.png (deflated 4%)
  adding: assets/goldenCheck-QMGlinWJ.png (deflated 0%)
  adding: assets/tower-gldBe0jJ.webp (deflated 0%)
  adding: assets/tower2-LuqAcWCu.jpg (deflated 2%)
  adding: assets/tower3-DpFzgoGy.jpg (deflated 0%)
  adding: assets/salman-DD3Zraly.jpg (deflated 0%)
  adding: assets/wasim-ETjjiRaD.jpg (deflated 0%)
  adding: assets/tech-BdWyL5Pa.jpg (deflated 0%)
  adding: assets/proposal2-B9XZZX50.webp (deflated 3%)
  adding: assets/proposal6-wLmvSjqd.webp (deflated 0%)
  adding: assets/proposal3-fxAFZeku.webp (deflated 1%)
  adding: assets/proposal5-DItum-r7.webp (deflated 4%)
  adding: assets/proposal1-D37fvLUu.webp (deflated 1%)
  adding: assets/proposal4-CZk7QC75.webp (deflated 1%)
  adding: assets/wasimAkram-CBOcRO9q.png (deflated 1%)
  adding: assets/index-CGWtwUfr.css (deflated 86%)
  adding: assets/index-CaszCHHx.js (deflated 70%)
  adding: assets/Landing-DxHeJVFU.js (deflated 64%)
  adding: assets/index-GEx7CdV0.js (deflated 51%)
  adding: assets/index-CWG_18Jc.js (deflated 53%)
  adding: assets/index-C9QrrrRi.js (deflated 53%)
  adding: assets/index-BiE9V7DZ.js (deflated 52%)
  adding: assets/Header-Cm8rFr8g.js (deflated 70%)
  adding: assets/SignUp-UWBoQGKl.js (deflated 60%)
  adding: assets/ForgotPassword-D2m7aJib.js (deflated 51%)
  adding: assets/VerifyUserEmail-DtJlFJvM.js (deflated 63%)
  adding: assets/ResetPassword-Btkx9gA1.js (deflated 56%)
  adding: assets/ContactSupport-CSpf7t9y.js (deflated 59%)
  adding: assets/AuthCallback-rGgwkpA_.js (deflated 53%)
  adding: assets/SelectRole-BVe-1xPk.js (deflated 54%)
  adding: assets/Login-C0vi4TYz.js (deflated 58%)
  adding: assets/index-Bl7RzxhK.js (deflated 55%)
  adding: assets/index-BDepJikm.js (deflated 73%)
  adding: assets/Profile-CjIISQTg.js (deflated 68%)
  adding: assets/index-Uxj68-iv.js (deflated 59%)
  adding: assets/index-4VlH-wi4.js (deflated 66%)
  adding: assets/EditInvestor-CBZLb8ri.js (deflated 76%)
  adding: assets/index-hwX6TOyC.js (deflated 64%)
  adding: assets/globe-DUw-c3uw.js (deflated 33%)
  adding: assets/ViewCallLogsModal-Dtrl93bf.js (deflated 70%)
  adding: assets/label-wWaSdzIK.js (deflated 40%)
  adding: assets/EditFounder-Civb0N6G.js (deflated 76%)
  adding: assets/index-BmcGZPXU.js (deflated 59%)
  adding: assets/index-COokRoiZ.js (deflated 68%)
  adding: assets/user-plus-Ce4RvtbF.js (deflated 34%)
  adding: assets/log-in-Bh7PBIFy.js (deflated 32%)
  adding: assets/ban-BF7dBTj5.js (deflated 27%)
  adding: assets/phone-CihiGNE7.js (deflated 37%)
  adding: assets/pencil-Dh0Zks5b.js (deflated 31%)
  adding: assets/index-DC9qNDWa.js (deflated 61%)
  adding: assets/CreateBusinessProposal-BPqMgyRw.js (deflated 68%)
  adding: assets/index-B5FAtQdB.js (deflated 68%)
  adding: assets/useDebounce-Bf0pLoTb.js (deflated 59%)
  adding: assets/CreateNewBatch-Carv7xrv.js (deflated 73%)
  adding: assets/sparkles-ZTX5O3OW.js (deflated 45%)
  adding: assets/map-pin-Z24l786k.js (deflated 28%)
  adding: assets/shield-check-G3aHHec_.js (deflated 32%)
  adding: assets/CkEditor-C8vMnk83.js (deflated 75%)
  adding: assets/message-square-yGvwd7r7.js (deflated 29%)
  adding: assets/mail-1cfypfA5.js (deflated 26%)
  adding: assets/table-BBDJCi1k.js (deflated 71%)
  adding: assets/Dashboard-CoxDm_qI.js (deflated 66%)
  adding: assets/index-B3MqtBTi.js (deflated 72%)
  adding: assets/uiFunctions-BEfxtXvV.js (deflated 38%)
  adding: assets/ToggleChips-BbdlcG0c.js (deflated 52%)
  adding: assets/InfoBox-DEYZUyMa.js (deflated 51%)
  adding: assets/info-CLQjMS8p.js (deflated 30%)
  adding: assets/circle-alert-C51_IFJz.js (deflated 36%)
  adding: assets/index-BKItmdNe.js (deflated 52%)
  adding: assets/index-2dy-Ybrd.js (deflated 62%)
  adding: assets/GetMoreDetailsModal-BT5qCvf_.js (deflated 54%)
  adding: assets/index-DY69QpNP.js (deflated 61%)
  adding: assets/trending-up-B5oborEv.js (deflated 26%)
  adding: assets/LegalModal-CFAlzkFs.js (deflated 33%)
  adding: assets/index-I76HViya.js (deflated 53%)
  adding: assets/dialog-f9Q8A2-C.js (deflated 61%)
  adding: assets/download-Dvh2-Xt4.js (deflated 31%)
  adding: assets/index-8DT_vjgP.js (deflated 62%)
  adding: assets/index-BoDp8HLl.js (deflated 62%)
  adding: assets/index-3IWLOt3M.js (deflated 56%)
  adding: assets/input-DiBiV1BZ.js (deflated 50%)
  adding: assets/FileUploader-DAbZ5aEo.js (deflated 56%)
  adding: assets/select-y2AEhxXR.js (deflated 64%)
  adding: assets/textarea-CVWs1ppy.js (deflated 52%)
  adding: assets/link-DjEsAeDa.js (deflated 35%)
  adding: assets/eye-C_Z5_wV_.js (deflated 33%)
  adding: assets/trash-2-Cd3cKJRY.js (deflated 40%)
  adding: assets/chevron-down-CH1n2qWc.js (deflated 24%)
  adding: assets/index-B65xKgec.js (deflated 61%)
  adding: assets/index-DLt2Rrqx.js (deflated 56%)
  adding: assets/topCards-BSViZdjr.js (deflated 58%)
  adding: assets/card-CQbKJMpL.js (deflated 62%)
  adding: assets/ImageUploader-DB4ze3TP.js (deflated 53%)
  adding: assets/upload-DdZ7K0iN.js (deflated 31%)
  adding: assets/toolbar-BIg3wbG7.js (deflated 60%)
  adding: assets/tooltip-CsTxoAGQ.js (deflated 62%)
  adding: assets/square-pen-Cd3l0iuH.js (deflated 35%)
  adding: assets/checkbox-Bdypb6xB.js (deflated 57%)
  adding: assets/plus-DeBsZZIN.js (deflated 28%)
  adding: assets/file-text-Csx5iQkg.js (deflated 40%)
  adding: assets/businessProposalCard-DwFJLUJ3.js (deflated 67%)
  adding: assets/circle-x-DZVj0Wd9.js (deflated 31%)
  adding: assets/Stepper-CreaC0K9.js (deflated 57%)
  adding: assets/target-B7ZE0EcR.js (deflated 65%)
  adding: assets/ContactSupportModal-BI430WX1.js (deflated 52%)
  adding: assets/Tabs-BDC6K490.js (deflated 49%)
  adding: assets/Dashboard-D4KgvW9_.js (deflated 66%)
  adding: assets/index-Ctuod2vD.js (deflated 74%)
  adding: assets/index-enM21DAE.js (deflated 61%)
  adding: assets/index-DG6ED8tV.js (deflated 52%)
  adding: assets/xlsx-DGuHH-KN.js (deflated 67%)
  adding: index.html (deflated 52%)
Saving Lightsail SSH key...
Uploading build to Lightsail...
Warning: Permanently added '15.207.22.250' (ED25519) to the list of known hosts.
Deploying build to /var/www/html ...
Archive:  /home/ubuntu/react-build.zip
  inflating: /var/www/html/favicon.ico  
   creating: /var/www/html/assets/
  inflating: /var/www/html/assets/irfanMalikBg-D4osmO_C.jpg  
  inflating: /var/www/html/assets/meerShinyDress-C8scZpYx.webp  
  inflating: /var/www/html/assets/meerGreenJacket-ykCKR2uN.png  
  inflating: /var/www/html/assets/shakeelBg-NX99JDrP.jpg  
  inflating: /var/www/html/assets/akhtar-qLBVRLf-.jpg  
  inflating: /var/www/html/assets/wasimAkramBg-D4BFEYu1.png  
  inflating: /var/www/html/assets/arabic-BElshnQY.jpg  
  inflating: /var/www/html/assets/handShake-Dk1DoagP.webp  
  inflating: /var/www/html/assets/dubai-Bmqq4ymj.jpg  
  inflating: /var/www/html/assets/fahad-CnovJc60.jpg  
  inflating: /var/www/html/assets/placeholderMan-BvremNML.png  
  inflating: /var/www/html/assets/rectanglePlaceholder-nCbViREl.png  
  inflating: /var/www/html/assets/Fav-BPcykgsi.png  
  inflating: /var/www/html/assets/MainLogo-DJpFhlQE.png  
  inflating: /var/www/html/assets/goldenCheck-QMGlinWJ.png  
  inflating: /var/www/html/assets/tower-gldBe0jJ.webp  
  inflating: /var/www/html/assets/tower2-LuqAcWCu.jpg  
  inflating: /var/www/html/assets/tower3-DpFzgoGy.jpg  
  inflating: /var/www/html/assets/salman-DD3Zraly.jpg  
  inflating: /var/www/html/assets/wasim-ETjjiRaD.jpg  
  inflating: /var/www/html/assets/tech-BdWyL5Pa.jpg  
  inflating: /var/www/html/assets/proposal2-B9XZZX50.webp  
  inflating: /var/www/html/assets/proposal6-wLmvSjqd.webp  
  inflating: /var/www/html/assets/proposal3-fxAFZeku.webp  
  inflating: /var/www/html/assets/proposal5-DItum-r7.webp  
  inflating: /var/www/html/assets/proposal1-D37fvLUu.webp  
  inflating: /var/www/html/assets/proposal4-CZk7QC75.webp  
  inflating: /var/www/html/assets/wasimAkram-CBOcRO9q.png  
  inflating: /var/www/html/assets/index-CGWtwUfr.css  
  inflating: /var/www/html/assets/index-CaszCHHx.js  
  inflating: /var/www/html/assets/Landing-DxHeJVFU.js  
  inflating: /var/www/html/assets/index-GEx7CdV0.js  
  inflating: /var/www/html/assets/index-CWG_18Jc.js  
  inflating: /var/www/html/assets/index-C9QrrrRi.js  
  inflating: /var/www/html/assets/index-BiE9V7DZ.js  
  inflating: /var/www/html/assets/Header-Cm8rFr8g.js  
  inflating: /var/www/html/assets/SignUp-UWBoQGKl.js  
  inflating: /var/www/html/assets/ForgotPassword-D2m7aJib.js  
  inflating: /var/www/html/assets/VerifyUserEmail-DtJlFJvM.js  
  inflating: /var/www/html/assets/ResetPassword-Btkx9gA1.js  
  inflating: /var/www/html/assets/ContactSupport-CSpf7t9y.js  
  inflating: /var/www/html/assets/AuthCallback-rGgwkpA_.js  
  inflating: /var/www/html/assets/SelectRole-BVe-1xPk.js  
  inflating: /var/www/html/assets/Login-C0vi4TYz.js  
  inflating: /var/www/html/assets/index-Bl7RzxhK.js  
  inflating: /var/www/html/assets/index-BDepJikm.js  
  inflating: /var/www/html/assets/Profile-CjIISQTg.js  
  inflating: /var/www/html/assets/index-Uxj68-iv.js  
  inflating: /var/www/html/assets/index-4VlH-wi4.js  
  inflating: /var/www/html/assets/EditInvestor-CBZLb8ri.js  
  inflating: /var/www/html/assets/index-hwX6TOyC.js  
  inflating: /var/www/html/assets/globe-DUw-c3uw.js  
  inflating: /var/www/html/assets/ViewCallLogsModal-Dtrl93bf.js  
  inflating: /var/www/html/assets/label-wWaSdzIK.js  
  inflating: /var/www/html/assets/EditFounder-Civb0N6G.js  
  inflating: /var/www/html/assets/index-BmcGZPXU.js  
  inflating: /var/www/html/assets/index-COokRoiZ.js  
  inflating: /var/www/html/assets/user-plus-Ce4RvtbF.js  
  inflating: /var/www/html/assets/log-in-Bh7PBIFy.js  
  inflating: /var/www/html/assets/ban-BF7dBTj5.js  
  inflating: /var/www/html/assets/phone-CihiGNE7.js  
  inflating: /var/www/html/assets/pencil-Dh0Zks5b.js  
  inflating: /var/www/html/assets/index-DC9qNDWa.js  
  inflating: /var/www/html/assets/CreateBusinessProposal-BPqMgyRw.js  
  inflating: /var/www/html/assets/index-B5FAtQdB.js  
  inflating: /var/www/html/assets/useDebounce-Bf0pLoTb.js  
  inflating: /var/www/html/assets/CreateNewBatch-Carv7xrv.js  
  inflating: /var/www/html/assets/sparkles-ZTX5O3OW.js  
  inflating: /var/www/html/assets/map-pin-Z24l786k.js  
  inflating: /var/www/html/assets/shield-check-G3aHHec_.js  
  inflating: /var/www/html/assets/CkEditor-C8vMnk83.js  
  inflating: /var/www/html/assets/message-square-yGvwd7r7.js  
  inflating: /var/www/html/assets/mail-1cfypfA5.js  
  inflating: /var/www/html/assets/table-BBDJCi1k.js  
  inflating: /var/www/html/assets/Dashboard-CoxDm_qI.js  
  inflating: /var/www/html/assets/index-B3MqtBTi.js  
  inflating: /var/www/html/assets/uiFunctions-BEfxtXvV.js  
  inflating: /var/www/html/assets/ToggleChips-BbdlcG0c.js  
  inflating: /var/www/html/assets/InfoBox-DEYZUyMa.js  
  inflating: /var/www/html/assets/info-CLQjMS8p.js  
  inflating: /var/www/html/assets/circle-alert-C51_IFJz.js  
  inflating: /var/www/html/assets/index-BKItmdNe.js  
  inflating: /var/www/html/assets/index-2dy-Ybrd.js  
  inflating: /var/www/html/assets/GetMoreDetailsModal-BT5qCvf_.js  
  inflating: /var/www/html/assets/index-DY69QpNP.js  
  inflating: /var/www/html/assets/trending-up-B5oborEv.js  
  inflating: /var/www/html/assets/LegalModal-CFAlzkFs.js  
  inflating: /var/www/html/assets/index-I76HViya.js  
  inflating: /var/www/html/assets/dialog-f9Q8A2-C.js  
  inflating: /var/www/html/assets/download-Dvh2-Xt4.js  
  inflating: /var/www/html/assets/index-8DT_vjgP.js  
  inflating: /var/www/html/assets/index-BoDp8HLl.js  
  inflating: /var/www/html/assets/index-3IWLOt3M.js  
  inflating: /var/www/html/assets/input-DiBiV1BZ.js  
  inflating: /var/www/html/assets/FileUploader-DAbZ5aEo.js  
  inflating: /var/www/html/assets/select-y2AEhxXR.js  
  inflating: /var/www/html/assets/textarea-CVWs1ppy.js  
  inflating: /var/www/html/assets/link-DjEsAeDa.js  
  inflating: /var/www/html/assets/eye-C_Z5_wV_.js  
  inflating: /var/www/html/assets/trash-2-Cd3cKJRY.js  
  inflating: /var/www/html/assets/chevron-down-CH1n2qWc.js  
  inflating: /var/www/html/assets/index-B65xKgec.js  
  inflating: /var/www/html/assets/index-DLt2Rrqx.js  
  inflating: /var/www/html/assets/topCards-BSViZdjr.js  
  inflating: /var/www/html/assets/card-CQbKJMpL.js  
  inflating: /var/www/html/assets/ImageUploader-DB4ze3TP.js  
  inflating: /var/www/html/assets/upload-DdZ7K0iN.js  
  inflating: /var/www/html/assets/toolbar-BIg3wbG7.js  
  inflating: /var/www/html/assets/tooltip-CsTxoAGQ.js  
  inflating: /var/www/html/assets/square-pen-Cd3l0iuH.js  
  inflating: /var/www/html/assets/checkbox-Bdypb6xB.js  
  inflating: /var/www/html/assets/plus-DeBsZZIN.js  
  inflating: /var/www/html/assets/file-text-Csx5iQkg.js  
  inflating: /var/www/html/assets/businessProposalCard-DwFJLUJ3.js  
  inflating: /var/www/html/assets/circle-x-DZVj0Wd9.js  
  inflating: /var/www/html/assets/Stepper-CreaC0K9.js  
  inflating: /var/www/html/assets/target-B7ZE0EcR.js  
  inflating: /var/www/html/assets/ContactSupportModal-BI430WX1.js  
  inflating: /var/www/html/assets/Tabs-BDC6K490.js  
  inflating: /var/www/html/assets/Dashboard-D4KgvW9_.js  
  inflating: /var/www/html/assets/index-Ctuod2vD.js  
  inflating: /var/www/html/assets/index-enM21DAE.js  
  inflating: /var/www/html/assets/index-DG6ED8tV.js  
  inflating: /var/www/html/assets/xlsx-DGuHH-KN.js  
  inflating: /var/www/html/index.html  
Saving Git logs repo SSH key...
Testing GitHub SSH key...
Cloning deployment-logs repo...
Cloning into 'logs-repo'...
