Installing dependencies...
npm warn deprecated w3c-hr-time@1.0.2: Use your platform's native performance.now() and performance.timeOrigin.
npm warn deprecated domexception@2.0.1: Use your platform's native DOMException instead
npm warn deprecated abab@2.0.6: Use your platform's native atob() and btoa() methods instead

> the-business-hub-pakistan@0.0.0 prepare
> husky

.git can't be found
added 1810 packages, and audited 1811 packages in 5m

253 packages are looking for funding
  run `npm fund` for details

77 vulnerabilities (68 moderate, 9 high)

To address issues that do not require attention, run:
  npm audit fix

To address all issues possible (including breaking changes), run:
  npm audit fix --force

Some issues need review, and may require choosing
a different dependency.

Run `npm audit` for details.
Building React app...

> the-business-hub-pakistan@0.0.0 build
> vite build

vite v7.1.11 building for production...
transforming...
✓ 3106 modules transformed.
rendering chunks...
computing gzip size...
dist/index.html                                    2.18 kB │ gzip:   1.05 kB
dist/assets/verifiedBadge-CrcJq1tD.webp           10.83 kB
dist/assets/rectanglePlaceholder-nCbViREl.png     11.85 kB
dist/assets/goldenCheck-CnSHOmXW.webp             13.45 kB
dist/assets/irfanMalikBg-D4osmO_C.jpg             24.66 kB
dist/assets/proposal6-wLmvSjqd.webp               28.15 kB
dist/assets/placeholderMan-BvremNML.png           36.64 kB
dist/assets/handShake-Dk1DoagP.webp               65.18 kB
dist/assets/tower-gldBe0jJ.webp                   66.16 kB
dist/assets/tower2-LuqAcWCu.jpg                   72.52 kB
dist/assets/shakeelBg-NX99JDrP.jpg               143.15 kB
dist/assets/MainLogo-DJpFhlQE.png                144.86 kB
dist/assets/Fav-BPcykgsi.png                     147.34 kB
dist/assets/akhtar-qLBVRLf-.jpg                  173.92 kB
dist/assets/proposal5-DItum-r7.webp              174.24 kB
dist/assets/tower3-DpFzgoGy.jpg                  175.56 kB
dist/assets/proposal2-B9XZZX50.webp              192.62 kB
dist/assets/meerShinyDress-C8scZpYx.webp         229.68 kB
dist/assets/meerGreenJacket-ykCKR2uN.png         230.19 kB
dist/assets/arabic-BElshnQY.jpg                  238.42 kB
dist/assets/wasim-ETjjiRaD.jpg                   242.26 kB
dist/assets/salman-DD3Zraly.jpg                  255.18 kB
dist/assets/fahad-CnovJc60.jpg                   278.62 kB
dist/assets/tech-BdWyL5Pa.jpg                    281.71 kB
dist/assets/dubai-Bmqq4ymj.jpg                   311.77 kB
dist/assets/wasimAkramBg-D4BFEYu1.png            313.57 kB
dist/assets/proposal3-fxAFZeku.webp              445.47 kB
dist/assets/proposal4-CZk7QC75.webp              542.86 kB
dist/assets/proposal1-D37fvLUu.webp              779.05 kB
dist/assets/wasimAkram-CBOcRO9q.png            4,488.96 kB
dist/assets/BlogDetail-oNXnMkFG.css                0.63 kB │ gzip:   0.26 kB
dist/assets/style-DpsRipQV.css                     3.23 kB │ gzip:   0.73 kB
dist/assets/index-VEC6csTg.css                   154.74 kB │ gzip:  21.06 kB
dist/assets/blogs-ChqPogSE.js                      0.04 kB │ gzip:   0.06 kB
dist/assets/webinarBanner-XLbHXaFF.js              0.17 kB │ gzip:   0.15 kB
dist/assets/useDebounce-CtYZdJYe.js                0.19 kB │ gzip:   0.17 kB
dist/assets/plus-CfCKKhG1.js                       0.33 kB │ gzip:   0.25 kB
dist/assets/arrow-left-f-GEbyar.js                 0.34 kB │ gzip:   0.27 kB
dist/assets/circle-check-C0WB7BZ8.js               0.35 kB │ gzip:   0.27 kB
dist/assets/trending-up-CAwRsyRE.js                0.35 kB │ gzip:   0.27 kB
dist/assets/ban-CunFwAiT.js                        0.35 kB │ gzip:   0.28 kB
dist/assets/info-BkcgAbPw.js                       0.37 kB │ gzip:   0.28 kB
dist/assets/rotate-ccw-FL_qYglg.js                 0.37 kB │ gzip:   0.29 kB
dist/assets/circle-x-DuWdgcIj.js                   0.38 kB │ gzip:   0.28 kB
dist/assets/Dashboard-B87RAb6E.js                  0.39 kB │ gzip:   0.27 kB
dist/assets/Dashboard-CK7tpLn1.js                  0.39 kB │ gzip:   0.27 kB
dist/assets/upload-BghtltkH.js                     0.40 kB │ gzip:   0.30 kB
dist/assets/message-square-Dr8DRALu.js             0.41 kB │ gzip:   0.31 kB
dist/assets/globe-Ci8VjIvs.js                      0.41 kB │ gzip:   0.29 kB
dist/assets/message-circle-DFiog_Fl.js             0.41 kB │ gzip:   0.32 kB
dist/assets/circle-alert-BB-_n9NM.js               0.42 kB │ gzip:   0.29 kB
dist/assets/external-link-CJBXm1sG.js              0.42 kB │ gzip:   0.30 kB
dist/assets/funnel-Br4XrDzh.js                     0.42 kB │ gzip:   0.31 kB
dist/assets/calendar-BYhVOVO4.js                   0.43 kB │ gzip:   0.31 kB
dist/assets/pencil-DEfHxsW3.js                     0.45 kB │ gzip:   0.33 kB
dist/assets/bookmark-plus-VVQl7lMT.js              0.45 kB │ gzip:   0.33 kB
dist/assets/shield-check-DDPW7iJL.js               0.49 kB │ gzip:   0.35 kB
dist/assets/sparkles-DaY0fCPp.js                   0.67 kB │ gzip:   0.39 kB
dist/assets/CkEditor-CFPQD11x.js                   0.85 kB │ gzip:   0.53 kB
dist/assets/InfoBox-eLvWDVgm.js                    0.86 kB │ gzip:   0.43 kB
dist/assets/CurrencyWithApprox-BH_mkK1r.js         0.91 kB │ gzip:   0.52 kB
dist/assets/Tabs-C48HT1OU.js                       1.23 kB │ gzip:   0.65 kB
dist/assets/ToggleChips-CRJxOzYQ.js                1.68 kB │ gzip:   0.83 kB
dist/assets/topCards-Ba7rPTqx.js                   1.71 kB │ gzip:   0.75 kB
dist/assets/ForgotPassword-CWPWr5Cn.js             2.11 kB │ gzip:   1.06 kB
dist/assets/FounderThankYou-CFwgmnjE.js            2.22 kB │ gzip:   1.08 kB
dist/assets/FilterDrawer-Dp5rGmlZ.js               2.26 kB │ gzip:   0.96 kB
dist/assets/ResetPassword-DB6H9MV8.js              2.34 kB │ gzip:   1.04 kB
dist/assets/InvestorThankYou-BJocrms_.js           2.35 kB │ gzip:   1.15 kB
dist/assets/MultipleImageUploader-DI0CcclO.js      2.61 kB │ gzip:   1.14 kB
dist/assets/toolbar-CuuIM0Ly.js                    2.69 kB │ gzip:   1.15 kB
dist/assets/AuthCallback-QnAHwqZF.js               2.71 kB │ gzip:   1.29 kB
dist/assets/ImageUploader-C9otzvMv.js              2.74 kB │ gzip:   1.19 kB
dist/assets/index-DEwnw8S4.js                      2.86 kB │ gzip:   1.36 kB
dist/assets/index-8d7nzCqH.js                      2.99 kB │ gzip:   1.50 kB
dist/assets/index-ShPVa5fm.js                      3.06 kB │ gzip:   1.48 kB
dist/assets/supabase-bulk-emails-DV3F33kA.js       3.14 kB │ gzip:   1.12 kB
dist/assets/index-DnkBSCMe.js                      3.19 kB │ gzip:   1.52 kB
dist/assets/index-GvGayIcW.js                      3.48 kB │ gzip:   1.67 kB
dist/assets/index-B2sYUGIG.js                      3.51 kB │ gzip:   1.61 kB
dist/assets/index-CCQC6p9W.js                      3.63 kB │ gzip:   1.83 kB
dist/assets/index-0Yiwn6o3.js                      3.84 kB │ gzip:   1.89 kB
dist/assets/index-Bh3i7j67.js                      3.85 kB │ gzip:   1.89 kB
dist/assets/index-CKz94kyq.js                      4.35 kB │ gzip:   1.98 kB
dist/assets/index-Dw-LtpaW.js                      4.46 kB │ gzip:   2.02 kB
dist/assets/ContactSupport-B0tCe-hr.js             4.63 kB │ gzip:   1.93 kB
dist/assets/Stepper-_n6T15pA.js                    4.66 kB │ gzip:   2.02 kB
dist/assets/Login-B_tH9UNO.js                      4.74 kB │ gzip:   1.95 kB
dist/assets/index-Dk7VgUnl.js                      5.04 kB │ gzip:   2.16 kB
dist/assets/CreateBlog-BzoXsfMT.js                 5.16 kB │ gzip:   2.20 kB
dist/assets/AllBlogs-uRCwVnVL.js                   5.17 kB │ gzip:   2.07 kB
dist/assets/SelectRole-DERNf9Mf.js                 5.45 kB │ gzip:   2.32 kB
dist/assets/VerifyUserEmail-CQfhkcj6.js            5.82 kB │ gzip:   2.09 kB
dist/assets/EditBlog-DbhMMRa_.js                   6.02 kB │ gzip:   2.57 kB
dist/assets/SignUp-D7Veajus.js                     6.64 kB │ gzip:   2.52 kB
dist/assets/Profile-CpQ3Vk_C.js                    6.86 kB │ gzip:   2.19 kB
dist/assets/ViewRemindersModal-sXNFfINC.js         7.30 kB │ gzip:   2.62 kB
dist/assets/index-DAm4-mmq.js                      7.76 kB │ gzip:   3.16 kB
dist/assets/index-CMQTMxkS.js                      8.01 kB │ gzip:   2.95 kB
dist/assets/index-7068g3hp.js                      9.20 kB │ gzip:   3.80 kB
dist/assets/businessProposalCard-BcufhvLK.js       9.66 kB │ gzip:   3.29 kB
dist/assets/index-BwvB0XOY.js                      9.81 kB │ gzip:   3.62 kB
dist/assets/index-rZxGJF2T.js                      9.94 kB │ gzip:   3.22 kB
dist/assets/table-7qSp6p2P.js                     11.89 kB │ gzip:   3.72 kB
dist/assets/SimplifiedProfile-CLyYFYZ8.js         13.76 kB │ gzip:   3.64 kB
dist/assets/index-ColhmuR9.js                     15.62 kB │ gzip:   4.81 kB
dist/assets/CreateNewBatch-BJ26tH74.js            16.75 kB │ gzip:   4.53 kB
dist/assets/EditFounder-B9XxvJ7u.js               18.01 kB │ gzip:   4.38 kB
dist/assets/index-DDXfuvt8.js                     18.47 kB │ gzip:   5.95 kB
dist/assets/EditInvestor-DbrZFQFl.js              18.98 kB │ gzip:   4.65 kB
dist/assets/index-5SH1C7JT.js                     20.05 kB │ gzip:   6.59 kB
dist/assets/index-Bl1gRbKD.js                     20.13 kB │ gzip:   5.41 kB
dist/assets/index-alTAm4a0.js                     20.91 kB │ gzip:   6.63 kB
dist/assets/BlogDetail-B5eoopHz.js                21.83 kB │ gzip:   8.94 kB
dist/assets/index-DpxgFvT8.js                     22.98 kB │ gzip:   6.85 kB
dist/assets/ViewBusinessProposal-CqaU3i_o.js      25.92 kB │ gzip:   6.39 kB
dist/assets/index-DMlBMF7U.js                     27.42 kB │ gzip:   8.63 kB
dist/assets/Landing-DRbzerQG.js                  151.91 kB │ gzip:  53.55 kB
dist/assets/xlsx-DGuHH-KN.js                     429.49 kB │ gzip: 143.07 kB
dist/assets/index-mhjNTSQt.js                    629.12 kB │ gzip: 168.27 kB
dist/assets/index-CbcJ0KS6.js                  2,831.93 kB │ gzip: 756.62 kB

(!) Some chunks are larger than 1500 kB after minification. Consider:
- Using dynamic import() to code-split the application
- Use build.rollupOptions.output.manualChunks to improve chunking: https://rollupjs.org/configuration-options/#output-manualchunks
- Adjust chunk size limit for this warning via build.chunkSizeWarningLimit.
✓ built in 17.91s
Packaging build...
  adding: favicon.ico (deflated 13%)
  adding: robots.txt (deflated 3%)
  adding: sitemap.xml (deflated 60%)
  adding: assets/ (stored 0%)
  adding: assets/irfanMalikBg-D4osmO_C.jpg (deflated 1%)
  adding: assets/meerGreenJacket-ykCKR2uN.png (deflated 0%)
  adding: assets/meerShinyDress-C8scZpYx.webp (deflated 0%)
  adding: assets/shakeelBg-NX99JDrP.jpg (deflated 0%)
  adding: assets/dubai-Bmqq4ymj.jpg (deflated 0%)
  adding: assets/fahad-CnovJc60.jpg (deflated 0%)
  adding: assets/wasimAkramBg-D4BFEYu1.png (deflated 0%)
  adding: assets/salman-DD3Zraly.jpg (deflated 0%)
  adding: assets/tech-BdWyL5Pa.jpg (deflated 0%)
  adding: assets/wasim-ETjjiRaD.jpg (deflated 0%)
  adding: assets/placeholderMan-BvremNML.png (deflated 3%)
  adding: assets/rectanglePlaceholder-nCbViREl.png (deflated 31%)
  adding: assets/Fav-BPcykgsi.png (deflated 5%)
  adding: assets/MainLogo-DJpFhlQE.png (deflated 4%)
  adding: assets/goldenCheck-CnSHOmXW.webp (stored 0%)
  adding: assets/verifiedBadge-CrcJq1tD.webp (deflated 1%)
  adding: assets/arabic-BElshnQY.jpg (deflated 0%)
  adding: assets/akhtar-qLBVRLf-.jpg (deflated 1%)
  adding: assets/tower2-LuqAcWCu.jpg (deflated 2%)
  adding: assets/tower3-DpFzgoGy.jpg (deflated 0%)
  adding: assets/proposal2-B9XZZX50.webp (deflated 3%)
  adding: assets/proposal3-fxAFZeku.webp (deflated 1%)
  adding: assets/proposal5-DItum-r7.webp (deflated 4%)
  adding: assets/handShake-Dk1DoagP.webp (deflated 0%)
  adding: assets/tower-gldBe0jJ.webp (deflated 0%)
  adding: assets/proposal6-wLmvSjqd.webp (deflated 0%)
  adding: assets/proposal1-D37fvLUu.webp (deflated 1%)
  adding: assets/proposal4-CZk7QC75.webp (deflated 1%)
  adding: assets/wasimAkram-CBOcRO9q.png (deflated 1%)
  adding: assets/index-VEC6csTg.css (deflated 86%)
  adding: assets/BlogDetail-oNXnMkFG.css (deflated 62%)
  adding: assets/style-DpsRipQV.css (deflated 78%)
  adding: assets/index-CbcJ0KS6.js (deflated 73%)
  adding: assets/xlsx-DGuHH-KN.js (deflated 67%)
  adding: assets/Landing-DRbzerQG.js (deflated 65%)
  adding: assets/BlogDetail-B5eoopHz.js (deflated 59%)
  adding: assets/AllBlogs-uRCwVnVL.js (deflated 60%)
  adding: assets/index-8d7nzCqH.js (deflated 50%)
  adding: assets/index-DEwnw8S4.js (deflated 53%)
  adding: assets/index-DnkBSCMe.js (deflated 53%)
  adding: assets/index-ShPVa5fm.js (deflated 52%)
  adding: assets/index-B2sYUGIG.js (deflated 54%)
  adding: assets/SignUp-D7Veajus.js (deflated 62%)
  adding: assets/ForgotPassword-CWPWr5Cn.js (deflated 51%)
  adding: assets/VerifyUserEmail-CQfhkcj6.js (deflated 64%)
  adding: assets/ResetPassword-DB6H9MV8.js (deflated 56%)
  adding: assets/ContactSupport-B0tCe-hr.js (deflated 59%)
  adding: assets/AuthCallback-QnAHwqZF.js (deflated 53%)
  adding: assets/SelectRole-DERNf9Mf.js (deflated 58%)
  adding: assets/InvestorThankYou-BJocrms_.js (deflated 51%)
  adding: assets/FounderThankYou-CFwgmnjE.js (deflated 52%)
  adding: assets/Login-B_tH9UNO.js (deflated 59%)
  adding: assets/Profile-CpQ3Vk_C.js (deflated 68%)
  adding: assets/index-DAm4-mmq.js (deflated 59%)
  adding: assets/index-DMlBMF7U.js (deflated 69%)
  adding: assets/EditInvestor-DbrZFQFl.js (deflated 76%)
  adding: assets/index-alTAm4a0.js (deflated 68%)
  adding: assets/ViewRemindersModal-sXNFfINC.js (deflated 64%)
  adding: assets/EditFounder-B9XxvJ7u.js (deflated 76%)
  adding: assets/index-7068g3hp.js (deflated 59%)
  adding: assets/index-5SH1C7JT.js (deflated 67%)
  adding: assets/pencil-DEfHxsW3.js (deflated 31%)
  adding: assets/index-DDXfuvt8.js (deflated 68%)
  adding: assets/ViewBusinessProposal-CqaU3i_o.js (deflated 75%)
  adding: assets/circle-check-C0WB7BZ8.js (deflated 27%)
  adding: assets/index-DpxgFvT8.js (deflated 70%)
  adding: assets/shield-check-DDPW7iJL.js (deflated 32%)
  adding: assets/sparkles-DaY0fCPp.js (deflated 45%)
  adding: assets/trending-up-CAwRsyRE.js (deflated 26%)
  adding: assets/globe-Ci8VjIvs.js (deflated 33%)
  adding: assets/blogs-ChqPogSE.js (stored 0%)
  adding: assets/calendar-BYhVOVO4.js (deflated 33%)
  adding: assets/index-GvGayIcW.js (deflated 53%)
  adding: assets/message-circle-DFiog_Fl.js (deflated 28%)
  adding: assets/arrow-left-f-GEbyar.js (deflated 26%)
  adding: assets/InfoBox-eLvWDVgm.js (deflated 52%)
  adding: assets/info-BkcgAbPw.js (deflated 30%)
  adding: assets/circle-alert-BB-_n9NM.js (deflated 36%)
  adding: assets/index-mhjNTSQt.js (deflated 73%)
  adding: assets/topCards-Ba7rPTqx.js (deflated 58%)
  adding: assets/webinarBanner-XLbHXaFF.js (deflated 25%)
  adding: assets/CurrencyWithApprox-BH_mkK1r.js (deflated 45%)
  adding: assets/ImageUploader-C9otzvMv.js (deflated 58%)
  adding: assets/external-link-CJBXm1sG.js (deflated 33%)
  adding: assets/upload-BghtltkH.js (deflated 31%)
  adding: assets/table-7qSp6p2P.js (deflated 69%)
  adding: assets/toolbar-CuuIM0Ly.js (deflated 58%)
  adding: assets/useDebounce-CtYZdJYe.js (deflated 22%)
  adding: assets/message-square-Dr8DRALu.js (deflated 29%)
  adding: assets/funnel-Br4XrDzh.js (deflated 30%)
  adding: assets/FilterDrawer-Dp5rGmlZ.js (deflated 58%)
  adding: assets/rotate-ccw-FL_qYglg.js (deflated 28%)
  adding: assets/ToggleChips-CRJxOzYQ.js (deflated 52%)
  adding: assets/circle-x-DuWdgcIj.js (deflated 31%)
  adding: assets/businessProposalCard-BcufhvLK.js (deflated 66%)
  adding: assets/ban-CunFwAiT.js (deflated 27%)
  adding: assets/plus-CfCKKhG1.js (deflated 28%)
  adding: assets/Tabs-C48HT1OU.js (deflated 49%)
  adding: assets/Stepper-_n6T15pA.js (deflated 57%)
  adding: assets/MultipleImageUploader-DI0CcclO.js (deflated 57%)
  adding: assets/index-rZxGJF2T.js (deflated 68%)
  adding: assets/supabase-bulk-emails-DV3F33kA.js (deflated 65%)
  adding: assets/CreateNewBatch-BJ26tH74.js (deflated 73%)
  adding: assets/CkEditor-CFPQD11x.js (deflated 40%)
  adding: assets/index-Dk7VgUnl.js (deflated 58%)
  adding: assets/CreateBlog-BzoXsfMT.js (deflated 58%)
  adding: assets/EditBlog-DbhMMRa_.js (deflated 58%)
  adding: assets/index-ColhmuR9.js (deflated 69%)
  adding: assets/index-CMQTMxkS.js (deflated 64%)
  adding: assets/Dashboard-CK7tpLn1.js (deflated 35%)
  adding: assets/SimplifiedProfile-CLyYFYZ8.js (deflated 74%)
  adding: assets/index-0Yiwn6o3.js (deflated 51%)
  adding: assets/index-Dw-LtpaW.js (deflated 55%)
  adding: assets/bookmark-plus-VVQl7lMT.js (deflated 33%)
  adding: assets/index-CCQC6p9W.js (deflated 50%)
  adding: assets/index-CKz94kyq.js (deflated 55%)
  adding: assets/Dashboard-B87RAb6E.js (deflated 35%)
  adding: assets/index-Bl1gRbKD.js (deflated 73%)
  adding: assets/index-BwvB0XOY.js (deflated 63%)
  adding: assets/index-Bh3i7j67.js (deflated 51%)
  adding: index.html (deflated 52%)
Saving Lightsail SSH key...
Uploading build to Lightsail...
Warning: Permanently added '15.207.22.250' (ED25519) to the list of known hosts.
Deploying build to /var/www/html ...
Archive:  /home/ubuntu/react-build.zip
  inflating: /var/www/html/favicon.ico  
  inflating: /var/www/html/robots.txt  
  inflating: /var/www/html/sitemap.xml  
   creating: /var/www/html/assets/
  inflating: /var/www/html/assets/irfanMalikBg-D4osmO_C.jpg  
  inflating: /var/www/html/assets/meerGreenJacket-ykCKR2uN.png  
  inflating: /var/www/html/assets/meerShinyDress-C8scZpYx.webp  
  inflating: /var/www/html/assets/shakeelBg-NX99JDrP.jpg  
  inflating: /var/www/html/assets/dubai-Bmqq4ymj.jpg  
  inflating: /var/www/html/assets/fahad-CnovJc60.jpg  
  inflating: /var/www/html/assets/wasimAkramBg-D4BFEYu1.png  
  inflating: /var/www/html/assets/salman-DD3Zraly.jpg  
  inflating: /var/www/html/assets/tech-BdWyL5Pa.jpg  
  inflating: /var/www/html/assets/wasim-ETjjiRaD.jpg  
  inflating: /var/www/html/assets/placeholderMan-BvremNML.png  
  inflating: /var/www/html/assets/rectanglePlaceholder-nCbViREl.png  
  inflating: /var/www/html/assets/Fav-BPcykgsi.png  
  inflating: /var/www/html/assets/MainLogo-DJpFhlQE.png  
 extracting: /var/www/html/assets/goldenCheck-CnSHOmXW.webp  
  inflating: /var/www/html/assets/verifiedBadge-CrcJq1tD.webp  
  inflating: /var/www/html/assets/arabic-BElshnQY.jpg  
  inflating: /var/www/html/assets/akhtar-qLBVRLf-.jpg  
  inflating: /var/www/html/assets/tower2-LuqAcWCu.jpg  
  inflating: /var/www/html/assets/tower3-DpFzgoGy.jpg  
  inflating: /var/www/html/assets/proposal2-B9XZZX50.webp  
  inflating: /var/www/html/assets/proposal3-fxAFZeku.webp  
  inflating: /var/www/html/assets/proposal5-DItum-r7.webp  
  inflating: /var/www/html/assets/handShake-Dk1DoagP.webp  
  inflating: /var/www/html/assets/tower-gldBe0jJ.webp  
  inflating: /var/www/html/assets/proposal6-wLmvSjqd.webp  
  inflating: /var/www/html/assets/proposal1-D37fvLUu.webp  
  inflating: /var/www/html/assets/proposal4-CZk7QC75.webp  
  inflating: /var/www/html/assets/wasimAkram-CBOcRO9q.png  
  inflating: /var/www/html/assets/index-VEC6csTg.css  
  inflating: /var/www/html/assets/BlogDetail-oNXnMkFG.css  
  inflating: /var/www/html/assets/style-DpsRipQV.css  
  inflating: /var/www/html/assets/index-CbcJ0KS6.js  
  inflating: /var/www/html/assets/xlsx-DGuHH-KN.js  
  inflating: /var/www/html/assets/Landing-DRbzerQG.js  
  inflating: /var/www/html/assets/BlogDetail-B5eoopHz.js  
  inflating: /var/www/html/assets/AllBlogs-uRCwVnVL.js  
  inflating: /var/www/html/assets/index-8d7nzCqH.js  
  inflating: /var/www/html/assets/index-DEwnw8S4.js  
  inflating: /var/www/html/assets/index-DnkBSCMe.js  
  inflating: /var/www/html/assets/index-ShPVa5fm.js  
  inflating: /var/www/html/assets/index-B2sYUGIG.js  
  inflating: /var/www/html/assets/SignUp-D7Veajus.js  
  inflating: /var/www/html/assets/ForgotPassword-CWPWr5Cn.js  
  inflating: /var/www/html/assets/VerifyUserEmail-CQfhkcj6.js  
  inflating: /var/www/html/assets/ResetPassword-DB6H9MV8.js  
  inflating: /var/www/html/assets/ContactSupport-B0tCe-hr.js  
  inflating: /var/www/html/assets/AuthCallback-QnAHwqZF.js  
  inflating: /var/www/html/assets/SelectRole-DERNf9Mf.js  
  inflating: /var/www/html/assets/InvestorThankYou-BJocrms_.js  
  inflating: /var/www/html/assets/FounderThankYou-CFwgmnjE.js  
  inflating: /var/www/html/assets/Login-B_tH9UNO.js  
  inflating: /var/www/html/assets/Profile-CpQ3Vk_C.js  
  inflating: /var/www/html/assets/index-DAm4-mmq.js  
  inflating: /var/www/html/assets/index-DMlBMF7U.js  
  inflating: /var/www/html/assets/EditInvestor-DbrZFQFl.js  
  inflating: /var/www/html/assets/index-alTAm4a0.js  
  inflating: /var/www/html/assets/ViewRemindersModal-sXNFfINC.js  
  inflating: /var/www/html/assets/EditFounder-B9XxvJ7u.js  
  inflating: /var/www/html/assets/index-7068g3hp.js  
  inflating: /var/www/html/assets/index-5SH1C7JT.js  
  inflating: /var/www/html/assets/pencil-DEfHxsW3.js  
  inflating: /var/www/html/assets/index-DDXfuvt8.js  
  inflating: /var/www/html/assets/ViewBusinessProposal-CqaU3i_o.js  
  inflating: /var/www/html/assets/circle-check-C0WB7BZ8.js  
  inflating: /var/www/html/assets/index-DpxgFvT8.js  
  inflating: /var/www/html/assets/shield-check-DDPW7iJL.js  
  inflating: /var/www/html/assets/sparkles-DaY0fCPp.js  
  inflating: /var/www/html/assets/trending-up-CAwRsyRE.js  
  inflating: /var/www/html/assets/globe-Ci8VjIvs.js  
 extracting: /var/www/html/assets/blogs-ChqPogSE.js  
  inflating: /var/www/html/assets/calendar-BYhVOVO4.js  
  inflating: /var/www/html/assets/index-GvGayIcW.js  
  inflating: /var/www/html/assets/message-circle-DFiog_Fl.js  
  inflating: /var/www/html/assets/arrow-left-f-GEbyar.js  
  inflating: /var/www/html/assets/InfoBox-eLvWDVgm.js  
  inflating: /var/www/html/assets/info-BkcgAbPw.js  
  inflating: /var/www/html/assets/circle-alert-BB-_n9NM.js  
  inflating: /var/www/html/assets/index-mhjNTSQt.js  
  inflating: /var/www/html/assets/topCards-Ba7rPTqx.js  
  inflating: /var/www/html/assets/webinarBanner-XLbHXaFF.js  
  inflating: /var/www/html/assets/CurrencyWithApprox-BH_mkK1r.js  
  inflating: /var/www/html/assets/ImageUploader-C9otzvMv.js  
  inflating: /var/www/html/assets/external-link-CJBXm1sG.js  
  inflating: /var/www/html/assets/upload-BghtltkH.js  
  inflating: /var/www/html/assets/table-7qSp6p2P.js  
  inflating: /var/www/html/assets/toolbar-CuuIM0Ly.js  
  inflating: /var/www/html/assets/useDebounce-CtYZdJYe.js  
  inflating: /var/www/html/assets/message-square-Dr8DRALu.js  
  inflating: /var/www/html/assets/funnel-Br4XrDzh.js  
  inflating: /var/www/html/assets/FilterDrawer-Dp5rGmlZ.js  
  inflating: /var/www/html/assets/rotate-ccw-FL_qYglg.js  
  inflating: /var/www/html/assets/ToggleChips-CRJxOzYQ.js  
  inflating: /var/www/html/assets/circle-x-DuWdgcIj.js  
  inflating: /var/www/html/assets/businessProposalCard-BcufhvLK.js  
  inflating: /var/www/html/assets/ban-CunFwAiT.js  
  inflating: /var/www/html/assets/plus-CfCKKhG1.js  
  inflating: /var/www/html/assets/Tabs-C48HT1OU.js  
  inflating: /var/www/html/assets/Stepper-_n6T15pA.js  
  inflating: /var/www/html/assets/MultipleImageUploader-DI0CcclO.js  
  inflating: /var/www/html/assets/index-rZxGJF2T.js  
  inflating: /var/www/html/assets/supabase-bulk-emails-DV3F33kA.js  
  inflating: /var/www/html/assets/CreateNewBatch-BJ26tH74.js  
  inflating: /var/www/html/assets/CkEditor-CFPQD11x.js  
  inflating: /var/www/html/assets/index-Dk7VgUnl.js  
  inflating: /var/www/html/assets/CreateBlog-BzoXsfMT.js  
  inflating: /var/www/html/assets/EditBlog-DbhMMRa_.js  
  inflating: /var/www/html/assets/index-ColhmuR9.js  
  inflating: /var/www/html/assets/index-CMQTMxkS.js  
  inflating: /var/www/html/assets/Dashboard-CK7tpLn1.js  
  inflating: /var/www/html/assets/SimplifiedProfile-CLyYFYZ8.js  
  inflating: /var/www/html/assets/index-0Yiwn6o3.js  
  inflating: /var/www/html/assets/index-Dw-LtpaW.js  
  inflating: /var/www/html/assets/bookmark-plus-VVQl7lMT.js  
  inflating: /var/www/html/assets/index-CCQC6p9W.js  
  inflating: /var/www/html/assets/index-CKz94kyq.js  
  inflating: /var/www/html/assets/Dashboard-B87RAb6E.js  
  inflating: /var/www/html/assets/index-Bl1gRbKD.js  
  inflating: /var/www/html/assets/index-BwvB0XOY.js  
  inflating: /var/www/html/assets/index-Bh3i7j67.js  
  inflating: /var/www/html/index.html  
Saving Git logs repo SSH key...
Testing GitHub SSH key...
Cloning deployment-logs repo...
Cloning into 'logs-repo'...
