Installing dependencies...
npm warn deprecated w3c-hr-time@1.0.2: Use your platform's native performance.now() and performance.timeOrigin.
npm warn deprecated domexception@2.0.1: Use your platform's native DOMException instead
npm warn deprecated abab@2.0.6: Use your platform's native atob() and btoa() methods instead

added 1750 packages, and audited 1751 packages in 4m

222 packages are looking for funding
  run `npm fund` for details

52 vulnerabilities (51 moderate, 1 high)

To address issues that do not require attention, run:
  npm audit fix

To address all issues possible (including breaking changes), run:
  npm audit fix --force

Some issues need review, and may require choosing
a different dependency.

Run `npm audit` for details.
Building React app...

> boilerplate-code-react-js@0.0.0 build
> vite build

vite v7.1.11 building for production...
transforming...
✓ 2933 modules transformed.
rendering chunks...
computing gzip size...
dist/index.html                                    2.18 kB │ gzip:   1.05 kB
dist/assets/verifiedBadge-CrcJq1tD.webp           10.83 kB
dist/assets/rectanglePlaceholder-nCbViREl.png     11.85 kB
dist/assets/goldenCheck-CnSHOmXW.webp             13.45 kB
dist/assets/irfanMalikBg-D4osmO_C.jpg             24.66 kB
dist/assets/proposal6-wLmvSjqd.webp               28.15 kB
dist/assets/placeholderMan-BvremNML.png           36.64 kB
dist/assets/handShake-Dk1DoagP.webp               65.18 kB
dist/assets/tower-gldBe0jJ.webp                   66.16 kB
dist/assets/tower2-LuqAcWCu.jpg                   72.52 kB
dist/assets/shakeelBg-NX99JDrP.jpg               143.15 kB
dist/assets/MainLogo-DJpFhlQE.png                144.86 kB
dist/assets/Fav-BPcykgsi.png                     147.34 kB
dist/assets/akhtar-qLBVRLf-.jpg                  173.92 kB
dist/assets/proposal5-DItum-r7.webp              174.24 kB
dist/assets/tower3-DpFzgoGy.jpg                  175.56 kB
dist/assets/proposal2-B9XZZX50.webp              192.62 kB
dist/assets/meerShinyDress-C8scZpYx.webp         229.68 kB
dist/assets/meerGreenJacket-ykCKR2uN.png         230.19 kB
dist/assets/arabic-BElshnQY.jpg                  238.42 kB
dist/assets/wasim-ETjjiRaD.jpg                   242.26 kB
dist/assets/salman-DD3Zraly.jpg                  255.18 kB
dist/assets/fahad-CnovJc60.jpg                   278.62 kB
dist/assets/tech-BdWyL5Pa.jpg                    281.71 kB
dist/assets/dubai-Bmqq4ymj.jpg                   311.77 kB
dist/assets/wasimAkramBg-D4BFEYu1.png            313.57 kB
dist/assets/proposal3-fxAFZeku.webp              445.47 kB
dist/assets/proposal4-CZk7QC75.webp              542.86 kB
dist/assets/proposal1-D37fvLUu.webp              779.05 kB
dist/assets/wasimAkram-CBOcRO9q.png            4,488.96 kB
dist/assets/index-BiTqy95M.css                   136.68 kB │ gzip:  18.67 kB
dist/assets/useDebounce-BaAi4_4A.js                0.19 kB │ gzip:   0.17 kB
dist/assets/chevron-left-BJn_WL72.js               0.30 kB │ gzip:   0.25 kB
dist/assets/plus-IMaKJA7Y.js                       0.33 kB │ gzip:   0.25 kB
dist/assets/trending-up-BpP_No-T.js                0.35 kB │ gzip:   0.28 kB
dist/assets/ban-D_ejXzoG.js                        0.35 kB │ gzip:   0.28 kB
dist/assets/info-BLAviJSp.js                       0.37 kB │ gzip:   0.28 kB
dist/assets/circle-x-6LtIFzNG.js                   0.38 kB │ gzip:   0.28 kB
dist/assets/mail-DO3VTZy2.js                       0.39 kB │ gzip:   0.31 kB
dist/assets/target-B4wKr05N.js                     0.39 kB │ gzip:   0.27 kB
dist/assets/upload-DZBqr7Ca.js                     0.40 kB │ gzip:   0.30 kB
dist/assets/log-in-DdBn8U6v.js                     0.40 kB │ gzip:   0.29 kB
dist/assets/download-C9GxQ5CQ.js                   0.41 kB │ gzip:   0.30 kB
dist/assets/message-square-DoD3zbZe.js             0.41 kB │ gzip:   0.31 kB
dist/assets/globe-DvkI_Ykk.js                      0.41 kB │ gzip:   0.30 kB
dist/assets/circle-alert-D97peC1r.js               0.42 kB │ gzip:   0.30 kB
dist/assets/eye-D-NTLZfe.js                        0.42 kB │ gzip:   0.30 kB
dist/assets/map-pin-DCq_3esH.js                    0.43 kB │ gzip:   0.33 kB
dist/assets/link-qF6d1tyj.js                       0.43 kB │ gzip:   0.30 kB
dist/assets/pencil-CUDXvwZ3.js                     0.45 kB │ gzip:   0.33 kB
dist/assets/user-plus-twv3UxX9.js                  0.48 kB │ gzip:   0.34 kB
dist/assets/shield-check-BAW6XDmQ.js               0.49 kB │ gzip:   0.36 kB
dist/assets/square-pen-Cr6Tf6bS.js                 0.49 kB │ gzip:   0.34 kB
dist/assets/phone-BGxK8wu8.js                      0.50 kB │ gzip:   0.33 kB
dist/assets/trash-2-mDprtPgm.js                    0.50 kB │ gzip:   0.32 kB
dist/assets/file-text-DC5W_yRo.js                  0.51 kB │ gzip:   0.32 kB
dist/assets/LegalModal-CYuR1zgS.js                 0.66 kB │ gzip:   0.46 kB
dist/assets/sparkles-QRsF5pv-.js                   0.67 kB │ gzip:   0.39 kB
dist/assets/InfoBox-CEf1imix.js                    0.86 kB │ gzip:   0.43 kB
dist/assets/label-q0mQ8zDk.js                      0.89 kB │ gzip:   0.55 kB
dist/assets/card-BVjINPk0.js                       1.18 kB │ gzip:   0.46 kB
dist/assets/package-BD329q2v.js                    1.21 kB │ gzip:   0.50 kB
dist/assets/Tabs-fjXasOxd.js                       1.23 kB │ gzip:   0.65 kB
dist/assets/GetMoreDetailsModal-C8-oIDwP.js        1.27 kB │ gzip:   0.61 kB
dist/assets/EmptyState-B9JVrToL.js                 1.47 kB │ gzip:   0.61 kB
dist/assets/textarea-BzhsUWar.js                   1.49 kB │ gzip:   0.74 kB
dist/assets/ToggleChips-Chi5p_Pq.js                1.66 kB │ gzip:   0.82 kB
dist/assets/input-JRuU_4Dl.js                      1.68 kB │ gzip:   0.86 kB
dist/assets/topCards-DRvxSP9W.js                   1.71 kB │ gzip:   0.75 kB
dist/assets/ImageUploader-0mepuLNN.js              1.95 kB │ gzip:   0.94 kB
dist/assets/index-D1lvSgo2.js                      2.07 kB │ gzip:   0.92 kB
dist/assets/ForgotPassword-CAV9cwBB.js             2.17 kB │ gzip:   1.09 kB
dist/assets/ContactSupportModal-CmtOifF_.js        2.37 kB │ gzip:   1.18 kB
dist/assets/ResetPassword-DGPzZ3ev.js              2.40 kB │ gzip:   1.06 kB
dist/assets/AuthCallback-CZmn9b0V.js               2.67 kB │ gzip:   1.26 kB
dist/assets/index-Bs6IwCq3.js                      2.67 kB │ gzip:   1.20 kB
dist/assets/index-Cl7stUpd.js                      2.72 kB │ gzip:   1.23 kB
dist/assets/toolbar-CXaOYMaw.js                    2.99 kB │ gzip:   1.23 kB
dist/assets/FileUploader-BUoITfP5.js               3.02 kB │ gzip:   1.35 kB
dist/assets/index-DoYrrFkg.js                      3.07 kB │ gzip:   1.47 kB
dist/assets/index-CI-euEf8.js                      3.21 kB │ gzip:   1.60 kB
dist/assets/index-DEyUDTOn.js                      3.27 kB │ gzip:   1.59 kB
dist/assets/index-wrV165Bf.js                      3.40 kB │ gzip:   1.62 kB
dist/assets/index-DHOG5TB5.js                      3.48 kB │ gzip:   1.67 kB
dist/assets/index-DbfPn1mY.js                      3.62 kB │ gzip:   1.40 kB
dist/assets/checkbox-CoNP321k.js                   4.08 kB │ gzip:   1.78 kB
dist/assets/index-DofcwFo1.js                      4.20 kB │ gzip:   2.05 kB
dist/assets/index-CNpHQ156.js                      4.21 kB │ gzip:   2.06 kB
dist/assets/index-ClfnL7Zb.js                      4.25 kB │ gzip:   1.68 kB
dist/assets/Dashboard-zySKkYps.js                  4.28 kB │ gzip:   1.46 kB
dist/assets/Dashboard-B5yOQVjL.js                  4.30 kB │ gzip:   1.47 kB
dist/assets/SelectRole-pdwYw3tp.js                 4.45 kB │ gzip:   1.96 kB
dist/assets/Stepper-Haqz3lZw.js                    4.66 kB │ gzip:   2.02 kB
dist/assets/ContactSupport-DBsty93q.js             4.93 kB │ gzip:   2.04 kB
dist/assets/SignUp-DKQkGIzs.js                     5.02 kB │ gzip:   1.97 kB
dist/assets/Login-Dju8pAQL.js                      5.05 kB │ gzip:   2.13 kB
dist/assets/VerifyUserEmail-B-zk3VP5.js            6.17 kB │ gzip:   2.29 kB
dist/assets/businessProposalCard-DGMV7qTN.js       6.18 kB │ gzip:   2.09 kB
dist/assets/Profile-Bv4g5FrV.js                    7.10 kB │ gzip:   2.25 kB
dist/assets/index-BoKE1Sc2.js                      8.15 kB │ gzip:   3.32 kB
dist/assets/index-BqwR0iuS.js                      8.16 kB │ gzip:   3.08 kB
dist/assets/index-CbkyoSyc.js                      8.31 kB │ gzip:   3.18 kB
dist/assets/dialog-FAD86p5x.js                     8.50 kB │ gzip:   3.28 kB
dist/assets/tooltip-CAc_jLOZ.js                    8.77 kB │ gzip:   3.34 kB
dist/assets/index-Wtbnj88K.js                      9.54 kB │ gzip:   3.92 kB
dist/assets/index-DvzBaNvZ.js                     10.02 kB │ gzip:   3.23 kB
dist/assets/Header-BXn7IbXX.js                    11.52 kB │ gzip:   3.53 kB
dist/assets/index-ChZcA9VX.js                     12.34 kB │ gzip:   4.29 kB
dist/assets/SimplifiedProfile-BdqnSCdh.js         13.76 kB │ gzip:   3.71 kB
dist/assets/ViewBusinessProposal-DoIe2yOI.js      14.01 kB │ gzip:   4.05 kB
dist/assets/index-BpWdFAMO.js                     14.13 kB │ gzip:   4.98 kB
dist/assets/index-DJLOQPBG.js                     14.43 kB │ gzip:   4.94 kB
dist/assets/CreateNewBatch-I4vAxbse.js            14.89 kB │ gzip:   3.97 kB
dist/assets/index--eJRMXgy.js                     16.50 kB │ gzip:   6.24 kB
dist/assets/EditFounder-ByxNV_cu.js               18.08 kB │ gzip:   4.39 kB
dist/assets/EditInvestor-DCUQaqoJ.js              19.03 kB │ gzip:   4.64 kB
dist/assets/index-Dntprz4W.js                     20.02 kB │ gzip:   6.53 kB
dist/assets/index-BxcuH5g3.js                     21.67 kB │ gzip:   5.74 kB
dist/assets/index-D1gDGsJL.js                     21.86 kB │ gzip:   6.69 kB
dist/assets/select-3f_-gTSU.js                    22.08 kB │ gzip:   7.95 kB
dist/assets/index-Cs16mL7E.js                     27.84 kB │ gzip:  10.83 kB
dist/assets/table-BV-4k8sp.js                     37.18 kB │ gzip:  10.86 kB
dist/assets/FilterDrawer-BRCJ28YC.js              86.57 kB │ gzip:  25.94 kB
dist/assets/Landing-DmWHWSgs.js                  136.55 kB │ gzip:  48.81 kB
dist/assets/xlsx-DGuHH-KN.js                     429.49 kB │ gzip: 143.07 kB
dist/assets/index-DgelmEkm.js                    603.90 kB │ gzip: 164.35 kB
dist/assets/index-DArY9T9P.js                    761.00 kB │ gzip: 229.20 kB
dist/assets/CkEditor-DcvfYORf.js               1,318.06 kB │ gzip: 325.94 kB

(!) Some chunks are larger than 500 kB after minification. Consider:
- Using dynamic import() to code-split the application
- Use build.rollupOptions.output.manualChunks to improve chunking: https://rollupjs.org/configuration-options/#output-manualchunks
- Adjust chunk size limit for this warning via build.chunkSizeWarningLimit.
✓ built in 15.69s
Packaging build...
  adding: favicon.ico (deflated 13%)
  adding: assets/ (stored 0%)
  adding: assets/meerGreenJacket-ykCKR2uN.png (deflated 0%)
  adding: assets/meerShinyDress-C8scZpYx.webp (deflated 0%)
  adding: assets/irfanMalikBg-D4osmO_C.jpg (deflated 1%)
  adding: assets/akhtar-qLBVRLf-.jpg (deflated 1%)
  adding: assets/arabic-BElshnQY.jpg (deflated 0%)
  adding: assets/shakeelBg-NX99JDrP.jpg (deflated 0%)
  adding: assets/fahad-CnovJc60.jpg (deflated 0%)
  adding: assets/wasimAkramBg-D4BFEYu1.png (deflated 0%)
  adding: assets/handShake-Dk1DoagP.webp (deflated 0%)
  adding: assets/salman-DD3Zraly.jpg (deflated 0%)
  adding: assets/dubai-Bmqq4ymj.jpg (deflated 0%)
  adding: assets/rectanglePlaceholder-nCbViREl.png (deflated 31%)
  adding: assets/placeholderMan-BvremNML.png (deflated 3%)
  adding: assets/MainLogo-DJpFhlQE.png (deflated 4%)
  adding: assets/goldenCheck-CnSHOmXW.webp (stored 0%)
  adding: assets/verifiedBadge-CrcJq1tD.webp (deflated 1%)
  adding: assets/wasim-ETjjiRaD.jpg (deflated 0%)
  adding: assets/tower-gldBe0jJ.webp (deflated 0%)
  adding: assets/tech-BdWyL5Pa.jpg (deflated 0%)
  adding: assets/tower2-LuqAcWCu.jpg (deflated 2%)
  adding: assets/tower3-DpFzgoGy.jpg (deflated 0%)
  adding: assets/Fav-BPcykgsi.png (deflated 5%)
  adding: assets/proposal2-B9XZZX50.webp (deflated 3%)
  adding: assets/proposal3-fxAFZeku.webp (deflated 1%)
  adding: assets/proposal6-wLmvSjqd.webp (deflated 0%)
  adding: assets/proposal5-DItum-r7.webp (deflated 4%)
  adding: assets/proposal4-CZk7QC75.webp (deflated 1%)
  adding: assets/proposal1-D37fvLUu.webp (deflated 1%)
  adding: assets/wasimAkram-CBOcRO9q.png (deflated 1%)
  adding: assets/index-BiTqy95M.css (deflated 86%)
  adding: assets/index-DArY9T9P.js (deflated 70%)
  adding: assets/Landing-DmWHWSgs.js (deflated 64%)
  adding: assets/index-CI-euEf8.js (deflated 50%)
  adding: assets/index-DoYrrFkg.js (deflated 53%)
  adding: assets/index-wrV165Bf.js (deflated 53%)
  adding: assets/index-DEyUDTOn.js (deflated 52%)
  adding: assets/Header-BXn7IbXX.js (deflated 70%)
  adding: assets/SignUp-DKQkGIzs.js (deflated 61%)
  adding: assets/ForgotPassword-CAV9cwBB.js (deflated 51%)
  adding: assets/VerifyUserEmail-B-zk3VP5.js (deflated 63%)
  adding: assets/ResetPassword-DGPzZ3ev.js (deflated 56%)
  adding: assets/ContactSupport-DBsty93q.js (deflated 59%)
  adding: assets/AuthCallback-CZmn9b0V.js (deflated 53%)
  adding: assets/SelectRole-pdwYw3tp.js (deflated 56%)
  adding: assets/Login-Dju8pAQL.js (deflated 58%)
  adding: assets/index-Cl7stUpd.js (deflated 54%)
  adding: assets/index-DgelmEkm.js (deflated 73%)
  adding: assets/Profile-Bv4g5FrV.js (deflated 69%)
  adding: assets/index-BoKE1Sc2.js (deflated 60%)
  adding: assets/index-BpWdFAMO.js (deflated 65%)
  adding: assets/EditInvestor-DCUQaqoJ.js (deflated 76%)
  adding: assets/index-DJLOQPBG.js (deflated 66%)
  adding: assets/globe-DvkI_Ykk.js (deflated 33%)
  adding: assets/FilterDrawer-BRCJ28YC.js (deflated 70%)
  adding: assets/label-q0mQ8zDk.js (deflated 40%)
  adding: assets/EditFounder-ByxNV_cu.js (deflated 76%)
  adding: assets/index-Wtbnj88K.js (deflated 59%)
  adding: assets/index-Dntprz4W.js (deflated 67%)
  adding: assets/user-plus-twv3UxX9.js (deflated 34%)
  adding: assets/log-in-DdBn8U6v.js (deflated 31%)
  adding: assets/ban-D_ejXzoG.js (deflated 26%)
  adding: assets/phone-BGxK8wu8.js (deflated 37%)
  adding: assets/pencil-CUDXvwZ3.js (deflated 31%)
  adding: assets/index-ChZcA9VX.js (deflated 65%)
  adding: assets/ViewBusinessProposal-DoIe2yOI.js (deflated 71%)
  adding: assets/index-D1gDGsJL.js (deflated 69%)
  adding: assets/ToggleChips-Chi5p_Pq.js (deflated 51%)
  adding: assets/index-DvzBaNvZ.js (deflated 68%)
  adding: assets/useDebounce-BaAi4_4A.js (deflated 22%)
  adding: assets/CreateNewBatch-I4vAxbse.js (deflated 73%)
  adding: assets/sparkles-QRsF5pv-.js (deflated 45%)
  adding: assets/map-pin-DCq_3esH.js (deflated 28%)
  adding: assets/shield-check-BAW6XDmQ.js (deflated 32%)
  adding: assets/CkEditor-DcvfYORf.js (deflated 75%)
  adding: assets/mail-DO3VTZy2.js (deflated 25%)
  adding: assets/table-BV-4k8sp.js (deflated 71%)
  adding: assets/Dashboard-zySKkYps.js (deflated 66%)
  adding: assets/SimplifiedProfile-BdqnSCdh.js (deflated 73%)
  adding: assets/index-DofcwFo1.js (deflated 52%)
  adding: assets/index-DbfPn1mY.js (deflated 62%)
  adding: assets/GetMoreDetailsModal-C8-oIDwP.js (deflated 54%)
  adding: assets/trending-up-BpP_No-T.js (deflated 26%)
  adding: assets/LegalModal-CYuR1zgS.js (deflated 33%)
  adding: assets/index-DHOG5TB5.js (deflated 53%)
  adding: assets/dialog-FAD86p5x.js (deflated 62%)
  adding: assets/download-C9GxQ5CQ.js (deflated 31%)
  adding: assets/index-CbkyoSyc.js (deflated 62%)
  adding: assets/index--eJRMXgy.js (deflated 62%)
  adding: assets/index-D1lvSgo2.js (deflated 56%)
  adding: assets/InfoBox-CEf1imix.js (deflated 51%)
  adding: assets/input-JRuU_4Dl.js (deflated 50%)
  adding: assets/info-BLAviJSp.js (deflated 30%)
  adding: assets/circle-alert-D97peC1r.js (deflated 35%)
  adding: assets/FileUploader-BUoITfP5.js (deflated 56%)
  adding: assets/select-3f_-gTSU.js (deflated 64%)
  adding: assets/textarea-BzhsUWar.js (deflated 52%)
  adding: assets/link-qF6d1tyj.js (deflated 34%)
  adding: assets/eye-D-NTLZfe.js (deflated 33%)
  adding: assets/trash-2-mDprtPgm.js (deflated 40%)
  adding: assets/index-Cs16mL7E.js (deflated 61%)
  adding: assets/index-Bs6IwCq3.js (deflated 56%)
  adding: assets/topCards-DRvxSP9W.js (deflated 57%)
  adding: assets/card-BVjINPk0.js (deflated 62%)
  adding: assets/ImageUploader-0mepuLNN.js (deflated 53%)
  adding: assets/upload-DZBqr7Ca.js (deflated 30%)
  adding: assets/EmptyState-B9JVrToL.js (deflated 60%)
  adding: assets/toolbar-CXaOYMaw.js (deflated 60%)
  adding: assets/message-square-DoD3zbZe.js (deflated 29%)
  adding: assets/tooltip-CAc_jLOZ.js (deflated 62%)
  adding: assets/square-pen-Cr6Tf6bS.js (deflated 35%)
  adding: assets/chevron-left-BJn_WL72.js (deflated 22%)
  adding: assets/checkbox-CoNP321k.js (deflated 57%)
  adding: assets/plus-IMaKJA7Y.js (deflated 28%)
  adding: assets/file-text-DC5W_yRo.js (deflated 40%)
  adding: assets/businessProposalCard-DGMV7qTN.js (deflated 66%)
  adding: assets/Tabs-fjXasOxd.js (deflated 49%)
  adding: assets/circle-x-6LtIFzNG.js (deflated 30%)
  adding: assets/target-B4wKr05N.js (deflated 37%)
  adding: assets/Stepper-Haqz3lZw.js (deflated 57%)
  adding: assets/package-BD329q2v.js (deflated 60%)
  adding: assets/ContactSupportModal-CmtOifF_.js (deflated 51%)
  adding: assets/index-ClfnL7Zb.js (deflated 61%)
  adding: assets/Dashboard-B5yOQVjL.js (deflated 66%)
  adding: assets/index-BxcuH5g3.js (deflated 74%)
  adding: assets/index-BqwR0iuS.js (deflated 62%)
  adding: assets/index-CNpHQ156.js (deflated 52%)
  adding: assets/xlsx-DGuHH-KN.js (deflated 67%)
  adding: index.html (deflated 52%)
Saving Lightsail SSH key...
Uploading build to Lightsail...
Warning: Permanently added '15.207.22.250' (ED25519) to the list of known hosts.
Deploying build to /var/www/html ...
Archive:  /home/ubuntu/react-build.zip
  inflating: /var/www/html/favicon.ico  
   creating: /var/www/html/assets/
  inflating: /var/www/html/assets/meerGreenJacket-ykCKR2uN.png  
  inflating: /var/www/html/assets/meerShinyDress-C8scZpYx.webp  
  inflating: /var/www/html/assets/irfanMalikBg-D4osmO_C.jpg  
  inflating: /var/www/html/assets/akhtar-qLBVRLf-.jpg  
  inflating: /var/www/html/assets/arabic-BElshnQY.jpg  
  inflating: /var/www/html/assets/shakeelBg-NX99JDrP.jpg  
  inflating: /var/www/html/assets/fahad-CnovJc60.jpg  
  inflating: /var/www/html/assets/wasimAkramBg-D4BFEYu1.png  
  inflating: /var/www/html/assets/handShake-Dk1DoagP.webp  
  inflating: /var/www/html/assets/salman-DD3Zraly.jpg  
  inflating: /var/www/html/assets/dubai-Bmqq4ymj.jpg  
  inflating: /var/www/html/assets/rectanglePlaceholder-nCbViREl.png  
  inflating: /var/www/html/assets/placeholderMan-BvremNML.png  
  inflating: /var/www/html/assets/MainLogo-DJpFhlQE.png  
 extracting: /var/www/html/assets/goldenCheck-CnSHOmXW.webp  
  inflating: /var/www/html/assets/verifiedBadge-CrcJq1tD.webp  
  inflating: /var/www/html/assets/wasim-ETjjiRaD.jpg  
  inflating: /var/www/html/assets/tower-gldBe0jJ.webp  
  inflating: /var/www/html/assets/tech-BdWyL5Pa.jpg  
  inflating: /var/www/html/assets/tower2-LuqAcWCu.jpg  
  inflating: /var/www/html/assets/tower3-DpFzgoGy.jpg  
  inflating: /var/www/html/assets/Fav-BPcykgsi.png  
  inflating: /var/www/html/assets/proposal2-B9XZZX50.webp  
  inflating: /var/www/html/assets/proposal3-fxAFZeku.webp  
  inflating: /var/www/html/assets/proposal6-wLmvSjqd.webp  
  inflating: /var/www/html/assets/proposal5-DItum-r7.webp  
  inflating: /var/www/html/assets/proposal4-CZk7QC75.webp  
  inflating: /var/www/html/assets/proposal1-D37fvLUu.webp  
  inflating: /var/www/html/assets/wasimAkram-CBOcRO9q.png  
  inflating: /var/www/html/assets/index-BiTqy95M.css  
  inflating: /var/www/html/assets/index-DArY9T9P.js  
  inflating: /var/www/html/assets/Landing-DmWHWSgs.js  
  inflating: /var/www/html/assets/index-CI-euEf8.js  
  inflating: /var/www/html/assets/index-DoYrrFkg.js  
  inflating: /var/www/html/assets/index-wrV165Bf.js  
  inflating: /var/www/html/assets/index-DEyUDTOn.js  
  inflating: /var/www/html/assets/Header-BXn7IbXX.js  
  inflating: /var/www/html/assets/SignUp-DKQkGIzs.js  
  inflating: /var/www/html/assets/ForgotPassword-CAV9cwBB.js  
  inflating: /var/www/html/assets/VerifyUserEmail-B-zk3VP5.js  
  inflating: /var/www/html/assets/ResetPassword-DGPzZ3ev.js  
  inflating: /var/www/html/assets/ContactSupport-DBsty93q.js  
  inflating: /var/www/html/assets/AuthCallback-CZmn9b0V.js  
  inflating: /var/www/html/assets/SelectRole-pdwYw3tp.js  
  inflating: /var/www/html/assets/Login-Dju8pAQL.js  
  inflating: /var/www/html/assets/index-Cl7stUpd.js  
  inflating: /var/www/html/assets/index-DgelmEkm.js  
  inflating: /var/www/html/assets/Profile-Bv4g5FrV.js  
  inflating: /var/www/html/assets/index-BoKE1Sc2.js  
  inflating: /var/www/html/assets/index-BpWdFAMO.js  
  inflating: /var/www/html/assets/EditInvestor-DCUQaqoJ.js  
  inflating: /var/www/html/assets/index-DJLOQPBG.js  
  inflating: /var/www/html/assets/globe-DvkI_Ykk.js  
  inflating: /var/www/html/assets/FilterDrawer-BRCJ28YC.js  
  inflating: /var/www/html/assets/label-q0mQ8zDk.js  
  inflating: /var/www/html/assets/EditFounder-ByxNV_cu.js  
  inflating: /var/www/html/assets/index-Wtbnj88K.js  
  inflating: /var/www/html/assets/index-Dntprz4W.js  
  inflating: /var/www/html/assets/user-plus-twv3UxX9.js  
  inflating: /var/www/html/assets/log-in-DdBn8U6v.js  
  inflating: /var/www/html/assets/ban-D_ejXzoG.js  
  inflating: /var/www/html/assets/phone-BGxK8wu8.js  
  inflating: /var/www/html/assets/pencil-CUDXvwZ3.js  
  inflating: /var/www/html/assets/index-ChZcA9VX.js  
  inflating: /var/www/html/assets/ViewBusinessProposal-DoIe2yOI.js  
  inflating: /var/www/html/assets/index-D1gDGsJL.js  
  inflating: /var/www/html/assets/ToggleChips-Chi5p_Pq.js  
  inflating: /var/www/html/assets/index-DvzBaNvZ.js  
  inflating: /var/www/html/assets/useDebounce-BaAi4_4A.js  
  inflating: /var/www/html/assets/CreateNewBatch-I4vAxbse.js  
  inflating: /var/www/html/assets/sparkles-QRsF5pv-.js  
  inflating: /var/www/html/assets/map-pin-DCq_3esH.js  
  inflating: /var/www/html/assets/shield-check-BAW6XDmQ.js  
  inflating: /var/www/html/assets/CkEditor-DcvfYORf.js  
  inflating: /var/www/html/assets/mail-DO3VTZy2.js  
  inflating: /var/www/html/assets/table-BV-4k8sp.js  
  inflating: /var/www/html/assets/Dashboard-zySKkYps.js  
  inflating: /var/www/html/assets/SimplifiedProfile-BdqnSCdh.js  
  inflating: /var/www/html/assets/index-DofcwFo1.js  
  inflating: /var/www/html/assets/index-DbfPn1mY.js  
  inflating: /var/www/html/assets/GetMoreDetailsModal-C8-oIDwP.js  
  inflating: /var/www/html/assets/trending-up-BpP_No-T.js  
  inflating: /var/www/html/assets/LegalModal-CYuR1zgS.js  
  inflating: /var/www/html/assets/index-DHOG5TB5.js  
  inflating: /var/www/html/assets/dialog-FAD86p5x.js  
  inflating: /var/www/html/assets/download-C9GxQ5CQ.js  
  inflating: /var/www/html/assets/index-CbkyoSyc.js  
  inflating: /var/www/html/assets/index--eJRMXgy.js  
  inflating: /var/www/html/assets/index-D1lvSgo2.js  
  inflating: /var/www/html/assets/InfoBox-CEf1imix.js  
  inflating: /var/www/html/assets/input-JRuU_4Dl.js  
  inflating: /var/www/html/assets/info-BLAviJSp.js  
  inflating: /var/www/html/assets/circle-alert-D97peC1r.js  
  inflating: /var/www/html/assets/FileUploader-BUoITfP5.js  
  inflating: /var/www/html/assets/select-3f_-gTSU.js  
  inflating: /var/www/html/assets/textarea-BzhsUWar.js  
  inflating: /var/www/html/assets/link-qF6d1tyj.js  
  inflating: /var/www/html/assets/eye-D-NTLZfe.js  
  inflating: /var/www/html/assets/trash-2-mDprtPgm.js  
  inflating: /var/www/html/assets/index-Cs16mL7E.js  
  inflating: /var/www/html/assets/index-Bs6IwCq3.js  
  inflating: /var/www/html/assets/topCards-DRvxSP9W.js  
  inflating: /var/www/html/assets/card-BVjINPk0.js  
  inflating: /var/www/html/assets/ImageUploader-0mepuLNN.js  
  inflating: /var/www/html/assets/upload-DZBqr7Ca.js  
  inflating: /var/www/html/assets/EmptyState-B9JVrToL.js  
  inflating: /var/www/html/assets/toolbar-CXaOYMaw.js  
  inflating: /var/www/html/assets/message-square-DoD3zbZe.js  
  inflating: /var/www/html/assets/tooltip-CAc_jLOZ.js  
  inflating: /var/www/html/assets/square-pen-Cr6Tf6bS.js  
  inflating: /var/www/html/assets/chevron-left-BJn_WL72.js  
  inflating: /var/www/html/assets/checkbox-CoNP321k.js  
  inflating: /var/www/html/assets/plus-IMaKJA7Y.js  
  inflating: /var/www/html/assets/file-text-DC5W_yRo.js  
  inflating: /var/www/html/assets/businessProposalCard-DGMV7qTN.js  
  inflating: /var/www/html/assets/Tabs-fjXasOxd.js  
  inflating: /var/www/html/assets/circle-x-6LtIFzNG.js  
  inflating: /var/www/html/assets/target-B4wKr05N.js  
  inflating: /var/www/html/assets/Stepper-Haqz3lZw.js  
  inflating: /var/www/html/assets/package-BD329q2v.js  
  inflating: /var/www/html/assets/ContactSupportModal-CmtOifF_.js  
  inflating: /var/www/html/assets/index-ClfnL7Zb.js  
  inflating: /var/www/html/assets/Dashboard-B5yOQVjL.js  
  inflating: /var/www/html/assets/index-BxcuH5g3.js  
  inflating: /var/www/html/assets/index-BqwR0iuS.js  
  inflating: /var/www/html/assets/index-CNpHQ156.js  
  inflating: /var/www/html/assets/xlsx-DGuHH-KN.js  
  inflating: /var/www/html/index.html  
Saving Git logs repo SSH key...
Testing GitHub SSH key...
Cloning deployment-logs repo...
Cloning into 'logs-repo'...
