Installing dependencies...
npm warn deprecated w3c-hr-time@1.0.2: Use your platform's native performance.now() and performance.timeOrigin.
npm warn deprecated domexception@2.0.1: Use your platform's native DOMException instead
npm warn deprecated abab@2.0.6: Use your platform's native atob() and btoa() methods instead

> the-business-hub-pakistan@0.0.0 prepare
> husky

.git can't be found
added 1810 packages, and audited 1811 packages in 6m

253 packages are looking for funding
  run `npm fund` for details

79 vulnerabilities (3 low, 71 moderate, 5 high)

To address issues that do not require attention, run:
  npm audit fix

To address all issues possible (including breaking changes), run:
  npm audit fix --force

Some issues need review, and may require choosing
a different dependency.

Run `npm audit` for details.
Building React app...

> the-business-hub-pakistan@0.0.0 build
> vite build

vite v7.1.11 building for production...
transforming...
✓ 3126 modules transformed.
rendering chunks...
computing gzip size...
dist/index.html                                    2.18 kB │ gzip:   1.05 kB
dist/assets/verifiedBadge-CrcJq1tD.webp           10.83 kB
dist/assets/rectanglePlaceholder-nCbViREl.png     11.85 kB
dist/assets/goldenCheck-CnSHOmXW.webp             13.45 kB
dist/assets/irfanMalikBg-D4osmO_C.jpg             24.66 kB
dist/assets/proposal6-wLmvSjqd.webp               28.15 kB
dist/assets/placeholderMan-BvremNML.png           36.64 kB
dist/assets/handShake-Dk1DoagP.webp               65.18 kB
dist/assets/tower-gldBe0jJ.webp                   66.16 kB
dist/assets/tower2-LuqAcWCu.jpg                   72.52 kB
dist/assets/shakeelBg-NX99JDrP.jpg               143.15 kB
dist/assets/MainLogo-DJpFhlQE.png                144.86 kB
dist/assets/Fav-BPcykgsi.png                     147.34 kB
dist/assets/akhtar-qLBVRLf-.jpg                  173.92 kB
dist/assets/proposal5-DItum-r7.webp              174.24 kB
dist/assets/tower3-DpFzgoGy.jpg                  175.56 kB
dist/assets/proposal2-B9XZZX50.webp              192.62 kB
dist/assets/meerShinyDress-C8scZpYx.webp         229.68 kB
dist/assets/meerGreenJacket-ykCKR2uN.png         230.19 kB
dist/assets/arabic-BElshnQY.jpg                  238.42 kB
dist/assets/wasim-ETjjiRaD.jpg                   242.26 kB
dist/assets/salman-DD3Zraly.jpg                  255.18 kB
dist/assets/fahad-CnovJc60.jpg                   278.62 kB
dist/assets/tech-BdWyL5Pa.jpg                    281.71 kB
dist/assets/dubai-Bmqq4ymj.jpg                   311.77 kB
dist/assets/wasimAkramBg-D4BFEYu1.png            313.57 kB
dist/assets/video-poster-DrQklN8e.png            367.51 kB
dist/assets/proposal3-fxAFZeku.webp              445.47 kB
dist/assets/proposal4-CZk7QC75.webp              542.86 kB
dist/assets/proposal1-D37fvLUu.webp              779.05 kB
dist/assets/wasimAkram-CBOcRO9q.png            4,488.96 kB
dist/assets/BlogDetail-oNXnMkFG.css                0.63 kB │ gzip:   0.26 kB
dist/assets/style-DpsRipQV.css                     3.23 kB │ gzip:   0.73 kB
dist/assets/index-CLfW2zMP.css                   157.41 kB │ gzip:  21.48 kB
dist/assets/blogs-ChqPogSE.js                      0.04 kB │ gzip:   0.06 kB
dist/assets/webinarBanner-XLbHXaFF.js              0.17 kB │ gzip:   0.15 kB
dist/assets/useDebounce-rNeH3Zdv.js                0.19 kB │ gzip:   0.17 kB
dist/assets/plus-BNOwsBd8.js                       0.33 kB │ gzip:   0.25 kB
dist/assets/arrow-left-D_PuJjoe.js                 0.34 kB │ gzip:   0.27 kB
dist/assets/circle-check-Bglw77SB.js               0.35 kB │ gzip:   0.27 kB
dist/assets/trending-up-BW2L9qW2.js                0.35 kB │ gzip:   0.27 kB
dist/assets/ban-BF1k6UWV.js                        0.35 kB │ gzip:   0.28 kB
dist/assets/info-D29cxiVZ.js                       0.37 kB │ gzip:   0.28 kB
dist/assets/rotate-ccw-CSVzxHHr.js                 0.37 kB │ gzip:   0.29 kB
dist/assets/circle-x-CBOmC6wX.js                   0.38 kB │ gzip:   0.28 kB
dist/assets/upload-CqccS60K.js                     0.40 kB │ gzip:   0.30 kB
dist/assets/index-D4o3MCiy.js                      0.41 kB │ gzip:   0.29 kB
dist/assets/index-CB4VSXRT.js                      0.41 kB │ gzip:   0.30 kB
dist/assets/globe-4rR3LHyc.js                      0.41 kB │ gzip:   0.29 kB
dist/assets/headphones-DNyseZEr.js                 0.41 kB │ gzip:   0.29 kB
dist/assets/message-circle-D3HNxa-r.js             0.41 kB │ gzip:   0.32 kB
dist/assets/Dashboard-C_ag7J6J.js                  0.42 kB │ gzip:   0.29 kB
dist/assets/Dashboard-BiGkfMox.js                  0.42 kB │ gzip:   0.29 kB
dist/assets/circle-alert-C5E_YaBE.js               0.42 kB │ gzip:   0.29 kB
dist/assets/external-link-q7ibzOaY.js              0.42 kB │ gzip:   0.30 kB
dist/assets/funnel-DUXz7AUe.js                     0.42 kB │ gzip:   0.31 kB
dist/assets/calendar-c_W30Wpy.js                   0.43 kB │ gzip:   0.31 kB
dist/assets/pencil-BSbSStvB.js                     0.45 kB │ gzip:   0.33 kB
dist/assets/bookmark-plus-xuhiTPAF.js              0.45 kB │ gzip:   0.32 kB
dist/assets/hash-D35Qa0tF.js                       0.47 kB │ gzip:   0.30 kB
dist/assets/shield-check-9xgEuQ3b.js               0.49 kB │ gzip:   0.35 kB
dist/assets/tag-CNTAhJtd.js                        0.49 kB │ gzip:   0.35 kB
dist/assets/support-ticket-events-C-yqNAdD.js      0.50 kB │ gzip:   0.37 kB
dist/assets/sparkles-DgJAMaMt.js                   0.67 kB │ gzip:   0.39 kB
dist/assets/meta-pixel-CAHtMBtr.js                 0.82 kB │ gzip:   0.37 kB
dist/assets/CkEditor-qYWLvq-v.js                   0.85 kB │ gzip:   0.53 kB
dist/assets/InfoBox-DMKNgU6a.js                    0.86 kB │ gzip:   0.43 kB
dist/assets/CurrencyWithApprox-DlNnICfZ.js         0.91 kB │ gzip:   0.52 kB
dist/assets/Tabs-5E8jJi-X.js                       1.23 kB │ gzip:   0.65 kB
dist/assets/Pagination-D8BM3kPU.js                 1.32 kB │ gzip:   0.72 kB
dist/assets/ToggleChips-Cuj3uSLC.js                1.68 kB │ gzip:   0.83 kB
dist/assets/topCards-BsVy_FAx.js                   1.71 kB │ gzip:   0.75 kB
dist/assets/ForgotPassword-CnAcLVkL.js             2.11 kB │ gzip:   1.06 kB
dist/assets/FounderThankYou-DbXSolJe.js            2.22 kB │ gzip:   1.08 kB
dist/assets/FilterDrawer-D590yL8H.js               2.26 kB │ gzip:   0.96 kB
dist/assets/ResetPassword-DEDjSKcT.js              2.34 kB │ gzip:   1.04 kB
dist/assets/InvestorThankYou-Ct_paYz6.js           2.35 kB │ gzip:   1.15 kB
dist/assets/MultipleImageUploader-BdDytRBe.js      2.61 kB │ gzip:   1.14 kB
dist/assets/toolbar-D3NQ0Mjg.js                    2.69 kB │ gzip:   1.15 kB
dist/assets/AuthCallback-Cdi34OcQ.js               2.71 kB │ gzip:   1.29 kB
dist/assets/ImageUploader-CkhZUov5.js              2.74 kB │ gzip:   1.18 kB
dist/assets/index-bbtSv-IW.js                      2.86 kB │ gzip:   1.36 kB
dist/assets/index-CofNjo3R.js                      2.99 kB │ gzip:   1.50 kB
dist/assets/index-Dy0CO371.js                      3.06 kB │ gzip:   1.48 kB
dist/assets/index-Bj7n1X8h.js                      3.19 kB │ gzip:   1.52 kB
dist/assets/supabase-bulk-emails-pSE2HHgw.js       3.26 kB │ gzip:   1.20 kB
dist/assets/index-DygUljmT.js                      3.48 kB │ gzip:   1.67 kB
dist/assets/index-5elHIu35.js                      3.51 kB │ gzip:   1.61 kB
dist/assets/index-k9ngle-Z.js                      3.80 kB │ gzip:   1.82 kB
dist/assets/target-audience-BCaxmFZV.js            4.02 kB │ gzip:   1.16 kB
dist/assets/index-D9beOKnM.js                      4.34 kB │ gzip:   1.97 kB
dist/assets/index-CON9sr6D.js                      4.35 kB │ gzip:   1.98 kB
dist/assets/index-CBnnUuoz.js                      4.51 kB │ gzip:   2.06 kB
dist/assets/ContactSupport-Beg2xGvL.js             4.63 kB │ gzip:   1.93 kB
dist/assets/Stepper-D0wGW7Pj.js                    4.66 kB │ gzip:   2.02 kB
dist/assets/Login-CaEYbpvQ.js                      4.74 kB │ gzip:   1.95 kB
dist/assets/index-CvL1hsI1.js                      5.07 kB │ gzip:   2.18 kB
dist/assets/CreateBlog-D6UCR6OK.js                 5.16 kB │ gzip:   2.20 kB
dist/assets/AllBlogs-BDj_0b6R.js                   5.17 kB │ gzip:   2.06 kB
dist/assets/SelectRole-f_KxpX54.js                 5.41 kB │ gzip:   2.29 kB
dist/assets/HelpPageContent-DZ7YtPRD.js            5.51 kB │ gzip:   2.00 kB
dist/assets/index-BMTxD9WP.js                      5.53 kB │ gzip:   2.51 kB
dist/assets/VerifyUserEmail-P8iMLTjY.js            5.82 kB │ gzip:   2.08 kB
dist/assets/EditBlog-CR8h4oaD.js                   6.02 kB │ gzip:   2.57 kB
dist/assets/ViewRemindersModal-DYVJXb5f.js         6.22 kB │ gzip:   2.34 kB
dist/assets/Profile-D_lCfoV2.js                    6.86 kB │ gzip:   2.19 kB
dist/assets/SignUp-BlLl8y8n.js                     7.08 kB │ gzip:   2.66 kB
dist/assets/CreateTargetAudience-2y3c2tY2.js       7.35 kB │ gzip:   2.67 kB
dist/assets/index-Cs0Szflc.js                      8.01 kB │ gzip:   2.95 kB
dist/assets/EditTargetAudience-BW9BP1L_.js         8.76 kB │ gzip:   2.95 kB
dist/assets/index-D1pUEZGz.js                      9.23 kB │ gzip:   3.81 kB
dist/assets/index-DIz3cpqG.js                      9.77 kB │ gzip:   3.61 kB
dist/assets/index-BcVAZzkL.js                      9.93 kB │ gzip:   3.22 kB
dist/assets/businessProposalCard-CtpwRcmk.js      10.05 kB │ gzip:   3.50 kB
dist/assets/table-D_7IgNWA.js                     10.99 kB │ gzip:   3.44 kB
dist/assets/TicketDetailPage-cwVaXwPC.js          12.90 kB │ gzip:   4.06 kB
dist/assets/SimplifiedProfile-mg-xJeAQ.js         13.76 kB │ gzip:   3.64 kB
dist/assets/index-B1IP3ERl.js                     15.97 kB │ gzip:   4.94 kB
dist/assets/EditFounder-ChDEZI_y.js               18.01 kB │ gzip:   4.38 kB
dist/assets/index-dg_7ULnB.js                     18.43 kB │ gzip:   5.93 kB
dist/assets/EditInvestor-CbG1TTZP.js              18.98 kB │ gzip:   4.65 kB
dist/assets/CreateNewBatch-B_tCmPCK.js            20.01 kB │ gzip:   5.13 kB
dist/assets/index-C9Vehduv.js                     20.08 kB │ gzip:   6.61 kB
dist/assets/index-hiAl00NC.js                     20.13 kB │ gzip:   5.41 kB
dist/assets/BlogDetail-LJZC08h0.js                21.41 kB │ gzip:   8.67 kB
dist/assets/index-c3Z_YkuL.js                     22.92 kB │ gzip:   6.81 kB
dist/assets/index-Dji2E6J_.js                     23.60 kB │ gzip:   7.35 kB
dist/assets/ViewBusinessProposal-CKThv3S-.js      25.92 kB │ gzip:   6.38 kB
dist/assets/index-BY3IKZKs.js                     29.46 kB │ gzip:   9.03 kB
dist/assets/Landing-CRZdOjdd.js                  152.11 kB │ gzip:  53.64 kB
dist/assets/xlsx-DGuHH-KN.js                     429.49 kB │ gzip: 143.07 kB
dist/assets/index-CvQlz6HT.js                    637.97 kB │ gzip: 171.15 kB
dist/assets/index-BLnJeihR.js                  2,836.85 kB │ gzip: 758.00 kB

(!) Some chunks are larger than 1500 kB after minification. Consider:
- Using dynamic import() to code-split the application
- Use build.rollupOptions.output.manualChunks to improve chunking: https://rollupjs.org/configuration-options/#output-manualchunks
- Adjust chunk size limit for this warning via build.chunkSizeWarningLimit.
✓ built in 18.77s
Packaging build...
  adding: favicon.ico (deflated 13%)
  adding: robots.txt (deflated 3%)
  adding: sitemap.xml (deflated 60%)
  adding: assets/ (stored 0%)
  adding: assets/video-poster-DrQklN8e.png (deflated 0%)
  adding: assets/irfanMalikBg-D4osmO_C.jpg (deflated 1%)
  adding: assets/shakeelBg-NX99JDrP.jpg (deflated 0%)
  adding: assets/meerShinyDress-C8scZpYx.webp (deflated 0%)
  adding: assets/akhtar-qLBVRLf-.jpg (deflated 1%)
  adding: assets/arabic-BElshnQY.jpg (deflated 0%)
  adding: assets/wasimAkramBg-D4BFEYu1.png (deflated 0%)
  adding: assets/meerGreenJacket-ykCKR2uN.png (deflated 0%)
  adding: assets/fahad-CnovJc60.jpg (deflated 0%)
  adding: assets/dubai-Bmqq4ymj.jpg (deflated 0%)
  adding: assets/salman-DD3Zraly.jpg (deflated 0%)
  adding: assets/wasim-ETjjiRaD.jpg (deflated 0%)
  adding: assets/tech-BdWyL5Pa.jpg (deflated 0%)
  adding: assets/rectanglePlaceholder-nCbViREl.png (deflated 31%)
  adding: assets/Fav-BPcykgsi.png (deflated 5%)
  adding: assets/MainLogo-DJpFhlQE.png (deflated 4%)
  adding: assets/goldenCheck-CnSHOmXW.webp (stored 0%)
  adding: assets/handShake-Dk1DoagP.webp (deflated 0%)
  adding: assets/tower-gldBe0jJ.webp (deflated 0%)
  adding: assets/tower2-LuqAcWCu.jpg (deflated 2%)
  adding: assets/tower3-DpFzgoGy.jpg (deflated 0%)
  adding: assets/proposal2-B9XZZX50.webp (deflated 3%)
  adding: assets/proposal3-fxAFZeku.webp (deflated 1%)
  adding: assets/proposal5-DItum-r7.webp (deflated 4%)
  adding: assets/proposal6-wLmvSjqd.webp (deflated 0%)
  adding: assets/placeholderMan-BvremNML.png (deflated 3%)
  adding: assets/verifiedBadge-CrcJq1tD.webp (deflated 1%)
  adding: assets/proposal4-CZk7QC75.webp (deflated 1%)
  adding: assets/proposal1-D37fvLUu.webp (deflated 1%)
  adding: assets/wasimAkram-CBOcRO9q.png (deflated 1%)
  adding: assets/index-CLfW2zMP.css (deflated 86%)
  adding: assets/BlogDetail-oNXnMkFG.css (deflated 62%)
  adding: assets/style-DpsRipQV.css (deflated 78%)
  adding: assets/index-BLnJeihR.js (deflated 73%)
  adding: assets/xlsx-DGuHH-KN.js (deflated 67%)
  adding: assets/Landing-CRZdOjdd.js (deflated 65%)
  adding: assets/BlogDetail-LJZC08h0.js (deflated 60%)
  adding: assets/AllBlogs-BDj_0b6R.js (deflated 60%)
  adding: assets/index-CofNjo3R.js (deflated 50%)
  adding: assets/index-bbtSv-IW.js (deflated 53%)
  adding: assets/index-Bj7n1X8h.js (deflated 53%)
  adding: assets/index-Dy0CO371.js (deflated 52%)
  adding: assets/index-5elHIu35.js (deflated 54%)
  adding: assets/SignUp-BlLl8y8n.js (deflated 63%)
  adding: assets/ForgotPassword-CnAcLVkL.js (deflated 51%)
  adding: assets/VerifyUserEmail-P8iMLTjY.js (deflated 64%)
  adding: assets/ResetPassword-DEDjSKcT.js (deflated 56%)
  adding: assets/ContactSupport-Beg2xGvL.js (deflated 59%)
  adding: assets/AuthCallback-Cdi34OcQ.js (deflated 53%)
  adding: assets/SelectRole-f_KxpX54.js (deflated 58%)
  adding: assets/InvestorThankYou-Ct_paYz6.js (deflated 51%)
  adding: assets/FounderThankYou-DbXSolJe.js (deflated 52%)
  adding: assets/Login-CaEYbpvQ.js (deflated 59%)
  adding: assets/Profile-D_lCfoV2.js (deflated 68%)
  adding: assets/index-BMTxD9WP.js (deflated 55%)
  adding: assets/index-BY3IKZKs.js (deflated 70%)
  adding: assets/EditInvestor-CbG1TTZP.js (deflated 76%)
  adding: assets/index-Dji2E6J_.js (deflated 69%)
  adding: assets/ViewRemindersModal-DYVJXb5f.js (deflated 63%)
  adding: assets/tag-CNTAhJtd.js (deflated 34%)
  adding: assets/EditFounder-ChDEZI_y.js (deflated 76%)
  adding: assets/index-D1pUEZGz.js (deflated 59%)
  adding: assets/index-C9Vehduv.js (deflated 67%)
  adding: assets/index-dg_7ULnB.js (deflated 68%)
  adding: assets/ViewBusinessProposal-CKThv3S-.js (deflated 75%)
  adding: assets/circle-check-Bglw77SB.js (deflated 27%)
  adding: assets/index-c3Z_YkuL.js (deflated 70%)
  adding: assets/meta-pixel-CAHtMBtr.js (deflated 57%)
  adding: assets/shield-check-9xgEuQ3b.js (deflated 32%)
  adding: assets/sparkles-DgJAMaMt.js (deflated 45%)
  adding: assets/trending-up-BW2L9qW2.js (deflated 26%)
  adding: assets/globe-4rR3LHyc.js (deflated 33%)
  adding: assets/blogs-ChqPogSE.js (stored 0%)
  adding: assets/calendar-c_W30Wpy.js (deflated 33%)
  adding: assets/index-DygUljmT.js (deflated 53%)
  adding: assets/message-circle-D3HNxa-r.js (deflated 28%)
  adding: assets/arrow-left-D_PuJjoe.js (deflated 26%)
  adding: assets/InfoBox-DMKNgU6a.js (deflated 51%)
  adding: assets/info-D29cxiVZ.js (deflated 30%)
  adding: assets/circle-alert-C5E_YaBE.js (deflated 36%)
  adding: assets/index-CvQlz6HT.js (deflated 73%)
  adding: assets/topCards-BsVy_FAx.js (deflated 58%)
  adding: assets/webinarBanner-XLbHXaFF.js (deflated 25%)
  adding: assets/CurrencyWithApprox-DlNnICfZ.js (deflated 45%)
  adding: assets/ImageUploader-CkhZUov5.js (deflated 58%)
  adding: assets/external-link-q7ibzOaY.js (deflated 32%)
  adding: assets/upload-CqccS60K.js (deflated 31%)
  adding: assets/table-D_7IgNWA.js (deflated 69%)
  adding: assets/toolbar-D3NQ0Mjg.js (deflated 58%)
  adding: assets/useDebounce-rNeH3Zdv.js (deflated 22%)
  adding: assets/support-ticket-events-C-yqNAdD.js (deflated 30%)
  adding: assets/headphones-DNyseZEr.js (deflated 34%)
  adding: assets/Pagination-D8BM3kPU.js (deflated 47%)
  adding: assets/funnel-DUXz7AUe.js (deflated 30%)
  adding: assets/FilterDrawer-D590yL8H.js (deflated 58%)
  adding: assets/rotate-ccw-CSVzxHHr.js (deflated 28%)
  adding: assets/ToggleChips-Cuj3uSLC.js (deflated 52%)
  adding: assets/circle-x-CBOmC6wX.js (deflated 31%)
  adding: assets/businessProposalCard-CtpwRcmk.js (deflated 66%)
  adding: assets/pencil-BSbSStvB.js (deflated 31%)
  adding: assets/ban-BF1k6UWV.js (deflated 27%)
  adding: assets/plus-BNOwsBd8.js (deflated 28%)
  adding: assets/Tabs-5E8jJi-X.js (deflated 49%)
  adding: assets/Stepper-D0wGW7Pj.js (deflated 57%)
  adding: assets/MultipleImageUploader-BdDytRBe.js (deflated 57%)
  adding: assets/index-BcVAZzkL.js (deflated 68%)
  adding: assets/supabase-bulk-emails-pSE2HHgw.js (deflated 64%)
  adding: assets/CreateNewBatch-B_tCmPCK.js (deflated 74%)
  adding: assets/CkEditor-qYWLvq-v.js (deflated 40%)
  adding: assets/target-audience-BCaxmFZV.js (deflated 72%)
  adding: assets/index-D9beOKnM.js (deflated 55%)
  adding: assets/CreateTargetAudience-2y3c2tY2.js (deflated 64%)
  adding: assets/EditTargetAudience-BW9BP1L_.js (deflated 67%)
  adding: assets/index-CvL1hsI1.js (deflated 57%)
  adding: assets/CreateBlog-D6UCR6OK.js (deflated 58%)
  adding: assets/EditBlog-CR8h4oaD.js (deflated 57%)
  adding: assets/index-B1IP3ERl.js (deflated 69%)
  adding: assets/index-Cs0Szflc.js (deflated 64%)
  adding: assets/Dashboard-BiGkfMox.js (deflated 37%)
  adding: assets/SimplifiedProfile-mg-xJeAQ.js (deflated 74%)
  adding: assets/index-CB4VSXRT.js (deflated 32%)
  adding: assets/HelpPageContent-DZ7YtPRD.js (deflated 64%)
  adding: assets/hash-D35Qa0tF.js (deflated 41%)
  adding: assets/index-CBnnUuoz.js (deflated 55%)
  adding: assets/bookmark-plus-xuhiTPAF.js (deflated 33%)
  adding: assets/index-k9ngle-Z.js (deflated 52%)
  adding: assets/index-CON9sr6D.js (deflated 55%)
  adding: assets/Dashboard-C_ag7J6J.js (deflated 37%)
  adding: assets/index-hiAl00NC.js (deflated 73%)
  adding: assets/index-DIz3cpqG.js (deflated 63%)
  adding: assets/index-D4o3MCiy.js (deflated 33%)
  adding: assets/TicketDetailPage-cwVaXwPC.js (deflated 69%)
  adding: index.html (deflated 52%)
Saving Lightsail SSH key...
Uploading build to Lightsail...
Warning: Permanently added '15.207.22.250' (ED25519) to the list of known hosts.
Deploying build to /var/www/html ...
Archive:  /home/ubuntu/react-build.zip
  inflating: /var/www/html/favicon.ico  
  inflating: /var/www/html/robots.txt  
  inflating: /var/www/html/sitemap.xml  
   creating: /var/www/html/assets/
  inflating: /var/www/html/assets/video-poster-DrQklN8e.png  
  inflating: /var/www/html/assets/irfanMalikBg-D4osmO_C.jpg  
  inflating: /var/www/html/assets/shakeelBg-NX99JDrP.jpg  
  inflating: /var/www/html/assets/meerShinyDress-C8scZpYx.webp  
  inflating: /var/www/html/assets/akhtar-qLBVRLf-.jpg  
  inflating: /var/www/html/assets/arabic-BElshnQY.jpg  
  inflating: /var/www/html/assets/wasimAkramBg-D4BFEYu1.png  
  inflating: /var/www/html/assets/meerGreenJacket-ykCKR2uN.png  
  inflating: /var/www/html/assets/fahad-CnovJc60.jpg  
  inflating: /var/www/html/assets/dubai-Bmqq4ymj.jpg  
  inflating: /var/www/html/assets/salman-DD3Zraly.jpg  
  inflating: /var/www/html/assets/wasim-ETjjiRaD.jpg  
  inflating: /var/www/html/assets/tech-BdWyL5Pa.jpg  
  inflating: /var/www/html/assets/rectanglePlaceholder-nCbViREl.png  
  inflating: /var/www/html/assets/Fav-BPcykgsi.png  
  inflating: /var/www/html/assets/MainLogo-DJpFhlQE.png  
 extracting: /var/www/html/assets/goldenCheck-CnSHOmXW.webp  
  inflating: /var/www/html/assets/handShake-Dk1DoagP.webp  
  inflating: /var/www/html/assets/tower-gldBe0jJ.webp  
  inflating: /var/www/html/assets/tower2-LuqAcWCu.jpg  
  inflating: /var/www/html/assets/tower3-DpFzgoGy.jpg  
  inflating: /var/www/html/assets/proposal2-B9XZZX50.webp  
  inflating: /var/www/html/assets/proposal3-fxAFZeku.webp  
  inflating: /var/www/html/assets/proposal5-DItum-r7.webp  
  inflating: /var/www/html/assets/proposal6-wLmvSjqd.webp  
  inflating: /var/www/html/assets/placeholderMan-BvremNML.png  
  inflating: /var/www/html/assets/verifiedBadge-CrcJq1tD.webp  
  inflating: /var/www/html/assets/proposal4-CZk7QC75.webp  
  inflating: /var/www/html/assets/proposal1-D37fvLUu.webp  
  inflating: /var/www/html/assets/wasimAkram-CBOcRO9q.png  
  inflating: /var/www/html/assets/index-CLfW2zMP.css  
  inflating: /var/www/html/assets/BlogDetail-oNXnMkFG.css  
  inflating: /var/www/html/assets/style-DpsRipQV.css  
  inflating: /var/www/html/assets/index-BLnJeihR.js  
  inflating: /var/www/html/assets/xlsx-DGuHH-KN.js  
  inflating: /var/www/html/assets/Landing-CRZdOjdd.js  
  inflating: /var/www/html/assets/BlogDetail-LJZC08h0.js  
  inflating: /var/www/html/assets/AllBlogs-BDj_0b6R.js  
  inflating: /var/www/html/assets/index-CofNjo3R.js  
  inflating: /var/www/html/assets/index-bbtSv-IW.js  
  inflating: /var/www/html/assets/index-Bj7n1X8h.js  
  inflating: /var/www/html/assets/index-Dy0CO371.js  
  inflating: /var/www/html/assets/index-5elHIu35.js  
  inflating: /var/www/html/assets/SignUp-BlLl8y8n.js  
  inflating: /var/www/html/assets/ForgotPassword-CnAcLVkL.js  
  inflating: /var/www/html/assets/VerifyUserEmail-P8iMLTjY.js  
  inflating: /var/www/html/assets/ResetPassword-DEDjSKcT.js  
  inflating: /var/www/html/assets/ContactSupport-Beg2xGvL.js  
  inflating: /var/www/html/assets/AuthCallback-Cdi34OcQ.js  
  inflating: /var/www/html/assets/SelectRole-f_KxpX54.js  
  inflating: /var/www/html/assets/InvestorThankYou-Ct_paYz6.js  
  inflating: /var/www/html/assets/FounderThankYou-DbXSolJe.js  
  inflating: /var/www/html/assets/Login-CaEYbpvQ.js  
  inflating: /var/www/html/assets/Profile-D_lCfoV2.js  
  inflating: /var/www/html/assets/index-BMTxD9WP.js  
  inflating: /var/www/html/assets/index-BY3IKZKs.js  
  inflating: /var/www/html/assets/EditInvestor-CbG1TTZP.js  
  inflating: /var/www/html/assets/index-Dji2E6J_.js  
  inflating: /var/www/html/assets/ViewRemindersModal-DYVJXb5f.js  
  inflating: /var/www/html/assets/tag-CNTAhJtd.js  
  inflating: /var/www/html/assets/EditFounder-ChDEZI_y.js  
  inflating: /var/www/html/assets/index-D1pUEZGz.js  
  inflating: /var/www/html/assets/index-C9Vehduv.js  
  inflating: /var/www/html/assets/index-dg_7ULnB.js  
  inflating: /var/www/html/assets/ViewBusinessProposal-CKThv3S-.js  
  inflating: /var/www/html/assets/circle-check-Bglw77SB.js  
  inflating: /var/www/html/assets/index-c3Z_YkuL.js  
  inflating: /var/www/html/assets/meta-pixel-CAHtMBtr.js  
  inflating: /var/www/html/assets/shield-check-9xgEuQ3b.js  
  inflating: /var/www/html/assets/sparkles-DgJAMaMt.js  
  inflating: /var/www/html/assets/trending-up-BW2L9qW2.js  
  inflating: /var/www/html/assets/globe-4rR3LHyc.js  
 extracting: /var/www/html/assets/blogs-ChqPogSE.js  
  inflating: /var/www/html/assets/calendar-c_W30Wpy.js  
  inflating: /var/www/html/assets/index-DygUljmT.js  
  inflating: /var/www/html/assets/message-circle-D3HNxa-r.js  
  inflating: /var/www/html/assets/arrow-left-D_PuJjoe.js  
  inflating: /var/www/html/assets/InfoBox-DMKNgU6a.js  
  inflating: /var/www/html/assets/info-D29cxiVZ.js  
  inflating: /var/www/html/assets/circle-alert-C5E_YaBE.js  
  inflating: /var/www/html/assets/index-CvQlz6HT.js  
  inflating: /var/www/html/assets/topCards-BsVy_FAx.js  
  inflating: /var/www/html/assets/webinarBanner-XLbHXaFF.js  
  inflating: /var/www/html/assets/CurrencyWithApprox-DlNnICfZ.js  
  inflating: /var/www/html/assets/ImageUploader-CkhZUov5.js  
  inflating: /var/www/html/assets/external-link-q7ibzOaY.js  
  inflating: /var/www/html/assets/upload-CqccS60K.js  
  inflating: /var/www/html/assets/table-D_7IgNWA.js  
  inflating: /var/www/html/assets/toolbar-D3NQ0Mjg.js  
  inflating: /var/www/html/assets/useDebounce-rNeH3Zdv.js  
  inflating: /var/www/html/assets/support-ticket-events-C-yqNAdD.js  
  inflating: /var/www/html/assets/headphones-DNyseZEr.js  
  inflating: /var/www/html/assets/Pagination-D8BM3kPU.js  
  inflating: /var/www/html/assets/funnel-DUXz7AUe.js  
  inflating: /var/www/html/assets/FilterDrawer-D590yL8H.js  
  inflating: /var/www/html/assets/rotate-ccw-CSVzxHHr.js  
  inflating: /var/www/html/assets/ToggleChips-Cuj3uSLC.js  
  inflating: /var/www/html/assets/circle-x-CBOmC6wX.js  
  inflating: /var/www/html/assets/businessProposalCard-CtpwRcmk.js  
  inflating: /var/www/html/assets/pencil-BSbSStvB.js  
  inflating: /var/www/html/assets/ban-BF1k6UWV.js  
  inflating: /var/www/html/assets/plus-BNOwsBd8.js  
  inflating: /var/www/html/assets/Tabs-5E8jJi-X.js  
  inflating: /var/www/html/assets/Stepper-D0wGW7Pj.js  
  inflating: /var/www/html/assets/MultipleImageUploader-BdDytRBe.js  
  inflating: /var/www/html/assets/index-BcVAZzkL.js  
  inflating: /var/www/html/assets/supabase-bulk-emails-pSE2HHgw.js  
  inflating: /var/www/html/assets/CreateNewBatch-B_tCmPCK.js  
  inflating: /var/www/html/assets/CkEditor-qYWLvq-v.js  
  inflating: /var/www/html/assets/target-audience-BCaxmFZV.js  
  inflating: /var/www/html/assets/index-D9beOKnM.js  
  inflating: /var/www/html/assets/CreateTargetAudience-2y3c2tY2.js  
  inflating: /var/www/html/assets/EditTargetAudience-BW9BP1L_.js  
  inflating: /var/www/html/assets/index-CvL1hsI1.js  
  inflating: /var/www/html/assets/CreateBlog-D6UCR6OK.js  
  inflating: /var/www/html/assets/EditBlog-CR8h4oaD.js  
  inflating: /var/www/html/assets/index-B1IP3ERl.js  
  inflating: /var/www/html/assets/index-Cs0Szflc.js  
  inflating: /var/www/html/assets/Dashboard-BiGkfMox.js  
  inflating: /var/www/html/assets/SimplifiedProfile-mg-xJeAQ.js  
  inflating: /var/www/html/assets/index-CB4VSXRT.js  
  inflating: /var/www/html/assets/HelpPageContent-DZ7YtPRD.js  
  inflating: /var/www/html/assets/hash-D35Qa0tF.js  
  inflating: /var/www/html/assets/index-CBnnUuoz.js  
  inflating: /var/www/html/assets/bookmark-plus-xuhiTPAF.js  
  inflating: /var/www/html/assets/index-k9ngle-Z.js  
  inflating: /var/www/html/assets/index-CON9sr6D.js  
  inflating: /var/www/html/assets/Dashboard-C_ag7J6J.js  
  inflating: /var/www/html/assets/index-hiAl00NC.js  
  inflating: /var/www/html/assets/index-DIz3cpqG.js  
  inflating: /var/www/html/assets/index-D4o3MCiy.js  
  inflating: /var/www/html/assets/TicketDetailPage-cwVaXwPC.js  
  inflating: /var/www/html/index.html  
Module headers already enabled
<FilesMatch index.html$>
  Header set Cache-Control no-cache, no-store, must-revalidate
  Header set Pragma no-cache
  Header set Expires 0
</FilesMatch>
Saving Git logs repo SSH key...
Testing GitHub SSH key...
Cloning deployment-logs repo...
Cloning into 'logs-repo'...
