Installing dependencies...
npm warn deprecated w3c-hr-time@1.0.2: Use your platform's native performance.now() and performance.timeOrigin.
npm warn deprecated domexception@2.0.1: Use your platform's native DOMException instead
npm warn deprecated abab@2.0.6: Use your platform's native atob() and btoa() methods instead

added 1750 packages, and audited 1751 packages in 4m

222 packages are looking for funding
  run `npm fund` for details

52 vulnerabilities (51 moderate, 1 high)

To address issues that do not require attention, run:
  npm audit fix

To address all issues possible (including breaking changes), run:
  npm audit fix --force

Some issues need review, and may require choosing
a different dependency.

Run `npm audit` for details.
Building React app...

> boilerplate-code-react-js@0.0.0 build
> vite build

vite v7.1.11 building for production...
transforming...
✓ 2933 modules transformed.
rendering chunks...
computing gzip size...
dist/index.html                                    2.18 kB │ gzip:   1.05 kB
dist/assets/verifiedBadge-CrcJq1tD.webp           10.83 kB
dist/assets/rectanglePlaceholder-nCbViREl.png     11.85 kB
dist/assets/goldenCheck-CnSHOmXW.webp             13.45 kB
dist/assets/irfanMalikBg-D4osmO_C.jpg             24.66 kB
dist/assets/proposal6-wLmvSjqd.webp               28.15 kB
dist/assets/placeholderMan-BvremNML.png           36.64 kB
dist/assets/handShake-Dk1DoagP.webp               65.18 kB
dist/assets/tower-gldBe0jJ.webp                   66.16 kB
dist/assets/tower2-LuqAcWCu.jpg                   72.52 kB
dist/assets/shakeelBg-NX99JDrP.jpg               143.15 kB
dist/assets/MainLogo-DJpFhlQE.png                144.86 kB
dist/assets/Fav-BPcykgsi.png                     147.34 kB
dist/assets/akhtar-qLBVRLf-.jpg                  173.92 kB
dist/assets/proposal5-DItum-r7.webp              174.24 kB
dist/assets/tower3-DpFzgoGy.jpg                  175.56 kB
dist/assets/proposal2-B9XZZX50.webp              192.62 kB
dist/assets/meerShinyDress-C8scZpYx.webp         229.68 kB
dist/assets/meerGreenJacket-ykCKR2uN.png         230.19 kB
dist/assets/arabic-BElshnQY.jpg                  238.42 kB
dist/assets/wasim-ETjjiRaD.jpg                   242.26 kB
dist/assets/salman-DD3Zraly.jpg                  255.18 kB
dist/assets/fahad-CnovJc60.jpg                   278.62 kB
dist/assets/tech-BdWyL5Pa.jpg                    281.71 kB
dist/assets/dubai-Bmqq4ymj.jpg                   311.77 kB
dist/assets/wasimAkramBg-D4BFEYu1.png            313.57 kB
dist/assets/proposal3-fxAFZeku.webp              445.47 kB
dist/assets/proposal4-CZk7QC75.webp              542.86 kB
dist/assets/proposal1-D37fvLUu.webp              779.05 kB
dist/assets/wasimAkram-CBOcRO9q.png            4,488.96 kB
dist/assets/index-nILQNW5k.css                   133.97 kB │ gzip:  18.45 kB
dist/assets/useDebounce-ypHxCyRj.js                0.19 kB │ gzip:   0.17 kB
dist/assets/chevron-down-N_A1R2vq.js               0.30 kB │ gzip:   0.25 kB
dist/assets/chevron-left-DHC_Qsw2.js               0.30 kB │ gzip:   0.25 kB
dist/assets/plus-cDjFfY_L.js                       0.33 kB │ gzip:   0.26 kB
dist/assets/arrow-right-97uzqYi1.js                0.34 kB │ gzip:   0.27 kB
dist/assets/circle-check-Cuc1m5Yd.js               0.35 kB │ gzip:   0.27 kB
dist/assets/trending-up-BmoCgCKd.js                0.35 kB │ gzip:   0.27 kB
dist/assets/ban-BNqgIBV0.js                        0.35 kB │ gzip:   0.28 kB
dist/assets/info-Bqd-00nv.js                       0.37 kB │ gzip:   0.28 kB
dist/assets/rotate-ccw-DUYR4I0U.js                 0.37 kB │ gzip:   0.29 kB
dist/assets/circle-x-BpMHInzs.js                   0.38 kB │ gzip:   0.28 kB
dist/assets/mail-BHH9OH-L.js                       0.39 kB │ gzip:   0.31 kB
dist/assets/target-DV7kHw6u.js                     0.39 kB │ gzip:   0.27 kB
dist/assets/upload-BODed8OI.js                     0.40 kB │ gzip:   0.30 kB
dist/assets/log-in-B1LQqcce.js                     0.40 kB │ gzip:   0.29 kB
dist/assets/download-CR2uLz5q.js                   0.41 kB │ gzip:   0.30 kB
dist/assets/message-square-hvdXX2ql.js             0.41 kB │ gzip:   0.31 kB
dist/assets/globe-7NW0zfgW.js                      0.41 kB │ gzip:   0.30 kB
dist/assets/circle-alert-CGZ4ifvR.js               0.42 kB │ gzip:   0.30 kB
dist/assets/eye-DGVVU5OG.js                        0.42 kB │ gzip:   0.30 kB
dist/assets/map-pin-Cyogu0Ol.js                    0.43 kB │ gzip:   0.33 kB
dist/assets/link-CyZfgR6a.js                       0.43 kB │ gzip:   0.30 kB
dist/assets/calendar-C2HP_Lig.js                   0.43 kB │ gzip:   0.31 kB
dist/assets/pencil-C4bFTxBW.js                     0.45 kB │ gzip:   0.33 kB
dist/assets/user-plus-Cl8gzfXz.js                  0.48 kB │ gzip:   0.34 kB
dist/assets/shield-check-4BAZoLJy.js               0.49 kB │ gzip:   0.35 kB
dist/assets/square-pen-D7ppftXv.js                 0.49 kB │ gzip:   0.34 kB
dist/assets/phone-BxWTbVgm.js                      0.50 kB │ gzip:   0.33 kB
dist/assets/trash-2-DHLhlbi1.js                    0.50 kB │ gzip:   0.32 kB
dist/assets/file-text-BANzawB9.js                  0.51 kB │ gzip:   0.32 kB
dist/assets/LegalModal-A4u3SdWY.js                 0.66 kB │ gzip:   0.46 kB
dist/assets/sparkles-M_P9rwHg.js                   0.67 kB │ gzip:   0.39 kB
dist/assets/InfoBox-xKpvnpb5.js                    0.86 kB │ gzip:   0.43 kB
dist/assets/label-L3SavEDq.js                      0.89 kB │ gzip:   0.55 kB
dist/assets/card-B_sClIHQ.js                       1.18 kB │ gzip:   0.46 kB
dist/assets/package-CaTP96By.js                    1.21 kB │ gzip:   0.50 kB
dist/assets/Tabs-BVEtnmMW.js                       1.23 kB │ gzip:   0.65 kB
dist/assets/GetMoreDetailsModal-RyTh66v_.js        1.27 kB │ gzip:   0.61 kB
dist/assets/EmptyState-m6wwZUMq.js                 1.47 kB │ gzip:   0.61 kB
dist/assets/textarea-LAm7l6OH.js                   1.50 kB │ gzip:   0.74 kB
dist/assets/ToggleChips-tv8NQ_Ke.js                1.66 kB │ gzip:   0.82 kB
dist/assets/input-NfpwP450.js                      1.68 kB │ gzip:   0.87 kB
dist/assets/topCards-T30wMTdS.js                   1.71 kB │ gzip:   0.75 kB
dist/assets/ImageUploader-uGqcbRdg.js              1.95 kB │ gzip:   0.94 kB
dist/assets/index-BJ_B13Ln.js                      2.07 kB │ gzip:   0.92 kB
dist/assets/ForgotPassword-DFVY3J8U.js             2.17 kB │ gzip:   1.09 kB
dist/assets/ContactSupportModal-CGSvYuJa.js        2.37 kB │ gzip:   1.18 kB
dist/assets/ResetPassword-CPqAQvbg.js              2.40 kB │ gzip:   1.06 kB
dist/assets/AuthCallback-BTxgpY7l.js               2.67 kB │ gzip:   1.26 kB
dist/assets/index-CcRA4pQs.js                      2.67 kB │ gzip:   1.20 kB
dist/assets/index-sZPoFKvc.js                      2.72 kB │ gzip:   1.23 kB
dist/assets/index-CvdkF3nn.js                      2.87 kB │ gzip:   1.42 kB
dist/assets/toolbar-CBElsw1b.js                    2.99 kB │ gzip:   1.22 kB
dist/assets/FileUploader-Dj7mrg_n.js               3.02 kB │ gzip:   1.36 kB
dist/assets/index-CyXOZUyR.js                      3.11 kB │ gzip:   1.48 kB
dist/assets/supabase-bulk-emails-XFuJzPr0.js       3.14 kB │ gzip:   1.12 kB
dist/assets/index-BPYU-3ST.js                      3.24 kB │ gzip:   1.62 kB
dist/assets/SignupThankYou-Cm1A6pZT.js             3.29 kB │ gzip:   1.49 kB
dist/assets/index-CPXCDBR1.js                      3.31 kB │ gzip:   1.61 kB
dist/assets/index-C1YDVaBP.js                      3.44 kB │ gzip:   1.64 kB
dist/assets/index-DFxiXrzD.js                      3.48 kB │ gzip:   1.67 kB
dist/assets/checkbox-akSSjHbz.js                   4.07 kB │ gzip:   1.78 kB
dist/assets/index-DSo4WLrK.js                      4.23 kB │ gzip:   2.08 kB
dist/assets/index-VVSQtgl8.js                      4.25 kB │ gzip:   2.08 kB
dist/assets/Dashboard-DZ2P-Wzd.js                  4.28 kB │ gzip:   1.46 kB
dist/assets/Dashboard-BzrfD43E.js                  4.30 kB │ gzip:   1.47 kB
dist/assets/index-CGDrU2m-.js                      4.31 kB │ gzip:   1.72 kB
dist/assets/Stepper-1aglDnMv.js                    4.66 kB │ gzip:   2.02 kB
dist/assets/ContactSupport-C0Rz58N3.js             4.97 kB │ gzip:   2.06 kB
dist/assets/Login-DwUJTARi.js                      5.05 kB │ gzip:   2.13 kB
dist/assets/SelectRole-DjjRNwHJ.js                 5.08 kB │ gzip:   2.18 kB
dist/assets/SignUp-CEhGNbtD.js                     5.58 kB │ gzip:   2.24 kB
dist/assets/VerifyUserEmail-CQdrPlYR.js            5.88 kB │ gzip:   2.11 kB
dist/assets/Profile-OapsyAq8.js                    6.94 kB │ gzip:   2.22 kB
dist/assets/businessProposalCard-CQZA_upo.js       7.57 kB │ gzip:   2.46 kB
dist/assets/index-DzNx4CfX.js                      8.15 kB │ gzip:   3.32 kB
dist/assets/index-M7GShWrQ.js                      8.31 kB │ gzip:   3.19 kB
dist/assets/dialog-CoJauvIR.js                     8.50 kB │ gzip:   3.28 kB
dist/assets/tooltip-BlW4eXxH.js                    8.77 kB │ gzip:   3.34 kB
dist/assets/index-BEFYeR0e.js                      9.60 kB │ gzip:   3.96 kB
dist/assets/index-oImtefDM.js                     10.15 kB │ gzip:   3.79 kB
dist/assets/index-HNR20qqV.js                     10.28 kB │ gzip:   3.36 kB
dist/assets/Header-bjgrFaQI.js                    11.28 kB │ gzip:   3.37 kB
dist/assets/SimplifiedProfile-BJl9p80C.js         13.79 kB │ gzip:   3.73 kB
dist/assets/index-C953cCpS.js                     13.94 kB │ gzip:   4.84 kB
dist/assets/index-BQ5JBIDX.js                     16.50 kB │ gzip:   6.25 kB
dist/assets/index-pFU3qMw9.js                     17.77 kB │ gzip:   5.94 kB
dist/assets/EditFounder-BmUjULzG.js               18.08 kB │ gzip:   4.40 kB
dist/assets/index-DkTir-8e.js                     18.12 kB │ gzip:   5.94 kB
dist/assets/ViewBusinessProposal-D6SY4ZiS.js      18.69 kB │ gzip:   4.74 kB
dist/assets/EditInvestor-C75DN1at.js              19.08 kB │ gzip:   4.67 kB
dist/assets/index-Cm4DMU5o.js                     19.76 kB │ gzip:   6.49 kB
dist/assets/index-CPrR19aY.js                     21.63 kB │ gzip:   5.74 kB
dist/assets/select-CjPftE-7.js                    21.86 kB │ gzip:   7.81 kB
dist/assets/index-Bfk1st59.js                     25.26 kB │ gzip:   7.61 kB
dist/assets/index-CxF8Bf6U.js                     27.84 kB │ gzip:  10.83 kB
dist/assets/table-DBjl4Qhl.js                     37.18 kB │ gzip:  10.86 kB
dist/assets/AssignAdminModal-CVnjLdtf.js          90.97 kB │ gzip:  27.34 kB
dist/assets/Landing-BhgRgqsK.js                  136.59 kB │ gzip:  48.83 kB
dist/assets/xlsx-DGuHH-KN.js                     429.49 kB │ gzip: 143.07 kB
dist/assets/index-DCDRG3p9.js                    601.25 kB │ gzip: 163.44 kB
dist/assets/index-YQ5MKi1D.js                    761.92 kB │ gzip: 229.57 kB
dist/assets/CreateNewBatch-CxsAbt03.js         1,332.41 kB │ gzip: 329.62 kB

(!) Some chunks are larger than 500 kB after minification. Consider:
- Using dynamic import() to code-split the application
- Use build.rollupOptions.output.manualChunks to improve chunking: https://rollupjs.org/configuration-options/#output-manualchunks
- Adjust chunk size limit for this warning via build.chunkSizeWarningLimit.
✓ built in 14.54s
Packaging build...
  adding: favicon.ico (deflated 13%)
  adding: assets/ (stored 0%)
  adding: assets/meerGreenJacket-ykCKR2uN.png (deflated 0%)
  adding: assets/shakeelBg-NX99JDrP.jpg (deflated 0%)
  adding: assets/wasimAkramBg-D4BFEYu1.png (deflated 0%)
  adding: assets/irfanMalikBg-D4osmO_C.jpg (deflated 1%)
  adding: assets/meerShinyDress-C8scZpYx.webp (deflated 0%)
  adding: assets/akhtar-qLBVRLf-.jpg (deflated 1%)
  adding: assets/arabic-BElshnQY.jpg (deflated 0%)
  adding: assets/handShake-Dk1DoagP.webp (deflated 0%)
  adding: assets/dubai-Bmqq4ymj.jpg (deflated 0%)
  adding: assets/fahad-CnovJc60.jpg (deflated 0%)
  adding: assets/salman-DD3Zraly.jpg (deflated 0%)
  adding: assets/placeholderMan-BvremNML.png (deflated 3%)
  adding: assets/wasim-ETjjiRaD.jpg (deflated 0%)
  adding: assets/rectanglePlaceholder-nCbViREl.png (deflated 31%)
  adding: assets/tech-BdWyL5Pa.jpg (deflated 0%)
  adding: assets/goldenCheck-CnSHOmXW.webp (stored 0%)
  adding: assets/Fav-BPcykgsi.png (deflated 5%)
  adding: assets/verifiedBadge-CrcJq1tD.webp (deflated 1%)
  adding: assets/MainLogo-DJpFhlQE.png (deflated 4%)
  adding: assets/tower-gldBe0jJ.webp (deflated 0%)
  adding: assets/tower2-LuqAcWCu.jpg (deflated 2%)
  adding: assets/tower3-DpFzgoGy.jpg (deflated 0%)
  adding: assets/proposal2-B9XZZX50.webp (deflated 3%)
  adding: assets/proposal5-DItum-r7.webp (deflated 4%)
  adding: assets/proposal3-fxAFZeku.webp (deflated 1%)
  adding: assets/proposal6-wLmvSjqd.webp (deflated 0%)
  adding: assets/proposal1-D37fvLUu.webp (deflated 1%)
  adding: assets/proposal4-CZk7QC75.webp (deflated 1%)
  adding: assets/wasimAkram-CBOcRO9q.png (deflated 1%)
  adding: assets/index-nILQNW5k.css (deflated 86%)
  adding: assets/index-YQ5MKi1D.js (deflated 70%)
  adding: assets/Landing-BhgRgqsK.js (deflated 64%)
  adding: assets/index-BPYU-3ST.js (deflated 50%)
  adding: assets/index-CyXOZUyR.js (deflated 53%)
  adding: assets/index-C1YDVaBP.js (deflated 53%)
  adding: assets/index-CPXCDBR1.js (deflated 52%)
  adding: assets/Header-bjgrFaQI.js (deflated 70%)
  adding: assets/SignUp-CEhGNbtD.js (deflated 60%)
  adding: assets/ForgotPassword-DFVY3J8U.js (deflated 51%)
  adding: assets/VerifyUserEmail-CQdrPlYR.js (deflated 64%)
  adding: assets/ResetPassword-CPqAQvbg.js (deflated 56%)
  adding: assets/ContactSupport-C0Rz58N3.js (deflated 59%)
  adding: assets/AuthCallback-BTxgpY7l.js (deflated 53%)
  adding: assets/SelectRole-DjjRNwHJ.js (deflated 57%)
  adding: assets/SignupThankYou-Cm1A6pZT.js (deflated 55%)
  adding: assets/arrow-right-97uzqYi1.js (deflated 27%)
  adding: assets/Login-DwUJTARi.js (deflated 58%)
  adding: assets/index-sZPoFKvc.js (deflated 54%)
  adding: assets/index-DCDRG3p9.js (deflated 73%)
  adding: assets/Profile-OapsyAq8.js (deflated 68%)
  adding: assets/index-DzNx4CfX.js (deflated 60%)
  adding: assets/index-pFU3qMw9.js (deflated 67%)
  adding: assets/EditInvestor-C75DN1at.js (deflated 76%)
  adding: assets/index-DkTir-8e.js (deflated 67%)
  adding: assets/globe-7NW0zfgW.js (deflated 33%)
  adding: assets/AssignAdminModal-CVnjLdtf.js (deflated 70%)
  adding: assets/label-L3SavEDq.js (deflated 40%)
  adding: assets/EditFounder-BmUjULzG.js (deflated 76%)
  adding: assets/index-BEFYeR0e.js (deflated 59%)
  adding: assets/index-Cm4DMU5o.js (deflated 67%)
  adding: assets/log-in-B1LQqcce.js (deflated 31%)
  adding: assets/ban-BNqgIBV0.js (deflated 26%)
  adding: assets/user-plus-Cl8gzfXz.js (deflated 34%)
  adding: assets/phone-BxWTbVgm.js (deflated 36%)
  adding: assets/pencil-C4bFTxBW.js (deflated 31%)
  adding: assets/index-C953cCpS.js (deflated 65%)
  adding: assets/ViewBusinessProposal-D6SY4ZiS.js (deflated 75%)
  adding: assets/circle-check-Cuc1m5Yd.js (deflated 27%)
  adding: assets/calendar-C2HP_Lig.js (deflated 33%)
  adding: assets/index-Bfk1st59.js (deflated 70%)
  adding: assets/ToggleChips-tv8NQ_Ke.js (deflated 51%)
  adding: assets/index-HNR20qqV.js (deflated 67%)
  adding: assets/useDebounce-ypHxCyRj.js (deflated 21%)
  adding: assets/CreateNewBatch-CxsAbt03.js (deflated 75%)
  adding: assets/sparkles-M_P9rwHg.js (deflated 45%)
  adding: assets/map-pin-Cyogu0Ol.js (deflated 28%)
  adding: assets/shield-check-4BAZoLJy.js (deflated 31%)
  adding: assets/supabase-bulk-emails-XFuJzPr0.js (deflated 65%)
  adding: assets/mail-BHH9OH-L.js (deflated 25%)
  adding: assets/table-DBjl4Qhl.js (deflated 71%)
  adding: assets/Dashboard-DZ2P-Wzd.js (deflated 66%)
  adding: assets/SimplifiedProfile-BJl9p80C.js (deflated 73%)
  adding: assets/index-DSo4WLrK.js (deflated 51%)
  adding: assets/trending-up-BmoCgCKd.js (deflated 26%)
  adding: assets/LegalModal-A4u3SdWY.js (deflated 33%)
  adding: assets/index-DFxiXrzD.js (deflated 53%)
  adding: assets/dialog-CoJauvIR.js (deflated 61%)
  adding: assets/download-CR2uLz5q.js (deflated 31%)
  adding: assets/index-M7GShWrQ.js (deflated 62%)
  adding: assets/index-BQ5JBIDX.js (deflated 62%)
  adding: assets/index-BJ_B13Ln.js (deflated 56%)
  adding: assets/InfoBox-xKpvnpb5.js (deflated 51%)
  adding: assets/input-NfpwP450.js (deflated 50%)
  adding: assets/info-Bqd-00nv.js (deflated 29%)
  adding: assets/circle-alert-CGZ4ifvR.js (deflated 35%)
  adding: assets/select-CjPftE-7.js (deflated 64%)
  adding: assets/chevron-down-N_A1R2vq.js (deflated 23%)
  adding: assets/index-CxF8Bf6U.js (deflated 61%)
  adding: assets/index-CcRA4pQs.js (deflated 56%)
  adding: assets/FileUploader-Dj7mrg_n.js (deflated 56%)
  adding: assets/textarea-LAm7l6OH.js (deflated 52%)
  adding: assets/link-CyZfgR6a.js (deflated 34%)
  adding: assets/eye-DGVVU5OG.js (deflated 32%)
  adding: assets/trash-2-DHLhlbi1.js (deflated 40%)
  adding: assets/topCards-T30wMTdS.js (deflated 57%)
  adding: assets/card-B_sClIHQ.js (deflated 62%)
  adding: assets/ImageUploader-uGqcbRdg.js (deflated 53%)
  adding: assets/upload-BODed8OI.js (deflated 31%)
  adding: assets/EmptyState-m6wwZUMq.js (deflated 59%)
  adding: assets/toolbar-CBElsw1b.js (deflated 60%)
  adding: assets/message-square-hvdXX2ql.js (deflated 29%)
  adding: assets/tooltip-BlW4eXxH.js (deflated 62%)
  adding: assets/square-pen-D7ppftXv.js (deflated 35%)
  adding: assets/rotate-ccw-DUYR4I0U.js (deflated 27%)
  adding: assets/chevron-left-DHC_Qsw2.js (deflated 22%)
  adding: assets/checkbox-akSSjHbz.js (deflated 57%)
  adding: assets/plus-cDjFfY_L.js (deflated 27%)
  adding: assets/file-text-BANzawB9.js (deflated 40%)
  adding: assets/businessProposalCard-CQZA_upo.js (deflated 68%)
  adding: assets/GetMoreDetailsModal-RyTh66v_.js (deflated 54%)
  adding: assets/Tabs-BVEtnmMW.js (deflated 49%)
  adding: assets/circle-x-BpMHInzs.js (deflated 30%)
  adding: assets/target-DV7kHw6u.js (deflated 37%)
  adding: assets/Stepper-1aglDnMv.js (deflated 57%)
  adding: assets/package-CaTP96By.js (deflated 60%)
  adding: assets/ContactSupportModal-CGSvYuJa.js (deflated 51%)
  adding: assets/index-CvdkF3nn.js (deflated 51%)
  adding: assets/index-CGDrU2m-.js (deflated 60%)
  adding: assets/Dashboard-BzrfD43E.js (deflated 66%)
  adding: assets/index-CPrR19aY.js (deflated 74%)
  adding: assets/index-oImtefDM.js (deflated 63%)
  adding: assets/index-VVSQtgl8.js (deflated 51%)
  adding: assets/xlsx-DGuHH-KN.js (deflated 67%)
  adding: index.html (deflated 52%)
Saving Lightsail SSH key...
Uploading build to Lightsail...
Warning: Permanently added '15.207.22.250' (ED25519) to the list of known hosts.
Deploying build to /var/www/html ...
Archive:  /home/ubuntu/react-build.zip
  inflating: /var/www/html/favicon.ico  
   creating: /var/www/html/assets/
  inflating: /var/www/html/assets/meerGreenJacket-ykCKR2uN.png  
  inflating: /var/www/html/assets/shakeelBg-NX99JDrP.jpg  
  inflating: /var/www/html/assets/wasimAkramBg-D4BFEYu1.png  
  inflating: /var/www/html/assets/irfanMalikBg-D4osmO_C.jpg  
  inflating: /var/www/html/assets/meerShinyDress-C8scZpYx.webp  
  inflating: /var/www/html/assets/akhtar-qLBVRLf-.jpg  
  inflating: /var/www/html/assets/arabic-BElshnQY.jpg  
  inflating: /var/www/html/assets/handShake-Dk1DoagP.webp  
  inflating: /var/www/html/assets/dubai-Bmqq4ymj.jpg  
  inflating: /var/www/html/assets/fahad-CnovJc60.jpg  
  inflating: /var/www/html/assets/salman-DD3Zraly.jpg  
  inflating: /var/www/html/assets/placeholderMan-BvremNML.png  
  inflating: /var/www/html/assets/wasim-ETjjiRaD.jpg  
  inflating: /var/www/html/assets/rectanglePlaceholder-nCbViREl.png  
  inflating: /var/www/html/assets/tech-BdWyL5Pa.jpg  
 extracting: /var/www/html/assets/goldenCheck-CnSHOmXW.webp  
  inflating: /var/www/html/assets/Fav-BPcykgsi.png  
  inflating: /var/www/html/assets/verifiedBadge-CrcJq1tD.webp  
  inflating: /var/www/html/assets/MainLogo-DJpFhlQE.png  
  inflating: /var/www/html/assets/tower-gldBe0jJ.webp  
  inflating: /var/www/html/assets/tower2-LuqAcWCu.jpg  
  inflating: /var/www/html/assets/tower3-DpFzgoGy.jpg  
  inflating: /var/www/html/assets/proposal2-B9XZZX50.webp  
  inflating: /var/www/html/assets/proposal5-DItum-r7.webp  
  inflating: /var/www/html/assets/proposal3-fxAFZeku.webp  
  inflating: /var/www/html/assets/proposal6-wLmvSjqd.webp  
  inflating: /var/www/html/assets/proposal1-D37fvLUu.webp  
  inflating: /var/www/html/assets/proposal4-CZk7QC75.webp  
  inflating: /var/www/html/assets/wasimAkram-CBOcRO9q.png  
  inflating: /var/www/html/assets/index-nILQNW5k.css  
  inflating: /var/www/html/assets/index-YQ5MKi1D.js  
  inflating: /var/www/html/assets/Landing-BhgRgqsK.js  
  inflating: /var/www/html/assets/index-BPYU-3ST.js  
  inflating: /var/www/html/assets/index-CyXOZUyR.js  
  inflating: /var/www/html/assets/index-C1YDVaBP.js  
  inflating: /var/www/html/assets/index-CPXCDBR1.js  
  inflating: /var/www/html/assets/Header-bjgrFaQI.js  
  inflating: /var/www/html/assets/SignUp-CEhGNbtD.js  
  inflating: /var/www/html/assets/ForgotPassword-DFVY3J8U.js  
  inflating: /var/www/html/assets/VerifyUserEmail-CQdrPlYR.js  
  inflating: /var/www/html/assets/ResetPassword-CPqAQvbg.js  
  inflating: /var/www/html/assets/ContactSupport-C0Rz58N3.js  
  inflating: /var/www/html/assets/AuthCallback-BTxgpY7l.js  
  inflating: /var/www/html/assets/SelectRole-DjjRNwHJ.js  
  inflating: /var/www/html/assets/SignupThankYou-Cm1A6pZT.js  
  inflating: /var/www/html/assets/arrow-right-97uzqYi1.js  
  inflating: /var/www/html/assets/Login-DwUJTARi.js  
  inflating: /var/www/html/assets/index-sZPoFKvc.js  
  inflating: /var/www/html/assets/index-DCDRG3p9.js  
  inflating: /var/www/html/assets/Profile-OapsyAq8.js  
  inflating: /var/www/html/assets/index-DzNx4CfX.js  
  inflating: /var/www/html/assets/index-pFU3qMw9.js  
  inflating: /var/www/html/assets/EditInvestor-C75DN1at.js  
  inflating: /var/www/html/assets/index-DkTir-8e.js  
  inflating: /var/www/html/assets/globe-7NW0zfgW.js  
  inflating: /var/www/html/assets/AssignAdminModal-CVnjLdtf.js  
  inflating: /var/www/html/assets/label-L3SavEDq.js  
  inflating: /var/www/html/assets/EditFounder-BmUjULzG.js  
  inflating: /var/www/html/assets/index-BEFYeR0e.js  
  inflating: /var/www/html/assets/index-Cm4DMU5o.js  
  inflating: /var/www/html/assets/log-in-B1LQqcce.js  
  inflating: /var/www/html/assets/ban-BNqgIBV0.js  
  inflating: /var/www/html/assets/user-plus-Cl8gzfXz.js  
  inflating: /var/www/html/assets/phone-BxWTbVgm.js  
  inflating: /var/www/html/assets/pencil-C4bFTxBW.js  
  inflating: /var/www/html/assets/index-C953cCpS.js  
  inflating: /var/www/html/assets/ViewBusinessProposal-D6SY4ZiS.js  
  inflating: /var/www/html/assets/circle-check-Cuc1m5Yd.js  
  inflating: /var/www/html/assets/calendar-C2HP_Lig.js  
  inflating: /var/www/html/assets/index-Bfk1st59.js  
  inflating: /var/www/html/assets/ToggleChips-tv8NQ_Ke.js  
  inflating: /var/www/html/assets/index-HNR20qqV.js  
  inflating: /var/www/html/assets/useDebounce-ypHxCyRj.js  
  inflating: /var/www/html/assets/CreateNewBatch-CxsAbt03.js  
  inflating: /var/www/html/assets/sparkles-M_P9rwHg.js  
  inflating: /var/www/html/assets/map-pin-Cyogu0Ol.js  
  inflating: /var/www/html/assets/shield-check-4BAZoLJy.js  
  inflating: /var/www/html/assets/supabase-bulk-emails-XFuJzPr0.js  
  inflating: /var/www/html/assets/mail-BHH9OH-L.js  
  inflating: /var/www/html/assets/table-DBjl4Qhl.js  
  inflating: /var/www/html/assets/Dashboard-DZ2P-Wzd.js  
  inflating: /var/www/html/assets/SimplifiedProfile-BJl9p80C.js  
  inflating: /var/www/html/assets/index-DSo4WLrK.js  
  inflating: /var/www/html/assets/trending-up-BmoCgCKd.js  
  inflating: /var/www/html/assets/LegalModal-A4u3SdWY.js  
  inflating: /var/www/html/assets/index-DFxiXrzD.js  
  inflating: /var/www/html/assets/dialog-CoJauvIR.js  
  inflating: /var/www/html/assets/download-CR2uLz5q.js  
  inflating: /var/www/html/assets/index-M7GShWrQ.js  
  inflating: /var/www/html/assets/index-BQ5JBIDX.js  
  inflating: /var/www/html/assets/index-BJ_B13Ln.js  
  inflating: /var/www/html/assets/InfoBox-xKpvnpb5.js  
  inflating: /var/www/html/assets/input-NfpwP450.js  
  inflating: /var/www/html/assets/info-Bqd-00nv.js  
  inflating: /var/www/html/assets/circle-alert-CGZ4ifvR.js  
  inflating: /var/www/html/assets/select-CjPftE-7.js  
  inflating: /var/www/html/assets/chevron-down-N_A1R2vq.js  
  inflating: /var/www/html/assets/index-CxF8Bf6U.js  
  inflating: /var/www/html/assets/index-CcRA4pQs.js  
  inflating: /var/www/html/assets/FileUploader-Dj7mrg_n.js  
  inflating: /var/www/html/assets/textarea-LAm7l6OH.js  
  inflating: /var/www/html/assets/link-CyZfgR6a.js  
  inflating: /var/www/html/assets/eye-DGVVU5OG.js  
  inflating: /var/www/html/assets/trash-2-DHLhlbi1.js  
  inflating: /var/www/html/assets/topCards-T30wMTdS.js  
  inflating: /var/www/html/assets/card-B_sClIHQ.js  
  inflating: /var/www/html/assets/ImageUploader-uGqcbRdg.js  
  inflating: /var/www/html/assets/upload-BODed8OI.js  
  inflating: /var/www/html/assets/EmptyState-m6wwZUMq.js  
  inflating: /var/www/html/assets/toolbar-CBElsw1b.js  
  inflating: /var/www/html/assets/message-square-hvdXX2ql.js  
  inflating: /var/www/html/assets/tooltip-BlW4eXxH.js  
  inflating: /var/www/html/assets/square-pen-D7ppftXv.js  
  inflating: /var/www/html/assets/rotate-ccw-DUYR4I0U.js  
  inflating: /var/www/html/assets/chevron-left-DHC_Qsw2.js  
  inflating: /var/www/html/assets/checkbox-akSSjHbz.js  
  inflating: /var/www/html/assets/plus-cDjFfY_L.js  
  inflating: /var/www/html/assets/file-text-BANzawB9.js  
  inflating: /var/www/html/assets/businessProposalCard-CQZA_upo.js  
  inflating: /var/www/html/assets/GetMoreDetailsModal-RyTh66v_.js  
  inflating: /var/www/html/assets/Tabs-BVEtnmMW.js  
  inflating: /var/www/html/assets/circle-x-BpMHInzs.js  
  inflating: /var/www/html/assets/target-DV7kHw6u.js  
  inflating: /var/www/html/assets/Stepper-1aglDnMv.js  
  inflating: /var/www/html/assets/package-CaTP96By.js  
  inflating: /var/www/html/assets/ContactSupportModal-CGSvYuJa.js  
  inflating: /var/www/html/assets/index-CvdkF3nn.js  
  inflating: /var/www/html/assets/index-CGDrU2m-.js  
  inflating: /var/www/html/assets/Dashboard-BzrfD43E.js  
  inflating: /var/www/html/assets/index-CPrR19aY.js  
  inflating: /var/www/html/assets/index-oImtefDM.js  
  inflating: /var/www/html/assets/index-VVSQtgl8.js  
  inflating: /var/www/html/assets/xlsx-DGuHH-KN.js  
  inflating: /var/www/html/index.html  
Saving Git logs repo SSH key...
Testing GitHub SSH key...
Cloning deployment-logs repo...
Cloning into 'logs-repo'...
