Installing dependencies...
npm warn deprecated w3c-hr-time@1.0.2: Use your platform's native performance.now() and performance.timeOrigin.
npm warn deprecated domexception@2.0.1: Use your platform's native DOMException instead
npm warn deprecated abab@2.0.6: Use your platform's native atob() and btoa() methods instead

added 1750 packages, and audited 1751 packages in 4m

222 packages are looking for funding
  run `npm fund` for details

52 vulnerabilities (51 moderate, 1 high)

To address issues that do not require attention, run:
  npm audit fix

To address all issues possible (including breaking changes), run:
  npm audit fix --force

Some issues need review, and may require choosing
a different dependency.

Run `npm audit` for details.
Building React app...

> boilerplate-code-react-js@0.0.0 build
> vite build

vite v7.1.11 building for production...
transforming...
✓ 2933 modules transformed.
rendering chunks...
computing gzip size...
dist/index.html                                    2.18 kB │ gzip:   1.05 kB
dist/assets/verifiedBadge-CrcJq1tD.webp           10.83 kB
dist/assets/rectanglePlaceholder-nCbViREl.png     11.85 kB
dist/assets/goldenCheck-CnSHOmXW.webp             13.45 kB
dist/assets/irfanMalikBg-D4osmO_C.jpg             24.66 kB
dist/assets/proposal6-wLmvSjqd.webp               28.15 kB
dist/assets/placeholderMan-BvremNML.png           36.64 kB
dist/assets/handShake-Dk1DoagP.webp               65.18 kB
dist/assets/tower-gldBe0jJ.webp                   66.16 kB
dist/assets/tower2-LuqAcWCu.jpg                   72.52 kB
dist/assets/shakeelBg-NX99JDrP.jpg               143.15 kB
dist/assets/MainLogo-DJpFhlQE.png                144.86 kB
dist/assets/Fav-BPcykgsi.png                     147.34 kB
dist/assets/akhtar-qLBVRLf-.jpg                  173.92 kB
dist/assets/proposal5-DItum-r7.webp              174.24 kB
dist/assets/tower3-DpFzgoGy.jpg                  175.56 kB
dist/assets/proposal2-B9XZZX50.webp              192.62 kB
dist/assets/meerShinyDress-C8scZpYx.webp         229.68 kB
dist/assets/meerGreenJacket-ykCKR2uN.png         230.19 kB
dist/assets/arabic-BElshnQY.jpg                  238.42 kB
dist/assets/wasim-ETjjiRaD.jpg                   242.26 kB
dist/assets/salman-DD3Zraly.jpg                  255.18 kB
dist/assets/fahad-CnovJc60.jpg                   278.62 kB
dist/assets/tech-BdWyL5Pa.jpg                    281.71 kB
dist/assets/dubai-Bmqq4ymj.jpg                   311.77 kB
dist/assets/wasimAkramBg-D4BFEYu1.png            313.57 kB
dist/assets/proposal3-fxAFZeku.webp              445.47 kB
dist/assets/proposal4-CZk7QC75.webp              542.86 kB
dist/assets/proposal1-D37fvLUu.webp              779.05 kB
dist/assets/wasimAkram-CBOcRO9q.png            4,488.96 kB
dist/assets/index-BiTqy95M.css                   136.68 kB │ gzip:  18.67 kB
dist/assets/useDebounce-C55UWfNN.js                0.19 kB │ gzip:   0.17 kB
dist/assets/chevron-left-CGicJv2S.js               0.30 kB │ gzip:   0.25 kB
dist/assets/plus-DpG9Y-MZ.js                       0.33 kB │ gzip:   0.25 kB
dist/assets/trending-up-DYZcoFMw.js                0.35 kB │ gzip:   0.27 kB
dist/assets/ban-DEOTRzHw.js                        0.35 kB │ gzip:   0.28 kB
dist/assets/info-CiU_P3-J.js                       0.37 kB │ gzip:   0.28 kB
dist/assets/circle-x-wK-Ufu6o.js                   0.38 kB │ gzip:   0.28 kB
dist/assets/mail-CHHHgLNS.js                       0.39 kB │ gzip:   0.31 kB
dist/assets/target-BzCHjJmZ.js                     0.39 kB │ gzip:   0.27 kB
dist/assets/upload-BcsIjSDm.js                     0.40 kB │ gzip:   0.30 kB
dist/assets/log-in-DAEaHN5J.js                     0.40 kB │ gzip:   0.29 kB
dist/assets/download-BNDR7VcK.js                   0.41 kB │ gzip:   0.30 kB
dist/assets/message-square-Cy_5Tiuw.js             0.41 kB │ gzip:   0.31 kB
dist/assets/globe-CMmDFoSI.js                      0.41 kB │ gzip:   0.29 kB
dist/assets/circle-alert-D8ouuUZP.js               0.42 kB │ gzip:   0.29 kB
dist/assets/eye-C8bFNoDH.js                        0.42 kB │ gzip:   0.30 kB
dist/assets/map-pin-DPz3h6a8.js                    0.43 kB │ gzip:   0.33 kB
dist/assets/link-Cp-PqIdj.js                       0.43 kB │ gzip:   0.30 kB
dist/assets/pencil-B9YnEZdX.js                     0.45 kB │ gzip:   0.33 kB
dist/assets/user-plus-CjaRQf24.js                  0.48 kB │ gzip:   0.34 kB
dist/assets/shield-check-CyBvFb8j.js               0.49 kB │ gzip:   0.35 kB
dist/assets/square-pen-Ma9Y9-K9.js                 0.49 kB │ gzip:   0.34 kB
dist/assets/phone-CE7cpmJg.js                      0.50 kB │ gzip:   0.33 kB
dist/assets/trash-2-BOHNYLT1.js                    0.50 kB │ gzip:   0.32 kB
dist/assets/file-text-BGDobpnq.js                  0.51 kB │ gzip:   0.32 kB
dist/assets/LegalModal-B6IkJiAZ.js                 0.66 kB │ gzip:   0.46 kB
dist/assets/sparkles-HtIYg38o.js                   0.67 kB │ gzip:   0.39 kB
dist/assets/InfoBox-_DMiXMf-.js                    0.86 kB │ gzip:   0.43 kB
dist/assets/label-k3LjjNq5.js                      0.89 kB │ gzip:   0.55 kB
dist/assets/card-CS2_oq6o.js                       1.18 kB │ gzip:   0.46 kB
dist/assets/package-Qd55wk9Y.js                    1.21 kB │ gzip:   0.50 kB
dist/assets/Tabs-DsVUk0q5.js                       1.23 kB │ gzip:   0.65 kB
dist/assets/GetMoreDetailsModal-Cze8V8zt.js        1.27 kB │ gzip:   0.61 kB
dist/assets/EmptyState-DhUQ9fSt.js                 1.47 kB │ gzip:   0.61 kB
dist/assets/textarea-CJMdSkDq.js                   1.49 kB │ gzip:   0.74 kB
dist/assets/ToggleChips-mQOxXEKH.js                1.66 kB │ gzip:   0.82 kB
dist/assets/input-CaTWfMUc.js                      1.68 kB │ gzip:   0.86 kB
dist/assets/topCards-ABo86Ke5.js                   1.71 kB │ gzip:   0.74 kB
dist/assets/ImageUploader-DRvjrNsg.js              1.95 kB │ gzip:   0.94 kB
dist/assets/index-DePHkJop.js                      2.07 kB │ gzip:   0.92 kB
dist/assets/ForgotPassword-CIcWM21k.js             2.17 kB │ gzip:   1.09 kB
dist/assets/ContactSupportModal-nVi6NPPP.js        2.37 kB │ gzip:   1.18 kB
dist/assets/ResetPassword-RnpAmhLP.js              2.40 kB │ gzip:   1.06 kB
dist/assets/AuthCallback-C1F_p6D5.js               2.67 kB │ gzip:   1.26 kB
dist/assets/index-DgITyJOJ.js                      2.67 kB │ gzip:   1.20 kB
dist/assets/index-Dg3VcL8K.js                      2.72 kB │ gzip:   1.22 kB
dist/assets/toolbar-CGdoB78e.js                    2.99 kB │ gzip:   1.22 kB
dist/assets/FileUploader-vam6t1b_.js               3.02 kB │ gzip:   1.35 kB
dist/assets/index-BUSBXC1a.js                      3.07 kB │ gzip:   1.47 kB
dist/assets/index-AglsIeQY.js                      3.21 kB │ gzip:   1.60 kB
dist/assets/index-jL6Zj0Ut.js                      3.27 kB │ gzip:   1.59 kB
dist/assets/index-BaH8uVGO.js                      3.40 kB │ gzip:   1.62 kB
dist/assets/index-vpFJoNd3.js                      3.48 kB │ gzip:   1.67 kB
dist/assets/index-DzYNF5eS.js                      3.62 kB │ gzip:   1.40 kB
dist/assets/checkbox-D76buFOE.js                   4.08 kB │ gzip:   1.78 kB
dist/assets/index-C3D4k8aQ.js                      4.20 kB │ gzip:   2.06 kB
dist/assets/index-DBcsE3HR.js                      4.21 kB │ gzip:   2.06 kB
dist/assets/index-D6qEWIiC.js                      4.25 kB │ gzip:   1.68 kB
dist/assets/Dashboard-CiLGsvIL.js                  4.28 kB │ gzip:   1.46 kB
dist/assets/Dashboard-C9sv2oD1.js                  4.30 kB │ gzip:   1.47 kB
dist/assets/Stepper-Biaghmis.js                    4.66 kB │ gzip:   2.02 kB
dist/assets/ContactSupport-CRksuPxE.js             4.93 kB │ gzip:   2.04 kB
dist/assets/SelectRole-DjEzGs_K.js                 5.00 kB │ gzip:   2.13 kB
dist/assets/Login-fr8SLzet.js                      5.05 kB │ gzip:   2.13 kB
dist/assets/SignUp-DGXQoiDi.js                     5.50 kB │ gzip:   2.12 kB
dist/assets/VerifyUserEmail-Du4YtueB.js            6.17 kB │ gzip:   2.29 kB
dist/assets/businessProposalCard-BL5hI0X-.js       6.18 kB │ gzip:   2.09 kB
dist/assets/Profile-QrfX-NS2.js                    7.10 kB │ gzip:   2.25 kB
dist/assets/index-CEQ8LH6X.js                      8.15 kB │ gzip:   3.32 kB
dist/assets/index-DJcHhpgc.js                      8.16 kB │ gzip:   3.08 kB
dist/assets/index-5mNoQNW5.js                      8.31 kB │ gzip:   3.18 kB
dist/assets/dialog-zI-Uzl66.js                     8.50 kB │ gzip:   3.28 kB
dist/assets/tooltip-Bj8j1dxj.js                    8.77 kB │ gzip:   3.34 kB
dist/assets/index-LIKy8KId.js                      9.54 kB │ gzip:   3.92 kB
dist/assets/index-Bk99WHra.js                     10.02 kB │ gzip:   3.23 kB
dist/assets/Header-DihcPWJC.js                    11.52 kB │ gzip:   3.53 kB
dist/assets/index-DJuBd2xG.js                     12.34 kB │ gzip:   4.28 kB
dist/assets/SimplifiedProfile-D4coqNhK.js         13.76 kB │ gzip:   3.72 kB
dist/assets/ViewBusinessProposal-r9Y0xMm4.js      14.01 kB │ gzip:   4.04 kB
dist/assets/index-BKDEApMG.js                     14.13 kB │ gzip:   4.98 kB
dist/assets/index-D-kHEKWb.js                     14.43 kB │ gzip:   4.94 kB
dist/assets/CreateNewBatch-BDvd6lv_.js            14.89 kB │ gzip:   3.97 kB
dist/assets/index-DLxLg_VD.js                     16.50 kB │ gzip:   6.24 kB
dist/assets/EditFounder-BM3OjIxV.js               18.08 kB │ gzip:   4.39 kB
dist/assets/EditInvestor-B35mFqoD.js              19.03 kB │ gzip:   4.65 kB
dist/assets/index-DyhMGcC_.js                     20.02 kB │ gzip:   6.53 kB
dist/assets/index-B3CAO5Mn.js                     21.67 kB │ gzip:   5.74 kB
dist/assets/index-BF5JH0mO.js                     21.86 kB │ gzip:   6.69 kB
dist/assets/select-Bh4-bL_E.js                    22.08 kB │ gzip:   7.95 kB
dist/assets/index-CqYx9X6E.js                     27.84 kB │ gzip:  10.83 kB
dist/assets/table-dF8i5ira.js                     37.18 kB │ gzip:  10.86 kB
dist/assets/FilterDrawer-CGSiUwwR.js              86.57 kB │ gzip:  25.95 kB
dist/assets/Landing-DVtVzD9_.js                  136.55 kB │ gzip:  48.81 kB
dist/assets/xlsx-DGuHH-KN.js                     429.49 kB │ gzip: 143.07 kB
dist/assets/index-ofzYN8nw.js                    603.90 kB │ gzip: 164.35 kB
dist/assets/index-CBsZvvpw.js                    761.11 kB │ gzip: 229.21 kB
dist/assets/CkEditor-YITHbvOw.js               1,318.06 kB │ gzip: 325.94 kB

(!) Some chunks are larger than 500 kB after minification. Consider:
- Using dynamic import() to code-split the application
- Use build.rollupOptions.output.manualChunks to improve chunking: https://rollupjs.org/configuration-options/#output-manualchunks
- Adjust chunk size limit for this warning via build.chunkSizeWarningLimit.
✓ built in 14.72s
Packaging build...
  adding: favicon.ico (deflated 13%)
  adding: assets/ (stored 0%)
  adding: assets/meerGreenJacket-ykCKR2uN.png (deflated 0%)
  adding: assets/meerShinyDress-C8scZpYx.webp (deflated 0%)
  adding: assets/irfanMalikBg-D4osmO_C.jpg (deflated 1%)
  adding: assets/akhtar-qLBVRLf-.jpg (deflated 1%)
  adding: assets/shakeelBg-NX99JDrP.jpg (deflated 0%)
  adding: assets/arabic-BElshnQY.jpg (deflated 0%)
  adding: assets/wasimAkramBg-D4BFEYu1.png (deflated 0%)
  adding: assets/handShake-Dk1DoagP.webp (deflated 0%)
  adding: assets/dubai-Bmqq4ymj.jpg (deflated 0%)
  adding: assets/fahad-CnovJc60.jpg (deflated 0%)
  adding: assets/salman-DD3Zraly.jpg (deflated 0%)
  adding: assets/rectanglePlaceholder-nCbViREl.png (deflated 31%)
  adding: assets/tech-BdWyL5Pa.jpg (deflated 0%)
  adding: assets/MainLogo-DJpFhlQE.png (deflated 4%)
  adding: assets/goldenCheck-CnSHOmXW.webp (stored 0%)
  adding: assets/verifiedBadge-CrcJq1tD.webp (deflated 1%)
  adding: assets/placeholderMan-BvremNML.png (deflated 3%)
  adding: assets/tower-gldBe0jJ.webp (deflated 0%)
  adding: assets/wasim-ETjjiRaD.jpg (deflated 0%)
  adding: assets/tower2-LuqAcWCu.jpg (deflated 2%)
  adding: assets/tower3-DpFzgoGy.jpg (deflated 0%)
  adding: assets/Fav-BPcykgsi.png (deflated 5%)
  adding: assets/proposal3-fxAFZeku.webp (deflated 1%)
  adding: assets/proposal2-B9XZZX50.webp (deflated 3%)
  adding: assets/proposal5-DItum-r7.webp (deflated 4%)
  adding: assets/proposal1-D37fvLUu.webp (deflated 1%)
  adding: assets/proposal6-wLmvSjqd.webp (deflated 0%)
  adding: assets/proposal4-CZk7QC75.webp (deflated 1%)
  adding: assets/wasimAkram-CBOcRO9q.png (deflated 1%)
  adding: assets/index-BiTqy95M.css (deflated 86%)
  adding: assets/index-CBsZvvpw.js (deflated 70%)
  adding: assets/Landing-DVtVzD9_.js (deflated 64%)
  adding: assets/index-AglsIeQY.js (deflated 50%)
  adding: assets/index-BUSBXC1a.js (deflated 53%)
  adding: assets/index-BaH8uVGO.js (deflated 53%)
  adding: assets/index-jL6Zj0Ut.js (deflated 52%)
  adding: assets/Header-DihcPWJC.js (deflated 70%)
  adding: assets/SignUp-DGXQoiDi.js (deflated 62%)
  adding: assets/ForgotPassword-CIcWM21k.js (deflated 51%)
  adding: assets/VerifyUserEmail-Du4YtueB.js (deflated 63%)
  adding: assets/ResetPassword-RnpAmhLP.js (deflated 56%)
  adding: assets/ContactSupport-CRksuPxE.js (deflated 59%)
  adding: assets/AuthCallback-C1F_p6D5.js (deflated 53%)
  adding: assets/SelectRole-DjEzGs_K.js (deflated 58%)
  adding: assets/Login-fr8SLzet.js (deflated 58%)
  adding: assets/index-Dg3VcL8K.js (deflated 54%)
  adding: assets/index-ofzYN8nw.js (deflated 73%)
  adding: assets/Profile-QrfX-NS2.js (deflated 69%)
  adding: assets/index-CEQ8LH6X.js (deflated 60%)
  adding: assets/index-BKDEApMG.js (deflated 65%)
  adding: assets/EditInvestor-B35mFqoD.js (deflated 76%)
  adding: assets/index-D-kHEKWb.js (deflated 66%)
  adding: assets/globe-CMmDFoSI.js (deflated 33%)
  adding: assets/FilterDrawer-CGSiUwwR.js (deflated 70%)
  adding: assets/label-k3LjjNq5.js (deflated 40%)
  adding: assets/EditFounder-BM3OjIxV.js (deflated 76%)
  adding: assets/index-LIKy8KId.js (deflated 59%)
  adding: assets/index-DyhMGcC_.js (deflated 67%)
  adding: assets/user-plus-CjaRQf24.js (deflated 34%)
  adding: assets/log-in-DAEaHN5J.js (deflated 32%)
  adding: assets/ban-DEOTRzHw.js (deflated 27%)
  adding: assets/phone-CE7cpmJg.js (deflated 37%)
  adding: assets/pencil-B9YnEZdX.js (deflated 31%)
  adding: assets/index-DJuBd2xG.js (deflated 65%)
  adding: assets/ViewBusinessProposal-r9Y0xMm4.js (deflated 71%)
  adding: assets/index-BF5JH0mO.js (deflated 69%)
  adding: assets/ToggleChips-mQOxXEKH.js (deflated 52%)
  adding: assets/index-Bk99WHra.js (deflated 68%)
  adding: assets/useDebounce-C55UWfNN.js (deflated 22%)
  adding: assets/CreateNewBatch-BDvd6lv_.js (deflated 73%)
  adding: assets/sparkles-HtIYg38o.js (deflated 45%)
  adding: assets/map-pin-DPz3h6a8.js (deflated 28%)
  adding: assets/shield-check-CyBvFb8j.js (deflated 32%)
  adding: assets/CkEditor-YITHbvOw.js (deflated 75%)
  adding: assets/mail-CHHHgLNS.js (deflated 26%)
  adding: assets/table-dF8i5ira.js (deflated 71%)
  adding: assets/Dashboard-CiLGsvIL.js (deflated 66%)
  adding: assets/SimplifiedProfile-D4coqNhK.js (deflated 73%)
  adding: assets/index-C3D4k8aQ.js (deflated 51%)
  adding: assets/index-DzYNF5eS.js (deflated 62%)
  adding: assets/GetMoreDetailsModal-Cze8V8zt.js (deflated 54%)
  adding: assets/trending-up-DYZcoFMw.js (deflated 26%)
  adding: assets/LegalModal-B6IkJiAZ.js (deflated 33%)
  adding: assets/index-vpFJoNd3.js (deflated 53%)
  adding: assets/dialog-zI-Uzl66.js (deflated 62%)
  adding: assets/download-BNDR7VcK.js (deflated 31%)
  adding: assets/index-5mNoQNW5.js (deflated 62%)
  adding: assets/index-DLxLg_VD.js (deflated 62%)
  adding: assets/index-DePHkJop.js (deflated 56%)
  adding: assets/InfoBox-_DMiXMf-.js (deflated 52%)
  adding: assets/input-CaTWfMUc.js (deflated 50%)
  adding: assets/info-CiU_P3-J.js (deflated 30%)
  adding: assets/circle-alert-D8ouuUZP.js (deflated 35%)
  adding: assets/select-Bh4-bL_E.js (deflated 64%)
  adding: assets/index-CqYx9X6E.js (deflated 61%)
  adding: assets/index-DgITyJOJ.js (deflated 56%)
  adding: assets/FileUploader-vam6t1b_.js (deflated 56%)
  adding: assets/textarea-CJMdSkDq.js (deflated 52%)
  adding: assets/link-Cp-PqIdj.js (deflated 34%)
  adding: assets/eye-C8bFNoDH.js (deflated 33%)
  adding: assets/trash-2-BOHNYLT1.js (deflated 40%)
  adding: assets/topCards-ABo86Ke5.js (deflated 58%)
  adding: assets/card-CS2_oq6o.js (deflated 62%)
  adding: assets/ImageUploader-DRvjrNsg.js (deflated 53%)
  adding: assets/upload-BcsIjSDm.js (deflated 31%)
  adding: assets/EmptyState-DhUQ9fSt.js (deflated 60%)
  adding: assets/toolbar-CGdoB78e.js (deflated 60%)
  adding: assets/message-square-Cy_5Tiuw.js (deflated 29%)
  adding: assets/tooltip-Bj8j1dxj.js (deflated 62%)
  adding: assets/square-pen-Ma9Y9-K9.js (deflated 35%)
  adding: assets/chevron-left-CGicJv2S.js (deflated 23%)
  adding: assets/checkbox-D76buFOE.js (deflated 57%)
  adding: assets/plus-DpG9Y-MZ.js (deflated 28%)
  adding: assets/file-text-BGDobpnq.js (deflated 40%)
  adding: assets/businessProposalCard-BL5hI0X-.js (deflated 67%)
  adding: assets/Tabs-DsVUk0q5.js (deflated 49%)
  adding: assets/circle-x-wK-Ufu6o.js (deflated 31%)
  adding: assets/target-BzCHjJmZ.js (deflated 38%)
  adding: assets/Stepper-Biaghmis.js (deflated 57%)
  adding: assets/package-Qd55wk9Y.js (deflated 61%)
  adding: assets/ContactSupportModal-nVi6NPPP.js (deflated 51%)
  adding: assets/index-D6qEWIiC.js (deflated 61%)
  adding: assets/Dashboard-C9sv2oD1.js (deflated 66%)
  adding: assets/index-B3CAO5Mn.js (deflated 74%)
  adding: assets/index-DJcHhpgc.js (deflated 62%)
  adding: assets/index-DBcsE3HR.js (deflated 52%)
  adding: assets/xlsx-DGuHH-KN.js (deflated 67%)
  adding: index.html (deflated 52%)
Saving Lightsail SSH key...
Uploading build to Lightsail...
Warning: Permanently added '15.207.22.250' (ED25519) to the list of known hosts.
Deploying build to /var/www/html ...
Archive:  /home/ubuntu/react-build.zip
  inflating: /var/www/html/favicon.ico  
   creating: /var/www/html/assets/
  inflating: /var/www/html/assets/meerGreenJacket-ykCKR2uN.png  
  inflating: /var/www/html/assets/meerShinyDress-C8scZpYx.webp  
  inflating: /var/www/html/assets/irfanMalikBg-D4osmO_C.jpg  
  inflating: /var/www/html/assets/akhtar-qLBVRLf-.jpg  
  inflating: /var/www/html/assets/shakeelBg-NX99JDrP.jpg  
  inflating: /var/www/html/assets/arabic-BElshnQY.jpg  
  inflating: /var/www/html/assets/wasimAkramBg-D4BFEYu1.png  
  inflating: /var/www/html/assets/handShake-Dk1DoagP.webp  
  inflating: /var/www/html/assets/dubai-Bmqq4ymj.jpg  
  inflating: /var/www/html/assets/fahad-CnovJc60.jpg  
  inflating: /var/www/html/assets/salman-DD3Zraly.jpg  
  inflating: /var/www/html/assets/rectanglePlaceholder-nCbViREl.png  
  inflating: /var/www/html/assets/tech-BdWyL5Pa.jpg  
  inflating: /var/www/html/assets/MainLogo-DJpFhlQE.png  
 extracting: /var/www/html/assets/goldenCheck-CnSHOmXW.webp  
  inflating: /var/www/html/assets/verifiedBadge-CrcJq1tD.webp  
  inflating: /var/www/html/assets/placeholderMan-BvremNML.png  
  inflating: /var/www/html/assets/tower-gldBe0jJ.webp  
  inflating: /var/www/html/assets/wasim-ETjjiRaD.jpg  
  inflating: /var/www/html/assets/tower2-LuqAcWCu.jpg  
  inflating: /var/www/html/assets/tower3-DpFzgoGy.jpg  
  inflating: /var/www/html/assets/Fav-BPcykgsi.png  
  inflating: /var/www/html/assets/proposal3-fxAFZeku.webp  
  inflating: /var/www/html/assets/proposal2-B9XZZX50.webp  
  inflating: /var/www/html/assets/proposal5-DItum-r7.webp  
  inflating: /var/www/html/assets/proposal1-D37fvLUu.webp  
  inflating: /var/www/html/assets/proposal6-wLmvSjqd.webp  
  inflating: /var/www/html/assets/proposal4-CZk7QC75.webp  
  inflating: /var/www/html/assets/wasimAkram-CBOcRO9q.png  
  inflating: /var/www/html/assets/index-BiTqy95M.css  
  inflating: /var/www/html/assets/index-CBsZvvpw.js  
  inflating: /var/www/html/assets/Landing-DVtVzD9_.js  
  inflating: /var/www/html/assets/index-AglsIeQY.js  
  inflating: /var/www/html/assets/index-BUSBXC1a.js  
  inflating: /var/www/html/assets/index-BaH8uVGO.js  
  inflating: /var/www/html/assets/index-jL6Zj0Ut.js  
  inflating: /var/www/html/assets/Header-DihcPWJC.js  
  inflating: /var/www/html/assets/SignUp-DGXQoiDi.js  
  inflating: /var/www/html/assets/ForgotPassword-CIcWM21k.js  
  inflating: /var/www/html/assets/VerifyUserEmail-Du4YtueB.js  
  inflating: /var/www/html/assets/ResetPassword-RnpAmhLP.js  
  inflating: /var/www/html/assets/ContactSupport-CRksuPxE.js  
  inflating: /var/www/html/assets/AuthCallback-C1F_p6D5.js  
  inflating: /var/www/html/assets/SelectRole-DjEzGs_K.js  
  inflating: /var/www/html/assets/Login-fr8SLzet.js  
  inflating: /var/www/html/assets/index-Dg3VcL8K.js  
  inflating: /var/www/html/assets/index-ofzYN8nw.js  
  inflating: /var/www/html/assets/Profile-QrfX-NS2.js  
  inflating: /var/www/html/assets/index-CEQ8LH6X.js  
  inflating: /var/www/html/assets/index-BKDEApMG.js  
  inflating: /var/www/html/assets/EditInvestor-B35mFqoD.js  
  inflating: /var/www/html/assets/index-D-kHEKWb.js  
  inflating: /var/www/html/assets/globe-CMmDFoSI.js  
  inflating: /var/www/html/assets/FilterDrawer-CGSiUwwR.js  
  inflating: /var/www/html/assets/label-k3LjjNq5.js  
  inflating: /var/www/html/assets/EditFounder-BM3OjIxV.js  
  inflating: /var/www/html/assets/index-LIKy8KId.js  
  inflating: /var/www/html/assets/index-DyhMGcC_.js  
  inflating: /var/www/html/assets/user-plus-CjaRQf24.js  
  inflating: /var/www/html/assets/log-in-DAEaHN5J.js  
  inflating: /var/www/html/assets/ban-DEOTRzHw.js  
  inflating: /var/www/html/assets/phone-CE7cpmJg.js  
  inflating: /var/www/html/assets/pencil-B9YnEZdX.js  
  inflating: /var/www/html/assets/index-DJuBd2xG.js  
  inflating: /var/www/html/assets/ViewBusinessProposal-r9Y0xMm4.js  
  inflating: /var/www/html/assets/index-BF5JH0mO.js  
  inflating: /var/www/html/assets/ToggleChips-mQOxXEKH.js  
  inflating: /var/www/html/assets/index-Bk99WHra.js  
  inflating: /var/www/html/assets/useDebounce-C55UWfNN.js  
  inflating: /var/www/html/assets/CreateNewBatch-BDvd6lv_.js  
  inflating: /var/www/html/assets/sparkles-HtIYg38o.js  
  inflating: /var/www/html/assets/map-pin-DPz3h6a8.js  
  inflating: /var/www/html/assets/shield-check-CyBvFb8j.js  
  inflating: /var/www/html/assets/CkEditor-YITHbvOw.js  
  inflating: /var/www/html/assets/mail-CHHHgLNS.js  
  inflating: /var/www/html/assets/table-dF8i5ira.js  
  inflating: /var/www/html/assets/Dashboard-CiLGsvIL.js  
  inflating: /var/www/html/assets/SimplifiedProfile-D4coqNhK.js  
  inflating: /var/www/html/assets/index-C3D4k8aQ.js  
  inflating: /var/www/html/assets/index-DzYNF5eS.js  
  inflating: /var/www/html/assets/GetMoreDetailsModal-Cze8V8zt.js  
  inflating: /var/www/html/assets/trending-up-DYZcoFMw.js  
  inflating: /var/www/html/assets/LegalModal-B6IkJiAZ.js  
  inflating: /var/www/html/assets/index-vpFJoNd3.js  
  inflating: /var/www/html/assets/dialog-zI-Uzl66.js  
  inflating: /var/www/html/assets/download-BNDR7VcK.js  
  inflating: /var/www/html/assets/index-5mNoQNW5.js  
  inflating: /var/www/html/assets/index-DLxLg_VD.js  
  inflating: /var/www/html/assets/index-DePHkJop.js  
  inflating: /var/www/html/assets/InfoBox-_DMiXMf-.js  
  inflating: /var/www/html/assets/input-CaTWfMUc.js  
  inflating: /var/www/html/assets/info-CiU_P3-J.js  
  inflating: /var/www/html/assets/circle-alert-D8ouuUZP.js  
  inflating: /var/www/html/assets/select-Bh4-bL_E.js  
  inflating: /var/www/html/assets/index-CqYx9X6E.js  
  inflating: /var/www/html/assets/index-DgITyJOJ.js  
  inflating: /var/www/html/assets/FileUploader-vam6t1b_.js  
  inflating: /var/www/html/assets/textarea-CJMdSkDq.js  
  inflating: /var/www/html/assets/link-Cp-PqIdj.js  
  inflating: /var/www/html/assets/eye-C8bFNoDH.js  
  inflating: /var/www/html/assets/trash-2-BOHNYLT1.js  
  inflating: /var/www/html/assets/topCards-ABo86Ke5.js  
  inflating: /var/www/html/assets/card-CS2_oq6o.js  
  inflating: /var/www/html/assets/ImageUploader-DRvjrNsg.js  
  inflating: /var/www/html/assets/upload-BcsIjSDm.js  
  inflating: /var/www/html/assets/EmptyState-DhUQ9fSt.js  
  inflating: /var/www/html/assets/toolbar-CGdoB78e.js  
  inflating: /var/www/html/assets/message-square-Cy_5Tiuw.js  
  inflating: /var/www/html/assets/tooltip-Bj8j1dxj.js  
  inflating: /var/www/html/assets/square-pen-Ma9Y9-K9.js  
  inflating: /var/www/html/assets/chevron-left-CGicJv2S.js  
  inflating: /var/www/html/assets/checkbox-D76buFOE.js  
  inflating: /var/www/html/assets/plus-DpG9Y-MZ.js  
  inflating: /var/www/html/assets/file-text-BGDobpnq.js  
  inflating: /var/www/html/assets/businessProposalCard-BL5hI0X-.js  
  inflating: /var/www/html/assets/Tabs-DsVUk0q5.js  
  inflating: /var/www/html/assets/circle-x-wK-Ufu6o.js  
  inflating: /var/www/html/assets/target-BzCHjJmZ.js  
  inflating: /var/www/html/assets/Stepper-Biaghmis.js  
  inflating: /var/www/html/assets/package-Qd55wk9Y.js  
  inflating: /var/www/html/assets/ContactSupportModal-nVi6NPPP.js  
  inflating: /var/www/html/assets/index-D6qEWIiC.js  
  inflating: /var/www/html/assets/Dashboard-C9sv2oD1.js  
  inflating: /var/www/html/assets/index-B3CAO5Mn.js  
  inflating: /var/www/html/assets/index-DJcHhpgc.js  
  inflating: /var/www/html/assets/index-DBcsE3HR.js  
  inflating: /var/www/html/assets/xlsx-DGuHH-KN.js  
  inflating: /var/www/html/index.html  
Saving Git logs repo SSH key...
Testing GitHub SSH key...
Cloning deployment-logs repo...
Cloning into 'logs-repo'...
