Installing dependencies...
npm warn deprecated w3c-hr-time@1.0.2: Use your platform's native performance.now() and performance.timeOrigin.
npm warn deprecated domexception@2.0.1: Use your platform's native DOMException instead
npm warn deprecated abab@2.0.6: Use your platform's native atob() and btoa() methods instead

> the-business-hub-pakistan@0.0.0 prepare
> husky

.git can't be found
added 1810 packages, and audited 1811 packages in 8m

253 packages are looking for funding
  run `npm fund` for details

85 vulnerabilities (3 low, 71 moderate, 11 high)

To address issues that do not require attention, run:
  npm audit fix

To address all issues possible (including breaking changes), run:
  npm audit fix --force

Some issues need review, and may require choosing
a different dependency.

Run `npm audit` for details.
Building React app...

> the-business-hub-pakistan@0.0.0 build
> vite build

vite v7.1.11 building for production...
transforming...
✓ 3152 modules transformed.
rendering chunks...
computing gzip size...
dist/index.html                                       2.18 kB │ gzip:   1.05 kB
dist/assets/verifiedBadge-CrcJq1tD.webp              10.83 kB
dist/assets/rectanglePlaceholder-nCbViREl.png        11.85 kB
dist/assets/goldenCheck-CnSHOmXW.webp                13.45 kB
dist/assets/irfanMalikBg-D4osmO_C.jpg                24.66 kB
dist/assets/proposal6-wLmvSjqd.webp                  28.15 kB
dist/assets/placeholderMan-BvremNML.png              36.64 kB
dist/assets/handShake-Dk1DoagP.webp                  65.18 kB
dist/assets/tower-gldBe0jJ.webp                      66.16 kB
dist/assets/tower2-LuqAcWCu.jpg                      72.52 kB
dist/assets/shakeelBg-NX99JDrP.jpg                  143.15 kB
dist/assets/MainLogo-DJpFhlQE.png                   144.86 kB
dist/assets/Fav-BPcykgsi.png                        147.34 kB
dist/assets/akhtar-qLBVRLf-.jpg                     173.92 kB
dist/assets/proposal5-DItum-r7.webp                 174.24 kB
dist/assets/tower3-DpFzgoGy.jpg                     175.56 kB
dist/assets/proposal2-B9XZZX50.webp                 192.62 kB
dist/assets/meerShinyDress-C8scZpYx.webp            229.68 kB
dist/assets/meerGreenJacket-ykCKR2uN.png            230.19 kB
dist/assets/arabic-BElshnQY.jpg                     238.42 kB
dist/assets/wasim-ETjjiRaD.jpg                      242.26 kB
dist/assets/salman-DD3Zraly.jpg                     255.18 kB
dist/assets/fahad-CnovJc60.jpg                      278.62 kB
dist/assets/tech-BdWyL5Pa.jpg                       281.71 kB
dist/assets/dubai-Bmqq4ymj.jpg                      311.77 kB
dist/assets/wasimAkramBg-D4BFEYu1.png               313.57 kB
dist/assets/video-poster-DrQklN8e.png               367.51 kB
dist/assets/proposal3-fxAFZeku.webp                 445.47 kB
dist/assets/proposal4-CZk7QC75.webp                 542.86 kB
dist/assets/proposal1-D37fvLUu.webp                 779.05 kB
dist/assets/wasimAkram-CBOcRO9q.png               4,488.96 kB
dist/assets/BlogDetail-oNXnMkFG.css                   0.63 kB │ gzip:   0.26 kB
dist/assets/style-DpsRipQV.css                        3.23 kB │ gzip:   0.73 kB
dist/assets/index-DFOOrdl-.css                      159.91 kB │ gzip:  21.74 kB
dist/assets/blogs-ChqPogSE.js                         0.04 kB │ gzip:   0.06 kB
dist/assets/webinarBanner-XLbHXaFF.js                 0.17 kB │ gzip:   0.15 kB
dist/assets/useDebounce-UuZ_ly0c.js                   0.19 kB │ gzip:   0.17 kB
dist/assets/plus-CDSf-Ene.js                          0.33 kB │ gzip:   0.25 kB
dist/assets/arrow-left-BGW37kHm.js                    0.34 kB │ gzip:   0.27 kB
dist/assets/circle-check-BnNTQJH5.js                  0.35 kB │ gzip:   0.27 kB
dist/assets/trending-up-C3fnBke6.js                   0.35 kB │ gzip:   0.27 kB
dist/assets/ban-CUBthSSw.js                           0.35 kB │ gzip:   0.28 kB
dist/assets/info-KrbGrQHA.js                          0.37 kB │ gzip:   0.28 kB
dist/assets/rotate-ccw-Dmi2SEdA.js                    0.37 kB │ gzip:   0.29 kB
dist/assets/circle-x-C3x-ZVLx.js                      0.38 kB │ gzip:   0.28 kB
dist/assets/ellipsis-B3C0AUS6.js                      0.39 kB │ gzip:   0.27 kB
dist/assets/upload-DDYdrr33.js                        0.40 kB │ gzip:   0.30 kB
dist/assets/index-BRsLmiPc.js                         0.41 kB │ gzip:   0.29 kB
dist/assets/index-72LSifos.js                         0.41 kB │ gzip:   0.29 kB
dist/assets/globe-BVTRu_pV.js                         0.41 kB │ gzip:   0.29 kB
dist/assets/headphones-F9rIeikg.js                    0.41 kB │ gzip:   0.29 kB
dist/assets/message-circle-CLIIa-Bk.js                0.41 kB │ gzip:   0.32 kB
dist/assets/circle-alert-DUskSHJR.js                  0.42 kB │ gzip:   0.29 kB
dist/assets/external-link-ixuY2srI.js                 0.42 kB │ gzip:   0.30 kB
dist/assets/funnel-DxXtGjUa.js                        0.42 kB │ gzip:   0.31 kB
dist/assets/user-minus-Dtz25ybU.js                    0.43 kB │ gzip:   0.32 kB
dist/assets/calendar-P_4jfRbR.js                      0.43 kB │ gzip:   0.31 kB
dist/assets/pencil-CFuODzzk.js                        0.45 kB │ gzip:   0.33 kB
dist/assets/hash-BfFevYgd.js                          0.47 kB │ gzip:   0.30 kB
dist/assets/shield-check-b-3R4rZV.js                  0.49 kB │ gzip:   0.35 kB
dist/assets/tag-BLiJz6E2.js                           0.49 kB │ gzip:   0.35 kB
dist/assets/Dashboard-XxPHvNMP.js                     0.50 kB │ gzip:   0.32 kB
dist/assets/Dashboard-B6mZS_DG.js                     0.50 kB │ gzip:   0.32 kB
dist/assets/support-ticket-events-B6zQtcFr.js         0.50 kB │ gzip:   0.37 kB
dist/assets/ExportLoader-CxdyYZCT.js                  0.55 kB │ gzip:   0.35 kB
dist/assets/sparkles-DRc1bcpQ.js                      0.67 kB │ gzip:   0.39 kB
dist/assets/meta-pixel-CAHtMBtr.js                    0.82 kB │ gzip:   0.37 kB
dist/assets/CkEditor-DgJ9CJZb.js                      0.85 kB │ gzip:   0.53 kB
dist/assets/InfoBox-ZlDSLeep.js                       0.86 kB │ gzip:   0.43 kB
dist/assets/CurrencyWithApprox-BmCPNylo.js            0.91 kB │ gzip:   0.52 kB
dist/assets/arrow-up-G3cYSnnr.js                      0.99 kB │ gzip:   0.39 kB
dist/assets/Tabs-D44uvzwm.js                          1.23 kB │ gzip:   0.65 kB
dist/assets/Pagination-DDSoRK39.js                    1.32 kB │ gzip:   0.72 kB
dist/assets/ProposalPopup-BzOoXorz.js                 1.64 kB │ gzip:   0.83 kB
dist/assets/ToggleChips-CfxvsRtG.js                   1.68 kB │ gzip:   0.83 kB
dist/assets/topCards-DBNtfXQo.js                      1.71 kB │ gzip:   0.74 kB
dist/assets/ForgotPassword-B0VhrMFY.js                2.11 kB │ gzip:   1.06 kB
dist/assets/FounderThankYou-BdGfEaQ6.js               2.22 kB │ gzip:   1.08 kB
dist/assets/FilterDrawer-B6my4H4-.js                  2.26 kB │ gzip:   0.96 kB
dist/assets/InvestorThankYou-DIDmeaOt.js              2.35 kB │ gzip:   1.15 kB
dist/assets/recipientFiltersState-Ds68d-xv.js         2.50 kB │ gzip:   0.93 kB
dist/assets/supabase-bulk-emails-Bgj2FWl0.js          2.54 kB │ gzip:   1.01 kB
dist/assets/MultipleImageUploader-DP7wxpGe.js         2.61 kB │ gzip:   1.14 kB
dist/assets/AuthCallback-DSjEQPbg.js                  2.71 kB │ gzip:   1.29 kB
dist/assets/ImageUploader-Czg4T3pp.js                 2.74 kB │ gzip:   1.19 kB
dist/assets/parseISO-eshfs4eE.js                      2.79 kB │ gzip:   1.27 kB
dist/assets/index-CxZ5hDRA.js                         2.86 kB │ gzip:   1.36 kB
dist/assets/index-2aMshbkO.js                         2.99 kB │ gzip:   1.50 kB
dist/assets/index-BsQOjhST.js                         3.06 kB │ gzip:   1.48 kB
dist/assets/index-WcCVeEsY.js                         3.19 kB │ gzip:   1.52 kB
dist/assets/toolbar-Ci6ZYKt6.js                       3.31 kB │ gzip:   1.30 kB
dist/assets/index-DII_Fh_3.js                         3.41 kB │ gzip:   1.73 kB
dist/assets/index-CdN0xMk8.js                         3.48 kB │ gzip:   1.67 kB
dist/assets/index-Cir-73U4.js                         3.51 kB │ gzip:   1.61 kB
dist/assets/index-v4oLyM89.js                         3.57 kB │ gzip:   1.80 kB
dist/assets/BulkActionsBar-06QjDlPG.js                3.75 kB │ gzip:   1.55 kB
dist/assets/index-DrseItWW.js                         3.80 kB │ gzip:   1.82 kB
dist/assets/target-audience-WTe7kvKK.js               4.02 kB │ gzip:   1.16 kB
dist/assets/index-DzlQTd_6.js                         4.53 kB │ gzip:   2.05 kB
dist/assets/Stepper-Cj_vb2rW.js                       4.66 kB │ gzip:   2.02 kB
dist/assets/Login-2pWMDhUz.js                         4.75 kB │ gzip:   1.96 kB
dist/assets/ViewRemindersModal-5DLTI3N5.js            4.87 kB │ gzip:   1.85 kB
dist/assets/ContactSupport-CZaza2SR.js                4.90 kB │ gzip:   2.01 kB
dist/assets/ResetPassword-Bviwcyta.js                 5.08 kB │ gzip:   1.78 kB
dist/assets/ActivityLogsModal.utils-CpMBE9hG.js       5.10 kB │ gzip:   1.46 kB
dist/assets/CreateBlog-DC-2_LyN.js                    5.28 kB │ gzip:   2.26 kB
dist/assets/index-DsrR7tXk.js                         5.36 kB │ gzip:   2.45 kB
dist/assets/index-D0bcs0C6.js                         5.37 kB │ gzip:   2.27 kB
dist/assets/SelectRole-Dpifbm4X.js                    5.45 kB │ gzip:   2.30 kB
dist/assets/HelpPageContent-BTqkfVxE.js               5.51 kB │ gzip:   2.00 kB
dist/assets/AllBlogs-B1uEZjAn.js                      5.78 kB │ gzip:   2.31 kB
dist/assets/VerifyUserEmail-52YaqEO5.js               5.82 kB │ gzip:   2.09 kB
dist/assets/EditBlog-CyKOATXV.js                      6.15 kB │ gzip:   2.64 kB
dist/assets/Profile-CY5lGBWP.js                       6.86 kB │ gzip:   2.19 kB
dist/assets/CreateTargetAudience-DBM5Waqr.js          7.04 kB │ gzip:   2.69 kB
dist/assets/SignUp-C7hsp5UD.js                        7.08 kB │ gzip:   2.67 kB
dist/assets/index-AGrqwMpj.js                         8.01 kB │ gzip:   2.95 kB
dist/assets/index-Ay4mH5MN.js                         8.03 kB │ gzip:   2.89 kB
dist/assets/EditTargetAudience-COtS8mD2.js            8.42 kB │ gzip:   2.97 kB
dist/assets/MiniAdminAnalyticsDetail-NU88ig_p.js      9.28 kB │ gzip:   2.98 kB
dist/assets/index-CkYWgzW6.js                         9.77 kB │ gzip:   3.60 kB
dist/assets/table-hMdr8Ox4.js                         9.82 kB │ gzip:   3.25 kB
dist/assets/businessProposalCard-Jf_L0Mam.js         10.05 kB │ gzip:   3.50 kB
dist/assets/index-D04-8F7c.js                        10.92 kB │ gzip:   4.34 kB
dist/assets/mini-admin-analytics-CaoBOqic.js         12.59 kB │ gzip:   3.63 kB
dist/assets/TicketDetailPage-qiJHIflm.js             13.40 kB │ gzip:   4.09 kB
dist/assets/SimplifiedProfile-BYlNddWI.js            13.78 kB │ gzip:   3.65 kB
dist/assets/index-KRekXjWm.js                        15.99 kB │ gzip:   4.95 kB
dist/assets/CreateNewBatch-DskMZgs1.js               17.70 kB │ gzip:   4.72 kB
dist/assets/index-BiATD2hN.js                        19.96 kB │ gzip:   6.63 kB
dist/assets/index-SO4LcEV8.js                        20.13 kB │ gzip:   5.40 kB
dist/assets/BlogDetail-BsCZVbUx.js                   21.52 kB │ gzip:   8.71 kB
dist/assets/index-CxPPhwyj.js                        22.25 kB │ gzip:   6.92 kB
dist/assets/index-BWZySQ0S.js                        22.84 kB │ gzip:   6.77 kB
dist/assets/EditFounder-_iys9GCy.js                  23.52 kB │ gzip:   5.86 kB
dist/assets/EditInvestor-BA7QVWqH.js                 24.52 kB │ gzip:   6.14 kB
dist/assets/ViewBusinessProposal-BXNEnt9y.js         25.92 kB │ gzip:   6.38 kB
dist/assets/index-D8U9rcDq.js                        28.38 kB │ gzip:   7.29 kB
dist/assets/index-DHNyoBvH.js                        28.93 kB │ gzip:   8.70 kB
dist/assets/index-C8hXBlP6.js                        30.29 kB │ gzip:   9.12 kB
dist/assets/index-DX2pZBxm.js                        54.82 kB │ gzip:  12.03 kB
dist/assets/Landing-B_86Ld6P.js                     152.14 kB │ gzip:  53.66 kB
dist/assets/xlsx-DGuHH-KN.js                        429.49 kB │ gzip: 143.07 kB
dist/assets/react-apexcharts.min-Dhsp9opA.js        584.37 kB │ gzip: 159.18 kB
dist/assets/index-DxAPDeDt.js                     2,843.48 kB │ gzip: 760.27 kB

(!) Some chunks are larger than 1500 kB after minification. Consider:
- Using dynamic import() to code-split the application
- Use build.rollupOptions.output.manualChunks to improve chunking: https://rollupjs.org/configuration-options/#output-manualchunks
- Adjust chunk size limit for this warning via build.chunkSizeWarningLimit.
✓ built in 18.46s
Packaging build...
  adding: .htaccess (deflated 36%)
  adding: favicon.ico (deflated 13%)
  adding: robots.txt (deflated 3%)
  adding: sitemap.xml (deflated 60%)
  adding: assets/ (stored 0%)
  adding: assets/irfanMalikBg-D4osmO_C.jpg (deflated 1%)
  adding: assets/meerGreenJacket-ykCKR2uN.png (deflated 0%)
  adding: assets/meerShinyDress-C8scZpYx.webp (deflated 0%)
  adding: assets/shakeelBg-NX99JDrP.jpg (deflated 0%)
  adding: assets/wasimAkramBg-D4BFEYu1.png (deflated 0%)
  adding: assets/akhtar-qLBVRLf-.jpg (deflated 1%)
  adding: assets/arabic-BElshnQY.jpg (deflated 0%)
  adding: assets/salman-DD3Zraly.jpg (deflated 0%)
  adding: assets/handShake-Dk1DoagP.webp (deflated 0%)
  adding: assets/dubai-Bmqq4ymj.jpg (deflated 0%)
  adding: assets/fahad-CnovJc60.jpg (deflated 0%)
  adding: assets/rectanglePlaceholder-nCbViREl.png (deflated 31%)
  adding: assets/Fav-BPcykgsi.png (deflated 5%)
  adding: assets/tech-BdWyL5Pa.jpg (deflated 0%)
  adding: assets/goldenCheck-CnSHOmXW.webp (stored 0%)
  adding: assets/MainLogo-DJpFhlQE.png (deflated 4%)
  adding: assets/tower-gldBe0jJ.webp (deflated 0%)
  adding: assets/placeholderMan-BvremNML.png (deflated 3%)
  adding: assets/wasim-ETjjiRaD.jpg (deflated 0%)
  adding: assets/verifiedBadge-CrcJq1tD.webp (deflated 1%)
  adding: assets/tower2-LuqAcWCu.jpg (deflated 2%)
  adding: assets/tower3-DpFzgoGy.jpg (deflated 0%)
  adding: assets/proposal5-DItum-r7.webp (deflated 4%)
  adding: assets/proposal6-wLmvSjqd.webp (deflated 0%)
  adding: assets/proposal2-B9XZZX50.webp (deflated 3%)
  adding: assets/proposal3-fxAFZeku.webp (deflated 1%)
  adding: assets/proposal1-D37fvLUu.webp (deflated 1%)
  adding: assets/proposal4-CZk7QC75.webp (deflated 1%)
  adding: assets/video-poster-DrQklN8e.png (deflated 0%)
  adding: assets/wasimAkram-CBOcRO9q.png (deflated 1%)
  adding: assets/index-DFOOrdl-.css (deflated 87%)
  adding: assets/BlogDetail-oNXnMkFG.css (deflated 62%)
  adding: assets/style-DpsRipQV.css (deflated 78%)
  adding: assets/index-DxAPDeDt.js (deflated 73%)
  adding: assets/xlsx-DGuHH-KN.js (deflated 67%)
  adding: assets/Landing-B_86Ld6P.js (deflated 65%)
  adding: assets/BlogDetail-BsCZVbUx.js (deflated 60%)
  adding: assets/AllBlogs-B1uEZjAn.js (deflated 60%)
  adding: assets/index-2aMshbkO.js (deflated 50%)
  adding: assets/index-CxZ5hDRA.js (deflated 53%)
  adding: assets/index-WcCVeEsY.js (deflated 53%)
  adding: assets/index-BsQOjhST.js (deflated 52%)
  adding: assets/index-Cir-73U4.js (deflated 54%)
  adding: assets/SignUp-C7hsp5UD.js (deflated 63%)
  adding: assets/ForgotPassword-B0VhrMFY.js (deflated 51%)
  adding: assets/VerifyUserEmail-52YaqEO5.js (deflated 64%)
  adding: assets/ResetPassword-Bviwcyta.js (deflated 65%)
  adding: assets/ContactSupport-CZaza2SR.js (deflated 59%)
  adding: assets/AuthCallback-DSjEQPbg.js (deflated 53%)
  adding: assets/SelectRole-Dpifbm4X.js (deflated 58%)
  adding: assets/InvestorThankYou-DIDmeaOt.js (deflated 51%)
  adding: assets/FounderThankYou-BdGfEaQ6.js (deflated 52%)
  adding: assets/Login-2pWMDhUz.js (deflated 59%)
  adding: assets/Profile-CY5lGBWP.js (deflated 68%)
  adding: assets/index-DsrR7tXk.js (deflated 55%)
  adding: assets/index-C8hXBlP6.js (deflated 70%)
  adding: assets/EditInvestor-BA7QVWqH.js (deflated 75%)
  adding: assets/index-DHNyoBvH.js (deflated 70%)
  adding: assets/BulkActionsBar-06QjDlPG.js (deflated 59%)
  adding: assets/EditFounder-_iys9GCy.js (deflated 75%)
  adding: assets/ViewRemindersModal-5DLTI3N5.js (deflated 62%)
  adding: assets/index-D04-8F7c.js (deflated 60%)
  adding: assets/index-BiATD2hN.js (deflated 67%)
  adding: assets/index-CxPPhwyj.js (deflated 69%)
  adding: assets/ExportLoader-CxdyYZCT.js (deflated 39%)
  adding: assets/ViewBusinessProposal-BXNEnt9y.js (deflated 75%)
  adding: assets/circle-check-BnNTQJH5.js (deflated 27%)
  adding: assets/index-BWZySQ0S.js (deflated 70%)
  adding: assets/meta-pixel-CAHtMBtr.js (deflated 57%)
  adding: assets/shield-check-b-3R4rZV.js (deflated 32%)
  adding: assets/sparkles-DRc1bcpQ.js (deflated 45%)
  adding: assets/trending-up-C3fnBke6.js (deflated 26%)
  adding: assets/globe-BVTRu_pV.js (deflated 33%)
  adding: assets/blogs-ChqPogSE.js (stored 0%)
  adding: assets/calendar-P_4jfRbR.js (deflated 33%)
  adding: assets/index-CdN0xMk8.js (deflated 53%)
  adding: assets/message-circle-CLIIa-Bk.js (deflated 28%)
  adding: assets/tag-BLiJz6E2.js (deflated 34%)
  adding: assets/arrow-left-BGW37kHm.js (deflated 26%)
  adding: assets/InfoBox-ZlDSLeep.js (deflated 51%)
  adding: assets/info-KrbGrQHA.js (deflated 30%)
  adding: assets/circle-alert-DUskSHJR.js (deflated 36%)
  adding: assets/index-DX2pZBxm.js (deflated 78%)
  adding: assets/topCards-DBNtfXQo.js (deflated 58%)
  adding: assets/parseISO-eshfs4eE.js (deflated 56%)
  adding: assets/webinarBanner-XLbHXaFF.js (deflated 25%)
  adding: assets/react-apexcharts.min-Dhsp9opA.js (deflated 73%)
  adding: assets/CurrencyWithApprox-BmCPNylo.js (deflated 45%)
  adding: assets/ImageUploader-Czg4T3pp.js (deflated 58%)
  adding: assets/external-link-ixuY2srI.js (deflated 32%)
  adding: assets/upload-DDYdrr33.js (deflated 31%)
  adding: assets/table-hMdr8Ox4.js (deflated 67%)
  adding: assets/toolbar-Ci6ZYKt6.js (deflated 61%)
  adding: assets/useDebounce-UuZ_ly0c.js (deflated 22%)
  adding: assets/support-ticket-events-B6zQtcFr.js (deflated 30%)
  adding: assets/headphones-F9rIeikg.js (deflated 34%)
  adding: assets/Pagination-DDSoRK39.js (deflated 47%)
  adding: assets/arrow-up-G3cYSnnr.js (deflated 62%)
  adding: assets/ellipsis-B3C0AUS6.js (deflated 37%)
  adding: assets/funnel-DxXtGjUa.js (deflated 30%)
  adding: assets/FilterDrawer-B6my4H4-.js (deflated 58%)
  adding: assets/rotate-ccw-Dmi2SEdA.js (deflated 28%)
  adding: assets/ToggleChips-CfxvsRtG.js (deflated 52%)
  adding: assets/circle-x-C3x-ZVLx.js (deflated 31%)
  adding: assets/businessProposalCard-Jf_L0Mam.js (deflated 66%)
  adding: assets/user-minus-Dtz25ybU.js (deflated 30%)
  adding: assets/pencil-CFuODzzk.js (deflated 31%)
  adding: assets/ban-CUBthSSw.js (deflated 27%)
  adding: assets/plus-CDSf-Ene.js (deflated 28%)
  adding: assets/ActivityLogsModal.utils-CpMBE9hG.js (deflated 72%)
  adding: assets/Tabs-D44uvzwm.js (deflated 49%)
  adding: assets/Stepper-Cj_vb2rW.js (deflated 57%)
  adding: assets/MultipleImageUploader-DP7wxpGe.js (deflated 57%)
  adding: assets/index-Ay4mH5MN.js (deflated 64%)
  adding: assets/supabase-bulk-emails-Bgj2FWl0.js (deflated 61%)
  adding: assets/CreateNewBatch-DskMZgs1.js (deflated 73%)
  adding: assets/CkEditor-DgJ9CJZb.js (deflated 40%)
  adding: assets/recipientFiltersState-Ds68d-xv.js (deflated 64%)
  adding: assets/target-audience-WTe7kvKK.js (deflated 72%)
  adding: assets/index-DzlQTd_6.js (deflated 55%)
  adding: assets/CreateTargetAudience-DBM5Waqr.js (deflated 62%)
  adding: assets/EditTargetAudience-COtS8mD2.js (deflated 65%)
  adding: assets/index-D0bcs0C6.js (deflated 58%)
  adding: assets/CreateBlog-DC-2_LyN.js (deflated 58%)
  adding: assets/EditBlog-CyKOATXV.js (deflated 57%)
  adding: assets/index-KRekXjWm.js (deflated 69%)
  adding: assets/index-AGrqwMpj.js (deflated 64%)
  adding: assets/index-D8U9rcDq.js (deflated 74%)
  adding: assets/mini-admin-analytics-CaoBOqic.js (deflated 71%)
  adding: assets/MiniAdminAnalyticsDetail-NU88ig_p.js (deflated 68%)
  adding: assets/Dashboard-B6mZS_DG.js (deflated 40%)
  adding: assets/SimplifiedProfile-BYlNddWI.js (deflated 74%)
  adding: assets/index-72LSifos.js (deflated 33%)
  adding: assets/HelpPageContent-BTqkfVxE.js (deflated 64%)
  adding: assets/hash-BfFevYgd.js (deflated 41%)
  adding: assets/index-v4oLyM89.js (deflated 50%)
  adding: assets/ProposalPopup-BzOoXorz.js (deflated 51%)
  adding: assets/index-DrseItWW.js (deflated 52%)
  adding: assets/index-DII_Fh_3.js (deflated 50%)
  adding: assets/Dashboard-XxPHvNMP.js (deflated 40%)
  adding: assets/index-SO4LcEV8.js (deflated 73%)
  adding: assets/index-CkYWgzW6.js (deflated 63%)
  adding: assets/index-BRsLmiPc.js (deflated 33%)
  adding: assets/TicketDetailPage-qiJHIflm.js (deflated 70%)
  adding: index.html (deflated 53%)
Saving Lightsail SSH key...
Uploading build to Lightsail...
Warning: Permanently added '15.207.22.250' (ED25519) to the list of known hosts.
Deploying build to /var/www/html ...
Archive:  /home/ubuntu/react-build.zip
  inflating: /var/www/html/.htaccess  
  inflating: /var/www/html/favicon.ico  
  inflating: /var/www/html/robots.txt  
  inflating: /var/www/html/sitemap.xml  
   creating: /var/www/html/assets/
  inflating: /var/www/html/assets/irfanMalikBg-D4osmO_C.jpg  
  inflating: /var/www/html/assets/meerGreenJacket-ykCKR2uN.png  
  inflating: /var/www/html/assets/meerShinyDress-C8scZpYx.webp  
  inflating: /var/www/html/assets/shakeelBg-NX99JDrP.jpg  
  inflating: /var/www/html/assets/wasimAkramBg-D4BFEYu1.png  
  inflating: /var/www/html/assets/akhtar-qLBVRLf-.jpg  
  inflating: /var/www/html/assets/arabic-BElshnQY.jpg  
  inflating: /var/www/html/assets/salman-DD3Zraly.jpg  
  inflating: /var/www/html/assets/handShake-Dk1DoagP.webp  
  inflating: /var/www/html/assets/dubai-Bmqq4ymj.jpg  
  inflating: /var/www/html/assets/fahad-CnovJc60.jpg  
  inflating: /var/www/html/assets/rectanglePlaceholder-nCbViREl.png  
  inflating: /var/www/html/assets/Fav-BPcykgsi.png  
  inflating: /var/www/html/assets/tech-BdWyL5Pa.jpg  
 extracting: /var/www/html/assets/goldenCheck-CnSHOmXW.webp  
  inflating: /var/www/html/assets/MainLogo-DJpFhlQE.png  
  inflating: /var/www/html/assets/tower-gldBe0jJ.webp  
  inflating: /var/www/html/assets/placeholderMan-BvremNML.png  
  inflating: /var/www/html/assets/wasim-ETjjiRaD.jpg  
  inflating: /var/www/html/assets/verifiedBadge-CrcJq1tD.webp  
  inflating: /var/www/html/assets/tower2-LuqAcWCu.jpg  
  inflating: /var/www/html/assets/tower3-DpFzgoGy.jpg  
  inflating: /var/www/html/assets/proposal5-DItum-r7.webp  
  inflating: /var/www/html/assets/proposal6-wLmvSjqd.webp  
  inflating: /var/www/html/assets/proposal2-B9XZZX50.webp  
  inflating: /var/www/html/assets/proposal3-fxAFZeku.webp  
  inflating: /var/www/html/assets/proposal1-D37fvLUu.webp  
  inflating: /var/www/html/assets/proposal4-CZk7QC75.webp  
  inflating: /var/www/html/assets/video-poster-DrQklN8e.png  
  inflating: /var/www/html/assets/wasimAkram-CBOcRO9q.png  
  inflating: /var/www/html/assets/index-DFOOrdl-.css  
  inflating: /var/www/html/assets/BlogDetail-oNXnMkFG.css  
  inflating: /var/www/html/assets/style-DpsRipQV.css  
  inflating: /var/www/html/assets/index-DxAPDeDt.js  
  inflating: /var/www/html/assets/xlsx-DGuHH-KN.js  
  inflating: /var/www/html/assets/Landing-B_86Ld6P.js  
  inflating: /var/www/html/assets/BlogDetail-BsCZVbUx.js  
  inflating: /var/www/html/assets/AllBlogs-B1uEZjAn.js  
  inflating: /var/www/html/assets/index-2aMshbkO.js  
  inflating: /var/www/html/assets/index-CxZ5hDRA.js  
  inflating: /var/www/html/assets/index-WcCVeEsY.js  
  inflating: /var/www/html/assets/index-BsQOjhST.js  
  inflating: /var/www/html/assets/index-Cir-73U4.js  
  inflating: /var/www/html/assets/SignUp-C7hsp5UD.js  
  inflating: /var/www/html/assets/ForgotPassword-B0VhrMFY.js  
  inflating: /var/www/html/assets/VerifyUserEmail-52YaqEO5.js  
  inflating: /var/www/html/assets/ResetPassword-Bviwcyta.js  
  inflating: /var/www/html/assets/ContactSupport-CZaza2SR.js  
  inflating: /var/www/html/assets/AuthCallback-DSjEQPbg.js  
  inflating: /var/www/html/assets/SelectRole-Dpifbm4X.js  
  inflating: /var/www/html/assets/InvestorThankYou-DIDmeaOt.js  
  inflating: /var/www/html/assets/FounderThankYou-BdGfEaQ6.js  
  inflating: /var/www/html/assets/Login-2pWMDhUz.js  
  inflating: /var/www/html/assets/Profile-CY5lGBWP.js  
  inflating: /var/www/html/assets/index-DsrR7tXk.js  
  inflating: /var/www/html/assets/index-C8hXBlP6.js  
  inflating: /var/www/html/assets/EditInvestor-BA7QVWqH.js  
  inflating: /var/www/html/assets/index-DHNyoBvH.js  
  inflating: /var/www/html/assets/BulkActionsBar-06QjDlPG.js  
  inflating: /var/www/html/assets/EditFounder-_iys9GCy.js  
  inflating: /var/www/html/assets/ViewRemindersModal-5DLTI3N5.js  
  inflating: /var/www/html/assets/index-D04-8F7c.js  
  inflating: /var/www/html/assets/index-BiATD2hN.js  
  inflating: /var/www/html/assets/index-CxPPhwyj.js  
  inflating: /var/www/html/assets/ExportLoader-CxdyYZCT.js  
  inflating: /var/www/html/assets/ViewBusinessProposal-BXNEnt9y.js  
  inflating: /var/www/html/assets/circle-check-BnNTQJH5.js  
  inflating: /var/www/html/assets/index-BWZySQ0S.js  
  inflating: /var/www/html/assets/meta-pixel-CAHtMBtr.js  
  inflating: /var/www/html/assets/shield-check-b-3R4rZV.js  
  inflating: /var/www/html/assets/sparkles-DRc1bcpQ.js  
  inflating: /var/www/html/assets/trending-up-C3fnBke6.js  
  inflating: /var/www/html/assets/globe-BVTRu_pV.js  
 extracting: /var/www/html/assets/blogs-ChqPogSE.js  
  inflating: /var/www/html/assets/calendar-P_4jfRbR.js  
  inflating: /var/www/html/assets/index-CdN0xMk8.js  
  inflating: /var/www/html/assets/message-circle-CLIIa-Bk.js  
  inflating: /var/www/html/assets/tag-BLiJz6E2.js  
  inflating: /var/www/html/assets/arrow-left-BGW37kHm.js  
  inflating: /var/www/html/assets/InfoBox-ZlDSLeep.js  
  inflating: /var/www/html/assets/info-KrbGrQHA.js  
  inflating: /var/www/html/assets/circle-alert-DUskSHJR.js  
  inflating: /var/www/html/assets/index-DX2pZBxm.js  
  inflating: /var/www/html/assets/topCards-DBNtfXQo.js  
  inflating: /var/www/html/assets/parseISO-eshfs4eE.js  
  inflating: /var/www/html/assets/webinarBanner-XLbHXaFF.js  
  inflating: /var/www/html/assets/react-apexcharts.min-Dhsp9opA.js  
  inflating: /var/www/html/assets/CurrencyWithApprox-BmCPNylo.js  
  inflating: /var/www/html/assets/ImageUploader-Czg4T3pp.js  
  inflating: /var/www/html/assets/external-link-ixuY2srI.js  
  inflating: /var/www/html/assets/upload-DDYdrr33.js  
  inflating: /var/www/html/assets/table-hMdr8Ox4.js  
  inflating: /var/www/html/assets/toolbar-Ci6ZYKt6.js  
  inflating: /var/www/html/assets/useDebounce-UuZ_ly0c.js  
  inflating: /var/www/html/assets/support-ticket-events-B6zQtcFr.js  
  inflating: /var/www/html/assets/headphones-F9rIeikg.js  
  inflating: /var/www/html/assets/Pagination-DDSoRK39.js  
  inflating: /var/www/html/assets/arrow-up-G3cYSnnr.js  
  inflating: /var/www/html/assets/ellipsis-B3C0AUS6.js  
  inflating: /var/www/html/assets/funnel-DxXtGjUa.js  
  inflating: /var/www/html/assets/FilterDrawer-B6my4H4-.js  
  inflating: /var/www/html/assets/rotate-ccw-Dmi2SEdA.js  
  inflating: /var/www/html/assets/ToggleChips-CfxvsRtG.js  
  inflating: /var/www/html/assets/circle-x-C3x-ZVLx.js  
  inflating: /var/www/html/assets/businessProposalCard-Jf_L0Mam.js  
  inflating: /var/www/html/assets/user-minus-Dtz25ybU.js  
  inflating: /var/www/html/assets/pencil-CFuODzzk.js  
  inflating: /var/www/html/assets/ban-CUBthSSw.js  
  inflating: /var/www/html/assets/plus-CDSf-Ene.js  
  inflating: /var/www/html/assets/ActivityLogsModal.utils-CpMBE9hG.js  
  inflating: /var/www/html/assets/Tabs-D44uvzwm.js  
  inflating: /var/www/html/assets/Stepper-Cj_vb2rW.js  
  inflating: /var/www/html/assets/MultipleImageUploader-DP7wxpGe.js  
  inflating: /var/www/html/assets/index-Ay4mH5MN.js  
  inflating: /var/www/html/assets/supabase-bulk-emails-Bgj2FWl0.js  
  inflating: /var/www/html/assets/CreateNewBatch-DskMZgs1.js  
  inflating: /var/www/html/assets/CkEditor-DgJ9CJZb.js  
  inflating: /var/www/html/assets/recipientFiltersState-Ds68d-xv.js  
  inflating: /var/www/html/assets/target-audience-WTe7kvKK.js  
  inflating: /var/www/html/assets/index-DzlQTd_6.js  
  inflating: /var/www/html/assets/CreateTargetAudience-DBM5Waqr.js  
  inflating: /var/www/html/assets/EditTargetAudience-COtS8mD2.js  
  inflating: /var/www/html/assets/index-D0bcs0C6.js  
  inflating: /var/www/html/assets/CreateBlog-DC-2_LyN.js  
  inflating: /var/www/html/assets/EditBlog-CyKOATXV.js  
  inflating: /var/www/html/assets/index-KRekXjWm.js  
  inflating: /var/www/html/assets/index-AGrqwMpj.js  
  inflating: /var/www/html/assets/index-D8U9rcDq.js  
  inflating: /var/www/html/assets/mini-admin-analytics-CaoBOqic.js  
  inflating: /var/www/html/assets/MiniAdminAnalyticsDetail-NU88ig_p.js  
  inflating: /var/www/html/assets/Dashboard-B6mZS_DG.js  
  inflating: /var/www/html/assets/SimplifiedProfile-BYlNddWI.js  
  inflating: /var/www/html/assets/index-72LSifos.js  
  inflating: /var/www/html/assets/HelpPageContent-BTqkfVxE.js  
  inflating: /var/www/html/assets/hash-BfFevYgd.js  
  inflating: /var/www/html/assets/index-v4oLyM89.js  
  inflating: /var/www/html/assets/ProposalPopup-BzOoXorz.js  
  inflating: /var/www/html/assets/index-DrseItWW.js  
  inflating: /var/www/html/assets/index-DII_Fh_3.js  
  inflating: /var/www/html/assets/Dashboard-XxPHvNMP.js  
  inflating: /var/www/html/assets/index-SO4LcEV8.js  
  inflating: /var/www/html/assets/index-CkYWgzW6.js  
  inflating: /var/www/html/assets/index-BRsLmiPc.js  
  inflating: /var/www/html/assets/TicketDetailPage-qiJHIflm.js  
  inflating: /var/www/html/index.html  
Saving Git logs repo SSH key...
Testing GitHub SSH key...
Cloning deployment-logs repo...
Cloning into 'logs-repo'...
