Installing dependencies...
npm warn deprecated w3c-hr-time@1.0.2: Use your platform's native performance.now() and performance.timeOrigin.
npm warn deprecated domexception@2.0.1: Use your platform's native DOMException instead
npm warn deprecated abab@2.0.6: Use your platform's native atob() and btoa() methods instead

> the-business-hub-pakistan@0.0.0 prepare
> husky

.git can't be found
added 1810 packages, and audited 1811 packages in 5m

253 packages are looking for funding
  run `npm fund` for details

73 vulnerabilities (68 moderate, 5 high)

To address issues that do not require attention, run:
  npm audit fix

To address all issues possible (including breaking changes), run:
  npm audit fix --force

Some issues need review, and may require choosing
a different dependency.

Run `npm audit` for details.
Building React app...

> the-business-hub-pakistan@0.0.0 build
> vite build

vite v7.1.11 building for production...
transforming...
✓ 3116 modules transformed.
rendering chunks...
computing gzip size...
dist/index.html                                    2.18 kB │ gzip:   1.05 kB
dist/assets/verifiedBadge-CrcJq1tD.webp           10.83 kB
dist/assets/rectanglePlaceholder-nCbViREl.png     11.85 kB
dist/assets/goldenCheck-CnSHOmXW.webp             13.45 kB
dist/assets/irfanMalikBg-D4osmO_C.jpg             24.66 kB
dist/assets/proposal6-wLmvSjqd.webp               28.15 kB
dist/assets/placeholderMan-BvremNML.png           36.64 kB
dist/assets/handShake-Dk1DoagP.webp               65.18 kB
dist/assets/tower-gldBe0jJ.webp                   66.16 kB
dist/assets/tower2-LuqAcWCu.jpg                   72.52 kB
dist/assets/shakeelBg-NX99JDrP.jpg               143.15 kB
dist/assets/MainLogo-DJpFhlQE.png                144.86 kB
dist/assets/Fav-BPcykgsi.png                     147.34 kB
dist/assets/akhtar-qLBVRLf-.jpg                  173.92 kB
dist/assets/proposal5-DItum-r7.webp              174.24 kB
dist/assets/tower3-DpFzgoGy.jpg                  175.56 kB
dist/assets/proposal2-B9XZZX50.webp              192.62 kB
dist/assets/meerShinyDress-C8scZpYx.webp         229.68 kB
dist/assets/meerGreenJacket-ykCKR2uN.png         230.19 kB
dist/assets/arabic-BElshnQY.jpg                  238.42 kB
dist/assets/wasim-ETjjiRaD.jpg                   242.26 kB
dist/assets/salman-DD3Zraly.jpg                  255.18 kB
dist/assets/fahad-CnovJc60.jpg                   278.62 kB
dist/assets/tech-BdWyL5Pa.jpg                    281.71 kB
dist/assets/dubai-Bmqq4ymj.jpg                   311.77 kB
dist/assets/wasimAkramBg-D4BFEYu1.png            313.57 kB
dist/assets/video-poster-DrQklN8e.png            367.51 kB
dist/assets/proposal3-fxAFZeku.webp              445.47 kB
dist/assets/proposal4-CZk7QC75.webp              542.86 kB
dist/assets/proposal1-D37fvLUu.webp              779.05 kB
dist/assets/wasimAkram-CBOcRO9q.png            4,488.96 kB
dist/assets/BlogDetail-oNXnMkFG.css                0.63 kB │ gzip:   0.26 kB
dist/assets/style-DpsRipQV.css                     3.23 kB │ gzip:   0.73 kB
dist/assets/index-CmBww9Jj.css                   156.31 kB │ gzip:  21.32 kB
dist/assets/blogs-ChqPogSE.js                      0.04 kB │ gzip:   0.06 kB
dist/assets/webinarBanner-XLbHXaFF.js              0.17 kB │ gzip:   0.15 kB
dist/assets/useDebounce-BU9-Oj-2.js                0.19 kB │ gzip:   0.17 kB
dist/assets/plus-nlsUyTtb.js                       0.33 kB │ gzip:   0.25 kB
dist/assets/arrow-left-BKnlN54G.js                 0.34 kB │ gzip:   0.27 kB
dist/assets/circle-check-QQNZ6NCe.js               0.35 kB │ gzip:   0.27 kB
dist/assets/trending-up-CRwjPOum.js                0.35 kB │ gzip:   0.28 kB
dist/assets/ban-Cc1vDFo4.js                        0.35 kB │ gzip:   0.28 kB
dist/assets/info-Cep_30dW.js                       0.37 kB │ gzip:   0.28 kB
dist/assets/rotate-ccw-ZeqXQ52j.js                 0.37 kB │ gzip:   0.29 kB
dist/assets/circle-x-egmWWfO-.js                   0.38 kB │ gzip:   0.28 kB
dist/assets/Dashboard-Beg5ugcE.js                  0.39 kB │ gzip:   0.27 kB
dist/assets/Dashboard-BsdWVIuJ.js                  0.39 kB │ gzip:   0.27 kB
dist/assets/upload-DTe6vv1j.js                     0.40 kB │ gzip:   0.30 kB
dist/assets/index-B18nhuSi.js                      0.41 kB │ gzip:   0.30 kB
dist/assets/index-CYivdbqj.js                      0.41 kB │ gzip:   0.30 kB
dist/assets/globe-CcdtJOse.js                      0.41 kB │ gzip:   0.29 kB
dist/assets/headphones-Cwn5f3Z-.js                 0.41 kB │ gzip:   0.29 kB
dist/assets/message-circle-CZlgULZy.js             0.41 kB │ gzip:   0.32 kB
dist/assets/circle-alert-XO9EIN-q.js               0.42 kB │ gzip:   0.30 kB
dist/assets/external-link-CnfcsJSX.js              0.42 kB │ gzip:   0.30 kB
dist/assets/funnel-PM0RqCAw.js                     0.42 kB │ gzip:   0.31 kB
dist/assets/calendar-BbG1Rcz1.js                   0.43 kB │ gzip:   0.31 kB
dist/assets/pencil-2xlZhE_f.js                     0.45 kB │ gzip:   0.33 kB
dist/assets/bookmark-plus-B_XlXuxf.js              0.45 kB │ gzip:   0.32 kB
dist/assets/hash-Cm4bOaiQ.js                       0.47 kB │ gzip:   0.30 kB
dist/assets/shield-check-CxixMXw4.js               0.49 kB │ gzip:   0.35 kB
dist/assets/tag-BVRkqVut.js                        0.49 kB │ gzip:   0.35 kB
dist/assets/support-ticket-events-huKfpF-P.js      0.50 kB │ gzip:   0.37 kB
dist/assets/sparkles-BqhKsKBc.js                   0.67 kB │ gzip:   0.39 kB
dist/assets/CkEditor-DhZV4Ylw.js                   0.85 kB │ gzip:   0.53 kB
dist/assets/InfoBox-CdRrt-E1.js                    0.86 kB │ gzip:   0.43 kB
dist/assets/CurrencyWithApprox-9sZYOzVM.js         0.91 kB │ gzip:   0.52 kB
dist/assets/Tabs-ViH_aWTh.js                       1.23 kB │ gzip:   0.65 kB
dist/assets/Pagination-t-eieEQf.js                 1.32 kB │ gzip:   0.73 kB
dist/assets/ToggleChips-D6EAdC-t.js                1.68 kB │ gzip:   0.83 kB
dist/assets/topCards-prLuuKz1.js                   1.71 kB │ gzip:   0.75 kB
dist/assets/ForgotPassword-3sNfWxHq.js             2.11 kB │ gzip:   1.06 kB
dist/assets/FounderThankYou-1eRVLzo0.js            2.22 kB │ gzip:   1.08 kB
dist/assets/FilterDrawer-DrqxSdG7.js               2.26 kB │ gzip:   0.96 kB
dist/assets/ResetPassword-U18fnjw1.js              2.34 kB │ gzip:   1.04 kB
dist/assets/InvestorThankYou-D7HyQ1EW.js           2.35 kB │ gzip:   1.15 kB
dist/assets/MultipleImageUploader-Cu8d_c8L.js      2.61 kB │ gzip:   1.14 kB
dist/assets/toolbar-OsX88YLa.js                    2.69 kB │ gzip:   1.15 kB
dist/assets/AuthCallback-CONABeC1.js               2.71 kB │ gzip:   1.29 kB
dist/assets/ImageUploader-Yqt3YgVG.js              2.74 kB │ gzip:   1.19 kB
dist/assets/index-CAgi8cuO.js                      2.86 kB │ gzip:   1.36 kB
dist/assets/index-Dv4fSPLz.js                      2.99 kB │ gzip:   1.50 kB
dist/assets/index-BeGYRs_Y.js                      3.06 kB │ gzip:   1.48 kB
dist/assets/supabase-bulk-emails-VleXQAD7.js       3.14 kB │ gzip:   1.12 kB
dist/assets/index-CYzJkjlW.js                      3.19 kB │ gzip:   1.52 kB
dist/assets/index-ilyuG_-w.js                      3.48 kB │ gzip:   1.67 kB
dist/assets/index-BWO2H_tD.js                      3.51 kB │ gzip:   1.61 kB
dist/assets/index-BAU9HOnE.js                      3.80 kB │ gzip:   1.82 kB
dist/assets/index-DA2CC7py.js                      4.35 kB │ gzip:   1.98 kB
dist/assets/index-B3yhChiZ.js                      4.51 kB │ gzip:   2.06 kB
dist/assets/ContactSupport-C3Lz4Bpm.js             4.63 kB │ gzip:   1.93 kB
dist/assets/Stepper-hr_Q7lNA.js                    4.66 kB │ gzip:   2.02 kB
dist/assets/Login-Bo5wrc69.js                      4.74 kB │ gzip:   1.95 kB
dist/assets/index-H7c341DA.js                      5.07 kB │ gzip:   2.17 kB
dist/assets/CreateBlog-B1WmiNoR.js                 5.16 kB │ gzip:   2.20 kB
dist/assets/AllBlogs-M1ph07u7.js                   5.17 kB │ gzip:   2.06 kB
dist/assets/SelectRole-CqKI6fp4.js                 5.45 kB │ gzip:   2.32 kB
dist/assets/HelpPageContent-CSncwJ4q.js            5.51 kB │ gzip:   2.00 kB
dist/assets/index-BJxKfmvf.js                      5.53 kB │ gzip:   2.51 kB
dist/assets/VerifyUserEmail-BXhCnNwB.js            5.82 kB │ gzip:   2.08 kB
dist/assets/EditBlog-CnCAAMfI.js                   6.02 kB │ gzip:   2.58 kB
dist/assets/ViewRemindersModal-DGLfCe9j.js         6.22 kB │ gzip:   2.34 kB
dist/assets/SignUp-DMoJsSPR.js                     6.64 kB │ gzip:   2.52 kB
dist/assets/Profile-CtZI528_.js                    6.86 kB │ gzip:   2.19 kB
dist/assets/index-BOvOQR6j.js                      8.01 kB │ gzip:   2.95 kB
dist/assets/index-DiAngAoe.js                      9.24 kB │ gzip:   3.81 kB
dist/assets/businessProposalCard-CABSflFh.js       9.66 kB │ gzip:   3.29 kB
dist/assets/index-ZHwBd9K2.js                      9.77 kB │ gzip:   3.60 kB
dist/assets/index-h9KDcs8-.js                      9.93 kB │ gzip:   3.22 kB
dist/assets/table-B-18A3SI.js                     10.99 kB │ gzip:   3.44 kB
dist/assets/TicketDetailPage-BfVTLVwg.js          12.90 kB │ gzip:   4.06 kB
dist/assets/SimplifiedProfile-CrdHXw74.js         13.76 kB │ gzip:   3.64 kB
dist/assets/index-DC_wqYWy.js                     15.62 kB │ gzip:   4.81 kB
dist/assets/CreateNewBatch-DUnk6L8t.js            16.74 kB │ gzip:   4.53 kB
dist/assets/EditFounder-DzuIT8b2.js               18.01 kB │ gzip:   4.38 kB
dist/assets/index-CsjIrdIT.js                     18.43 kB │ gzip:   5.93 kB
dist/assets/EditInvestor-DBRh6DEv.js              18.98 kB │ gzip:   4.65 kB
dist/assets/index-BSSaBU6w.js                     20.08 kB │ gzip:   6.60 kB
dist/assets/index-DEBPXi9X.js                     20.13 kB │ gzip:   5.41 kB
dist/assets/BlogDetail-knQDkRCz.js                21.41 kB │ gzip:   8.68 kB
dist/assets/index-D9V4qC4f.js                     22.37 kB │ gzip:   6.93 kB
dist/assets/index-DmygMP6z.js                     22.98 kB │ gzip:   6.85 kB
dist/assets/ViewBusinessProposal-C9ENYfaJ.js      25.92 kB │ gzip:   6.39 kB
dist/assets/index-9jfEJwXk.js                     28.73 kB │ gzip:   8.83 kB
dist/assets/Landing-DAN2V5x1.js                  151.96 kB │ gzip:  53.58 kB
dist/assets/xlsx-DGuHH-KN.js                     429.49 kB │ gzip: 143.07 kB
dist/assets/index-AUHoEbAM.js                    637.83 kB │ gzip: 171.06 kB
dist/assets/index-Bov7HVaC.js                  2,835.58 kB │ gzip: 757.72 kB

(!) Some chunks are larger than 1500 kB after minification. Consider:
- Using dynamic import() to code-split the application
- Use build.rollupOptions.output.manualChunks to improve chunking: https://rollupjs.org/configuration-options/#output-manualchunks
- Adjust chunk size limit for this warning via build.chunkSizeWarningLimit.
✓ built in 17.33s
Packaging build...
  adding: favicon.ico (deflated 13%)
  adding: robots.txt (deflated 3%)
  adding: sitemap.xml (deflated 60%)
  adding: assets/ (stored 0%)
  adding: assets/irfanMalikBg-D4osmO_C.jpg (deflated 1%)
  adding: assets/meerShinyDress-C8scZpYx.webp (deflated 0%)
  adding: assets/meerGreenJacket-ykCKR2uN.png (deflated 0%)
  adding: assets/shakeelBg-NX99JDrP.jpg (deflated 0%)
  adding: assets/wasimAkramBg-D4BFEYu1.png (deflated 0%)
  adding: assets/dubai-Bmqq4ymj.jpg (deflated 0%)
  adding: assets/fahad-CnovJc60.jpg (deflated 0%)
  adding: assets/salman-DD3Zraly.jpg (deflated 0%)
  adding: assets/tech-BdWyL5Pa.jpg (deflated 0%)
  adding: assets/wasim-ETjjiRaD.jpg (deflated 0%)
  adding: assets/placeholderMan-BvremNML.png (deflated 3%)
  adding: assets/rectanglePlaceholder-nCbViREl.png (deflated 31%)
  adding: assets/Fav-BPcykgsi.png (deflated 5%)
  adding: assets/MainLogo-DJpFhlQE.png (deflated 4%)
  adding: assets/goldenCheck-CnSHOmXW.webp (stored 0%)
  adding: assets/arabic-BElshnQY.jpg (deflated 0%)
  adding: assets/akhtar-qLBVRLf-.jpg (deflated 1%)
  adding: assets/tower2-LuqAcWCu.jpg (deflated 2%)
  adding: assets/tower3-DpFzgoGy.jpg (deflated 0%)
  adding: assets/proposal2-B9XZZX50.webp (deflated 3%)
  adding: assets/proposal3-fxAFZeku.webp (deflated 1%)
  adding: assets/proposal5-DItum-r7.webp (deflated 4%)
  adding: assets/verifiedBadge-CrcJq1tD.webp (deflated 1%)
  adding: assets/proposal6-wLmvSjqd.webp (deflated 0%)
  adding: assets/handShake-Dk1DoagP.webp (deflated 0%)
  adding: assets/tower-gldBe0jJ.webp (deflated 0%)
  adding: assets/proposal1-D37fvLUu.webp (deflated 1%)
  adding: assets/proposal4-CZk7QC75.webp (deflated 1%)
  adding: assets/video-poster-DrQklN8e.png (deflated 0%)
  adding: assets/wasimAkram-CBOcRO9q.png (deflated 1%)
  adding: assets/index-CmBww9Jj.css (deflated 86%)
  adding: assets/BlogDetail-oNXnMkFG.css (deflated 62%)
  adding: assets/style-DpsRipQV.css (deflated 78%)
  adding: assets/index-Bov7HVaC.js (deflated 73%)
  adding: assets/xlsx-DGuHH-KN.js (deflated 67%)
  adding: assets/Landing-DAN2V5x1.js (deflated 65%)
  adding: assets/BlogDetail-knQDkRCz.js (deflated 60%)
  adding: assets/AllBlogs-M1ph07u7.js (deflated 61%)
  adding: assets/index-Dv4fSPLz.js (deflated 50%)
  adding: assets/index-CAgi8cuO.js (deflated 53%)
  adding: assets/index-CYzJkjlW.js (deflated 53%)
  adding: assets/index-BeGYRs_Y.js (deflated 52%)
  adding: assets/index-BWO2H_tD.js (deflated 54%)
  adding: assets/SignUp-DMoJsSPR.js (deflated 62%)
  adding: assets/ForgotPassword-3sNfWxHq.js (deflated 51%)
  adding: assets/VerifyUserEmail-BXhCnNwB.js (deflated 64%)
  adding: assets/ResetPassword-U18fnjw1.js (deflated 56%)
  adding: assets/ContactSupport-C3Lz4Bpm.js (deflated 59%)
  adding: assets/AuthCallback-CONABeC1.js (deflated 53%)
  adding: assets/SelectRole-CqKI6fp4.js (deflated 58%)
  adding: assets/InvestorThankYou-D7HyQ1EW.js (deflated 51%)
  adding: assets/FounderThankYou-1eRVLzo0.js (deflated 52%)
  adding: assets/Login-Bo5wrc69.js (deflated 59%)
  adding: assets/Profile-CtZI528_.js (deflated 68%)
  adding: assets/index-BJxKfmvf.js (deflated 55%)
  adding: assets/index-9jfEJwXk.js (deflated 69%)
  adding: assets/EditInvestor-DBRh6DEv.js (deflated 76%)
  adding: assets/index-D9V4qC4f.js (deflated 69%)
  adding: assets/ViewRemindersModal-DGLfCe9j.js (deflated 63%)
  adding: assets/tag-BVRkqVut.js (deflated 34%)
  adding: assets/EditFounder-DzuIT8b2.js (deflated 76%)
  adding: assets/index-DiAngAoe.js (deflated 59%)
  adding: assets/index-BSSaBU6w.js (deflated 67%)
  adding: assets/pencil-2xlZhE_f.js (deflated 31%)
  adding: assets/index-CsjIrdIT.js (deflated 68%)
  adding: assets/ViewBusinessProposal-C9ENYfaJ.js (deflated 75%)
  adding: assets/circle-check-QQNZ6NCe.js (deflated 27%)
  adding: assets/index-DmygMP6z.js (deflated 70%)
  adding: assets/shield-check-CxixMXw4.js (deflated 32%)
  adding: assets/sparkles-BqhKsKBc.js (deflated 45%)
  adding: assets/trending-up-CRwjPOum.js (deflated 26%)
  adding: assets/globe-CcdtJOse.js (deflated 33%)
  adding: assets/blogs-ChqPogSE.js (stored 0%)
  adding: assets/calendar-BbG1Rcz1.js (deflated 33%)
  adding: assets/index-ilyuG_-w.js (deflated 53%)
  adding: assets/message-circle-CZlgULZy.js (deflated 28%)
  adding: assets/arrow-left-BKnlN54G.js (deflated 26%)
  adding: assets/InfoBox-CdRrt-E1.js (deflated 51%)
  adding: assets/info-Cep_30dW.js (deflated 30%)
  adding: assets/circle-alert-XO9EIN-q.js (deflated 35%)
  adding: assets/index-AUHoEbAM.js (deflated 73%)
  adding: assets/topCards-prLuuKz1.js (deflated 58%)
  adding: assets/webinarBanner-XLbHXaFF.js (deflated 25%)
  adding: assets/CurrencyWithApprox-9sZYOzVM.js (deflated 45%)
  adding: assets/ImageUploader-Yqt3YgVG.js (deflated 58%)
  adding: assets/external-link-CnfcsJSX.js (deflated 32%)
  adding: assets/upload-DTe6vv1j.js (deflated 31%)
  adding: assets/table-B-18A3SI.js (deflated 69%)
  adding: assets/toolbar-OsX88YLa.js (deflated 58%)
  adding: assets/useDebounce-BU9-Oj-2.js (deflated 22%)
  adding: assets/support-ticket-events-huKfpF-P.js (deflated 29%)
  adding: assets/headphones-Cwn5f3Z-.js (deflated 34%)
  adding: assets/Pagination-t-eieEQf.js (deflated 47%)
  adding: assets/funnel-PM0RqCAw.js (deflated 30%)
  adding: assets/FilterDrawer-DrqxSdG7.js (deflated 58%)
  adding: assets/rotate-ccw-ZeqXQ52j.js (deflated 28%)
  adding: assets/ToggleChips-D6EAdC-t.js (deflated 51%)
  adding: assets/circle-x-egmWWfO-.js (deflated 30%)
  adding: assets/businessProposalCard-CABSflFh.js (deflated 66%)
  adding: assets/ban-Cc1vDFo4.js (deflated 27%)
  adding: assets/plus-nlsUyTtb.js (deflated 28%)
  adding: assets/Tabs-ViH_aWTh.js (deflated 49%)
  adding: assets/Stepper-hr_Q7lNA.js (deflated 57%)
  adding: assets/MultipleImageUploader-Cu8d_c8L.js (deflated 57%)
  adding: assets/index-h9KDcs8-.js (deflated 68%)
  adding: assets/supabase-bulk-emails-VleXQAD7.js (deflated 65%)
  adding: assets/CreateNewBatch-DUnk6L8t.js (deflated 73%)
  adding: assets/CkEditor-DhZV4Ylw.js (deflated 40%)
  adding: assets/index-H7c341DA.js (deflated 57%)
  adding: assets/CreateBlog-B1WmiNoR.js (deflated 58%)
  adding: assets/EditBlog-CnCAAMfI.js (deflated 57%)
  adding: assets/index-DC_wqYWy.js (deflated 69%)
  adding: assets/index-BOvOQR6j.js (deflated 63%)
  adding: assets/Dashboard-BsdWVIuJ.js (deflated 36%)
  adding: assets/SimplifiedProfile-CrdHXw74.js (deflated 74%)
  adding: assets/index-CYivdbqj.js (deflated 32%)
  adding: assets/HelpPageContent-CSncwJ4q.js (deflated 64%)
  adding: assets/hash-Cm4bOaiQ.js (deflated 40%)
  adding: assets/index-B3yhChiZ.js (deflated 55%)
  adding: assets/bookmark-plus-B_XlXuxf.js (deflated 33%)
  adding: assets/index-BAU9HOnE.js (deflated 52%)
  adding: assets/index-DA2CC7py.js (deflated 55%)
  adding: assets/Dashboard-Beg5ugcE.js (deflated 36%)
  adding: assets/index-DEBPXi9X.js (deflated 73%)
  adding: assets/index-ZHwBd9K2.js (deflated 63%)
  adding: assets/index-B18nhuSi.js (deflated 32%)
  adding: assets/TicketDetailPage-BfVTLVwg.js (deflated 69%)
  adding: index.html (deflated 52%)
Saving Lightsail SSH key...
Uploading build to Lightsail...
Warning: Permanently added '15.207.22.250' (ED25519) to the list of known hosts.
Deploying build to /var/www/html ...
Archive:  /home/ubuntu/react-build.zip
  inflating: /var/www/html/favicon.ico  
  inflating: /var/www/html/robots.txt  
  inflating: /var/www/html/sitemap.xml  
   creating: /var/www/html/assets/
  inflating: /var/www/html/assets/irfanMalikBg-D4osmO_C.jpg  
  inflating: /var/www/html/assets/meerShinyDress-C8scZpYx.webp  
  inflating: /var/www/html/assets/meerGreenJacket-ykCKR2uN.png  
  inflating: /var/www/html/assets/shakeelBg-NX99JDrP.jpg  
  inflating: /var/www/html/assets/wasimAkramBg-D4BFEYu1.png  
  inflating: /var/www/html/assets/dubai-Bmqq4ymj.jpg  
  inflating: /var/www/html/assets/fahad-CnovJc60.jpg  
  inflating: /var/www/html/assets/salman-DD3Zraly.jpg  
  inflating: /var/www/html/assets/tech-BdWyL5Pa.jpg  
  inflating: /var/www/html/assets/wasim-ETjjiRaD.jpg  
  inflating: /var/www/html/assets/placeholderMan-BvremNML.png  
  inflating: /var/www/html/assets/rectanglePlaceholder-nCbViREl.png  
  inflating: /var/www/html/assets/Fav-BPcykgsi.png  
  inflating: /var/www/html/assets/MainLogo-DJpFhlQE.png  
 extracting: /var/www/html/assets/goldenCheck-CnSHOmXW.webp  
  inflating: /var/www/html/assets/arabic-BElshnQY.jpg  
  inflating: /var/www/html/assets/akhtar-qLBVRLf-.jpg  
  inflating: /var/www/html/assets/tower2-LuqAcWCu.jpg  
  inflating: /var/www/html/assets/tower3-DpFzgoGy.jpg  
  inflating: /var/www/html/assets/proposal2-B9XZZX50.webp  
  inflating: /var/www/html/assets/proposal3-fxAFZeku.webp  
  inflating: /var/www/html/assets/proposal5-DItum-r7.webp  
  inflating: /var/www/html/assets/verifiedBadge-CrcJq1tD.webp  
  inflating: /var/www/html/assets/proposal6-wLmvSjqd.webp  
  inflating: /var/www/html/assets/handShake-Dk1DoagP.webp  
  inflating: /var/www/html/assets/tower-gldBe0jJ.webp  
  inflating: /var/www/html/assets/proposal1-D37fvLUu.webp  
  inflating: /var/www/html/assets/proposal4-CZk7QC75.webp  
  inflating: /var/www/html/assets/video-poster-DrQklN8e.png  
  inflating: /var/www/html/assets/wasimAkram-CBOcRO9q.png  
  inflating: /var/www/html/assets/index-CmBww9Jj.css  
  inflating: /var/www/html/assets/BlogDetail-oNXnMkFG.css  
  inflating: /var/www/html/assets/style-DpsRipQV.css  
  inflating: /var/www/html/assets/index-Bov7HVaC.js  
  inflating: /var/www/html/assets/xlsx-DGuHH-KN.js  
  inflating: /var/www/html/assets/Landing-DAN2V5x1.js  
  inflating: /var/www/html/assets/BlogDetail-knQDkRCz.js  
  inflating: /var/www/html/assets/AllBlogs-M1ph07u7.js  
  inflating: /var/www/html/assets/index-Dv4fSPLz.js  
  inflating: /var/www/html/assets/index-CAgi8cuO.js  
  inflating: /var/www/html/assets/index-CYzJkjlW.js  
  inflating: /var/www/html/assets/index-BeGYRs_Y.js  
  inflating: /var/www/html/assets/index-BWO2H_tD.js  
  inflating: /var/www/html/assets/SignUp-DMoJsSPR.js  
  inflating: /var/www/html/assets/ForgotPassword-3sNfWxHq.js  
  inflating: /var/www/html/assets/VerifyUserEmail-BXhCnNwB.js  
  inflating: /var/www/html/assets/ResetPassword-U18fnjw1.js  
  inflating: /var/www/html/assets/ContactSupport-C3Lz4Bpm.js  
  inflating: /var/www/html/assets/AuthCallback-CONABeC1.js  
  inflating: /var/www/html/assets/SelectRole-CqKI6fp4.js  
  inflating: /var/www/html/assets/InvestorThankYou-D7HyQ1EW.js  
  inflating: /var/www/html/assets/FounderThankYou-1eRVLzo0.js  
  inflating: /var/www/html/assets/Login-Bo5wrc69.js  
  inflating: /var/www/html/assets/Profile-CtZI528_.js  
  inflating: /var/www/html/assets/index-BJxKfmvf.js  
  inflating: /var/www/html/assets/index-9jfEJwXk.js  
  inflating: /var/www/html/assets/EditInvestor-DBRh6DEv.js  
  inflating: /var/www/html/assets/index-D9V4qC4f.js  
  inflating: /var/www/html/assets/ViewRemindersModal-DGLfCe9j.js  
  inflating: /var/www/html/assets/tag-BVRkqVut.js  
  inflating: /var/www/html/assets/EditFounder-DzuIT8b2.js  
  inflating: /var/www/html/assets/index-DiAngAoe.js  
  inflating: /var/www/html/assets/index-BSSaBU6w.js  
  inflating: /var/www/html/assets/pencil-2xlZhE_f.js  
  inflating: /var/www/html/assets/index-CsjIrdIT.js  
  inflating: /var/www/html/assets/ViewBusinessProposal-C9ENYfaJ.js  
  inflating: /var/www/html/assets/circle-check-QQNZ6NCe.js  
  inflating: /var/www/html/assets/index-DmygMP6z.js  
  inflating: /var/www/html/assets/shield-check-CxixMXw4.js  
  inflating: /var/www/html/assets/sparkles-BqhKsKBc.js  
  inflating: /var/www/html/assets/trending-up-CRwjPOum.js  
  inflating: /var/www/html/assets/globe-CcdtJOse.js  
 extracting: /var/www/html/assets/blogs-ChqPogSE.js  
  inflating: /var/www/html/assets/calendar-BbG1Rcz1.js  
  inflating: /var/www/html/assets/index-ilyuG_-w.js  
  inflating: /var/www/html/assets/message-circle-CZlgULZy.js  
  inflating: /var/www/html/assets/arrow-left-BKnlN54G.js  
  inflating: /var/www/html/assets/InfoBox-CdRrt-E1.js  
  inflating: /var/www/html/assets/info-Cep_30dW.js  
  inflating: /var/www/html/assets/circle-alert-XO9EIN-q.js  
  inflating: /var/www/html/assets/index-AUHoEbAM.js  
  inflating: /var/www/html/assets/topCards-prLuuKz1.js  
  inflating: /var/www/html/assets/webinarBanner-XLbHXaFF.js  
  inflating: /var/www/html/assets/CurrencyWithApprox-9sZYOzVM.js  
  inflating: /var/www/html/assets/ImageUploader-Yqt3YgVG.js  
  inflating: /var/www/html/assets/external-link-CnfcsJSX.js  
  inflating: /var/www/html/assets/upload-DTe6vv1j.js  
  inflating: /var/www/html/assets/table-B-18A3SI.js  
  inflating: /var/www/html/assets/toolbar-OsX88YLa.js  
  inflating: /var/www/html/assets/useDebounce-BU9-Oj-2.js  
  inflating: /var/www/html/assets/support-ticket-events-huKfpF-P.js  
  inflating: /var/www/html/assets/headphones-Cwn5f3Z-.js  
  inflating: /var/www/html/assets/Pagination-t-eieEQf.js  
  inflating: /var/www/html/assets/funnel-PM0RqCAw.js  
  inflating: /var/www/html/assets/FilterDrawer-DrqxSdG7.js  
  inflating: /var/www/html/assets/rotate-ccw-ZeqXQ52j.js  
  inflating: /var/www/html/assets/ToggleChips-D6EAdC-t.js  
  inflating: /var/www/html/assets/circle-x-egmWWfO-.js  
  inflating: /var/www/html/assets/businessProposalCard-CABSflFh.js  
  inflating: /var/www/html/assets/ban-Cc1vDFo4.js  
  inflating: /var/www/html/assets/plus-nlsUyTtb.js  
  inflating: /var/www/html/assets/Tabs-ViH_aWTh.js  
  inflating: /var/www/html/assets/Stepper-hr_Q7lNA.js  
  inflating: /var/www/html/assets/MultipleImageUploader-Cu8d_c8L.js  
  inflating: /var/www/html/assets/index-h9KDcs8-.js  
  inflating: /var/www/html/assets/supabase-bulk-emails-VleXQAD7.js  
  inflating: /var/www/html/assets/CreateNewBatch-DUnk6L8t.js  
  inflating: /var/www/html/assets/CkEditor-DhZV4Ylw.js  
  inflating: /var/www/html/assets/index-H7c341DA.js  
  inflating: /var/www/html/assets/CreateBlog-B1WmiNoR.js  
  inflating: /var/www/html/assets/EditBlog-CnCAAMfI.js  
  inflating: /var/www/html/assets/index-DC_wqYWy.js  
  inflating: /var/www/html/assets/index-BOvOQR6j.js  
  inflating: /var/www/html/assets/Dashboard-BsdWVIuJ.js  
  inflating: /var/www/html/assets/SimplifiedProfile-CrdHXw74.js  
  inflating: /var/www/html/assets/index-CYivdbqj.js  
  inflating: /var/www/html/assets/HelpPageContent-CSncwJ4q.js  
  inflating: /var/www/html/assets/hash-Cm4bOaiQ.js  
  inflating: /var/www/html/assets/index-B3yhChiZ.js  
  inflating: /var/www/html/assets/bookmark-plus-B_XlXuxf.js  
  inflating: /var/www/html/assets/index-BAU9HOnE.js  
  inflating: /var/www/html/assets/index-DA2CC7py.js  
  inflating: /var/www/html/assets/Dashboard-Beg5ugcE.js  
  inflating: /var/www/html/assets/index-DEBPXi9X.js  
  inflating: /var/www/html/assets/index-ZHwBd9K2.js  
  inflating: /var/www/html/assets/index-B18nhuSi.js  
  inflating: /var/www/html/assets/TicketDetailPage-BfVTLVwg.js  
  inflating: /var/www/html/index.html  
Saving Git logs repo SSH key...
Testing GitHub SSH key...
Cloning deployment-logs repo...
Cloning into 'logs-repo'...
