Installing dependencies...
npm warn deprecated w3c-hr-time@1.0.2: Use your platform's native performance.now() and performance.timeOrigin.
npm warn deprecated domexception@2.0.1: Use your platform's native DOMException instead
npm warn deprecated abab@2.0.6: Use your platform's native atob() and btoa() methods instead

> the-business-hub-pakistan@0.0.0 prepare
> husky

.git can't be found
added 1810 packages, and audited 1811 packages in 5m

253 packages are looking for funding
  run `npm fund` for details

77 vulnerabilities (68 moderate, 9 high)

To address issues that do not require attention, run:
  npm audit fix

To address all issues possible (including breaking changes), run:
  npm audit fix --force

Some issues need review, and may require choosing
a different dependency.

Run `npm audit` for details.
Building React app...

> the-business-hub-pakistan@0.0.0 build
> vite build

vite v7.1.11 building for production...
transforming...
✓ 3106 modules transformed.
rendering chunks...
computing gzip size...
dist/index.html                                    2.18 kB │ gzip:   1.05 kB
dist/assets/verifiedBadge-CrcJq1tD.webp           10.83 kB
dist/assets/rectanglePlaceholder-nCbViREl.png     11.85 kB
dist/assets/goldenCheck-CnSHOmXW.webp             13.45 kB
dist/assets/irfanMalikBg-D4osmO_C.jpg             24.66 kB
dist/assets/proposal6-wLmvSjqd.webp               28.15 kB
dist/assets/placeholderMan-BvremNML.png           36.64 kB
dist/assets/handShake-Dk1DoagP.webp               65.18 kB
dist/assets/tower-gldBe0jJ.webp                   66.16 kB
dist/assets/tower2-LuqAcWCu.jpg                   72.52 kB
dist/assets/shakeelBg-NX99JDrP.jpg               143.15 kB
dist/assets/MainLogo-DJpFhlQE.png                144.86 kB
dist/assets/Fav-BPcykgsi.png                     147.34 kB
dist/assets/akhtar-qLBVRLf-.jpg                  173.92 kB
dist/assets/proposal5-DItum-r7.webp              174.24 kB
dist/assets/tower3-DpFzgoGy.jpg                  175.56 kB
dist/assets/proposal2-B9XZZX50.webp              192.62 kB
dist/assets/meerShinyDress-C8scZpYx.webp         229.68 kB
dist/assets/meerGreenJacket-ykCKR2uN.png         230.19 kB
dist/assets/arabic-BElshnQY.jpg                  238.42 kB
dist/assets/wasim-ETjjiRaD.jpg                   242.26 kB
dist/assets/salman-DD3Zraly.jpg                  255.18 kB
dist/assets/fahad-CnovJc60.jpg                   278.62 kB
dist/assets/tech-BdWyL5Pa.jpg                    281.71 kB
dist/assets/dubai-Bmqq4ymj.jpg                   311.77 kB
dist/assets/wasimAkramBg-D4BFEYu1.png            313.57 kB
dist/assets/proposal3-fxAFZeku.webp              445.47 kB
dist/assets/proposal4-CZk7QC75.webp              542.86 kB
dist/assets/proposal1-D37fvLUu.webp              779.05 kB
dist/assets/wasimAkram-CBOcRO9q.png            4,488.96 kB
dist/assets/BlogDetail-oNXnMkFG.css                0.63 kB │ gzip:   0.26 kB
dist/assets/style-DpsRipQV.css                     3.23 kB │ gzip:   0.73 kB
dist/assets/index-VEC6csTg.css                   154.74 kB │ gzip:  21.06 kB
dist/assets/blogs-ChqPogSE.js                      0.04 kB │ gzip:   0.06 kB
dist/assets/webinarBanner-XLbHXaFF.js              0.17 kB │ gzip:   0.15 kB
dist/assets/useDebounce-HkQimDGS.js                0.19 kB │ gzip:   0.17 kB
dist/assets/plus-lapSZc8_.js                       0.33 kB │ gzip:   0.25 kB
dist/assets/arrow-left-fXmNNU5y.js                 0.34 kB │ gzip:   0.27 kB
dist/assets/circle-check-BM-vRSXk.js               0.35 kB │ gzip:   0.27 kB
dist/assets/trending-up-C2JTxBG1.js                0.35 kB │ gzip:   0.27 kB
dist/assets/ban-DDQmaKfL.js                        0.35 kB │ gzip:   0.28 kB
dist/assets/info-BP-tl0kB.js                       0.37 kB │ gzip:   0.28 kB
dist/assets/rotate-ccw-Da8xIWi0.js                 0.37 kB │ gzip:   0.29 kB
dist/assets/circle-x-DpBYmLMz.js                   0.38 kB │ gzip:   0.28 kB
dist/assets/Dashboard-CYLU4ymr.js                  0.39 kB │ gzip:   0.27 kB
dist/assets/Dashboard-DAGGk8Fo.js                  0.39 kB │ gzip:   0.27 kB
dist/assets/upload-DGUt--LF.js                     0.40 kB │ gzip:   0.30 kB
dist/assets/message-square-CW1ZMu4V.js             0.41 kB │ gzip:   0.31 kB
dist/assets/globe-BkmTb8a7.js                      0.41 kB │ gzip:   0.29 kB
dist/assets/message-circle-CAkYwoDe.js             0.41 kB │ gzip:   0.31 kB
dist/assets/circle-alert-DjORggM0.js               0.42 kB │ gzip:   0.29 kB
dist/assets/external-link-fUqAiMab.js              0.42 kB │ gzip:   0.30 kB
dist/assets/funnel-CJwuiG_-.js                     0.42 kB │ gzip:   0.31 kB
dist/assets/calendar-B0ruHcWI.js                   0.43 kB │ gzip:   0.31 kB
dist/assets/pencil-CVNUMvNB.js                     0.45 kB │ gzip:   0.33 kB
dist/assets/bookmark-plus-Bz2fRgaO.js              0.45 kB │ gzip:   0.32 kB
dist/assets/shield-check-C_2PVWtQ.js               0.49 kB │ gzip:   0.35 kB
dist/assets/sparkles-DccqeKg7.js                   0.67 kB │ gzip:   0.39 kB
dist/assets/CkEditor-CipGkh3V.js                   0.85 kB │ gzip:   0.53 kB
dist/assets/InfoBox-BUXeN50f.js                    0.86 kB │ gzip:   0.43 kB
dist/assets/CurrencyWithApprox-BegRSpml.js         0.91 kB │ gzip:   0.52 kB
dist/assets/Tabs-N2_MqRJS.js                       1.23 kB │ gzip:   0.65 kB
dist/assets/ToggleChips-BWx7Baq0.js                1.68 kB │ gzip:   0.83 kB
dist/assets/topCards-BtHBTUiL.js                   1.71 kB │ gzip:   0.74 kB
dist/assets/ForgotPassword-CoeGYiy1.js             2.11 kB │ gzip:   1.06 kB
dist/assets/FounderThankYou-B_g-ByIz.js            2.22 kB │ gzip:   1.08 kB
dist/assets/FilterDrawer-MlGbr1Jo.js               2.26 kB │ gzip:   0.96 kB
dist/assets/ResetPassword-Dyo0qFtL.js              2.34 kB │ gzip:   1.04 kB
dist/assets/InvestorThankYou-Dkrbi81_.js           2.35 kB │ gzip:   1.15 kB
dist/assets/MultipleImageUploader-GFcD5jY3.js      2.61 kB │ gzip:   1.14 kB
dist/assets/toolbar--FsjCr6p.js                    2.69 kB │ gzip:   1.15 kB
dist/assets/AuthCallback-B4Age8Ic.js               2.71 kB │ gzip:   1.29 kB
dist/assets/ImageUploader-Cd1o1QPD.js              2.74 kB │ gzip:   1.18 kB
dist/assets/index-BY_HY8qb.js                      2.86 kB │ gzip:   1.36 kB
dist/assets/index-CcFgmluS.js                      2.99 kB │ gzip:   1.50 kB
dist/assets/index-sQ_aor6A.js                      3.06 kB │ gzip:   1.48 kB
dist/assets/supabase-bulk-emails-BRObodLL.js       3.14 kB │ gzip:   1.12 kB
dist/assets/index-uuhoC4Ts.js                      3.19 kB │ gzip:   1.52 kB
dist/assets/index-j6UJdKib.js                      3.48 kB │ gzip:   1.67 kB
dist/assets/index-DiEHgCKi.js                      3.51 kB │ gzip:   1.61 kB
dist/assets/index-CXmyX9_h.js                      3.63 kB │ gzip:   1.83 kB
dist/assets/index-hsM3cFLj.js                      3.84 kB │ gzip:   1.89 kB
dist/assets/index-2bFHAgyy.js                      3.85 kB │ gzip:   1.89 kB
dist/assets/index-DgAm6ZkL.js                      4.35 kB │ gzip:   1.98 kB
dist/assets/index-yTmhI7g4.js                      4.46 kB │ gzip:   2.02 kB
dist/assets/ContactSupport-Cx_W3HTa.js             4.63 kB │ gzip:   1.93 kB
dist/assets/Stepper-DHUIXRqq.js                    4.66 kB │ gzip:   2.02 kB
dist/assets/Login-B04yxqY7.js                      4.74 kB │ gzip:   1.95 kB
dist/assets/index-ZADLCgpz.js                      5.04 kB │ gzip:   2.15 kB
dist/assets/CreateBlog-CEClpTCN.js                 5.16 kB │ gzip:   2.20 kB
dist/assets/AllBlogs-CUtKt337.js                   5.17 kB │ gzip:   2.07 kB
dist/assets/SelectRole-C73INYzd.js                 5.45 kB │ gzip:   2.32 kB
dist/assets/VerifyUserEmail-B8zPWr3H.js            5.82 kB │ gzip:   2.08 kB
dist/assets/EditBlog-Dhd2bmlp.js                   6.02 kB │ gzip:   2.58 kB
dist/assets/SignUp-CZ9ooTdT.js                     6.64 kB │ gzip:   2.52 kB
dist/assets/Profile-Bm4mV7Ub.js                    6.86 kB │ gzip:   2.19 kB
dist/assets/ViewRemindersModal-BsRHBJVX.js         6.92 kB │ gzip:   2.55 kB
dist/assets/index-BzLWrn5D.js                      7.76 kB │ gzip:   3.16 kB
dist/assets/index-D8y7iJ5F.js                      8.01 kB │ gzip:   2.95 kB
dist/assets/index-X2z-jYDZ.js                      9.20 kB │ gzip:   3.79 kB
dist/assets/businessProposalCard-CYJbpRIz.js       9.66 kB │ gzip:   3.29 kB
dist/assets/index-BpWmO9dG.js                      9.81 kB │ gzip:   3.62 kB
dist/assets/index-BcodAKn7.js                      9.94 kB │ gzip:   3.22 kB
dist/assets/table-D85wGMLY.js                     11.89 kB │ gzip:   3.72 kB
dist/assets/SimplifiedProfile-iVcKqcxj.js         13.76 kB │ gzip:   3.64 kB
dist/assets/index-DbNS-riV.js                     15.62 kB │ gzip:   4.80 kB
dist/assets/CreateNewBatch-Dkz0s21A.js            16.75 kB │ gzip:   4.53 kB
dist/assets/EditFounder-ZI6jOkPm.js               18.01 kB │ gzip:   4.37 kB
dist/assets/index-BZjColjZ.js                     18.47 kB │ gzip:   5.95 kB
dist/assets/EditInvestor-BHa-4Hpm.js              18.98 kB │ gzip:   4.65 kB
dist/assets/index-BLgEqIL_.js                     20.05 kB │ gzip:   6.59 kB
dist/assets/index-BfTrg-wo.js                     20.29 kB │ gzip:   6.51 kB
dist/assets/index-D_H8Xizd.js                     21.30 kB │ gzip:   5.60 kB
dist/assets/BlogDetail-DByHYcJ2.js                21.83 kB │ gzip:   8.94 kB
dist/assets/index-D3fLXxlI.js                     22.98 kB │ gzip:   6.85 kB
dist/assets/ViewBusinessProposal-ssziro0c.js      25.92 kB │ gzip:   6.38 kB
dist/assets/index-HtIsac31.js                     26.81 kB │ gzip:   8.51 kB
dist/assets/Landing-D87PCihp.js                  151.91 kB │ gzip:  53.56 kB
dist/assets/xlsx-DGuHH-KN.js                     429.49 kB │ gzip: 143.07 kB
dist/assets/index-C_1Xrm7f.js                    629.11 kB │ gzip: 168.26 kB
dist/assets/index-BAe6eB8S.js                  2,832.04 kB │ gzip: 756.65 kB

(!) Some chunks are larger than 1500 kB after minification. Consider:
- Using dynamic import() to code-split the application
- Use build.rollupOptions.output.manualChunks to improve chunking: https://rollupjs.org/configuration-options/#output-manualchunks
- Adjust chunk size limit for this warning via build.chunkSizeWarningLimit.
✓ built in 18.23s
Packaging build...
  adding: favicon.ico (deflated 13%)
  adding: robots.txt (deflated 3%)
  adding: sitemap.xml (deflated 60%)
  adding: assets/ (stored 0%)
  adding: assets/meerGreenJacket-ykCKR2uN.png (deflated 0%)
  adding: assets/meerShinyDress-C8scZpYx.webp (deflated 0%)
  adding: assets/irfanMalikBg-D4osmO_C.jpg (deflated 1%)
  adding: assets/shakeelBg-NX99JDrP.jpg (deflated 0%)
  adding: assets/wasimAkramBg-D4BFEYu1.png (deflated 0%)
  adding: assets/akhtar-qLBVRLf-.jpg (deflated 1%)
  adding: assets/arabic-BElshnQY.jpg (deflated 0%)
  adding: assets/dubai-Bmqq4ymj.jpg (deflated 0%)
  adding: assets/fahad-CnovJc60.jpg (deflated 0%)
  adding: assets/handShake-Dk1DoagP.webp (deflated 0%)
  adding: assets/salman-DD3Zraly.jpg (deflated 0%)
  adding: assets/tech-BdWyL5Pa.jpg (deflated 0%)
  adding: assets/wasim-ETjjiRaD.jpg (deflated 0%)
  adding: assets/placeholderMan-BvremNML.png (deflated 3%)
  adding: assets/rectanglePlaceholder-nCbViREl.png (deflated 31%)
  adding: assets/Fav-BPcykgsi.png (deflated 5%)
  adding: assets/MainLogo-DJpFhlQE.png (deflated 4%)
  adding: assets/goldenCheck-CnSHOmXW.webp (stored 0%)
  adding: assets/verifiedBadge-CrcJq1tD.webp (deflated 1%)
  adding: assets/tower-gldBe0jJ.webp (deflated 0%)
  adding: assets/tower2-LuqAcWCu.jpg (deflated 2%)
  adding: assets/tower3-DpFzgoGy.jpg (deflated 0%)
  adding: assets/proposal2-B9XZZX50.webp (deflated 3%)
  adding: assets/proposal3-fxAFZeku.webp (deflated 1%)
  adding: assets/proposal5-DItum-r7.webp (deflated 4%)
  adding: assets/proposal6-wLmvSjqd.webp (deflated 0%)
  adding: assets/proposal1-D37fvLUu.webp (deflated 1%)
  adding: assets/proposal4-CZk7QC75.webp (deflated 1%)
  adding: assets/wasimAkram-CBOcRO9q.png (deflated 1%)
  adding: assets/index-VEC6csTg.css (deflated 86%)
  adding: assets/BlogDetail-oNXnMkFG.css (deflated 62%)
  adding: assets/style-DpsRipQV.css (deflated 78%)
  adding: assets/index-BAe6eB8S.js (deflated 73%)
  adding: assets/xlsx-DGuHH-KN.js (deflated 67%)
  adding: assets/Landing-D87PCihp.js (deflated 65%)
  adding: assets/BlogDetail-DByHYcJ2.js (deflated 59%)
  adding: assets/AllBlogs-CUtKt337.js (deflated 60%)
  adding: assets/index-CcFgmluS.js (deflated 50%)
  adding: assets/index-BY_HY8qb.js (deflated 53%)
  adding: assets/index-uuhoC4Ts.js (deflated 53%)
  adding: assets/index-sQ_aor6A.js (deflated 52%)
  adding: assets/index-DiEHgCKi.js (deflated 54%)
  adding: assets/SignUp-CZ9ooTdT.js (deflated 62%)
  adding: assets/ForgotPassword-CoeGYiy1.js (deflated 51%)
  adding: assets/VerifyUserEmail-B8zPWr3H.js (deflated 64%)
  adding: assets/ResetPassword-Dyo0qFtL.js (deflated 56%)
  adding: assets/ContactSupport-Cx_W3HTa.js (deflated 59%)
  adding: assets/AuthCallback-B4Age8Ic.js (deflated 53%)
  adding: assets/SelectRole-C73INYzd.js (deflated 58%)
  adding: assets/InvestorThankYou-Dkrbi81_.js (deflated 51%)
  adding: assets/FounderThankYou-B_g-ByIz.js (deflated 52%)
  adding: assets/Login-B04yxqY7.js (deflated 59%)
  adding: assets/Profile-Bm4mV7Ub.js (deflated 68%)
  adding: assets/index-BzLWrn5D.js (deflated 59%)
  adding: assets/index-HtIsac31.js (deflated 68%)
  adding: assets/EditInvestor-BHa-4Hpm.js (deflated 76%)
  adding: assets/index-BfTrg-wo.js (deflated 68%)
  adding: assets/ViewRemindersModal-BsRHBJVX.js (deflated 63%)
  adding: assets/EditFounder-ZI6jOkPm.js (deflated 76%)
  adding: assets/index-X2z-jYDZ.js (deflated 59%)
  adding: assets/index-BLgEqIL_.js (deflated 67%)
  adding: assets/pencil-CVNUMvNB.js (deflated 31%)
  adding: assets/index-BZjColjZ.js (deflated 68%)
  adding: assets/ViewBusinessProposal-ssziro0c.js (deflated 75%)
  adding: assets/circle-check-BM-vRSXk.js (deflated 27%)
  adding: assets/index-D3fLXxlI.js (deflated 70%)
  adding: assets/shield-check-C_2PVWtQ.js (deflated 32%)
  adding: assets/sparkles-DccqeKg7.js (deflated 45%)
  adding: assets/trending-up-C2JTxBG1.js (deflated 26%)
  adding: assets/globe-BkmTb8a7.js (deflated 33%)
  adding: assets/blogs-ChqPogSE.js (stored 0%)
  adding: assets/calendar-B0ruHcWI.js (deflated 33%)
  adding: assets/index-j6UJdKib.js (deflated 53%)
  adding: assets/message-circle-CAkYwoDe.js (deflated 28%)
  adding: assets/arrow-left-fXmNNU5y.js (deflated 26%)
  adding: assets/InfoBox-BUXeN50f.js (deflated 52%)
  adding: assets/info-BP-tl0kB.js (deflated 30%)
  adding: assets/circle-alert-DjORggM0.js (deflated 36%)
  adding: assets/index-C_1Xrm7f.js (deflated 73%)
  adding: assets/topCards-BtHBTUiL.js (deflated 58%)
  adding: assets/webinarBanner-XLbHXaFF.js (deflated 25%)
  adding: assets/CurrencyWithApprox-BegRSpml.js (deflated 45%)
  adding: assets/ImageUploader-Cd1o1QPD.js (deflated 58%)
  adding: assets/external-link-fUqAiMab.js (deflated 33%)
  adding: assets/upload-DGUt--LF.js (deflated 31%)
  adding: assets/table-D85wGMLY.js (deflated 69%)
  adding: assets/toolbar--FsjCr6p.js (deflated 58%)
  adding: assets/useDebounce-HkQimDGS.js (deflated 22%)
  adding: assets/message-square-CW1ZMu4V.js (deflated 29%)
  adding: assets/funnel-CJwuiG_-.js (deflated 31%)
  adding: assets/FilterDrawer-MlGbr1Jo.js (deflated 58%)
  adding: assets/rotate-ccw-Da8xIWi0.js (deflated 28%)
  adding: assets/ToggleChips-BWx7Baq0.js (deflated 52%)
  adding: assets/circle-x-DpBYmLMz.js (deflated 31%)
  adding: assets/businessProposalCard-CYJbpRIz.js (deflated 66%)
  adding: assets/ban-DDQmaKfL.js (deflated 27%)
  adding: assets/plus-lapSZc8_.js (deflated 28%)
  adding: assets/Tabs-N2_MqRJS.js (deflated 49%)
  adding: assets/Stepper-DHUIXRqq.js (deflated 57%)
  adding: assets/MultipleImageUploader-GFcD5jY3.js (deflated 57%)
  adding: assets/index-BcodAKn7.js (deflated 68%)
  adding: assets/supabase-bulk-emails-BRObodLL.js (deflated 65%)
  adding: assets/CreateNewBatch-Dkz0s21A.js (deflated 73%)
  adding: assets/CkEditor-CipGkh3V.js (deflated 40%)
  adding: assets/index-ZADLCgpz.js (deflated 58%)
  adding: assets/CreateBlog-CEClpTCN.js (deflated 58%)
  adding: assets/EditBlog-Dhd2bmlp.js (deflated 57%)
  adding: assets/index-DbNS-riV.js (deflated 69%)
  adding: assets/index-D8y7iJ5F.js (deflated 64%)
  adding: assets/Dashboard-DAGGk8Fo.js (deflated 36%)
  adding: assets/SimplifiedProfile-iVcKqcxj.js (deflated 74%)
  adding: assets/index-hsM3cFLj.js (deflated 51%)
  adding: assets/index-yTmhI7g4.js (deflated 55%)
  adding: assets/bookmark-plus-Bz2fRgaO.js (deflated 33%)
  adding: assets/index-CXmyX9_h.js (deflated 50%)
  adding: assets/index-DgAm6ZkL.js (deflated 55%)
  adding: assets/Dashboard-CYLU4ymr.js (deflated 36%)
  adding: assets/index-D_H8Xizd.js (deflated 74%)
  adding: assets/index-BpWmO9dG.js (deflated 63%)
  adding: assets/index-2bFHAgyy.js (deflated 51%)
  adding: index.html (deflated 53%)
Saving Lightsail SSH key...
Uploading build to Lightsail...
Warning: Permanently added '15.207.22.250' (ED25519) to the list of known hosts.
Deploying build to /var/www/html ...
Archive:  /home/ubuntu/react-build.zip
  inflating: /var/www/html/favicon.ico  
  inflating: /var/www/html/robots.txt  
  inflating: /var/www/html/sitemap.xml  
   creating: /var/www/html/assets/
  inflating: /var/www/html/assets/meerGreenJacket-ykCKR2uN.png  
  inflating: /var/www/html/assets/meerShinyDress-C8scZpYx.webp  
  inflating: /var/www/html/assets/irfanMalikBg-D4osmO_C.jpg  
  inflating: /var/www/html/assets/shakeelBg-NX99JDrP.jpg  
  inflating: /var/www/html/assets/wasimAkramBg-D4BFEYu1.png  
  inflating: /var/www/html/assets/akhtar-qLBVRLf-.jpg  
  inflating: /var/www/html/assets/arabic-BElshnQY.jpg  
  inflating: /var/www/html/assets/dubai-Bmqq4ymj.jpg  
  inflating: /var/www/html/assets/fahad-CnovJc60.jpg  
  inflating: /var/www/html/assets/handShake-Dk1DoagP.webp  
  inflating: /var/www/html/assets/salman-DD3Zraly.jpg  
  inflating: /var/www/html/assets/tech-BdWyL5Pa.jpg  
  inflating: /var/www/html/assets/wasim-ETjjiRaD.jpg  
  inflating: /var/www/html/assets/placeholderMan-BvremNML.png  
  inflating: /var/www/html/assets/rectanglePlaceholder-nCbViREl.png  
  inflating: /var/www/html/assets/Fav-BPcykgsi.png  
  inflating: /var/www/html/assets/MainLogo-DJpFhlQE.png  
 extracting: /var/www/html/assets/goldenCheck-CnSHOmXW.webp  
  inflating: /var/www/html/assets/verifiedBadge-CrcJq1tD.webp  
  inflating: /var/www/html/assets/tower-gldBe0jJ.webp  
  inflating: /var/www/html/assets/tower2-LuqAcWCu.jpg  
  inflating: /var/www/html/assets/tower3-DpFzgoGy.jpg  
  inflating: /var/www/html/assets/proposal2-B9XZZX50.webp  
  inflating: /var/www/html/assets/proposal3-fxAFZeku.webp  
  inflating: /var/www/html/assets/proposal5-DItum-r7.webp  
  inflating: /var/www/html/assets/proposal6-wLmvSjqd.webp  
  inflating: /var/www/html/assets/proposal1-D37fvLUu.webp  
  inflating: /var/www/html/assets/proposal4-CZk7QC75.webp  
  inflating: /var/www/html/assets/wasimAkram-CBOcRO9q.png  
  inflating: /var/www/html/assets/index-VEC6csTg.css  
  inflating: /var/www/html/assets/BlogDetail-oNXnMkFG.css  
  inflating: /var/www/html/assets/style-DpsRipQV.css  
  inflating: /var/www/html/assets/index-BAe6eB8S.js  
  inflating: /var/www/html/assets/xlsx-DGuHH-KN.js  
  inflating: /var/www/html/assets/Landing-D87PCihp.js  
  inflating: /var/www/html/assets/BlogDetail-DByHYcJ2.js  
  inflating: /var/www/html/assets/AllBlogs-CUtKt337.js  
  inflating: /var/www/html/assets/index-CcFgmluS.js  
  inflating: /var/www/html/assets/index-BY_HY8qb.js  
  inflating: /var/www/html/assets/index-uuhoC4Ts.js  
  inflating: /var/www/html/assets/index-sQ_aor6A.js  
  inflating: /var/www/html/assets/index-DiEHgCKi.js  
  inflating: /var/www/html/assets/SignUp-CZ9ooTdT.js  
  inflating: /var/www/html/assets/ForgotPassword-CoeGYiy1.js  
  inflating: /var/www/html/assets/VerifyUserEmail-B8zPWr3H.js  
  inflating: /var/www/html/assets/ResetPassword-Dyo0qFtL.js  
  inflating: /var/www/html/assets/ContactSupport-Cx_W3HTa.js  
  inflating: /var/www/html/assets/AuthCallback-B4Age8Ic.js  
  inflating: /var/www/html/assets/SelectRole-C73INYzd.js  
  inflating: /var/www/html/assets/InvestorThankYou-Dkrbi81_.js  
  inflating: /var/www/html/assets/FounderThankYou-B_g-ByIz.js  
  inflating: /var/www/html/assets/Login-B04yxqY7.js  
  inflating: /var/www/html/assets/Profile-Bm4mV7Ub.js  
  inflating: /var/www/html/assets/index-BzLWrn5D.js  
  inflating: /var/www/html/assets/index-HtIsac31.js  
  inflating: /var/www/html/assets/EditInvestor-BHa-4Hpm.js  
  inflating: /var/www/html/assets/index-BfTrg-wo.js  
  inflating: /var/www/html/assets/ViewRemindersModal-BsRHBJVX.js  
  inflating: /var/www/html/assets/EditFounder-ZI6jOkPm.js  
  inflating: /var/www/html/assets/index-X2z-jYDZ.js  
  inflating: /var/www/html/assets/index-BLgEqIL_.js  
  inflating: /var/www/html/assets/pencil-CVNUMvNB.js  
  inflating: /var/www/html/assets/index-BZjColjZ.js  
  inflating: /var/www/html/assets/ViewBusinessProposal-ssziro0c.js  
  inflating: /var/www/html/assets/circle-check-BM-vRSXk.js  
  inflating: /var/www/html/assets/index-D3fLXxlI.js  
  inflating: /var/www/html/assets/shield-check-C_2PVWtQ.js  
  inflating: /var/www/html/assets/sparkles-DccqeKg7.js  
  inflating: /var/www/html/assets/trending-up-C2JTxBG1.js  
  inflating: /var/www/html/assets/globe-BkmTb8a7.js  
 extracting: /var/www/html/assets/blogs-ChqPogSE.js  
  inflating: /var/www/html/assets/calendar-B0ruHcWI.js  
  inflating: /var/www/html/assets/index-j6UJdKib.js  
  inflating: /var/www/html/assets/message-circle-CAkYwoDe.js  
  inflating: /var/www/html/assets/arrow-left-fXmNNU5y.js  
  inflating: /var/www/html/assets/InfoBox-BUXeN50f.js  
  inflating: /var/www/html/assets/info-BP-tl0kB.js  
  inflating: /var/www/html/assets/circle-alert-DjORggM0.js  
  inflating: /var/www/html/assets/index-C_1Xrm7f.js  
  inflating: /var/www/html/assets/topCards-BtHBTUiL.js  
  inflating: /var/www/html/assets/webinarBanner-XLbHXaFF.js  
  inflating: /var/www/html/assets/CurrencyWithApprox-BegRSpml.js  
  inflating: /var/www/html/assets/ImageUploader-Cd1o1QPD.js  
  inflating: /var/www/html/assets/external-link-fUqAiMab.js  
  inflating: /var/www/html/assets/upload-DGUt--LF.js  
  inflating: /var/www/html/assets/table-D85wGMLY.js  
  inflating: /var/www/html/assets/toolbar--FsjCr6p.js  
  inflating: /var/www/html/assets/useDebounce-HkQimDGS.js  
  inflating: /var/www/html/assets/message-square-CW1ZMu4V.js  
  inflating: /var/www/html/assets/funnel-CJwuiG_-.js  
  inflating: /var/www/html/assets/FilterDrawer-MlGbr1Jo.js  
  inflating: /var/www/html/assets/rotate-ccw-Da8xIWi0.js  
  inflating: /var/www/html/assets/ToggleChips-BWx7Baq0.js  
  inflating: /var/www/html/assets/circle-x-DpBYmLMz.js  
  inflating: /var/www/html/assets/businessProposalCard-CYJbpRIz.js  
  inflating: /var/www/html/assets/ban-DDQmaKfL.js  
  inflating: /var/www/html/assets/plus-lapSZc8_.js  
  inflating: /var/www/html/assets/Tabs-N2_MqRJS.js  
  inflating: /var/www/html/assets/Stepper-DHUIXRqq.js  
  inflating: /var/www/html/assets/MultipleImageUploader-GFcD5jY3.js  
  inflating: /var/www/html/assets/index-BcodAKn7.js  
  inflating: /var/www/html/assets/supabase-bulk-emails-BRObodLL.js  
  inflating: /var/www/html/assets/CreateNewBatch-Dkz0s21A.js  
  inflating: /var/www/html/assets/CkEditor-CipGkh3V.js  
  inflating: /var/www/html/assets/index-ZADLCgpz.js  
  inflating: /var/www/html/assets/CreateBlog-CEClpTCN.js  
  inflating: /var/www/html/assets/EditBlog-Dhd2bmlp.js  
  inflating: /var/www/html/assets/index-DbNS-riV.js  
  inflating: /var/www/html/assets/index-D8y7iJ5F.js  
  inflating: /var/www/html/assets/Dashboard-DAGGk8Fo.js  
  inflating: /var/www/html/assets/SimplifiedProfile-iVcKqcxj.js  
  inflating: /var/www/html/assets/index-hsM3cFLj.js  
  inflating: /var/www/html/assets/index-yTmhI7g4.js  
  inflating: /var/www/html/assets/bookmark-plus-Bz2fRgaO.js  
  inflating: /var/www/html/assets/index-CXmyX9_h.js  
  inflating: /var/www/html/assets/index-DgAm6ZkL.js  
  inflating: /var/www/html/assets/Dashboard-CYLU4ymr.js  
  inflating: /var/www/html/assets/index-D_H8Xizd.js  
  inflating: /var/www/html/assets/index-BpWmO9dG.js  
  inflating: /var/www/html/assets/index-2bFHAgyy.js  
  inflating: /var/www/html/index.html  
Saving Git logs repo SSH key...
Testing GitHub SSH key...
Cloning deployment-logs repo...
Cloning into 'logs-repo'...
