Installing dependencies...
npm warn deprecated w3c-hr-time@1.0.2: Use your platform's native performance.now() and performance.timeOrigin.
npm warn deprecated domexception@2.0.1: Use your platform's native DOMException instead
npm warn deprecated abab@2.0.6: Use your platform's native atob() and btoa() methods instead

> the-business-hub-pakistan@0.0.0 prepare
> husky

.git can't be found
added 1810 packages, and audited 1811 packages in 6m

253 packages are looking for funding
  run `npm fund` for details

80 vulnerabilities (3 low, 71 moderate, 6 high)

To address issues that do not require attention, run:
  npm audit fix

To address all issues possible (including breaking changes), run:
  npm audit fix --force

Some issues need review, and may require choosing
a different dependency.

Run `npm audit` for details.
Building React app...

> the-business-hub-pakistan@0.0.0 build
> vite build

vite v7.1.11 building for production...
transforming...
✓ 3135 modules transformed.
rendering chunks...
computing gzip size...
dist/index.html                                    2.18 kB │ gzip:   1.05 kB
dist/assets/verifiedBadge-CrcJq1tD.webp           10.83 kB
dist/assets/rectanglePlaceholder-nCbViREl.png     11.85 kB
dist/assets/goldenCheck-CnSHOmXW.webp             13.45 kB
dist/assets/irfanMalikBg-D4osmO_C.jpg             24.66 kB
dist/assets/proposal6-wLmvSjqd.webp               28.15 kB
dist/assets/placeholderMan-BvremNML.png           36.64 kB
dist/assets/handShake-Dk1DoagP.webp               65.18 kB
dist/assets/tower-gldBe0jJ.webp                   66.16 kB
dist/assets/tower2-LuqAcWCu.jpg                   72.52 kB
dist/assets/shakeelBg-NX99JDrP.jpg               143.15 kB
dist/assets/MainLogo-DJpFhlQE.png                144.86 kB
dist/assets/Fav-BPcykgsi.png                     147.34 kB
dist/assets/akhtar-qLBVRLf-.jpg                  173.92 kB
dist/assets/proposal5-DItum-r7.webp              174.24 kB
dist/assets/tower3-DpFzgoGy.jpg                  175.56 kB
dist/assets/proposal2-B9XZZX50.webp              192.62 kB
dist/assets/meerShinyDress-C8scZpYx.webp         229.68 kB
dist/assets/meerGreenJacket-ykCKR2uN.png         230.19 kB
dist/assets/arabic-BElshnQY.jpg                  238.42 kB
dist/assets/wasim-ETjjiRaD.jpg                   242.26 kB
dist/assets/salman-DD3Zraly.jpg                  255.18 kB
dist/assets/fahad-CnovJc60.jpg                   278.62 kB
dist/assets/tech-BdWyL5Pa.jpg                    281.71 kB
dist/assets/dubai-Bmqq4ymj.jpg                   311.77 kB
dist/assets/wasimAkramBg-D4BFEYu1.png            313.57 kB
dist/assets/video-poster-DrQklN8e.png            367.51 kB
dist/assets/proposal3-fxAFZeku.webp              445.47 kB
dist/assets/proposal4-CZk7QC75.webp              542.86 kB
dist/assets/proposal1-D37fvLUu.webp              779.05 kB
dist/assets/wasimAkram-CBOcRO9q.png            4,488.96 kB
dist/assets/BlogDetail-oNXnMkFG.css                0.63 kB │ gzip:   0.26 kB
dist/assets/style-DpsRipQV.css                     3.23 kB │ gzip:   0.73 kB
dist/assets/index-C_a4Huk_.css                   158.20 kB │ gzip:  21.58 kB
dist/assets/blogs-ChqPogSE.js                      0.04 kB │ gzip:   0.06 kB
dist/assets/webinarBanner-XLbHXaFF.js              0.17 kB │ gzip:   0.15 kB
dist/assets/useDebounce-CR2vPRe4.js                0.19 kB │ gzip:   0.17 kB
dist/assets/plus-Dkv2cfbB.js                       0.33 kB │ gzip:   0.25 kB
dist/assets/arrow-left-BYmwqwVz.js                 0.34 kB │ gzip:   0.27 kB
dist/assets/circle-check-DNERc9br.js               0.35 kB │ gzip:   0.27 kB
dist/assets/trending-up-CmUsbVkn.js                0.35 kB │ gzip:   0.28 kB
dist/assets/ban-BEYGzMTQ.js                        0.35 kB │ gzip:   0.28 kB
dist/assets/info-D8xeipKB.js                       0.37 kB │ gzip:   0.28 kB
dist/assets/rotate-ccw-B0-mnWlE.js                 0.37 kB │ gzip:   0.29 kB
dist/assets/circle-x-B9f5R-fd.js                   0.38 kB │ gzip:   0.28 kB
dist/assets/upload-Cr7wBjh8.js                     0.40 kB │ gzip:   0.30 kB
dist/assets/index-D2sfmWvl.js                      0.41 kB │ gzip:   0.30 kB
dist/assets/index-CMnexs-m.js                      0.41 kB │ gzip:   0.30 kB
dist/assets/globe-DDJbnAl8.js                      0.41 kB │ gzip:   0.30 kB
dist/assets/headphones-CvBi5K1X.js                 0.41 kB │ gzip:   0.29 kB
dist/assets/message-circle-CRJePqeb.js             0.41 kB │ gzip:   0.32 kB
dist/assets/Dashboard-a3BDu18F.js                  0.42 kB │ gzip:   0.28 kB
dist/assets/Dashboard-BkRlJ_IJ.js                  0.42 kB │ gzip:   0.28 kB
dist/assets/circle-alert-HS-4ZzX0.js               0.42 kB │ gzip:   0.30 kB
dist/assets/external-link-BWYyxsUv.js              0.42 kB │ gzip:   0.30 kB
dist/assets/funnel-COosNpTf.js                     0.42 kB │ gzip:   0.31 kB
dist/assets/user-minus-DMzL0lTo.js                 0.43 kB │ gzip:   0.32 kB
dist/assets/calendar-B9XtEIbp.js                   0.43 kB │ gzip:   0.31 kB
dist/assets/pencil-Bk3PSqj3.js                     0.45 kB │ gzip:   0.33 kB
dist/assets/hash-DoGoPWpq.js                       0.47 kB │ gzip:   0.30 kB
dist/assets/shield-check-BzNo_yMY.js               0.49 kB │ gzip:   0.36 kB
dist/assets/tag-CiwYoKdH.js                        0.49 kB │ gzip:   0.35 kB
dist/assets/support-ticket-events-hjmx1ecA.js      0.50 kB │ gzip:   0.37 kB
dist/assets/sparkles-ZZw3YIro.js                   0.67 kB │ gzip:   0.39 kB
dist/assets/meta-pixel-CAHtMBtr.js                 0.82 kB │ gzip:   0.37 kB
dist/assets/CkEditor-D-mNazSE.js                   0.85 kB │ gzip:   0.53 kB
dist/assets/InfoBox-BKFKxb3Q.js                    0.86 kB │ gzip:   0.43 kB
dist/assets/CurrencyWithApprox-C-pnKeJn.js         0.91 kB │ gzip:   0.52 kB
dist/assets/Tabs-C8M3xpK5.js                       1.23 kB │ gzip:   0.65 kB
dist/assets/Pagination-DMw7eTKd.js                 1.32 kB │ gzip:   0.73 kB
dist/assets/ProposalPopup--KGXZDZI.js              1.64 kB │ gzip:   0.83 kB
dist/assets/ToggleChips-DwpM2zWs.js                1.68 kB │ gzip:   0.83 kB
dist/assets/topCards-CSS5PiXZ.js                   1.71 kB │ gzip:   0.75 kB
dist/assets/ForgotPassword-DEz-1uLu.js             2.11 kB │ gzip:   1.07 kB
dist/assets/FounderThankYou-DENYM5Hg.js            2.22 kB │ gzip:   1.08 kB
dist/assets/FilterDrawer-D48KRt0o.js               2.26 kB │ gzip:   0.96 kB
dist/assets/ResetPassword-BBjcCpFd.js              2.34 kB │ gzip:   1.05 kB
dist/assets/InvestorThankYou-D6P1tDRD.js           2.35 kB │ gzip:   1.15 kB
dist/assets/recipientFiltersState-CehqGTcU.js      2.50 kB │ gzip:   0.93 kB
dist/assets/supabase-bulk-emails-BwdtOO0n.js       2.54 kB │ gzip:   1.01 kB
dist/assets/MultipleImageUploader-C4zuyjcp.js      2.61 kB │ gzip:   1.14 kB
dist/assets/toolbar-BOEwn-MA.js                    2.70 kB │ gzip:   1.15 kB
dist/assets/AuthCallback-anRMZ2_C.js               2.71 kB │ gzip:   1.29 kB
dist/assets/ImageUploader-DFSw77-J.js              2.74 kB │ gzip:   1.19 kB
dist/assets/index-CXRtzlYh.js                      2.86 kB │ gzip:   1.36 kB
dist/assets/index-CpchmNxs.js                      2.99 kB │ gzip:   1.50 kB
dist/assets/index-LRcXFS0N.js                      3.06 kB │ gzip:   1.49 kB
dist/assets/index-DMiF8BLn.js                      3.19 kB │ gzip:   1.52 kB
dist/assets/index-BydzT9dY.js                      3.41 kB │ gzip:   1.73 kB
dist/assets/index-BAPs5n8e.js                      3.48 kB │ gzip:   1.67 kB
dist/assets/index-thLyjVZA.js                      3.51 kB │ gzip:   1.61 kB
dist/assets/index-C3RdPavz.js                      3.57 kB │ gzip:   1.80 kB
dist/assets/index-DWb8ZsTc.js                      3.80 kB │ gzip:   1.82 kB
dist/assets/target-audience-DM9vUDS8.js            4.02 kB │ gzip:   1.16 kB
dist/assets/index-uh94856H.js                      4.47 kB │ gzip:   2.02 kB
dist/assets/ContactSupport-BZt6nQdg.js             4.63 kB │ gzip:   1.93 kB
dist/assets/Stepper-nzZvHTuL.js                    4.66 kB │ gzip:   2.02 kB
dist/assets/Login-DFIsWCcV.js                      4.74 kB │ gzip:   1.96 kB
dist/assets/CreateBlog-BGe71-8V.js                 5.28 kB │ gzip:   2.26 kB
dist/assets/index-CxS3OztX.js                      5.29 kB │ gzip:   2.25 kB
dist/assets/index-BRKhY_YU.js                      5.30 kB │ gzip:   2.41 kB
dist/assets/SelectRole-B2JjTayi.js                 5.41 kB │ gzip:   2.29 kB
dist/assets/HelpPageContent-Qh4uiFyk.js            5.51 kB │ gzip:   2.01 kB
dist/assets/AllBlogs-B96TdFqI.js                   5.78 kB │ gzip:   2.31 kB
dist/assets/VerifyUserEmail-BO2TLoAy.js            5.82 kB │ gzip:   2.09 kB
dist/assets/EditBlog--WLQAOGw.js                   6.14 kB │ gzip:   2.64 kB
dist/assets/Profile-BdGX7kZq.js                    6.86 kB │ gzip:   2.19 kB
dist/assets/CreateTargetAudience-C9H8MNiW.js       6.98 kB │ gzip:   2.66 kB
dist/assets/SignUp-BA5tKzhQ.js                     7.08 kB │ gzip:   2.67 kB
dist/assets/index-DYBRxzl8.js                      7.97 kB │ gzip:   2.86 kB
dist/assets/index-DBxlrLol.js                      8.01 kB │ gzip:   2.95 kB
dist/assets/EditTargetAudience-BA0cjt6t.js         8.36 kB │ gzip:   2.94 kB
dist/assets/BulkActionsBar-BnZ5_etQ.js             8.66 kB │ gzip:   3.14 kB
dist/assets/index-CBvptrFI.js                      9.24 kB │ gzip:   3.82 kB
dist/assets/index-DH2lwSWW.js                      9.76 kB │ gzip:   3.60 kB
dist/assets/businessProposalCard-B0wRDm3e.js      10.05 kB │ gzip:   3.50 kB
dist/assets/table-D7dFQWfg.js                     10.99 kB │ gzip:   3.44 kB
dist/assets/TicketDetailPage-BdW8eBv7.js          13.40 kB │ gzip:   4.09 kB
dist/assets/SimplifiedProfile-BRam8Sxl.js         13.76 kB │ gzip:   3.64 kB
dist/assets/index-CCEDuWHY.js                     15.99 kB │ gzip:   4.95 kB
dist/assets/CreateNewBatch-CTEp0Kfe.js            17.64 kB │ gzip:   4.69 kB
dist/assets/EditFounder-CsXYCSR-.js               17.78 kB │ gzip:   4.31 kB
dist/assets/index-CIJLaCdi.js                     18.57 kB │ gzip:   5.99 kB
dist/assets/EditInvestor-DjnyepPi.js              18.75 kB │ gzip:   4.57 kB
dist/assets/index-Ch-8ny0m.js                     20.13 kB │ gzip:   5.41 kB
dist/assets/index-VEyKikkS.js                     21.43 kB │ gzip:   6.92 kB
dist/assets/BlogDetail-Dws_7Clj.js                21.52 kB │ gzip:   8.71 kB
dist/assets/index-DRSWm0wJ.js                     22.84 kB │ gzip:   6.77 kB
dist/assets/index-BvjhOYQe.js                     24.46 kB │ gzip:   7.64 kB
dist/assets/ViewBusinessProposal-Bm2qe3KQ.js      25.92 kB │ gzip:   6.39 kB
dist/assets/index-D2VG_HO6.js                     27.17 kB │ gzip:   8.53 kB
dist/assets/Landing-Bcpb3JxG.js                  152.14 kB │ gzip:  53.66 kB
dist/assets/xlsx-DGuHH-KN.js                     429.49 kB │ gzip: 143.07 kB
dist/assets/index-Cg7aJNWS.js                    642.23 kB │ gzip: 172.42 kB
dist/assets/index-BMuRkGHO.js                  2,839.40 kB │ gzip: 758.78 kB

(!) Some chunks are larger than 1500 kB after minification. Consider:
- Using dynamic import() to code-split the application
- Use build.rollupOptions.output.manualChunks to improve chunking: https://rollupjs.org/configuration-options/#output-manualchunks
- Adjust chunk size limit for this warning via build.chunkSizeWarningLimit.
✓ built in 18.46s
Packaging build...
  adding: .htaccess (deflated 36%)
  adding: favicon.ico (deflated 13%)
  adding: robots.txt (deflated 3%)
  adding: sitemap.xml (deflated 60%)
  adding: assets/ (stored 0%)
  adding: assets/video-poster-DrQklN8e.png (deflated 0%)
  adding: assets/meerShinyDress-C8scZpYx.webp (deflated 0%)
  adding: assets/irfanMalikBg-D4osmO_C.jpg (deflated 1%)
  adding: assets/meerGreenJacket-ykCKR2uN.png (deflated 0%)
  adding: assets/shakeelBg-NX99JDrP.jpg (deflated 0%)
  adding: assets/akhtar-qLBVRLf-.jpg (deflated 1%)
  adding: assets/wasimAkramBg-D4BFEYu1.png (deflated 0%)
  adding: assets/arabic-BElshnQY.jpg (deflated 0%)
  adding: assets/handShake-Dk1DoagP.webp (deflated 0%)
  adding: assets/fahad-CnovJc60.jpg (deflated 0%)
  adding: assets/salman-DD3Zraly.jpg (deflated 0%)
  adding: assets/dubai-Bmqq4ymj.jpg (deflated 0%)
  adding: assets/rectanglePlaceholder-nCbViREl.png (deflated 31%)
  adding: assets/placeholderMan-BvremNML.png (deflated 3%)
  adding: assets/tech-BdWyL5Pa.jpg (deflated 0%)
  adding: assets/wasim-ETjjiRaD.jpg (deflated 0%)
  adding: assets/goldenCheck-CnSHOmXW.webp (stored 0%)
  adding: assets/MainLogo-DJpFhlQE.png (deflated 4%)
  adding: assets/verifiedBadge-CrcJq1tD.webp (deflated 1%)
  adding: assets/Fav-BPcykgsi.png (deflated 5%)
  adding: assets/tower-gldBe0jJ.webp (deflated 0%)
  adding: assets/tower2-LuqAcWCu.jpg (deflated 2%)
  adding: assets/tower3-DpFzgoGy.jpg (deflated 0%)
  adding: assets/proposal2-B9XZZX50.webp (deflated 3%)
  adding: assets/proposal5-DItum-r7.webp (deflated 4%)
  adding: assets/proposal3-fxAFZeku.webp (deflated 1%)
  adding: assets/proposal6-wLmvSjqd.webp (deflated 0%)
  adding: assets/proposal1-D37fvLUu.webp (deflated 1%)
  adding: assets/proposal4-CZk7QC75.webp (deflated 1%)
  adding: assets/wasimAkram-CBOcRO9q.png (deflated 1%)
  adding: assets/index-C_a4Huk_.css (deflated 86%)
  adding: assets/BlogDetail-oNXnMkFG.css (deflated 62%)
  adding: assets/style-DpsRipQV.css (deflated 78%)
  adding: assets/index-BMuRkGHO.js (deflated 73%)
  adding: assets/xlsx-DGuHH-KN.js (deflated 67%)
  adding: assets/Landing-Bcpb3JxG.js (deflated 65%)
  adding: assets/BlogDetail-Dws_7Clj.js (deflated 60%)
  adding: assets/AllBlogs-B96TdFqI.js (deflated 60%)
  adding: assets/index-CpchmNxs.js (deflated 50%)
  adding: assets/index-CXRtzlYh.js (deflated 53%)
  adding: assets/index-DMiF8BLn.js (deflated 53%)
  adding: assets/index-LRcXFS0N.js (deflated 52%)
  adding: assets/index-thLyjVZA.js (deflated 54%)
  adding: assets/SignUp-BA5tKzhQ.js (deflated 63%)
  adding: assets/ForgotPassword-DEz-1uLu.js (deflated 51%)
  adding: assets/VerifyUserEmail-BO2TLoAy.js (deflated 64%)
  adding: assets/ContactSupport-BZt6nQdg.js (deflated 59%)
  adding: assets/ResetPassword-BBjcCpFd.js (deflated 56%)
  adding: assets/AuthCallback-anRMZ2_C.js (deflated 53%)
  adding: assets/SelectRole-B2JjTayi.js (deflated 58%)
  adding: assets/InvestorThankYou-D6P1tDRD.js (deflated 51%)
  adding: assets/FounderThankYou-DENYM5Hg.js (deflated 52%)
  adding: assets/Login-DFIsWCcV.js (deflated 59%)
  adding: assets/Profile-BdGX7kZq.js (deflated 68%)
  adding: assets/index-BRKhY_YU.js (deflated 55%)
  adding: assets/index-D2VG_HO6.js (deflated 69%)
  adding: assets/EditInvestor-DjnyepPi.js (deflated 76%)
  adding: assets/index-VEyKikkS.js (deflated 68%)
  adding: assets/BulkActionsBar-BnZ5_etQ.js (deflated 64%)
  adding: assets/EditFounder-CsXYCSR-.js (deflated 76%)
  adding: assets/index-CBvptrFI.js (deflated 59%)
  adding: assets/index-BvjhOYQe.js (deflated 69%)
  adding: assets/user-minus-DMzL0lTo.js (deflated 29%)
  adding: assets/tag-CiwYoKdH.js (deflated 34%)
  adding: assets/index-CIJLaCdi.js (deflated 68%)
  adding: assets/ViewBusinessProposal-Bm2qe3KQ.js (deflated 75%)
  adding: assets/circle-check-DNERc9br.js (deflated 27%)
  adding: assets/index-DRSWm0wJ.js (deflated 70%)
  adding: assets/meta-pixel-CAHtMBtr.js (deflated 57%)
  adding: assets/shield-check-BzNo_yMY.js (deflated 32%)
  adding: assets/sparkles-ZZw3YIro.js (deflated 45%)
  adding: assets/trending-up-CmUsbVkn.js (deflated 26%)
  adding: assets/globe-DDJbnAl8.js (deflated 33%)
  adding: assets/blogs-ChqPogSE.js (stored 0%)
  adding: assets/calendar-B9XtEIbp.js (deflated 33%)
  adding: assets/message-circle-CRJePqeb.js (deflated 28%)
  adding: assets/arrow-left-BYmwqwVz.js (deflated 25%)
  adding: assets/index-BAPs5n8e.js (deflated 53%)
  adding: assets/InfoBox-BKFKxb3Q.js (deflated 51%)
  adding: assets/info-D8xeipKB.js (deflated 29%)
  adding: assets/circle-alert-HS-4ZzX0.js (deflated 35%)
  adding: assets/index-Cg7aJNWS.js (deflated 73%)
  adding: assets/topCards-CSS5PiXZ.js (deflated 57%)
  adding: assets/webinarBanner-XLbHXaFF.js (deflated 25%)
  adding: assets/CurrencyWithApprox-C-pnKeJn.js (deflated 45%)
  adding: assets/ImageUploader-DFSw77-J.js (deflated 57%)
  adding: assets/external-link-BWYyxsUv.js (deflated 32%)
  adding: assets/upload-Cr7wBjh8.js (deflated 31%)
  adding: assets/table-D7dFQWfg.js (deflated 69%)
  adding: assets/toolbar-BOEwn-MA.js (deflated 58%)
  adding: assets/useDebounce-CR2vPRe4.js (deflated 21%)
  adding: assets/support-ticket-events-hjmx1ecA.js (deflated 29%)
  adding: assets/headphones-CvBi5K1X.js (deflated 34%)
  adding: assets/Pagination-DMw7eTKd.js (deflated 47%)
  adding: assets/funnel-COosNpTf.js (deflated 30%)
  adding: assets/FilterDrawer-D48KRt0o.js (deflated 58%)
  adding: assets/rotate-ccw-B0-mnWlE.js (deflated 27%)
  adding: assets/ToggleChips-DwpM2zWs.js (deflated 51%)
  adding: assets/circle-x-B9f5R-fd.js (deflated 30%)
  adding: assets/businessProposalCard-B0wRDm3e.js (deflated 66%)
  adding: assets/pencil-Bk3PSqj3.js (deflated 31%)
  adding: assets/ban-BEYGzMTQ.js (deflated 26%)
  adding: assets/plus-Dkv2cfbB.js (deflated 28%)
  adding: assets/Tabs-C8M3xpK5.js (deflated 49%)
  adding: assets/Stepper-nzZvHTuL.js (deflated 57%)
  adding: assets/MultipleImageUploader-C4zuyjcp.js (deflated 57%)
  adding: assets/index-DYBRxzl8.js (deflated 64%)
  adding: assets/supabase-bulk-emails-BwdtOO0n.js (deflated 61%)
  adding: assets/CreateNewBatch-CTEp0Kfe.js (deflated 73%)
  adding: assets/CkEditor-D-mNazSE.js (deflated 40%)
  adding: assets/recipientFiltersState-CehqGTcU.js (deflated 63%)
  adding: assets/target-audience-DM9vUDS8.js (deflated 72%)
  adding: assets/index-uh94856H.js (deflated 55%)
  adding: assets/CreateTargetAudience-C9H8MNiW.js (deflated 62%)
  adding: assets/EditTargetAudience-BA0cjt6t.js (deflated 65%)
  adding: assets/index-CxS3OztX.js (deflated 58%)
  adding: assets/CreateBlog-BGe71-8V.js (deflated 57%)
  adding: assets/EditBlog--WLQAOGw.js (deflated 57%)
  adding: assets/index-CCEDuWHY.js (deflated 69%)
  adding: assets/index-DBxlrLol.js (deflated 63%)
  adding: assets/Dashboard-BkRlJ_IJ.js (deflated 37%)
  adding: assets/SimplifiedProfile-BRam8Sxl.js (deflated 74%)
  adding: assets/index-CMnexs-m.js (deflated 32%)
  adding: assets/HelpPageContent-Qh4uiFyk.js (deflated 64%)
  adding: assets/hash-DoGoPWpq.js (deflated 40%)
  adding: assets/index-C3RdPavz.js (deflated 50%)
  adding: assets/ProposalPopup--KGXZDZI.js (deflated 51%)
  adding: assets/index-DWb8ZsTc.js (deflated 52%)
  adding: assets/index-BydzT9dY.js (deflated 50%)
  adding: assets/Dashboard-a3BDu18F.js (deflated 37%)
  adding: assets/index-Ch-8ny0m.js (deflated 73%)
  adding: assets/index-DH2lwSWW.js (deflated 63%)
  adding: assets/index-D2sfmWvl.js (deflated 32%)
  adding: assets/TicketDetailPage-BdW8eBv7.js (deflated 70%)
  adding: index.html (deflated 52%)
Saving Lightsail SSH key...
Uploading build to Lightsail...
Warning: Permanently added '15.207.22.250' (ED25519) to the list of known hosts.
Deploying build to /var/www/html ...
Archive:  /home/ubuntu/react-build.zip
  inflating: /var/www/html/.htaccess  
  inflating: /var/www/html/favicon.ico  
  inflating: /var/www/html/robots.txt  
  inflating: /var/www/html/sitemap.xml  
   creating: /var/www/html/assets/
  inflating: /var/www/html/assets/video-poster-DrQklN8e.png  
  inflating: /var/www/html/assets/meerShinyDress-C8scZpYx.webp  
  inflating: /var/www/html/assets/irfanMalikBg-D4osmO_C.jpg  
  inflating: /var/www/html/assets/meerGreenJacket-ykCKR2uN.png  
  inflating: /var/www/html/assets/shakeelBg-NX99JDrP.jpg  
  inflating: /var/www/html/assets/akhtar-qLBVRLf-.jpg  
  inflating: /var/www/html/assets/wasimAkramBg-D4BFEYu1.png  
  inflating: /var/www/html/assets/arabic-BElshnQY.jpg  
  inflating: /var/www/html/assets/handShake-Dk1DoagP.webp  
  inflating: /var/www/html/assets/fahad-CnovJc60.jpg  
  inflating: /var/www/html/assets/salman-DD3Zraly.jpg  
  inflating: /var/www/html/assets/dubai-Bmqq4ymj.jpg  
  inflating: /var/www/html/assets/rectanglePlaceholder-nCbViREl.png  
  inflating: /var/www/html/assets/placeholderMan-BvremNML.png  
  inflating: /var/www/html/assets/tech-BdWyL5Pa.jpg  
  inflating: /var/www/html/assets/wasim-ETjjiRaD.jpg  
 extracting: /var/www/html/assets/goldenCheck-CnSHOmXW.webp  
  inflating: /var/www/html/assets/MainLogo-DJpFhlQE.png  
  inflating: /var/www/html/assets/verifiedBadge-CrcJq1tD.webp  
  inflating: /var/www/html/assets/Fav-BPcykgsi.png  
  inflating: /var/www/html/assets/tower-gldBe0jJ.webp  
  inflating: /var/www/html/assets/tower2-LuqAcWCu.jpg  
  inflating: /var/www/html/assets/tower3-DpFzgoGy.jpg  
  inflating: /var/www/html/assets/proposal2-B9XZZX50.webp  
  inflating: /var/www/html/assets/proposal5-DItum-r7.webp  
  inflating: /var/www/html/assets/proposal3-fxAFZeku.webp  
  inflating: /var/www/html/assets/proposal6-wLmvSjqd.webp  
  inflating: /var/www/html/assets/proposal1-D37fvLUu.webp  
  inflating: /var/www/html/assets/proposal4-CZk7QC75.webp  
  inflating: /var/www/html/assets/wasimAkram-CBOcRO9q.png  
  inflating: /var/www/html/assets/index-C_a4Huk_.css  
  inflating: /var/www/html/assets/BlogDetail-oNXnMkFG.css  
  inflating: /var/www/html/assets/style-DpsRipQV.css  
  inflating: /var/www/html/assets/index-BMuRkGHO.js  
  inflating: /var/www/html/assets/xlsx-DGuHH-KN.js  
  inflating: /var/www/html/assets/Landing-Bcpb3JxG.js  
  inflating: /var/www/html/assets/BlogDetail-Dws_7Clj.js  
  inflating: /var/www/html/assets/AllBlogs-B96TdFqI.js  
  inflating: /var/www/html/assets/index-CpchmNxs.js  
  inflating: /var/www/html/assets/index-CXRtzlYh.js  
  inflating: /var/www/html/assets/index-DMiF8BLn.js  
  inflating: /var/www/html/assets/index-LRcXFS0N.js  
  inflating: /var/www/html/assets/index-thLyjVZA.js  
  inflating: /var/www/html/assets/SignUp-BA5tKzhQ.js  
  inflating: /var/www/html/assets/ForgotPassword-DEz-1uLu.js  
  inflating: /var/www/html/assets/VerifyUserEmail-BO2TLoAy.js  
  inflating: /var/www/html/assets/ContactSupport-BZt6nQdg.js  
  inflating: /var/www/html/assets/ResetPassword-BBjcCpFd.js  
  inflating: /var/www/html/assets/AuthCallback-anRMZ2_C.js  
  inflating: /var/www/html/assets/SelectRole-B2JjTayi.js  
  inflating: /var/www/html/assets/InvestorThankYou-D6P1tDRD.js  
  inflating: /var/www/html/assets/FounderThankYou-DENYM5Hg.js  
  inflating: /var/www/html/assets/Login-DFIsWCcV.js  
  inflating: /var/www/html/assets/Profile-BdGX7kZq.js  
  inflating: /var/www/html/assets/index-BRKhY_YU.js  
  inflating: /var/www/html/assets/index-D2VG_HO6.js  
  inflating: /var/www/html/assets/EditInvestor-DjnyepPi.js  
  inflating: /var/www/html/assets/index-VEyKikkS.js  
  inflating: /var/www/html/assets/BulkActionsBar-BnZ5_etQ.js  
  inflating: /var/www/html/assets/EditFounder-CsXYCSR-.js  
  inflating: /var/www/html/assets/index-CBvptrFI.js  
  inflating: /var/www/html/assets/index-BvjhOYQe.js  
  inflating: /var/www/html/assets/user-minus-DMzL0lTo.js  
  inflating: /var/www/html/assets/tag-CiwYoKdH.js  
  inflating: /var/www/html/assets/index-CIJLaCdi.js  
  inflating: /var/www/html/assets/ViewBusinessProposal-Bm2qe3KQ.js  
  inflating: /var/www/html/assets/circle-check-DNERc9br.js  
  inflating: /var/www/html/assets/index-DRSWm0wJ.js  
  inflating: /var/www/html/assets/meta-pixel-CAHtMBtr.js  
  inflating: /var/www/html/assets/shield-check-BzNo_yMY.js  
  inflating: /var/www/html/assets/sparkles-ZZw3YIro.js  
  inflating: /var/www/html/assets/trending-up-CmUsbVkn.js  
  inflating: /var/www/html/assets/globe-DDJbnAl8.js  
 extracting: /var/www/html/assets/blogs-ChqPogSE.js  
  inflating: /var/www/html/assets/calendar-B9XtEIbp.js  
  inflating: /var/www/html/assets/message-circle-CRJePqeb.js  
  inflating: /var/www/html/assets/arrow-left-BYmwqwVz.js  
  inflating: /var/www/html/assets/index-BAPs5n8e.js  
  inflating: /var/www/html/assets/InfoBox-BKFKxb3Q.js  
  inflating: /var/www/html/assets/info-D8xeipKB.js  
  inflating: /var/www/html/assets/circle-alert-HS-4ZzX0.js  
  inflating: /var/www/html/assets/index-Cg7aJNWS.js  
  inflating: /var/www/html/assets/topCards-CSS5PiXZ.js  
  inflating: /var/www/html/assets/webinarBanner-XLbHXaFF.js  
  inflating: /var/www/html/assets/CurrencyWithApprox-C-pnKeJn.js  
  inflating: /var/www/html/assets/ImageUploader-DFSw77-J.js  
  inflating: /var/www/html/assets/external-link-BWYyxsUv.js  
  inflating: /var/www/html/assets/upload-Cr7wBjh8.js  
  inflating: /var/www/html/assets/table-D7dFQWfg.js  
  inflating: /var/www/html/assets/toolbar-BOEwn-MA.js  
  inflating: /var/www/html/assets/useDebounce-CR2vPRe4.js  
  inflating: /var/www/html/assets/support-ticket-events-hjmx1ecA.js  
  inflating: /var/www/html/assets/headphones-CvBi5K1X.js  
  inflating: /var/www/html/assets/Pagination-DMw7eTKd.js  
  inflating: /var/www/html/assets/funnel-COosNpTf.js  
  inflating: /var/www/html/assets/FilterDrawer-D48KRt0o.js  
  inflating: /var/www/html/assets/rotate-ccw-B0-mnWlE.js  
  inflating: /var/www/html/assets/ToggleChips-DwpM2zWs.js  
  inflating: /var/www/html/assets/circle-x-B9f5R-fd.js  
  inflating: /var/www/html/assets/businessProposalCard-B0wRDm3e.js  
  inflating: /var/www/html/assets/pencil-Bk3PSqj3.js  
  inflating: /var/www/html/assets/ban-BEYGzMTQ.js  
  inflating: /var/www/html/assets/plus-Dkv2cfbB.js  
  inflating: /var/www/html/assets/Tabs-C8M3xpK5.js  
  inflating: /var/www/html/assets/Stepper-nzZvHTuL.js  
  inflating: /var/www/html/assets/MultipleImageUploader-C4zuyjcp.js  
  inflating: /var/www/html/assets/index-DYBRxzl8.js  
  inflating: /var/www/html/assets/supabase-bulk-emails-BwdtOO0n.js  
  inflating: /var/www/html/assets/CreateNewBatch-CTEp0Kfe.js  
  inflating: /var/www/html/assets/CkEditor-D-mNazSE.js  
  inflating: /var/www/html/assets/recipientFiltersState-CehqGTcU.js  
  inflating: /var/www/html/assets/target-audience-DM9vUDS8.js  
  inflating: /var/www/html/assets/index-uh94856H.js  
  inflating: /var/www/html/assets/CreateTargetAudience-C9H8MNiW.js  
  inflating: /var/www/html/assets/EditTargetAudience-BA0cjt6t.js  
  inflating: /var/www/html/assets/index-CxS3OztX.js  
  inflating: /var/www/html/assets/CreateBlog-BGe71-8V.js  
  inflating: /var/www/html/assets/EditBlog--WLQAOGw.js  
  inflating: /var/www/html/assets/index-CCEDuWHY.js  
  inflating: /var/www/html/assets/index-DBxlrLol.js  
  inflating: /var/www/html/assets/Dashboard-BkRlJ_IJ.js  
  inflating: /var/www/html/assets/SimplifiedProfile-BRam8Sxl.js  
  inflating: /var/www/html/assets/index-CMnexs-m.js  
  inflating: /var/www/html/assets/HelpPageContent-Qh4uiFyk.js  
  inflating: /var/www/html/assets/hash-DoGoPWpq.js  
  inflating: /var/www/html/assets/index-C3RdPavz.js  
  inflating: /var/www/html/assets/ProposalPopup--KGXZDZI.js  
  inflating: /var/www/html/assets/index-DWb8ZsTc.js  
  inflating: /var/www/html/assets/index-BydzT9dY.js  
  inflating: /var/www/html/assets/Dashboard-a3BDu18F.js  
  inflating: /var/www/html/assets/index-Ch-8ny0m.js  
  inflating: /var/www/html/assets/index-DH2lwSWW.js  
  inflating: /var/www/html/assets/index-D2sfmWvl.js  
  inflating: /var/www/html/assets/TicketDetailPage-BdW8eBv7.js  
  inflating: /var/www/html/index.html  
Saving Git logs repo SSH key...
Testing GitHub SSH key...
Cloning deployment-logs repo...
Cloning into 'logs-repo'...
