Installing dependencies...
npm warn deprecated w3c-hr-time@1.0.2: Use your platform's native performance.now() and performance.timeOrigin.
npm warn deprecated domexception@2.0.1: Use your platform's native DOMException instead
npm warn deprecated abab@2.0.6: Use your platform's native atob() and btoa() methods instead

added 1750 packages, and audited 1751 packages in 4m

222 packages are looking for funding
  run `npm fund` for details

52 vulnerabilities (51 moderate, 1 high)

To address issues that do not require attention, run:
  npm audit fix

To address all issues possible (including breaking changes), run:
  npm audit fix --force

Some issues need review, and may require choosing
a different dependency.

Run `npm audit` for details.
Building React app...

> boilerplate-code-react-js@0.0.0 build
> vite build

vite v7.1.11 building for production...
transforming...
✓ 2933 modules transformed.
rendering chunks...
computing gzip size...
dist/index.html                                    2.18 kB │ gzip:   1.05 kB
dist/assets/verifiedBadge-CrcJq1tD.webp           10.83 kB
dist/assets/rectanglePlaceholder-nCbViREl.png     11.85 kB
dist/assets/goldenCheck-CnSHOmXW.webp             13.45 kB
dist/assets/irfanMalikBg-D4osmO_C.jpg             24.66 kB
dist/assets/proposal6-wLmvSjqd.webp               28.15 kB
dist/assets/placeholderMan-BvremNML.png           36.64 kB
dist/assets/handShake-Dk1DoagP.webp               65.18 kB
dist/assets/tower-gldBe0jJ.webp                   66.16 kB
dist/assets/tower2-LuqAcWCu.jpg                   72.52 kB
dist/assets/shakeelBg-NX99JDrP.jpg               143.15 kB
dist/assets/MainLogo-DJpFhlQE.png                144.86 kB
dist/assets/Fav-BPcykgsi.png                     147.34 kB
dist/assets/akhtar-qLBVRLf-.jpg                  173.92 kB
dist/assets/proposal5-DItum-r7.webp              174.24 kB
dist/assets/tower3-DpFzgoGy.jpg                  175.56 kB
dist/assets/proposal2-B9XZZX50.webp              192.62 kB
dist/assets/meerShinyDress-C8scZpYx.webp         229.68 kB
dist/assets/meerGreenJacket-ykCKR2uN.png         230.19 kB
dist/assets/arabic-BElshnQY.jpg                  238.42 kB
dist/assets/wasim-ETjjiRaD.jpg                   242.26 kB
dist/assets/salman-DD3Zraly.jpg                  255.18 kB
dist/assets/fahad-CnovJc60.jpg                   278.62 kB
dist/assets/tech-BdWyL5Pa.jpg                    281.71 kB
dist/assets/dubai-Bmqq4ymj.jpg                   311.77 kB
dist/assets/wasimAkramBg-D4BFEYu1.png            313.57 kB
dist/assets/proposal3-fxAFZeku.webp              445.47 kB
dist/assets/proposal4-CZk7QC75.webp              542.86 kB
dist/assets/proposal1-D37fvLUu.webp              779.05 kB
dist/assets/wasimAkram-CBOcRO9q.png            4,488.96 kB
dist/assets/index-C9yfBDO4.css                   133.79 kB │ gzip:  18.40 kB
dist/assets/useDebounce-C9r3PbdN.js                0.19 kB │ gzip:   0.17 kB
dist/assets/chevron-left-Dq2uYHdy.js               0.30 kB │ gzip:   0.25 kB
dist/assets/plus-LFkKuQIe.js                       0.33 kB │ gzip:   0.26 kB
dist/assets/arrow-right-cW12DUAQ.js                0.34 kB │ gzip:   0.27 kB
dist/assets/circle-check-BitduOaU.js               0.35 kB │ gzip:   0.27 kB
dist/assets/trending-up-C0zZ9mS3.js                0.35 kB │ gzip:   0.28 kB
dist/assets/ban-DWWhB1rB.js                        0.35 kB │ gzip:   0.28 kB
dist/assets/info-3q4Hw298.js                       0.37 kB │ gzip:   0.28 kB
dist/assets/rotate-ccw-DTYVoWeF.js                 0.37 kB │ gzip:   0.29 kB
dist/assets/circle-x-pLWfWdnq.js                   0.38 kB │ gzip:   0.28 kB
dist/assets/mail-BSAM8cqm.js                       0.39 kB │ gzip:   0.31 kB
dist/assets/target-DjQn9hcD.js                     0.39 kB │ gzip:   0.27 kB
dist/assets/upload-B_wVx_cB.js                     0.40 kB │ gzip:   0.30 kB
dist/assets/log-in-BSM1VCWm.js                     0.40 kB │ gzip:   0.29 kB
dist/assets/download-5wM4lZMR.js                   0.41 kB │ gzip:   0.30 kB
dist/assets/message-square-CyuBo-EW.js             0.41 kB │ gzip:   0.31 kB
dist/assets/globe-kzK4148a.js                      0.41 kB │ gzip:   0.30 kB
dist/assets/circle-alert-Bu3A__MA.js               0.42 kB │ gzip:   0.30 kB
dist/assets/eye-D_8i6R6O.js                        0.42 kB │ gzip:   0.30 kB
dist/assets/map-pin-CjPxotuP.js                    0.43 kB │ gzip:   0.33 kB
dist/assets/link-BjPwboES.js                       0.43 kB │ gzip:   0.30 kB
dist/assets/calendar-CO-DEfxM.js                   0.43 kB │ gzip:   0.31 kB
dist/assets/pencil-BUSodf0l.js                     0.45 kB │ gzip:   0.33 kB
dist/assets/user-plus-CCFQ05Df.js                  0.48 kB │ gzip:   0.34 kB
dist/assets/shield-check-CmXY2qsc.js               0.49 kB │ gzip:   0.35 kB
dist/assets/square-pen-CbM2Jt5I.js                 0.49 kB │ gzip:   0.34 kB
dist/assets/phone-jkZL9EIo.js                      0.50 kB │ gzip:   0.33 kB
dist/assets/trash-2-Cld8REjD.js                    0.50 kB │ gzip:   0.32 kB
dist/assets/file-text-_J_7fMpr.js                  0.51 kB │ gzip:   0.32 kB
dist/assets/LegalModal-BHLutSnD.js                 0.66 kB │ gzip:   0.46 kB
dist/assets/sparkles-B8r83t8o.js                   0.67 kB │ gzip:   0.39 kB
dist/assets/InfoBox-BGh9_VCL.js                    0.86 kB │ gzip:   0.43 kB
dist/assets/label-Dcc7tk1K.js                      0.89 kB │ gzip:   0.55 kB
dist/assets/card-B3LgbNa5.js                       1.18 kB │ gzip:   0.46 kB
dist/assets/package-CKK3mN-8.js                    1.21 kB │ gzip:   0.50 kB
dist/assets/Tabs-BBIr2prg.js                       1.23 kB │ gzip:   0.65 kB
dist/assets/GetMoreDetailsModal-D7iZZlvq.js        1.27 kB │ gzip:   0.61 kB
dist/assets/EmptyState-DbCfutOI.js                 1.47 kB │ gzip:   0.61 kB
dist/assets/textarea-C_muJrwb.js                   1.49 kB │ gzip:   0.74 kB
dist/assets/ToggleChips-CNAkE-p2.js                1.66 kB │ gzip:   0.82 kB
dist/assets/input-CQdXb4XI.js                      1.68 kB │ gzip:   0.86 kB
dist/assets/topCards-D-mEi9M1.js                   1.71 kB │ gzip:   0.75 kB
dist/assets/ImageUploader-DpJowQt-.js              1.95 kB │ gzip:   0.94 kB
dist/assets/index-BQV2TbcK.js                      2.07 kB │ gzip:   0.92 kB
dist/assets/ForgotPassword-DOZRnagG.js             2.17 kB │ gzip:   1.09 kB
dist/assets/index-16iFJyKC.js                      2.30 kB │ gzip:   1.22 kB
dist/assets/ContactSupportModal-D_taaVge.js        2.37 kB │ gzip:   1.18 kB
dist/assets/ResetPassword-BDzgFHOS.js              2.40 kB │ gzip:   1.07 kB
dist/assets/AuthCallback-Dd2aBwOo.js               2.67 kB │ gzip:   1.27 kB
dist/assets/index-xCiq6nuu.js                      2.67 kB │ gzip:   1.20 kB
dist/assets/index-220y7UXN.js                      2.72 kB │ gzip:   1.22 kB
dist/assets/toolbar-zIYYN0Cv.js                    2.99 kB │ gzip:   1.22 kB
dist/assets/FileUploader-B6G1TaTi.js               3.02 kB │ gzip:   1.36 kB
dist/assets/index-hO7c8HDD.js                      3.11 kB │ gzip:   1.49 kB
dist/assets/supabase-bulk-emails-CCnuZc83.js       3.14 kB │ gzip:   1.12 kB
dist/assets/index-BxQETr8F.js                      3.24 kB │ gzip:   1.62 kB
dist/assets/SignupThankYou-BTH2Y-LC.js             3.29 kB │ gzip:   1.50 kB
dist/assets/index-DDoWINIt.js                      3.31 kB │ gzip:   1.61 kB
dist/assets/index-BlboD8Pw.js                      3.44 kB │ gzip:   1.64 kB
dist/assets/index-iQsGF4Wq.js                      3.48 kB │ gzip:   1.67 kB
dist/assets/checkbox-Lq4WVHH8.js                   4.07 kB │ gzip:   1.78 kB
dist/assets/index-DMEkQwF0.js                      4.20 kB │ gzip:   2.06 kB
dist/assets/index-DsakqvtX.js                      4.21 kB │ gzip:   2.06 kB
dist/assets/index-FuQ_VTuY.js                      4.28 kB │ gzip:   1.70 kB
dist/assets/Dashboard-XOFPS66u.js                  4.28 kB │ gzip:   1.46 kB
dist/assets/Dashboard-DW-H6dbr.js                  4.30 kB │ gzip:   1.47 kB
dist/assets/Stepper-dOzsQWqx.js                    4.66 kB │ gzip:   2.02 kB
dist/assets/ContactSupport-efcgjhKe.js             4.93 kB │ gzip:   2.05 kB
dist/assets/Login-i2P-9mv_.js                      5.05 kB │ gzip:   2.14 kB
dist/assets/SelectRole-BFhZ8Bzq.js                 5.08 kB │ gzip:   2.18 kB
dist/assets/SignUp-CFeOfj3Q.js                     5.55 kB │ gzip:   2.22 kB
dist/assets/VerifyUserEmail-B572IZCJ.js            5.91 kB │ gzip:   2.12 kB
dist/assets/businessProposalCard-BUN4EVn5.js       7.00 kB │ gzip:   2.28 kB
dist/assets/Profile-wz585rlE.js                    7.10 kB │ gzip:   2.25 kB
dist/assets/index-D1vV8GrU.js                      8.15 kB │ gzip:   3.32 kB
dist/assets/index-GlMZS8Lf.js                      8.31 kB │ gzip:   3.19 kB
dist/assets/dialog-nlOEq-Ro.js                     8.50 kB │ gzip:   3.28 kB
dist/assets/index-DpWz3-UM.js                      8.72 kB │ gzip:   3.25 kB
dist/assets/tooltip-9hlXhadx.js                    8.77 kB │ gzip:   3.34 kB
dist/assets/index-CwzsGvVG.js                      9.54 kB │ gzip:   3.92 kB
dist/assets/index-DqnURzE6.js                     10.28 kB │ gzip:   3.35 kB
dist/assets/Header-CieNZwTQ.js                    11.28 kB │ gzip:   3.38 kB
dist/assets/index-C4fJc-ox.js                     12.93 kB │ gzip:   4.47 kB
dist/assets/SimplifiedProfile-DKMZpbSG.js         13.76 kB │ gzip:   3.72 kB
dist/assets/index-DpHExgsI.js                     16.02 kB │ gzip:   5.47 kB
dist/assets/index-xAWXcDa6.js                     16.36 kB │ gzip:   5.47 kB
dist/assets/index-Cvm6ZRZB.js                     16.50 kB │ gzip:   6.25 kB
dist/assets/EditFounder-BQHbk8iq.js               18.08 kB │ gzip:   4.40 kB
dist/assets/ViewBusinessProposal-DrTdlyI-.js      18.55 kB │ gzip:   4.70 kB
dist/assets/EditInvestor-YH11C92k.js              19.04 kB │ gzip:   4.66 kB
dist/assets/index-BRsTVRWk.js                     19.69 kB │ gzip:   6.45 kB
dist/assets/index-B3AJhcNw.js                     21.67 kB │ gzip:   5.75 kB
dist/assets/select-CiYE5FXN.js                    22.08 kB │ gzip:   7.96 kB
dist/assets/index-D2D3JGbt.js                     23.57 kB │ gzip:   7.34 kB
dist/assets/index-DXMjQhlC.js                     27.84 kB │ gzip:  10.83 kB
dist/assets/table-Cd2uzHQu.js                     37.18 kB │ gzip:  10.86 kB
dist/assets/AssignAdminModal-BfEON8U2.js          89.81 kB │ gzip:  27.04 kB
dist/assets/Landing-DvAKyWhf.js                  136.59 kB │ gzip:  48.83 kB
dist/assets/xlsx-DGuHH-KN.js                     429.49 kB │ gzip: 143.07 kB
dist/assets/index-TDUGlIDr.js                    601.23 kB │ gzip: 163.43 kB
dist/assets/index-DY07wJT3.js                    762.15 kB │ gzip: 229.67 kB
dist/assets/CreateNewBatch-DuuC-Ori.js         1,332.37 kB │ gzip: 329.59 kB

(!) Some chunks are larger than 500 kB after minification. Consider:
- Using dynamic import() to code-split the application
- Use build.rollupOptions.output.manualChunks to improve chunking: https://rollupjs.org/configuration-options/#output-manualchunks
- Adjust chunk size limit for this warning via build.chunkSizeWarningLimit.
✓ built in 16.67s
Packaging build...
  adding: favicon.ico (deflated 13%)
  adding: assets/ (stored 0%)
  adding: assets/irfanMalikBg-D4osmO_C.jpg (deflated 1%)
  adding: assets/meerGreenJacket-ykCKR2uN.png (deflated 0%)
  adding: assets/shakeelBg-NX99JDrP.jpg (deflated 0%)
  adding: assets/meerShinyDress-C8scZpYx.webp (deflated 0%)
  adding: assets/akhtar-qLBVRLf-.jpg (deflated 1%)
  adding: assets/arabic-BElshnQY.jpg (deflated 0%)
  adding: assets/wasimAkramBg-D4BFEYu1.png (deflated 0%)
  adding: assets/handShake-Dk1DoagP.webp (deflated 0%)
  adding: assets/dubai-Bmqq4ymj.jpg (deflated 0%)
  adding: assets/fahad-CnovJc60.jpg (deflated 0%)
  adding: assets/placeholderMan-BvremNML.png (deflated 3%)
  adding: assets/tech-BdWyL5Pa.jpg (deflated 0%)
  adding: assets/salman-DD3Zraly.jpg (deflated 0%)
  adding: assets/wasim-ETjjiRaD.jpg (deflated 0%)
  adding: assets/rectanglePlaceholder-nCbViREl.png (deflated 31%)
  adding: assets/verifiedBadge-CrcJq1tD.webp (deflated 1%)
  adding: assets/Fav-BPcykgsi.png (deflated 5%)
  adding: assets/MainLogo-DJpFhlQE.png (deflated 4%)
  adding: assets/tower-gldBe0jJ.webp (deflated 0%)
  adding: assets/tower2-LuqAcWCu.jpg (deflated 2%)
  adding: assets/tower3-DpFzgoGy.jpg (deflated 0%)
  adding: assets/goldenCheck-CnSHOmXW.webp (stored 0%)
  adding: assets/proposal5-DItum-r7.webp (deflated 4%)
  adding: assets/proposal2-B9XZZX50.webp (deflated 3%)
  adding: assets/proposal3-fxAFZeku.webp (deflated 1%)
  adding: assets/proposal6-wLmvSjqd.webp (deflated 0%)
  adding: assets/proposal4-CZk7QC75.webp (deflated 1%)
  adding: assets/proposal1-D37fvLUu.webp (deflated 1%)
  adding: assets/wasimAkram-CBOcRO9q.png (deflated 1%)
  adding: assets/index-C9yfBDO4.css (deflated 86%)
  adding: assets/index-DY07wJT3.js (deflated 70%)
  adding: assets/Landing-DvAKyWhf.js (deflated 64%)
  adding: assets/index-BxQETr8F.js (deflated 50%)
  adding: assets/index-hO7c8HDD.js (deflated 53%)
  adding: assets/index-BlboD8Pw.js (deflated 53%)
  adding: assets/index-DDoWINIt.js (deflated 52%)
  adding: assets/Header-CieNZwTQ.js (deflated 70%)
  adding: assets/SignUp-CFeOfj3Q.js (deflated 60%)
  adding: assets/ForgotPassword-DOZRnagG.js (deflated 51%)
  adding: assets/VerifyUserEmail-B572IZCJ.js (deflated 64%)
  adding: assets/ResetPassword-BDzgFHOS.js (deflated 56%)
  adding: assets/ContactSupport-efcgjhKe.js (deflated 59%)
  adding: assets/AuthCallback-Dd2aBwOo.js (deflated 53%)
  adding: assets/SelectRole-BFhZ8Bzq.js (deflated 57%)
  adding: assets/SignupThankYou-BTH2Y-LC.js (deflated 55%)
  adding: assets/arrow-right-cW12DUAQ.js (deflated 26%)
  adding: assets/Login-i2P-9mv_.js (deflated 58%)
  adding: assets/index-220y7UXN.js (deflated 54%)
  adding: assets/index-TDUGlIDr.js (deflated 73%)
  adding: assets/Profile-wz585rlE.js (deflated 69%)
  adding: assets/index-D1vV8GrU.js (deflated 60%)
  adding: assets/index-DpHExgsI.js (deflated 66%)
  adding: assets/EditInvestor-YH11C92k.js (deflated 76%)
  adding: assets/index-xAWXcDa6.js (deflated 66%)
  adding: assets/globe-kzK4148a.js (deflated 32%)
  adding: assets/AssignAdminModal-BfEON8U2.js (deflated 70%)
  adding: assets/label-Dcc7tk1K.js (deflated 40%)
  adding: assets/EditFounder-BQHbk8iq.js (deflated 76%)
  adding: assets/index-CwzsGvVG.js (deflated 59%)
  adding: assets/index-BRsTVRWk.js (deflated 67%)
  adding: assets/log-in-BSM1VCWm.js (deflated 31%)
  adding: assets/ban-DWWhB1rB.js (deflated 26%)
  adding: assets/user-plus-CCFQ05Df.js (deflated 34%)
  adding: assets/phone-jkZL9EIo.js (deflated 36%)
  adding: assets/pencil-BUSodf0l.js (deflated 31%)
  adding: assets/index-C4fJc-ox.js (deflated 66%)
  adding: assets/ViewBusinessProposal-DrTdlyI-.js (deflated 75%)
  adding: assets/circle-check-BitduOaU.js (deflated 27%)
  adding: assets/calendar-CO-DEfxM.js (deflated 33%)
  adding: assets/index-D2D3JGbt.js (deflated 69%)
  adding: assets/ToggleChips-CNAkE-p2.js (deflated 51%)
  adding: assets/index-DqnURzE6.js (deflated 67%)
  adding: assets/useDebounce-C9r3PbdN.js (deflated 21%)
  adding: assets/CreateNewBatch-DuuC-Ori.js (deflated 75%)
  adding: assets/sparkles-B8r83t8o.js (deflated 45%)
  adding: assets/map-pin-CjPxotuP.js (deflated 28%)
  adding: assets/shield-check-CmXY2qsc.js (deflated 32%)
  adding: assets/supabase-bulk-emails-CCnuZc83.js (deflated 65%)
  adding: assets/mail-BSAM8cqm.js (deflated 26%)
  adding: assets/table-Cd2uzHQu.js (deflated 71%)
  adding: assets/Dashboard-XOFPS66u.js (deflated 66%)
  adding: assets/SimplifiedProfile-DKMZpbSG.js (deflated 73%)
  adding: assets/index-DMEkQwF0.js (deflated 51%)
  adding: assets/trending-up-C0zZ9mS3.js (deflated 26%)
  adding: assets/LegalModal-BHLutSnD.js (deflated 33%)
  adding: assets/index-iQsGF4Wq.js (deflated 53%)
  adding: assets/dialog-nlOEq-Ro.js (deflated 61%)
  adding: assets/download-5wM4lZMR.js (deflated 31%)
  adding: assets/index-GlMZS8Lf.js (deflated 62%)
  adding: assets/index-Cvm6ZRZB.js (deflated 62%)
  adding: assets/index-BQV2TbcK.js (deflated 56%)
  adding: assets/InfoBox-BGh9_VCL.js (deflated 51%)
  adding: assets/input-CQdXb4XI.js (deflated 50%)
  adding: assets/info-3q4Hw298.js (deflated 30%)
  adding: assets/circle-alert-Bu3A__MA.js (deflated 35%)
  adding: assets/select-CiYE5FXN.js (deflated 64%)
  adding: assets/index-DXMjQhlC.js (deflated 61%)
  adding: assets/index-xCiq6nuu.js (deflated 55%)
  adding: assets/FileUploader-B6G1TaTi.js (deflated 56%)
  adding: assets/textarea-C_muJrwb.js (deflated 52%)
  adding: assets/link-BjPwboES.js (deflated 34%)
  adding: assets/eye-D_8i6R6O.js (deflated 32%)
  adding: assets/trash-2-Cld8REjD.js (deflated 40%)
  adding: assets/topCards-D-mEi9M1.js (deflated 58%)
  adding: assets/card-B3LgbNa5.js (deflated 62%)
  adding: assets/ImageUploader-DpJowQt-.js (deflated 53%)
  adding: assets/upload-B_wVx_cB.js (deflated 30%)
  adding: assets/EmptyState-DbCfutOI.js (deflated 60%)
  adding: assets/toolbar-zIYYN0Cv.js (deflated 60%)
  adding: assets/message-square-CyuBo-EW.js (deflated 28%)
  adding: assets/tooltip-9hlXhadx.js (deflated 62%)
  adding: assets/square-pen-CbM2Jt5I.js (deflated 35%)
  adding: assets/rotate-ccw-DTYVoWeF.js (deflated 27%)
  adding: assets/chevron-left-Dq2uYHdy.js (deflated 22%)
  adding: assets/checkbox-Lq4WVHH8.js (deflated 57%)
  adding: assets/plus-LFkKuQIe.js (deflated 27%)
  adding: assets/file-text-_J_7fMpr.js (deflated 40%)
  adding: assets/businessProposalCard-BUN4EVn5.js (deflated 68%)
  adding: assets/GetMoreDetailsModal-D7iZZlvq.js (deflated 54%)
  adding: assets/Tabs-BBIr2prg.js (deflated 49%)
  adding: assets/circle-x-pLWfWdnq.js (deflated 30%)
  adding: assets/target-DjQn9hcD.js (deflated 37%)
  adding: assets/Stepper-dOzsQWqx.js (deflated 57%)
  adding: assets/package-CKK3mN-8.js (deflated 60%)
  adding: assets/ContactSupportModal-D_taaVge.js (deflated 51%)
  adding: assets/index-FuQ_VTuY.js (deflated 60%)
  adding: assets/index-16iFJyKC.js (deflated 48%)
  adding: assets/Dashboard-DW-H6dbr.js (deflated 66%)
  adding: assets/index-B3AJhcNw.js (deflated 74%)
  adding: assets/index-DpWz3-UM.js (deflated 63%)
  adding: assets/index-DsakqvtX.js (deflated 52%)
  adding: assets/xlsx-DGuHH-KN.js (deflated 67%)
  adding: index.html (deflated 52%)
Saving Lightsail SSH key...
Uploading build to Lightsail...
Warning: Permanently added '15.207.22.250' (ED25519) to the list of known hosts.
Deploying build to /var/www/html ...
Archive:  /home/ubuntu/react-build.zip
  inflating: /var/www/html/favicon.ico  
   creating: /var/www/html/assets/
  inflating: /var/www/html/assets/irfanMalikBg-D4osmO_C.jpg  
  inflating: /var/www/html/assets/meerGreenJacket-ykCKR2uN.png  
  inflating: /var/www/html/assets/shakeelBg-NX99JDrP.jpg  
  inflating: /var/www/html/assets/meerShinyDress-C8scZpYx.webp  
  inflating: /var/www/html/assets/akhtar-qLBVRLf-.jpg  
  inflating: /var/www/html/assets/arabic-BElshnQY.jpg  
  inflating: /var/www/html/assets/wasimAkramBg-D4BFEYu1.png  
  inflating: /var/www/html/assets/handShake-Dk1DoagP.webp  
  inflating: /var/www/html/assets/dubai-Bmqq4ymj.jpg  
  inflating: /var/www/html/assets/fahad-CnovJc60.jpg  
  inflating: /var/www/html/assets/placeholderMan-BvremNML.png  
  inflating: /var/www/html/assets/tech-BdWyL5Pa.jpg  
  inflating: /var/www/html/assets/salman-DD3Zraly.jpg  
  inflating: /var/www/html/assets/wasim-ETjjiRaD.jpg  
  inflating: /var/www/html/assets/rectanglePlaceholder-nCbViREl.png  
  inflating: /var/www/html/assets/verifiedBadge-CrcJq1tD.webp  
  inflating: /var/www/html/assets/Fav-BPcykgsi.png  
  inflating: /var/www/html/assets/MainLogo-DJpFhlQE.png  
  inflating: /var/www/html/assets/tower-gldBe0jJ.webp  
  inflating: /var/www/html/assets/tower2-LuqAcWCu.jpg  
  inflating: /var/www/html/assets/tower3-DpFzgoGy.jpg  
 extracting: /var/www/html/assets/goldenCheck-CnSHOmXW.webp  
  inflating: /var/www/html/assets/proposal5-DItum-r7.webp  
  inflating: /var/www/html/assets/proposal2-B9XZZX50.webp  
  inflating: /var/www/html/assets/proposal3-fxAFZeku.webp  
  inflating: /var/www/html/assets/proposal6-wLmvSjqd.webp  
  inflating: /var/www/html/assets/proposal4-CZk7QC75.webp  
  inflating: /var/www/html/assets/proposal1-D37fvLUu.webp  
  inflating: /var/www/html/assets/wasimAkram-CBOcRO9q.png  
  inflating: /var/www/html/assets/index-C9yfBDO4.css  
  inflating: /var/www/html/assets/index-DY07wJT3.js  
  inflating: /var/www/html/assets/Landing-DvAKyWhf.js  
  inflating: /var/www/html/assets/index-BxQETr8F.js  
  inflating: /var/www/html/assets/index-hO7c8HDD.js  
  inflating: /var/www/html/assets/index-BlboD8Pw.js  
  inflating: /var/www/html/assets/index-DDoWINIt.js  
  inflating: /var/www/html/assets/Header-CieNZwTQ.js  
  inflating: /var/www/html/assets/SignUp-CFeOfj3Q.js  
  inflating: /var/www/html/assets/ForgotPassword-DOZRnagG.js  
  inflating: /var/www/html/assets/VerifyUserEmail-B572IZCJ.js  
  inflating: /var/www/html/assets/ResetPassword-BDzgFHOS.js  
  inflating: /var/www/html/assets/ContactSupport-efcgjhKe.js  
  inflating: /var/www/html/assets/AuthCallback-Dd2aBwOo.js  
  inflating: /var/www/html/assets/SelectRole-BFhZ8Bzq.js  
  inflating: /var/www/html/assets/SignupThankYou-BTH2Y-LC.js  
  inflating: /var/www/html/assets/arrow-right-cW12DUAQ.js  
  inflating: /var/www/html/assets/Login-i2P-9mv_.js  
  inflating: /var/www/html/assets/index-220y7UXN.js  
  inflating: /var/www/html/assets/index-TDUGlIDr.js  
  inflating: /var/www/html/assets/Profile-wz585rlE.js  
  inflating: /var/www/html/assets/index-D1vV8GrU.js  
  inflating: /var/www/html/assets/index-DpHExgsI.js  
  inflating: /var/www/html/assets/EditInvestor-YH11C92k.js  
  inflating: /var/www/html/assets/index-xAWXcDa6.js  
  inflating: /var/www/html/assets/globe-kzK4148a.js  
  inflating: /var/www/html/assets/AssignAdminModal-BfEON8U2.js  
  inflating: /var/www/html/assets/label-Dcc7tk1K.js  
  inflating: /var/www/html/assets/EditFounder-BQHbk8iq.js  
  inflating: /var/www/html/assets/index-CwzsGvVG.js  
  inflating: /var/www/html/assets/index-BRsTVRWk.js  
  inflating: /var/www/html/assets/log-in-BSM1VCWm.js  
  inflating: /var/www/html/assets/ban-DWWhB1rB.js  
  inflating: /var/www/html/assets/user-plus-CCFQ05Df.js  
  inflating: /var/www/html/assets/phone-jkZL9EIo.js  
  inflating: /var/www/html/assets/pencil-BUSodf0l.js  
  inflating: /var/www/html/assets/index-C4fJc-ox.js  
  inflating: /var/www/html/assets/ViewBusinessProposal-DrTdlyI-.js  
  inflating: /var/www/html/assets/circle-check-BitduOaU.js  
  inflating: /var/www/html/assets/calendar-CO-DEfxM.js  
  inflating: /var/www/html/assets/index-D2D3JGbt.js  
  inflating: /var/www/html/assets/ToggleChips-CNAkE-p2.js  
  inflating: /var/www/html/assets/index-DqnURzE6.js  
  inflating: /var/www/html/assets/useDebounce-C9r3PbdN.js  
  inflating: /var/www/html/assets/CreateNewBatch-DuuC-Ori.js  
  inflating: /var/www/html/assets/sparkles-B8r83t8o.js  
  inflating: /var/www/html/assets/map-pin-CjPxotuP.js  
  inflating: /var/www/html/assets/shield-check-CmXY2qsc.js  
  inflating: /var/www/html/assets/supabase-bulk-emails-CCnuZc83.js  
  inflating: /var/www/html/assets/mail-BSAM8cqm.js  
  inflating: /var/www/html/assets/table-Cd2uzHQu.js  
  inflating: /var/www/html/assets/Dashboard-XOFPS66u.js  
  inflating: /var/www/html/assets/SimplifiedProfile-DKMZpbSG.js  
  inflating: /var/www/html/assets/index-DMEkQwF0.js  
  inflating: /var/www/html/assets/trending-up-C0zZ9mS3.js  
  inflating: /var/www/html/assets/LegalModal-BHLutSnD.js  
  inflating: /var/www/html/assets/index-iQsGF4Wq.js  
  inflating: /var/www/html/assets/dialog-nlOEq-Ro.js  
  inflating: /var/www/html/assets/download-5wM4lZMR.js  
  inflating: /var/www/html/assets/index-GlMZS8Lf.js  
  inflating: /var/www/html/assets/index-Cvm6ZRZB.js  
  inflating: /var/www/html/assets/index-BQV2TbcK.js  
  inflating: /var/www/html/assets/InfoBox-BGh9_VCL.js  
  inflating: /var/www/html/assets/input-CQdXb4XI.js  
  inflating: /var/www/html/assets/info-3q4Hw298.js  
  inflating: /var/www/html/assets/circle-alert-Bu3A__MA.js  
  inflating: /var/www/html/assets/select-CiYE5FXN.js  
  inflating: /var/www/html/assets/index-DXMjQhlC.js  
  inflating: /var/www/html/assets/index-xCiq6nuu.js  
  inflating: /var/www/html/assets/FileUploader-B6G1TaTi.js  
  inflating: /var/www/html/assets/textarea-C_muJrwb.js  
  inflating: /var/www/html/assets/link-BjPwboES.js  
  inflating: /var/www/html/assets/eye-D_8i6R6O.js  
  inflating: /var/www/html/assets/trash-2-Cld8REjD.js  
  inflating: /var/www/html/assets/topCards-D-mEi9M1.js  
  inflating: /var/www/html/assets/card-B3LgbNa5.js  
  inflating: /var/www/html/assets/ImageUploader-DpJowQt-.js  
  inflating: /var/www/html/assets/upload-B_wVx_cB.js  
  inflating: /var/www/html/assets/EmptyState-DbCfutOI.js  
  inflating: /var/www/html/assets/toolbar-zIYYN0Cv.js  
  inflating: /var/www/html/assets/message-square-CyuBo-EW.js  
  inflating: /var/www/html/assets/tooltip-9hlXhadx.js  
  inflating: /var/www/html/assets/square-pen-CbM2Jt5I.js  
  inflating: /var/www/html/assets/rotate-ccw-DTYVoWeF.js  
  inflating: /var/www/html/assets/chevron-left-Dq2uYHdy.js  
  inflating: /var/www/html/assets/checkbox-Lq4WVHH8.js  
  inflating: /var/www/html/assets/plus-LFkKuQIe.js  
  inflating: /var/www/html/assets/file-text-_J_7fMpr.js  
  inflating: /var/www/html/assets/businessProposalCard-BUN4EVn5.js  
  inflating: /var/www/html/assets/GetMoreDetailsModal-D7iZZlvq.js  
  inflating: /var/www/html/assets/Tabs-BBIr2prg.js  
  inflating: /var/www/html/assets/circle-x-pLWfWdnq.js  
  inflating: /var/www/html/assets/target-DjQn9hcD.js  
  inflating: /var/www/html/assets/Stepper-dOzsQWqx.js  
  inflating: /var/www/html/assets/package-CKK3mN-8.js  
  inflating: /var/www/html/assets/ContactSupportModal-D_taaVge.js  
  inflating: /var/www/html/assets/index-FuQ_VTuY.js  
  inflating: /var/www/html/assets/index-16iFJyKC.js  
  inflating: /var/www/html/assets/Dashboard-DW-H6dbr.js  
  inflating: /var/www/html/assets/index-B3AJhcNw.js  
  inflating: /var/www/html/assets/index-DpWz3-UM.js  
  inflating: /var/www/html/assets/index-DsakqvtX.js  
  inflating: /var/www/html/assets/xlsx-DGuHH-KN.js  
  inflating: /var/www/html/index.html  
Saving Git logs repo SSH key...
Testing GitHub SSH key...
Cloning deployment-logs repo...
Cloning into 'logs-repo'...
