Installing dependencies...
npm warn deprecated w3c-hr-time@1.0.2: Use your platform's native performance.now() and performance.timeOrigin.
npm warn deprecated domexception@2.0.1: Use your platform's native DOMException instead
npm warn deprecated abab@2.0.6: Use your platform's native atob() and btoa() methods instead

> the-business-hub-pakistan@0.0.0 prepare
> husky

.git can't be found
added 1810 packages, and audited 1811 packages in 6m

253 packages are looking for funding
  run `npm fund` for details

79 vulnerabilities (3 low, 71 moderate, 5 high)

To address issues that do not require attention, run:
  npm audit fix

To address all issues possible (including breaking changes), run:
  npm audit fix --force

Some issues need review, and may require choosing
a different dependency.

Run `npm audit` for details.
Building React app...

> the-business-hub-pakistan@0.0.0 build
> vite build

vite v7.1.11 building for production...
transforming...
✓ 3126 modules transformed.
rendering chunks...
computing gzip size...
dist/index.html                                    2.18 kB │ gzip:   1.05 kB
dist/assets/verifiedBadge-CrcJq1tD.webp           10.83 kB
dist/assets/rectanglePlaceholder-nCbViREl.png     11.85 kB
dist/assets/goldenCheck-CnSHOmXW.webp             13.45 kB
dist/assets/irfanMalikBg-D4osmO_C.jpg             24.66 kB
dist/assets/proposal6-wLmvSjqd.webp               28.15 kB
dist/assets/placeholderMan-BvremNML.png           36.64 kB
dist/assets/handShake-Dk1DoagP.webp               65.18 kB
dist/assets/tower-gldBe0jJ.webp                   66.16 kB
dist/assets/tower2-LuqAcWCu.jpg                   72.52 kB
dist/assets/shakeelBg-NX99JDrP.jpg               143.15 kB
dist/assets/MainLogo-DJpFhlQE.png                144.86 kB
dist/assets/Fav-BPcykgsi.png                     147.34 kB
dist/assets/akhtar-qLBVRLf-.jpg                  173.92 kB
dist/assets/proposal5-DItum-r7.webp              174.24 kB
dist/assets/tower3-DpFzgoGy.jpg                  175.56 kB
dist/assets/proposal2-B9XZZX50.webp              192.62 kB
dist/assets/meerShinyDress-C8scZpYx.webp         229.68 kB
dist/assets/meerGreenJacket-ykCKR2uN.png         230.19 kB
dist/assets/arabic-BElshnQY.jpg                  238.42 kB
dist/assets/wasim-ETjjiRaD.jpg                   242.26 kB
dist/assets/salman-DD3Zraly.jpg                  255.18 kB
dist/assets/fahad-CnovJc60.jpg                   278.62 kB
dist/assets/tech-BdWyL5Pa.jpg                    281.71 kB
dist/assets/dubai-Bmqq4ymj.jpg                   311.77 kB
dist/assets/wasimAkramBg-D4BFEYu1.png            313.57 kB
dist/assets/video-poster-DrQklN8e.png            367.51 kB
dist/assets/proposal3-fxAFZeku.webp              445.47 kB
dist/assets/proposal4-CZk7QC75.webp              542.86 kB
dist/assets/proposal1-D37fvLUu.webp              779.05 kB
dist/assets/wasimAkram-CBOcRO9q.png            4,488.96 kB
dist/assets/BlogDetail-oNXnMkFG.css                0.63 kB │ gzip:   0.26 kB
dist/assets/style-DpsRipQV.css                     3.23 kB │ gzip:   0.73 kB
dist/assets/index-CLfW2zMP.css                   157.41 kB │ gzip:  21.48 kB
dist/assets/blogs-ChqPogSE.js                      0.04 kB │ gzip:   0.06 kB
dist/assets/webinarBanner-XLbHXaFF.js              0.17 kB │ gzip:   0.15 kB
dist/assets/useDebounce-BwPf5Jte.js                0.19 kB │ gzip:   0.17 kB
dist/assets/plus-CwTKtpU5.js                       0.33 kB │ gzip:   0.25 kB
dist/assets/arrow-left-DkUoaTIb.js                 0.34 kB │ gzip:   0.27 kB
dist/assets/circle-check-CTRJlC0h.js               0.35 kB │ gzip:   0.27 kB
dist/assets/trending-up-DJomBpkS.js                0.35 kB │ gzip:   0.27 kB
dist/assets/ban-TRkVHPl0.js                        0.35 kB │ gzip:   0.28 kB
dist/assets/info-DzAFZMg_.js                       0.37 kB │ gzip:   0.28 kB
dist/assets/rotate-ccw-DwnIDUXU.js                 0.37 kB │ gzip:   0.29 kB
dist/assets/circle-x-BNrywsw8.js                   0.38 kB │ gzip:   0.28 kB
dist/assets/upload-C-GniouT.js                     0.40 kB │ gzip:   0.30 kB
dist/assets/index-CiwS-uju.js                      0.41 kB │ gzip:   0.30 kB
dist/assets/index-DYJ-j8ae.js                      0.41 kB │ gzip:   0.30 kB
dist/assets/globe-voDfExck.js                      0.41 kB │ gzip:   0.29 kB
dist/assets/headphones-DN0J7Gkv.js                 0.41 kB │ gzip:   0.29 kB
dist/assets/message-circle-CmIXdap4.js             0.41 kB │ gzip:   0.32 kB
dist/assets/Dashboard-D7OLuZAv.js                  0.42 kB │ gzip:   0.29 kB
dist/assets/Dashboard-DOQbx1cX.js                  0.42 kB │ gzip:   0.29 kB
dist/assets/circle-alert-DKBBI7nm.js               0.42 kB │ gzip:   0.29 kB
dist/assets/external-link-CzZ__bTT.js              0.42 kB │ gzip:   0.30 kB
dist/assets/funnel-BFH2YUZe.js                     0.42 kB │ gzip:   0.31 kB
dist/assets/calendar-DfCcRj95.js                   0.43 kB │ gzip:   0.31 kB
dist/assets/pencil-CSPlLFJB.js                     0.45 kB │ gzip:   0.33 kB
dist/assets/bookmark-plus-PtFoqji-.js              0.45 kB │ gzip:   0.33 kB
dist/assets/hash-Cm06_bKh.js                       0.47 kB │ gzip:   0.30 kB
dist/assets/shield-check-Ve1_aZ7G.js               0.49 kB │ gzip:   0.35 kB
dist/assets/tag-gmPQ-TBe.js                        0.49 kB │ gzip:   0.35 kB
dist/assets/support-ticket-events-BpkZSNnv.js      0.50 kB │ gzip:   0.37 kB
dist/assets/sparkles-tZ-LHBSH.js                   0.67 kB │ gzip:   0.39 kB
dist/assets/meta-pixel-CAHtMBtr.js                 0.82 kB │ gzip:   0.37 kB
dist/assets/CkEditor-B0LfFR0F.js                   0.85 kB │ gzip:   0.53 kB
dist/assets/InfoBox-Gma_ws_X.js                    0.86 kB │ gzip:   0.43 kB
dist/assets/CurrencyWithApprox-C_2IFZ8D.js         0.91 kB │ gzip:   0.52 kB
dist/assets/Tabs-Br9yL5PY.js                       1.23 kB │ gzip:   0.65 kB
dist/assets/Pagination-DRElpP5W.js                 1.32 kB │ gzip:   0.72 kB
dist/assets/ToggleChips-BoLZHVvl.js                1.68 kB │ gzip:   0.83 kB
dist/assets/topCards-BIppVyvV.js                   1.71 kB │ gzip:   0.74 kB
dist/assets/ForgotPassword-CGJHQ0xo.js             2.11 kB │ gzip:   1.06 kB
dist/assets/FounderThankYou-BWTBYg9g.js            2.22 kB │ gzip:   1.08 kB
dist/assets/FilterDrawer-DnC0CKuZ.js               2.26 kB │ gzip:   0.96 kB
dist/assets/ResetPassword-DFlki8sq.js              2.34 kB │ gzip:   1.04 kB
dist/assets/InvestorThankYou-D_5pDR-p.js           2.35 kB │ gzip:   1.15 kB
dist/assets/MultipleImageUploader-Btvg0aZ0.js      2.61 kB │ gzip:   1.14 kB
dist/assets/toolbar-D2NYBZmD.js                    2.69 kB │ gzip:   1.15 kB
dist/assets/AuthCallback-BcL4XAu9.js               2.71 kB │ gzip:   1.29 kB
dist/assets/ImageUploader-CVZKmapt.js              2.74 kB │ gzip:   1.18 kB
dist/assets/index-CUdtfpb3.js                      2.86 kB │ gzip:   1.36 kB
dist/assets/index-Ds0Fo7Gs.js                      2.99 kB │ gzip:   1.50 kB
dist/assets/index-BCYVc2bp.js                      3.06 kB │ gzip:   1.48 kB
dist/assets/index-B0ht82QI.js                      3.19 kB │ gzip:   1.52 kB
dist/assets/supabase-bulk-emails-CBHgFlpT.js       3.26 kB │ gzip:   1.20 kB
dist/assets/index-D5IEAXTc.js                      3.48 kB │ gzip:   1.67 kB
dist/assets/index-B2r0Afm5.js                      3.51 kB │ gzip:   1.61 kB
dist/assets/index-DL4YBhFZ.js                      3.80 kB │ gzip:   1.82 kB
dist/assets/target-audience-CbUxW1Mv.js            4.02 kB │ gzip:   1.16 kB
dist/assets/index-B03zvRRc.js                      4.34 kB │ gzip:   1.97 kB
dist/assets/index-Ba5UZk2l.js                      4.35 kB │ gzip:   1.98 kB
dist/assets/index-ChsBn6bp.js                      4.51 kB │ gzip:   2.06 kB
dist/assets/ContactSupport-gGkQi1Dq.js             4.63 kB │ gzip:   1.93 kB
dist/assets/Stepper-ByUbe_nN.js                    4.66 kB │ gzip:   2.02 kB
dist/assets/Login-CDo6tYdt.js                      4.74 kB │ gzip:   1.95 kB
dist/assets/index-C-tP3DRO.js                      5.07 kB │ gzip:   2.18 kB
dist/assets/CreateBlog-JMXBCRQX.js                 5.16 kB │ gzip:   2.20 kB
dist/assets/AllBlogs-BE_ZGR9E.js                   5.17 kB │ gzip:   2.06 kB
dist/assets/SelectRole-Cnj3yDzx.js                 5.41 kB │ gzip:   2.29 kB
dist/assets/HelpPageContent-C_AYBMy8.js            5.51 kB │ gzip:   2.00 kB
dist/assets/index-CaHQgj2O.js                      5.53 kB │ gzip:   2.51 kB
dist/assets/VerifyUserEmail-CDUENVrO.js            5.82 kB │ gzip:   2.08 kB
dist/assets/EditBlog-BD_kE6Uw.js                   6.02 kB │ gzip:   2.57 kB
dist/assets/ViewRemindersModal-B8STC8og.js         6.22 kB │ gzip:   2.34 kB
dist/assets/Profile-BY59QCfd.js                    6.86 kB │ gzip:   2.19 kB
dist/assets/SignUp-BJf9Lwij.js                     7.08 kB │ gzip:   2.67 kB
dist/assets/CreateTargetAudience-CI9oztle.js       7.35 kB │ gzip:   2.66 kB
dist/assets/index-Cc8Yd9b8.js                      8.01 kB │ gzip:   2.95 kB
dist/assets/EditTargetAudience-BEIuPkaU.js         8.76 kB │ gzip:   2.95 kB
dist/assets/index-B3yQJfrr.js                      9.23 kB │ gzip:   3.81 kB
dist/assets/index-Ci1PnorO.js                      9.77 kB │ gzip:   3.60 kB
dist/assets/index-OHNQyv_u.js                      9.93 kB │ gzip:   3.22 kB
dist/assets/businessProposalCard-CZxoqigp.js      10.05 kB │ gzip:   3.50 kB
dist/assets/table-BMka3JLG.js                     10.99 kB │ gzip:   3.44 kB
dist/assets/TicketDetailPage-amKObh0O.js          12.90 kB │ gzip:   4.06 kB
dist/assets/SimplifiedProfile-GIdHRXbq.js         13.76 kB │ gzip:   3.64 kB
dist/assets/index-B925U-c5.js                     15.62 kB │ gzip:   4.81 kB
dist/assets/EditFounder-Bqqu7bqn.js               18.01 kB │ gzip:   4.37 kB
dist/assets/index-DtcaWZBd.js                     18.43 kB │ gzip:   5.93 kB
dist/assets/EditInvestor-DTGk7kTJ.js              18.98 kB │ gzip:   4.65 kB
dist/assets/CreateNewBatch-B9OQ-5Ke.js            20.01 kB │ gzip:   5.13 kB
dist/assets/index-Wnr3H-9g.js                     20.08 kB │ gzip:   6.61 kB
dist/assets/index-DnIjYDtj.js                     20.13 kB │ gzip:   5.40 kB
dist/assets/BlogDetail-Dls5vIat.js                21.41 kB │ gzip:   8.68 kB
dist/assets/index-BIUuD9Yt.js                     22.92 kB │ gzip:   6.81 kB
dist/assets/index-CzkwoWcY.js                     23.60 kB │ gzip:   7.34 kB
dist/assets/ViewBusinessProposal-CZdGOLN3.js      25.92 kB │ gzip:   6.38 kB
dist/assets/index-Njh6KxxW.js                     29.46 kB │ gzip:   9.03 kB
dist/assets/Landing-zC1f_L33.js                  152.11 kB │ gzip:  53.64 kB
dist/assets/xlsx-DGuHH-KN.js                     429.49 kB │ gzip: 143.07 kB
dist/assets/index-c7ewTjHn.js                    637.97 kB │ gzip: 171.14 kB
dist/assets/index-DP5aqesU.js                  2,836.85 kB │ gzip: 758.00 kB

(!) Some chunks are larger than 1500 kB after minification. Consider:
- Using dynamic import() to code-split the application
- Use build.rollupOptions.output.manualChunks to improve chunking: https://rollupjs.org/configuration-options/#output-manualchunks
- Adjust chunk size limit for this warning via build.chunkSizeWarningLimit.
✓ built in 17.95s
Packaging build...
  adding: favicon.ico (deflated 13%)
  adding: robots.txt (deflated 3%)
  adding: sitemap.xml (deflated 60%)
  adding: assets/ (stored 0%)
  adding: assets/irfanMalikBg-D4osmO_C.jpg (deflated 1%)
  adding: assets/meerGreenJacket-ykCKR2uN.png (deflated 0%)
  adding: assets/meerShinyDress-C8scZpYx.webp (deflated 0%)
  adding: assets/shakeelBg-NX99JDrP.jpg (deflated 0%)
  adding: assets/akhtar-qLBVRLf-.jpg (deflated 1%)
  adding: assets/arabic-BElshnQY.jpg (deflated 0%)
  adding: assets/wasimAkramBg-D4BFEYu1.png (deflated 0%)
  adding: assets/handShake-Dk1DoagP.webp (deflated 0%)
  adding: assets/salman-DD3Zraly.jpg (deflated 0%)
  adding: assets/fahad-CnovJc60.jpg (deflated 0%)
  adding: assets/dubai-Bmqq4ymj.jpg (deflated 0%)
  adding: assets/rectanglePlaceholder-nCbViREl.png (deflated 31%)
  adding: assets/placeholderMan-BvremNML.png (deflated 3%)
  adding: assets/wasim-ETjjiRaD.jpg (deflated 0%)
  adding: assets/Fav-BPcykgsi.png (deflated 5%)
  adding: assets/tech-BdWyL5Pa.jpg (deflated 0%)
  adding: assets/MainLogo-DJpFhlQE.png (deflated 4%)
  adding: assets/goldenCheck-CnSHOmXW.webp (stored 0%)
  adding: assets/tower-gldBe0jJ.webp (deflated 0%)
  adding: assets/tower3-DpFzgoGy.jpg (deflated 0%)
  adding: assets/proposal2-B9XZZX50.webp (deflated 3%)
  adding: assets/proposal3-fxAFZeku.webp (deflated 1%)
  adding: assets/proposal5-DItum-r7.webp (deflated 4%)
  adding: assets/tower2-LuqAcWCu.jpg (deflated 2%)
  adding: assets/proposal6-wLmvSjqd.webp (deflated 0%)
  adding: assets/verifiedBadge-CrcJq1tD.webp (deflated 1%)
  adding: assets/proposal1-D37fvLUu.webp (deflated 1%)
  adding: assets/proposal4-CZk7QC75.webp (deflated 1%)
  adding: assets/video-poster-DrQklN8e.png (deflated 0%)
  adding: assets/wasimAkram-CBOcRO9q.png (deflated 1%)
  adding: assets/index-CLfW2zMP.css (deflated 86%)
  adding: assets/BlogDetail-oNXnMkFG.css (deflated 62%)
  adding: assets/style-DpsRipQV.css (deflated 78%)
  adding: assets/index-DP5aqesU.js (deflated 73%)
  adding: assets/xlsx-DGuHH-KN.js (deflated 67%)
  adding: assets/Landing-zC1f_L33.js (deflated 65%)
  adding: assets/BlogDetail-Dls5vIat.js (deflated 60%)
  adding: assets/AllBlogs-BE_ZGR9E.js (deflated 61%)
  adding: assets/index-Ds0Fo7Gs.js (deflated 50%)
  adding: assets/index-CUdtfpb3.js (deflated 53%)
  adding: assets/index-B0ht82QI.js (deflated 53%)
  adding: assets/index-BCYVc2bp.js (deflated 52%)
  adding: assets/index-B2r0Afm5.js (deflated 54%)
  adding: assets/SignUp-BJf9Lwij.js (deflated 63%)
  adding: assets/ForgotPassword-CGJHQ0xo.js (deflated 51%)
  adding: assets/VerifyUserEmail-CDUENVrO.js (deflated 64%)
  adding: assets/ResetPassword-DFlki8sq.js (deflated 56%)
  adding: assets/ContactSupport-gGkQi1Dq.js (deflated 59%)
  adding: assets/AuthCallback-BcL4XAu9.js (deflated 53%)
  adding: assets/SelectRole-Cnj3yDzx.js (deflated 58%)
  adding: assets/InvestorThankYou-D_5pDR-p.js (deflated 51%)
  adding: assets/FounderThankYou-BWTBYg9g.js (deflated 52%)
  adding: assets/Login-CDo6tYdt.js (deflated 59%)
  adding: assets/Profile-BY59QCfd.js (deflated 68%)
  adding: assets/index-CaHQgj2O.js (deflated 55%)
  adding: assets/index-Njh6KxxW.js (deflated 70%)
  adding: assets/EditInvestor-DTGk7kTJ.js (deflated 76%)
  adding: assets/index-CzkwoWcY.js (deflated 69%)
  adding: assets/ViewRemindersModal-B8STC8og.js (deflated 63%)
  adding: assets/tag-gmPQ-TBe.js (deflated 34%)
  adding: assets/EditFounder-Bqqu7bqn.js (deflated 76%)
  adding: assets/index-B3yQJfrr.js (deflated 59%)
  adding: assets/index-Wnr3H-9g.js (deflated 67%)
  adding: assets/index-DtcaWZBd.js (deflated 68%)
  adding: assets/ViewBusinessProposal-CZdGOLN3.js (deflated 75%)
  adding: assets/circle-check-CTRJlC0h.js (deflated 27%)
  adding: assets/index-BIUuD9Yt.js (deflated 70%)
  adding: assets/meta-pixel-CAHtMBtr.js (deflated 57%)
  adding: assets/shield-check-Ve1_aZ7G.js (deflated 32%)
  adding: assets/sparkles-tZ-LHBSH.js (deflated 45%)
  adding: assets/trending-up-DJomBpkS.js (deflated 26%)
  adding: assets/globe-voDfExck.js (deflated 33%)
  adding: assets/blogs-ChqPogSE.js (stored 0%)
  adding: assets/calendar-DfCcRj95.js (deflated 33%)
  adding: assets/index-D5IEAXTc.js (deflated 53%)
  adding: assets/message-circle-CmIXdap4.js (deflated 28%)
  adding: assets/arrow-left-DkUoaTIb.js (deflated 26%)
  adding: assets/InfoBox-Gma_ws_X.js (deflated 51%)
  adding: assets/info-DzAFZMg_.js (deflated 30%)
  adding: assets/circle-alert-DKBBI7nm.js (deflated 35%)
  adding: assets/index-c7ewTjHn.js (deflated 73%)
  adding: assets/topCards-BIppVyvV.js (deflated 58%)
  adding: assets/webinarBanner-XLbHXaFF.js (deflated 25%)
  adding: assets/CurrencyWithApprox-C_2IFZ8D.js (deflated 45%)
  adding: assets/ImageUploader-CVZKmapt.js (deflated 58%)
  adding: assets/external-link-CzZ__bTT.js (deflated 33%)
  adding: assets/upload-C-GniouT.js (deflated 31%)
  adding: assets/table-BMka3JLG.js (deflated 69%)
  adding: assets/toolbar-D2NYBZmD.js (deflated 58%)
  adding: assets/useDebounce-BwPf5Jte.js (deflated 23%)
  adding: assets/support-ticket-events-BpkZSNnv.js (deflated 29%)
  adding: assets/headphones-DN0J7Gkv.js (deflated 34%)
  adding: assets/Pagination-DRElpP5W.js (deflated 47%)
  adding: assets/funnel-BFH2YUZe.js (deflated 30%)
  adding: assets/FilterDrawer-DnC0CKuZ.js (deflated 58%)
  adding: assets/rotate-ccw-DwnIDUXU.js (deflated 28%)
  adding: assets/ToggleChips-BoLZHVvl.js (deflated 52%)
  adding: assets/circle-x-BNrywsw8.js (deflated 31%)
  adding: assets/businessProposalCard-CZxoqigp.js (deflated 66%)
  adding: assets/pencil-CSPlLFJB.js (deflated 31%)
  adding: assets/ban-TRkVHPl0.js (deflated 26%)
  adding: assets/plus-CwTKtpU5.js (deflated 28%)
  adding: assets/Tabs-Br9yL5PY.js (deflated 49%)
  adding: assets/Stepper-ByUbe_nN.js (deflated 57%)
  adding: assets/MultipleImageUploader-Btvg0aZ0.js (deflated 57%)
  adding: assets/index-OHNQyv_u.js (deflated 68%)
  adding: assets/supabase-bulk-emails-CBHgFlpT.js (deflated 64%)
  adding: assets/CreateNewBatch-B9OQ-5Ke.js (deflated 74%)
  adding: assets/CkEditor-B0LfFR0F.js (deflated 40%)
  adding: assets/target-audience-CbUxW1Mv.js (deflated 72%)
  adding: assets/index-B03zvRRc.js (deflated 55%)
  adding: assets/CreateTargetAudience-CI9oztle.js (deflated 64%)
  adding: assets/EditTargetAudience-BEIuPkaU.js (deflated 67%)
  adding: assets/index-C-tP3DRO.js (deflated 57%)
  adding: assets/CreateBlog-JMXBCRQX.js (deflated 58%)
  adding: assets/EditBlog-BD_kE6Uw.js (deflated 58%)
  adding: assets/index-B925U-c5.js (deflated 69%)
  adding: assets/index-Cc8Yd9b8.js (deflated 64%)
  adding: assets/Dashboard-DOQbx1cX.js (deflated 37%)
  adding: assets/SimplifiedProfile-GIdHRXbq.js (deflated 74%)
  adding: assets/index-DYJ-j8ae.js (deflated 32%)
  adding: assets/HelpPageContent-C_AYBMy8.js (deflated 64%)
  adding: assets/hash-Cm06_bKh.js (deflated 40%)
  adding: assets/index-ChsBn6bp.js (deflated 55%)
  adding: assets/bookmark-plus-PtFoqji-.js (deflated 32%)
  adding: assets/index-DL4YBhFZ.js (deflated 52%)
  adding: assets/index-Ba5UZk2l.js (deflated 55%)
  adding: assets/Dashboard-D7OLuZAv.js (deflated 37%)
  adding: assets/index-DnIjYDtj.js (deflated 73%)
  adding: assets/index-Ci1PnorO.js (deflated 63%)
  adding: assets/index-CiwS-uju.js (deflated 32%)
  adding: assets/TicketDetailPage-amKObh0O.js (deflated 69%)
  adding: index.html (deflated 52%)
Saving Lightsail SSH key...
Uploading build to Lightsail...
Warning: Permanently added '15.207.22.250' (ED25519) to the list of known hosts.
Deploying build to /var/www/html ...
Archive:  /home/ubuntu/react-build.zip
  inflating: /var/www/html/favicon.ico  
  inflating: /var/www/html/robots.txt  
  inflating: /var/www/html/sitemap.xml  
   creating: /var/www/html/assets/
  inflating: /var/www/html/assets/irfanMalikBg-D4osmO_C.jpg  
  inflating: /var/www/html/assets/meerGreenJacket-ykCKR2uN.png  
  inflating: /var/www/html/assets/meerShinyDress-C8scZpYx.webp  
  inflating: /var/www/html/assets/shakeelBg-NX99JDrP.jpg  
  inflating: /var/www/html/assets/akhtar-qLBVRLf-.jpg  
  inflating: /var/www/html/assets/arabic-BElshnQY.jpg  
  inflating: /var/www/html/assets/wasimAkramBg-D4BFEYu1.png  
  inflating: /var/www/html/assets/handShake-Dk1DoagP.webp  
  inflating: /var/www/html/assets/salman-DD3Zraly.jpg  
  inflating: /var/www/html/assets/fahad-CnovJc60.jpg  
  inflating: /var/www/html/assets/dubai-Bmqq4ymj.jpg  
  inflating: /var/www/html/assets/rectanglePlaceholder-nCbViREl.png  
  inflating: /var/www/html/assets/placeholderMan-BvremNML.png  
  inflating: /var/www/html/assets/wasim-ETjjiRaD.jpg  
  inflating: /var/www/html/assets/Fav-BPcykgsi.png  
  inflating: /var/www/html/assets/tech-BdWyL5Pa.jpg  
  inflating: /var/www/html/assets/MainLogo-DJpFhlQE.png  
 extracting: /var/www/html/assets/goldenCheck-CnSHOmXW.webp  
  inflating: /var/www/html/assets/tower-gldBe0jJ.webp  
  inflating: /var/www/html/assets/tower3-DpFzgoGy.jpg  
  inflating: /var/www/html/assets/proposal2-B9XZZX50.webp  
  inflating: /var/www/html/assets/proposal3-fxAFZeku.webp  
  inflating: /var/www/html/assets/proposal5-DItum-r7.webp  
  inflating: /var/www/html/assets/tower2-LuqAcWCu.jpg  
  inflating: /var/www/html/assets/proposal6-wLmvSjqd.webp  
  inflating: /var/www/html/assets/verifiedBadge-CrcJq1tD.webp  
  inflating: /var/www/html/assets/proposal1-D37fvLUu.webp  
  inflating: /var/www/html/assets/proposal4-CZk7QC75.webp  
  inflating: /var/www/html/assets/video-poster-DrQklN8e.png  
  inflating: /var/www/html/assets/wasimAkram-CBOcRO9q.png  
  inflating: /var/www/html/assets/index-CLfW2zMP.css  
  inflating: /var/www/html/assets/BlogDetail-oNXnMkFG.css  
  inflating: /var/www/html/assets/style-DpsRipQV.css  
  inflating: /var/www/html/assets/index-DP5aqesU.js  
  inflating: /var/www/html/assets/xlsx-DGuHH-KN.js  
  inflating: /var/www/html/assets/Landing-zC1f_L33.js  
  inflating: /var/www/html/assets/BlogDetail-Dls5vIat.js  
  inflating: /var/www/html/assets/AllBlogs-BE_ZGR9E.js  
  inflating: /var/www/html/assets/index-Ds0Fo7Gs.js  
  inflating: /var/www/html/assets/index-CUdtfpb3.js  
  inflating: /var/www/html/assets/index-B0ht82QI.js  
  inflating: /var/www/html/assets/index-BCYVc2bp.js  
  inflating: /var/www/html/assets/index-B2r0Afm5.js  
  inflating: /var/www/html/assets/SignUp-BJf9Lwij.js  
  inflating: /var/www/html/assets/ForgotPassword-CGJHQ0xo.js  
  inflating: /var/www/html/assets/VerifyUserEmail-CDUENVrO.js  
  inflating: /var/www/html/assets/ResetPassword-DFlki8sq.js  
  inflating: /var/www/html/assets/ContactSupport-gGkQi1Dq.js  
  inflating: /var/www/html/assets/AuthCallback-BcL4XAu9.js  
  inflating: /var/www/html/assets/SelectRole-Cnj3yDzx.js  
  inflating: /var/www/html/assets/InvestorThankYou-D_5pDR-p.js  
  inflating: /var/www/html/assets/FounderThankYou-BWTBYg9g.js  
  inflating: /var/www/html/assets/Login-CDo6tYdt.js  
  inflating: /var/www/html/assets/Profile-BY59QCfd.js  
  inflating: /var/www/html/assets/index-CaHQgj2O.js  
  inflating: /var/www/html/assets/index-Njh6KxxW.js  
  inflating: /var/www/html/assets/EditInvestor-DTGk7kTJ.js  
  inflating: /var/www/html/assets/index-CzkwoWcY.js  
  inflating: /var/www/html/assets/ViewRemindersModal-B8STC8og.js  
  inflating: /var/www/html/assets/tag-gmPQ-TBe.js  
  inflating: /var/www/html/assets/EditFounder-Bqqu7bqn.js  
  inflating: /var/www/html/assets/index-B3yQJfrr.js  
  inflating: /var/www/html/assets/index-Wnr3H-9g.js  
  inflating: /var/www/html/assets/index-DtcaWZBd.js  
  inflating: /var/www/html/assets/ViewBusinessProposal-CZdGOLN3.js  
  inflating: /var/www/html/assets/circle-check-CTRJlC0h.js  
  inflating: /var/www/html/assets/index-BIUuD9Yt.js  
  inflating: /var/www/html/assets/meta-pixel-CAHtMBtr.js  
  inflating: /var/www/html/assets/shield-check-Ve1_aZ7G.js  
  inflating: /var/www/html/assets/sparkles-tZ-LHBSH.js  
  inflating: /var/www/html/assets/trending-up-DJomBpkS.js  
  inflating: /var/www/html/assets/globe-voDfExck.js  
 extracting: /var/www/html/assets/blogs-ChqPogSE.js  
  inflating: /var/www/html/assets/calendar-DfCcRj95.js  
  inflating: /var/www/html/assets/index-D5IEAXTc.js  
  inflating: /var/www/html/assets/message-circle-CmIXdap4.js  
  inflating: /var/www/html/assets/arrow-left-DkUoaTIb.js  
  inflating: /var/www/html/assets/InfoBox-Gma_ws_X.js  
  inflating: /var/www/html/assets/info-DzAFZMg_.js  
  inflating: /var/www/html/assets/circle-alert-DKBBI7nm.js  
  inflating: /var/www/html/assets/index-c7ewTjHn.js  
  inflating: /var/www/html/assets/topCards-BIppVyvV.js  
  inflating: /var/www/html/assets/webinarBanner-XLbHXaFF.js  
  inflating: /var/www/html/assets/CurrencyWithApprox-C_2IFZ8D.js  
  inflating: /var/www/html/assets/ImageUploader-CVZKmapt.js  
  inflating: /var/www/html/assets/external-link-CzZ__bTT.js  
  inflating: /var/www/html/assets/upload-C-GniouT.js  
  inflating: /var/www/html/assets/table-BMka3JLG.js  
  inflating: /var/www/html/assets/toolbar-D2NYBZmD.js  
  inflating: /var/www/html/assets/useDebounce-BwPf5Jte.js  
  inflating: /var/www/html/assets/support-ticket-events-BpkZSNnv.js  
  inflating: /var/www/html/assets/headphones-DN0J7Gkv.js  
  inflating: /var/www/html/assets/Pagination-DRElpP5W.js  
  inflating: /var/www/html/assets/funnel-BFH2YUZe.js  
  inflating: /var/www/html/assets/FilterDrawer-DnC0CKuZ.js  
  inflating: /var/www/html/assets/rotate-ccw-DwnIDUXU.js  
  inflating: /var/www/html/assets/ToggleChips-BoLZHVvl.js  
  inflating: /var/www/html/assets/circle-x-BNrywsw8.js  
  inflating: /var/www/html/assets/businessProposalCard-CZxoqigp.js  
  inflating: /var/www/html/assets/pencil-CSPlLFJB.js  
  inflating: /var/www/html/assets/ban-TRkVHPl0.js  
  inflating: /var/www/html/assets/plus-CwTKtpU5.js  
  inflating: /var/www/html/assets/Tabs-Br9yL5PY.js  
  inflating: /var/www/html/assets/Stepper-ByUbe_nN.js  
  inflating: /var/www/html/assets/MultipleImageUploader-Btvg0aZ0.js  
  inflating: /var/www/html/assets/index-OHNQyv_u.js  
  inflating: /var/www/html/assets/supabase-bulk-emails-CBHgFlpT.js  
  inflating: /var/www/html/assets/CreateNewBatch-B9OQ-5Ke.js  
  inflating: /var/www/html/assets/CkEditor-B0LfFR0F.js  
  inflating: /var/www/html/assets/target-audience-CbUxW1Mv.js  
  inflating: /var/www/html/assets/index-B03zvRRc.js  
  inflating: /var/www/html/assets/CreateTargetAudience-CI9oztle.js  
  inflating: /var/www/html/assets/EditTargetAudience-BEIuPkaU.js  
  inflating: /var/www/html/assets/index-C-tP3DRO.js  
  inflating: /var/www/html/assets/CreateBlog-JMXBCRQX.js  
  inflating: /var/www/html/assets/EditBlog-BD_kE6Uw.js  
  inflating: /var/www/html/assets/index-B925U-c5.js  
  inflating: /var/www/html/assets/index-Cc8Yd9b8.js  
  inflating: /var/www/html/assets/Dashboard-DOQbx1cX.js  
  inflating: /var/www/html/assets/SimplifiedProfile-GIdHRXbq.js  
  inflating: /var/www/html/assets/index-DYJ-j8ae.js  
  inflating: /var/www/html/assets/HelpPageContent-C_AYBMy8.js  
  inflating: /var/www/html/assets/hash-Cm06_bKh.js  
  inflating: /var/www/html/assets/index-ChsBn6bp.js  
  inflating: /var/www/html/assets/bookmark-plus-PtFoqji-.js  
  inflating: /var/www/html/assets/index-DL4YBhFZ.js  
  inflating: /var/www/html/assets/index-Ba5UZk2l.js  
  inflating: /var/www/html/assets/Dashboard-D7OLuZAv.js  
  inflating: /var/www/html/assets/index-DnIjYDtj.js  
  inflating: /var/www/html/assets/index-Ci1PnorO.js  
  inflating: /var/www/html/assets/index-CiwS-uju.js  
  inflating: /var/www/html/assets/TicketDetailPage-amKObh0O.js  
  inflating: /var/www/html/index.html  
Enabling module headers.
To activate the new configuration, you need to run:
  systemctl restart apache2
<FilesMatch index.html$>
  Header set Cache-Control no-cache, no-store, must-revalidate
  Header set Pragma no-cache
  Header set Expires 0
</FilesMatch>
Saving Git logs repo SSH key...
Testing GitHub SSH key...
Cloning deployment-logs repo...
Cloning into 'logs-repo'...
