Installing dependencies...
npm warn deprecated w3c-hr-time@1.0.2: Use your platform's native performance.now() and performance.timeOrigin.
npm warn deprecated domexception@2.0.1: Use your platform's native DOMException instead
npm warn deprecated abab@2.0.6: Use your platform's native atob() and btoa() methods instead

added 1750 packages, and audited 1751 packages in 4m

222 packages are looking for funding
  run `npm fund` for details

52 vulnerabilities (51 moderate, 1 high)

To address issues that do not require attention, run:
  npm audit fix

To address all issues possible (including breaking changes), run:
  npm audit fix --force

Some issues need review, and may require choosing
a different dependency.

Run `npm audit` for details.
Building React app...

> boilerplate-code-react-js@0.0.0 build
> vite build

vite v7.1.11 building for production...
transforming...
✓ 2933 modules transformed.
rendering chunks...
computing gzip size...
dist/index.html                                    2.18 kB │ gzip:   1.05 kB
dist/assets/verifiedBadge-CrcJq1tD.webp           10.83 kB
dist/assets/rectanglePlaceholder-nCbViREl.png     11.85 kB
dist/assets/goldenCheck-CnSHOmXW.webp             13.45 kB
dist/assets/irfanMalikBg-D4osmO_C.jpg             24.66 kB
dist/assets/proposal6-wLmvSjqd.webp               28.15 kB
dist/assets/placeholderMan-BvremNML.png           36.64 kB
dist/assets/handShake-Dk1DoagP.webp               65.18 kB
dist/assets/tower-gldBe0jJ.webp                   66.16 kB
dist/assets/tower2-LuqAcWCu.jpg                   72.52 kB
dist/assets/shakeelBg-NX99JDrP.jpg               143.15 kB
dist/assets/MainLogo-DJpFhlQE.png                144.86 kB
dist/assets/Fav-BPcykgsi.png                     147.34 kB
dist/assets/akhtar-qLBVRLf-.jpg                  173.92 kB
dist/assets/proposal5-DItum-r7.webp              174.24 kB
dist/assets/tower3-DpFzgoGy.jpg                  175.56 kB
dist/assets/proposal2-B9XZZX50.webp              192.62 kB
dist/assets/meerShinyDress-C8scZpYx.webp         229.68 kB
dist/assets/meerGreenJacket-ykCKR2uN.png         230.19 kB
dist/assets/arabic-BElshnQY.jpg                  238.42 kB
dist/assets/wasim-ETjjiRaD.jpg                   242.26 kB
dist/assets/salman-DD3Zraly.jpg                  255.18 kB
dist/assets/fahad-CnovJc60.jpg                   278.62 kB
dist/assets/tech-BdWyL5Pa.jpg                    281.71 kB
dist/assets/dubai-Bmqq4ymj.jpg                   311.77 kB
dist/assets/wasimAkramBg-D4BFEYu1.png            313.57 kB
dist/assets/proposal3-fxAFZeku.webp              445.47 kB
dist/assets/proposal4-CZk7QC75.webp              542.86 kB
dist/assets/proposal1-D37fvLUu.webp              779.05 kB
dist/assets/wasimAkram-CBOcRO9q.png            4,488.96 kB
dist/assets/index-B-MKJwD-.css                   133.97 kB │ gzip:  18.45 kB
dist/assets/useDebounce-84VaYfno.js                0.19 kB │ gzip:   0.17 kB
dist/assets/chevron-down-CTvnfrZL.js               0.30 kB │ gzip:   0.25 kB
dist/assets/chevron-left-BVAJ-6CP.js               0.30 kB │ gzip:   0.25 kB
dist/assets/plus-B9Aw5Xap.js                       0.33 kB │ gzip:   0.25 kB
dist/assets/arrow-right-82pFP1qh.js                0.34 kB │ gzip:   0.26 kB
dist/assets/circle-check-DvNnXxxO.js               0.35 kB │ gzip:   0.27 kB
dist/assets/trending-up-BZuVmPIr.js                0.35 kB │ gzip:   0.27 kB
dist/assets/ban-VYsOSTFW.js                        0.35 kB │ gzip:   0.28 kB
dist/assets/info-BQGQKE83.js                       0.37 kB │ gzip:   0.28 kB
dist/assets/rotate-ccw-WXDQZr3F.js                 0.37 kB │ gzip:   0.29 kB
dist/assets/circle-x-DdjCbCzf.js                   0.38 kB │ gzip:   0.28 kB
dist/assets/mail-Cp-fbcBS.js                       0.39 kB │ gzip:   0.31 kB
dist/assets/target-B5K2EFqo.js                     0.39 kB │ gzip:   0.27 kB
dist/assets/upload-B4RAXXju.js                     0.40 kB │ gzip:   0.30 kB
dist/assets/log-in-tJxv7CAp.js                     0.40 kB │ gzip:   0.29 kB
dist/assets/download-D6wkDYuz.js                   0.41 kB │ gzip:   0.30 kB
dist/assets/message-square-CFhowvBJ.js             0.41 kB │ gzip:   0.31 kB
dist/assets/globe-MyS6go5S.js                      0.41 kB │ gzip:   0.29 kB
dist/assets/circle-alert-C5Z1VrZD.js               0.42 kB │ gzip:   0.30 kB
dist/assets/eye-BV1r8pIY.js                        0.42 kB │ gzip:   0.30 kB
dist/assets/map-pin-CyflRizi.js                    0.43 kB │ gzip:   0.33 kB
dist/assets/link-B0DmW_f4.js                       0.43 kB │ gzip:   0.30 kB
dist/assets/calendar-B2ehdCKt.js                   0.43 kB │ gzip:   0.31 kB
dist/assets/pencil-_trooJQh.js                     0.45 kB │ gzip:   0.33 kB
dist/assets/user-plus-CBTGWtkz.js                  0.48 kB │ gzip:   0.34 kB
dist/assets/shield-check-jA0pEM6I.js               0.49 kB │ gzip:   0.36 kB
dist/assets/square-pen-OG31P3s5.js                 0.49 kB │ gzip:   0.34 kB
dist/assets/phone-_50d1PdH.js                      0.50 kB │ gzip:   0.33 kB
dist/assets/trash-2-BYUsiOzE.js                    0.50 kB │ gzip:   0.32 kB
dist/assets/file-text-BKfWminw.js                  0.51 kB │ gzip:   0.32 kB
dist/assets/LegalModal-BtCSdzNk.js                 0.66 kB │ gzip:   0.46 kB
dist/assets/sparkles-LQVwdbPu.js                   0.67 kB │ gzip:   0.39 kB
dist/assets/InfoBox-ZUrxGPk5.js                    0.86 kB │ gzip:   0.43 kB
dist/assets/label-gPH-utej.js                      0.89 kB │ gzip:   0.55 kB
dist/assets/card-ChLmD3_R.js                       1.18 kB │ gzip:   0.46 kB
dist/assets/package-Bssn14v3.js                    1.21 kB │ gzip:   0.50 kB
dist/assets/Tabs-B2e-b9K7.js                       1.23 kB │ gzip:   0.65 kB
dist/assets/GetMoreDetailsModal-eYMV9DSz.js        1.27 kB │ gzip:   0.61 kB
dist/assets/EmptyState-DT6IGofL.js                 1.47 kB │ gzip:   0.61 kB
dist/assets/textarea-CnCvt_wx.js                   1.50 kB │ gzip:   0.74 kB
dist/assets/ToggleChips-DgJ27cIp.js                1.66 kB │ gzip:   0.82 kB
dist/assets/input-DsGcdNfJ.js                      1.68 kB │ gzip:   0.86 kB
dist/assets/topCards-Knqkvdar.js                   1.71 kB │ gzip:   0.75 kB
dist/assets/ImageUploader--CmkxUou.js              1.95 kB │ gzip:   0.94 kB
dist/assets/index-CeOpSf5w.js                      2.07 kB │ gzip:   0.92 kB
dist/assets/ForgotPassword-YoQ_W8zJ.js             2.17 kB │ gzip:   1.09 kB
dist/assets/ContactSupportModal--P639VIu.js        2.37 kB │ gzip:   1.18 kB
dist/assets/ResetPassword-D3-ii-T0.js              2.40 kB │ gzip:   1.06 kB
dist/assets/AuthCallback-DL7cS5pN.js               2.67 kB │ gzip:   1.27 kB
dist/assets/index-CNIRXa0H.js                      2.67 kB │ gzip:   1.20 kB
dist/assets/index-DoMDWpbJ.js                      2.72 kB │ gzip:   1.23 kB
dist/assets/index-Bn4DQeXW.js                      2.87 kB │ gzip:   1.41 kB
dist/assets/toolbar-DJfeh1a8.js                    2.99 kB │ gzip:   1.22 kB
dist/assets/FileUploader-D98TFZG6.js               3.02 kB │ gzip:   1.36 kB
dist/assets/index-Bgf9h-XB.js                      3.11 kB │ gzip:   1.48 kB
dist/assets/supabase-bulk-emails-BZQ7rxiE.js       3.14 kB │ gzip:   1.12 kB
dist/assets/index-DxbV6loA.js                      3.24 kB │ gzip:   1.61 kB
dist/assets/SignupThankYou-CruaE8BL.js             3.29 kB │ gzip:   1.49 kB
dist/assets/index-BvChtT6N.js                      3.31 kB │ gzip:   1.60 kB
dist/assets/index-CvemWd8a.js                      3.44 kB │ gzip:   1.63 kB
dist/assets/index-DU9_a9uh.js                      3.48 kB │ gzip:   1.67 kB
dist/assets/checkbox-EXSOu7ms.js                   4.07 kB │ gzip:   1.78 kB
dist/assets/index-B8F_iuNv.js                      4.23 kB │ gzip:   2.08 kB
dist/assets/index-BF5gayQ6.js                      4.25 kB │ gzip:   2.08 kB
dist/assets/Dashboard-D4-d9fqu.js                  4.28 kB │ gzip:   1.46 kB
dist/assets/Dashboard-CnHR7BvN.js                  4.30 kB │ gzip:   1.47 kB
dist/assets/index-NQ2ZgNJ0.js                      4.31 kB │ gzip:   1.71 kB
dist/assets/Stepper-CppnK0NA.js                    4.66 kB │ gzip:   2.02 kB
dist/assets/ContactSupport-BNzijchM.js             4.97 kB │ gzip:   2.07 kB
dist/assets/Login-BvN2F6Uq.js                      5.05 kB │ gzip:   2.13 kB
dist/assets/SelectRole-67eoIReb.js                 5.08 kB │ gzip:   2.18 kB
dist/assets/SignUp-C28vlARc.js                     5.58 kB │ gzip:   2.24 kB
dist/assets/VerifyUserEmail-oFrZpCnj.js            5.88 kB │ gzip:   2.11 kB
dist/assets/Profile-BScRy9_o.js                    6.94 kB │ gzip:   2.22 kB
dist/assets/businessProposalCard-5g441JIY.js       7.89 kB │ gzip:   2.61 kB
dist/assets/index-BHgdxLnS.js                      8.15 kB │ gzip:   3.32 kB
dist/assets/index-BjnMUP7F.js                      8.31 kB │ gzip:   3.18 kB
dist/assets/dialog-_fZqZArp.js                     8.50 kB │ gzip:   3.28 kB
dist/assets/tooltip-B3yVzGjU.js                    8.77 kB │ gzip:   3.34 kB
dist/assets/index-XhBbiXDE.js                      9.60 kB │ gzip:   3.96 kB
dist/assets/index-DlqnwF5P.js                     10.15 kB │ gzip:   3.79 kB
dist/assets/index-0TqKTNTW.js                     10.28 kB │ gzip:   3.35 kB
dist/assets/Header-B-if6o2Q.js                    11.28 kB │ gzip:   3.37 kB
dist/assets/SimplifiedProfile-B-cPGXnX.js         13.79 kB │ gzip:   3.73 kB
dist/assets/index-BV124tfj.js                     13.94 kB │ gzip:   4.84 kB
dist/assets/index-WhmM98Pd.js                     16.50 kB │ gzip:   6.24 kB
dist/assets/index-CfJIVH3f.js                     17.80 kB │ gzip:   5.95 kB
dist/assets/EditFounder-ckA2g2BF.js               18.08 kB │ gzip:   4.40 kB
dist/assets/index-BCJ28PLG.js                     18.14 kB │ gzip:   5.94 kB
dist/assets/ViewBusinessProposal-DiCn9Dcg.js      18.69 kB │ gzip:   4.75 kB
dist/assets/EditInvestor-Ch1FQ7uq.js              19.08 kB │ gzip:   4.67 kB
dist/assets/index-nyIh8vG2.js                     19.76 kB │ gzip:   6.49 kB
dist/assets/index-DAdl47K_.js                     21.63 kB │ gzip:   5.74 kB
dist/assets/select-Dn2o_AEb.js                    21.86 kB │ gzip:   7.81 kB
dist/assets/index-aD7-I42b.js                     25.26 kB │ gzip:   7.60 kB
dist/assets/index-NgS-Cy4g.js                     27.84 kB │ gzip:  10.83 kB
dist/assets/table-glogFiqE.js                     37.24 kB │ gzip:  10.90 kB
dist/assets/AssignAdminModal-Uxor9LCZ.js          90.97 kB │ gzip:  27.34 kB
dist/assets/Landing--9YkE93f.js                  136.59 kB │ gzip:  48.82 kB
dist/assets/xlsx-DGuHH-KN.js                     429.49 kB │ gzip: 143.07 kB
dist/assets/index-y4UPP5g_.js                    601.25 kB │ gzip: 163.44 kB
dist/assets/index-DQpDCbtK.js                    761.92 kB │ gzip: 229.57 kB
dist/assets/CreateNewBatch-DeK5xOt1.js         1,332.43 kB │ gzip: 329.63 kB

(!) Some chunks are larger than 500 kB after minification. Consider:
- Using dynamic import() to code-split the application
- Use build.rollupOptions.output.manualChunks to improve chunking: https://rollupjs.org/configuration-options/#output-manualchunks
- Adjust chunk size limit for this warning via build.chunkSizeWarningLimit.
✓ built in 15.49s
Packaging build...
  adding: favicon.ico (deflated 13%)
  adding: assets/ (stored 0%)
  adding: assets/meerGreenJacket-ykCKR2uN.png (deflated 0%)
  adding: assets/shakeelBg-NX99JDrP.jpg (deflated 0%)
  adding: assets/wasimAkramBg-D4BFEYu1.png (deflated 0%)
  adding: assets/irfanMalikBg-D4osmO_C.jpg (deflated 1%)
  adding: assets/akhtar-qLBVRLf-.jpg (deflated 1%)
  adding: assets/arabic-BElshnQY.jpg (deflated 0%)
  adding: assets/handShake-Dk1DoagP.webp (deflated 0%)
  adding: assets/meerShinyDress-C8scZpYx.webp (deflated 0%)
  adding: assets/tech-BdWyL5Pa.jpg (deflated 0%)
  adding: assets/wasim-ETjjiRaD.jpg (deflated 0%)
  adding: assets/placeholderMan-BvremNML.png (deflated 3%)
  adding: assets/salman-DD3Zraly.jpg (deflated 0%)
  adding: assets/dubai-Bmqq4ymj.jpg (deflated 0%)
  adding: assets/fahad-CnovJc60.jpg (deflated 0%)
  adding: assets/MainLogo-DJpFhlQE.png (deflated 4%)
  adding: assets/verifiedBadge-CrcJq1tD.webp (deflated 1%)
  adding: assets/tower-gldBe0jJ.webp (deflated 0%)
  adding: assets/tower2-LuqAcWCu.jpg (deflated 2%)
  adding: assets/tower3-DpFzgoGy.jpg (deflated 0%)
  adding: assets/proposal2-B9XZZX50.webp (deflated 3%)
  adding: assets/proposal3-fxAFZeku.webp (deflated 1%)
  adding: assets/proposal5-DItum-r7.webp (deflated 4%)
  adding: assets/rectanglePlaceholder-nCbViREl.png (deflated 31%)
  adding: assets/goldenCheck-CnSHOmXW.webp (stored 0%)
  adding: assets/Fav-BPcykgsi.png (deflated 5%)
  adding: assets/proposal6-wLmvSjqd.webp (deflated 0%)
  adding: assets/proposal1-D37fvLUu.webp (deflated 1%)
  adding: assets/proposal4-CZk7QC75.webp (deflated 1%)
  adding: assets/wasimAkram-CBOcRO9q.png (deflated 1%)
  adding: assets/index-B-MKJwD-.css (deflated 86%)
  adding: assets/index-DQpDCbtK.js (deflated 70%)
  adding: assets/Landing--9YkE93f.js (deflated 64%)
  adding: assets/index-DxbV6loA.js (deflated 51%)
  adding: assets/index-Bgf9h-XB.js (deflated 53%)
  adding: assets/index-CvemWd8a.js (deflated 53%)
  adding: assets/index-BvChtT6N.js (deflated 52%)
  adding: assets/Header-B-if6o2Q.js (deflated 70%)
  adding: assets/SignUp-C28vlARc.js (deflated 60%)
  adding: assets/ForgotPassword-YoQ_W8zJ.js (deflated 51%)
  adding: assets/VerifyUserEmail-oFrZpCnj.js (deflated 64%)
  adding: assets/ResetPassword-D3-ii-T0.js (deflated 56%)
  adding: assets/ContactSupport-BNzijchM.js (deflated 59%)
  adding: assets/AuthCallback-DL7cS5pN.js (deflated 53%)
  adding: assets/SelectRole-67eoIReb.js (deflated 57%)
  adding: assets/SignupThankYou-CruaE8BL.js (deflated 55%)
  adding: assets/arrow-right-82pFP1qh.js (deflated 27%)
  adding: assets/Login-BvN2F6Uq.js (deflated 58%)
  adding: assets/index-DoMDWpbJ.js (deflated 54%)
  adding: assets/index-y4UPP5g_.js (deflated 73%)
  adding: assets/Profile-BScRy9_o.js (deflated 68%)
  adding: assets/index-BHgdxLnS.js (deflated 60%)
  adding: assets/index-CfJIVH3f.js (deflated 66%)
  adding: assets/EditInvestor-Ch1FQ7uq.js (deflated 76%)
  adding: assets/index-BCJ28PLG.js (deflated 67%)
  adding: assets/globe-MyS6go5S.js (deflated 33%)
  adding: assets/AssignAdminModal-Uxor9LCZ.js (deflated 70%)
  adding: assets/label-gPH-utej.js (deflated 40%)
  adding: assets/EditFounder-ckA2g2BF.js (deflated 76%)
  adding: assets/index-XhBbiXDE.js (deflated 59%)
  adding: assets/index-nyIh8vG2.js (deflated 67%)
  adding: assets/log-in-tJxv7CAp.js (deflated 32%)
  adding: assets/ban-VYsOSTFW.js (deflated 26%)
  adding: assets/user-plus-CBTGWtkz.js (deflated 34%)
  adding: assets/phone-_50d1PdH.js (deflated 36%)
  adding: assets/pencil-_trooJQh.js (deflated 31%)
  adding: assets/index-BV124tfj.js (deflated 65%)
  adding: assets/ViewBusinessProposal-DiCn9Dcg.js (deflated 75%)
  adding: assets/circle-check-DvNnXxxO.js (deflated 27%)
  adding: assets/calendar-B2ehdCKt.js (deflated 33%)
  adding: assets/index-aD7-I42b.js (deflated 70%)
  adding: assets/ToggleChips-DgJ27cIp.js (deflated 52%)
  adding: assets/index-0TqKTNTW.js (deflated 68%)
  adding: assets/useDebounce-84VaYfno.js (deflated 22%)
  adding: assets/CreateNewBatch-DeK5xOt1.js (deflated 75%)
  adding: assets/sparkles-LQVwdbPu.js (deflated 45%)
  adding: assets/map-pin-CyflRizi.js (deflated 28%)
  adding: assets/shield-check-jA0pEM6I.js (deflated 32%)
  adding: assets/supabase-bulk-emails-BZQ7rxiE.js (deflated 65%)
  adding: assets/mail-Cp-fbcBS.js (deflated 26%)
  adding: assets/table-glogFiqE.js (deflated 71%)
  adding: assets/Dashboard-D4-d9fqu.js (deflated 66%)
  adding: assets/SimplifiedProfile-B-cPGXnX.js (deflated 73%)
  adding: assets/index-B8F_iuNv.js (deflated 51%)
  adding: assets/trending-up-BZuVmPIr.js (deflated 26%)
  adding: assets/LegalModal-BtCSdzNk.js (deflated 33%)
  adding: assets/index-DU9_a9uh.js (deflated 53%)
  adding: assets/dialog-_fZqZArp.js (deflated 62%)
  adding: assets/download-D6wkDYuz.js (deflated 31%)
  adding: assets/index-BjnMUP7F.js (deflated 62%)
  adding: assets/index-WhmM98Pd.js (deflated 62%)
  adding: assets/index-CeOpSf5w.js (deflated 56%)
  adding: assets/InfoBox-ZUrxGPk5.js (deflated 51%)
  adding: assets/input-DsGcdNfJ.js (deflated 50%)
  adding: assets/info-BQGQKE83.js (deflated 30%)
  adding: assets/circle-alert-C5Z1VrZD.js (deflated 35%)
  adding: assets/select-Dn2o_AEb.js (deflated 64%)
  adding: assets/chevron-down-CTvnfrZL.js (deflated 24%)
  adding: assets/index-NgS-Cy4g.js (deflated 61%)
  adding: assets/index-CNIRXa0H.js (deflated 56%)
  adding: assets/FileUploader-D98TFZG6.js (deflated 56%)
  adding: assets/textarea-CnCvt_wx.js (deflated 52%)
  adding: assets/link-B0DmW_f4.js (deflated 34%)
  adding: assets/eye-BV1r8pIY.js (deflated 33%)
  adding: assets/trash-2-BYUsiOzE.js (deflated 40%)
  adding: assets/topCards-Knqkvdar.js (deflated 58%)
  adding: assets/card-ChLmD3_R.js (deflated 62%)
  adding: assets/ImageUploader--CmkxUou.js (deflated 53%)
  adding: assets/upload-B4RAXXju.js (deflated 31%)
  adding: assets/EmptyState-DT6IGofL.js (deflated 60%)
  adding: assets/toolbar-DJfeh1a8.js (deflated 60%)
  adding: assets/message-square-CFhowvBJ.js (deflated 29%)
  adding: assets/tooltip-B3yVzGjU.js (deflated 62%)
  adding: assets/square-pen-OG31P3s5.js (deflated 35%)
  adding: assets/rotate-ccw-WXDQZr3F.js (deflated 28%)
  adding: assets/chevron-left-BVAJ-6CP.js (deflated 23%)
  adding: assets/checkbox-EXSOu7ms.js (deflated 57%)
  adding: assets/plus-B9Aw5Xap.js (deflated 28%)
  adding: assets/file-text-BKfWminw.js (deflated 40%)
  adding: assets/businessProposalCard-5g441JIY.js (deflated 67%)
  adding: assets/GetMoreDetailsModal-eYMV9DSz.js (deflated 54%)
  adding: assets/Tabs-B2e-b9K7.js (deflated 49%)
  adding: assets/circle-x-DdjCbCzf.js (deflated 31%)
  adding: assets/target-B5K2EFqo.js (deflated 38%)
  adding: assets/Stepper-CppnK0NA.js (deflated 57%)
  adding: assets/package-Bssn14v3.js (deflated 60%)
  adding: assets/ContactSupportModal--P639VIu.js (deflated 51%)
  adding: assets/index-Bn4DQeXW.js (deflated 52%)
  adding: assets/index-NQ2ZgNJ0.js (deflated 60%)
  adding: assets/Dashboard-CnHR7BvN.js (deflated 66%)
  adding: assets/index-DAdl47K_.js (deflated 74%)
  adding: assets/index-DlqnwF5P.js (deflated 63%)
  adding: assets/index-BF5gayQ6.js (deflated 51%)
  adding: assets/xlsx-DGuHH-KN.js (deflated 67%)
  adding: index.html (deflated 52%)
Saving Lightsail SSH key...
Uploading build to Lightsail...
Warning: Permanently added '15.207.22.250' (ED25519) to the list of known hosts.
Deploying build to /var/www/html ...
Archive:  /home/ubuntu/react-build.zip
  inflating: /var/www/html/favicon.ico  
   creating: /var/www/html/assets/
  inflating: /var/www/html/assets/meerGreenJacket-ykCKR2uN.png  
  inflating: /var/www/html/assets/shakeelBg-NX99JDrP.jpg  
  inflating: /var/www/html/assets/wasimAkramBg-D4BFEYu1.png  
  inflating: /var/www/html/assets/irfanMalikBg-D4osmO_C.jpg  
  inflating: /var/www/html/assets/akhtar-qLBVRLf-.jpg  
  inflating: /var/www/html/assets/arabic-BElshnQY.jpg  
  inflating: /var/www/html/assets/handShake-Dk1DoagP.webp  
  inflating: /var/www/html/assets/meerShinyDress-C8scZpYx.webp  
  inflating: /var/www/html/assets/tech-BdWyL5Pa.jpg  
  inflating: /var/www/html/assets/wasim-ETjjiRaD.jpg  
  inflating: /var/www/html/assets/placeholderMan-BvremNML.png  
  inflating: /var/www/html/assets/salman-DD3Zraly.jpg  
  inflating: /var/www/html/assets/dubai-Bmqq4ymj.jpg  
  inflating: /var/www/html/assets/fahad-CnovJc60.jpg  
  inflating: /var/www/html/assets/MainLogo-DJpFhlQE.png  
  inflating: /var/www/html/assets/verifiedBadge-CrcJq1tD.webp  
  inflating: /var/www/html/assets/tower-gldBe0jJ.webp  
  inflating: /var/www/html/assets/tower2-LuqAcWCu.jpg  
  inflating: /var/www/html/assets/tower3-DpFzgoGy.jpg  
  inflating: /var/www/html/assets/proposal2-B9XZZX50.webp  
  inflating: /var/www/html/assets/proposal3-fxAFZeku.webp  
  inflating: /var/www/html/assets/proposal5-DItum-r7.webp  
  inflating: /var/www/html/assets/rectanglePlaceholder-nCbViREl.png  
 extracting: /var/www/html/assets/goldenCheck-CnSHOmXW.webp  
  inflating: /var/www/html/assets/Fav-BPcykgsi.png  
  inflating: /var/www/html/assets/proposal6-wLmvSjqd.webp  
  inflating: /var/www/html/assets/proposal1-D37fvLUu.webp  
  inflating: /var/www/html/assets/proposal4-CZk7QC75.webp  
  inflating: /var/www/html/assets/wasimAkram-CBOcRO9q.png  
  inflating: /var/www/html/assets/index-B-MKJwD-.css  
  inflating: /var/www/html/assets/index-DQpDCbtK.js  
  inflating: /var/www/html/assets/Landing--9YkE93f.js  
  inflating: /var/www/html/assets/index-DxbV6loA.js  
  inflating: /var/www/html/assets/index-Bgf9h-XB.js  
  inflating: /var/www/html/assets/index-CvemWd8a.js  
  inflating: /var/www/html/assets/index-BvChtT6N.js  
  inflating: /var/www/html/assets/Header-B-if6o2Q.js  
  inflating: /var/www/html/assets/SignUp-C28vlARc.js  
  inflating: /var/www/html/assets/ForgotPassword-YoQ_W8zJ.js  
  inflating: /var/www/html/assets/VerifyUserEmail-oFrZpCnj.js  
  inflating: /var/www/html/assets/ResetPassword-D3-ii-T0.js  
  inflating: /var/www/html/assets/ContactSupport-BNzijchM.js  
  inflating: /var/www/html/assets/AuthCallback-DL7cS5pN.js  
  inflating: /var/www/html/assets/SelectRole-67eoIReb.js  
  inflating: /var/www/html/assets/SignupThankYou-CruaE8BL.js  
  inflating: /var/www/html/assets/arrow-right-82pFP1qh.js  
  inflating: /var/www/html/assets/Login-BvN2F6Uq.js  
  inflating: /var/www/html/assets/index-DoMDWpbJ.js  
  inflating: /var/www/html/assets/index-y4UPP5g_.js  
  inflating: /var/www/html/assets/Profile-BScRy9_o.js  
  inflating: /var/www/html/assets/index-BHgdxLnS.js  
  inflating: /var/www/html/assets/index-CfJIVH3f.js  
  inflating: /var/www/html/assets/EditInvestor-Ch1FQ7uq.js  
  inflating: /var/www/html/assets/index-BCJ28PLG.js  
  inflating: /var/www/html/assets/globe-MyS6go5S.js  
  inflating: /var/www/html/assets/AssignAdminModal-Uxor9LCZ.js  
  inflating: /var/www/html/assets/label-gPH-utej.js  
  inflating: /var/www/html/assets/EditFounder-ckA2g2BF.js  
  inflating: /var/www/html/assets/index-XhBbiXDE.js  
  inflating: /var/www/html/assets/index-nyIh8vG2.js  
  inflating: /var/www/html/assets/log-in-tJxv7CAp.js  
  inflating: /var/www/html/assets/ban-VYsOSTFW.js  
  inflating: /var/www/html/assets/user-plus-CBTGWtkz.js  
  inflating: /var/www/html/assets/phone-_50d1PdH.js  
  inflating: /var/www/html/assets/pencil-_trooJQh.js  
  inflating: /var/www/html/assets/index-BV124tfj.js  
  inflating: /var/www/html/assets/ViewBusinessProposal-DiCn9Dcg.js  
  inflating: /var/www/html/assets/circle-check-DvNnXxxO.js  
  inflating: /var/www/html/assets/calendar-B2ehdCKt.js  
  inflating: /var/www/html/assets/index-aD7-I42b.js  
  inflating: /var/www/html/assets/ToggleChips-DgJ27cIp.js  
  inflating: /var/www/html/assets/index-0TqKTNTW.js  
  inflating: /var/www/html/assets/useDebounce-84VaYfno.js  
  inflating: /var/www/html/assets/CreateNewBatch-DeK5xOt1.js  
  inflating: /var/www/html/assets/sparkles-LQVwdbPu.js  
  inflating: /var/www/html/assets/map-pin-CyflRizi.js  
  inflating: /var/www/html/assets/shield-check-jA0pEM6I.js  
  inflating: /var/www/html/assets/supabase-bulk-emails-BZQ7rxiE.js  
  inflating: /var/www/html/assets/mail-Cp-fbcBS.js  
  inflating: /var/www/html/assets/table-glogFiqE.js  
  inflating: /var/www/html/assets/Dashboard-D4-d9fqu.js  
  inflating: /var/www/html/assets/SimplifiedProfile-B-cPGXnX.js  
  inflating: /var/www/html/assets/index-B8F_iuNv.js  
  inflating: /var/www/html/assets/trending-up-BZuVmPIr.js  
  inflating: /var/www/html/assets/LegalModal-BtCSdzNk.js  
  inflating: /var/www/html/assets/index-DU9_a9uh.js  
  inflating: /var/www/html/assets/dialog-_fZqZArp.js  
  inflating: /var/www/html/assets/download-D6wkDYuz.js  
  inflating: /var/www/html/assets/index-BjnMUP7F.js  
  inflating: /var/www/html/assets/index-WhmM98Pd.js  
  inflating: /var/www/html/assets/index-CeOpSf5w.js  
  inflating: /var/www/html/assets/InfoBox-ZUrxGPk5.js  
  inflating: /var/www/html/assets/input-DsGcdNfJ.js  
  inflating: /var/www/html/assets/info-BQGQKE83.js  
  inflating: /var/www/html/assets/circle-alert-C5Z1VrZD.js  
  inflating: /var/www/html/assets/select-Dn2o_AEb.js  
  inflating: /var/www/html/assets/chevron-down-CTvnfrZL.js  
  inflating: /var/www/html/assets/index-NgS-Cy4g.js  
  inflating: /var/www/html/assets/index-CNIRXa0H.js  
  inflating: /var/www/html/assets/FileUploader-D98TFZG6.js  
  inflating: /var/www/html/assets/textarea-CnCvt_wx.js  
  inflating: /var/www/html/assets/link-B0DmW_f4.js  
  inflating: /var/www/html/assets/eye-BV1r8pIY.js  
  inflating: /var/www/html/assets/trash-2-BYUsiOzE.js  
  inflating: /var/www/html/assets/topCards-Knqkvdar.js  
  inflating: /var/www/html/assets/card-ChLmD3_R.js  
  inflating: /var/www/html/assets/ImageUploader--CmkxUou.js  
  inflating: /var/www/html/assets/upload-B4RAXXju.js  
  inflating: /var/www/html/assets/EmptyState-DT6IGofL.js  
  inflating: /var/www/html/assets/toolbar-DJfeh1a8.js  
  inflating: /var/www/html/assets/message-square-CFhowvBJ.js  
  inflating: /var/www/html/assets/tooltip-B3yVzGjU.js  
  inflating: /var/www/html/assets/square-pen-OG31P3s5.js  
  inflating: /var/www/html/assets/rotate-ccw-WXDQZr3F.js  
  inflating: /var/www/html/assets/chevron-left-BVAJ-6CP.js  
  inflating: /var/www/html/assets/checkbox-EXSOu7ms.js  
  inflating: /var/www/html/assets/plus-B9Aw5Xap.js  
  inflating: /var/www/html/assets/file-text-BKfWminw.js  
  inflating: /var/www/html/assets/businessProposalCard-5g441JIY.js  
  inflating: /var/www/html/assets/GetMoreDetailsModal-eYMV9DSz.js  
  inflating: /var/www/html/assets/Tabs-B2e-b9K7.js  
  inflating: /var/www/html/assets/circle-x-DdjCbCzf.js  
  inflating: /var/www/html/assets/target-B5K2EFqo.js  
  inflating: /var/www/html/assets/Stepper-CppnK0NA.js  
  inflating: /var/www/html/assets/package-Bssn14v3.js  
  inflating: /var/www/html/assets/ContactSupportModal--P639VIu.js  
  inflating: /var/www/html/assets/index-Bn4DQeXW.js  
  inflating: /var/www/html/assets/index-NQ2ZgNJ0.js  
  inflating: /var/www/html/assets/Dashboard-CnHR7BvN.js  
  inflating: /var/www/html/assets/index-DAdl47K_.js  
  inflating: /var/www/html/assets/index-DlqnwF5P.js  
  inflating: /var/www/html/assets/index-BF5gayQ6.js  
  inflating: /var/www/html/assets/xlsx-DGuHH-KN.js  
  inflating: /var/www/html/index.html  
Saving Git logs repo SSH key...
Testing GitHub SSH key...
Cloning deployment-logs repo...
Cloning into 'logs-repo'...
