Installing dependencies...
npm warn deprecated w3c-hr-time@1.0.2: Use your platform's native performance.now() and performance.timeOrigin.
npm warn deprecated domexception@2.0.1: Use your platform's native DOMException instead
npm warn deprecated abab@2.0.6: Use your platform's native atob() and btoa() methods instead

> the-business-hub-pakistan@0.0.0 prepare
> husky

.git can't be found
added 1810 packages, and audited 1811 packages in 5m

253 packages are looking for funding
  run `npm fund` for details

73 vulnerabilities (68 moderate, 5 high)

To address issues that do not require attention, run:
  npm audit fix

To address all issues possible (including breaking changes), run:
  npm audit fix --force

Some issues need review, and may require choosing
a different dependency.

Run `npm audit` for details.
Building React app...

> the-business-hub-pakistan@0.0.0 build
> vite build

vite v7.1.11 building for production...
transforming...
✓ 3125 modules transformed.
rendering chunks...
computing gzip size...
dist/index.html                                    2.18 kB │ gzip:   1.05 kB
dist/assets/verifiedBadge-CrcJq1tD.webp           10.83 kB
dist/assets/rectanglePlaceholder-nCbViREl.png     11.85 kB
dist/assets/goldenCheck-CnSHOmXW.webp             13.45 kB
dist/assets/irfanMalikBg-D4osmO_C.jpg             24.66 kB
dist/assets/proposal6-wLmvSjqd.webp               28.15 kB
dist/assets/placeholderMan-BvremNML.png           36.64 kB
dist/assets/handShake-Dk1DoagP.webp               65.18 kB
dist/assets/tower-gldBe0jJ.webp                   66.16 kB
dist/assets/tower2-LuqAcWCu.jpg                   72.52 kB
dist/assets/shakeelBg-NX99JDrP.jpg               143.15 kB
dist/assets/MainLogo-DJpFhlQE.png                144.86 kB
dist/assets/Fav-BPcykgsi.png                     147.34 kB
dist/assets/akhtar-qLBVRLf-.jpg                  173.92 kB
dist/assets/proposal5-DItum-r7.webp              174.24 kB
dist/assets/tower3-DpFzgoGy.jpg                  175.56 kB
dist/assets/proposal2-B9XZZX50.webp              192.62 kB
dist/assets/meerShinyDress-C8scZpYx.webp         229.68 kB
dist/assets/meerGreenJacket-ykCKR2uN.png         230.19 kB
dist/assets/arabic-BElshnQY.jpg                  238.42 kB
dist/assets/wasim-ETjjiRaD.jpg                   242.26 kB
dist/assets/salman-DD3Zraly.jpg                  255.18 kB
dist/assets/fahad-CnovJc60.jpg                   278.62 kB
dist/assets/tech-BdWyL5Pa.jpg                    281.71 kB
dist/assets/dubai-Bmqq4ymj.jpg                   311.77 kB
dist/assets/wasimAkramBg-D4BFEYu1.png            313.57 kB
dist/assets/video-poster-DrQklN8e.png            367.51 kB
dist/assets/proposal3-fxAFZeku.webp              445.47 kB
dist/assets/proposal4-CZk7QC75.webp              542.86 kB
dist/assets/proposal1-D37fvLUu.webp              779.05 kB
dist/assets/wasimAkram-CBOcRO9q.png            4,488.96 kB
dist/assets/BlogDetail-oNXnMkFG.css                0.63 kB │ gzip:   0.26 kB
dist/assets/style-DpsRipQV.css                     3.23 kB │ gzip:   0.73 kB
dist/assets/index-C_BqhWWa.css                   157.20 kB │ gzip:  21.43 kB
dist/assets/blogs-ChqPogSE.js                      0.04 kB │ gzip:   0.06 kB
dist/assets/webinarBanner-XLbHXaFF.js              0.17 kB │ gzip:   0.15 kB
dist/assets/useDebounce-DtdCB5G2.js                0.19 kB │ gzip:   0.17 kB
dist/assets/plus-UsqBKLi1.js                       0.33 kB │ gzip:   0.25 kB
dist/assets/arrow-left-CmCjWwgn.js                 0.34 kB │ gzip:   0.27 kB
dist/assets/circle-check-DM_j-E9-.js               0.35 kB │ gzip:   0.27 kB
dist/assets/trending-up-DYoDk80C.js                0.35 kB │ gzip:   0.27 kB
dist/assets/ban-C-i6Wo0w.js                        0.35 kB │ gzip:   0.28 kB
dist/assets/info-BHH_3b7V.js                       0.37 kB │ gzip:   0.28 kB
dist/assets/rotate-ccw-CA89dUdP.js                 0.37 kB │ gzip:   0.29 kB
dist/assets/circle-x-A20CBCI0.js                   0.38 kB │ gzip:   0.28 kB
dist/assets/Dashboard-BsRmhNMT.js                  0.39 kB │ gzip:   0.27 kB
dist/assets/Dashboard-D_Fpq36n.js                  0.39 kB │ gzip:   0.27 kB
dist/assets/upload-DBrJDAvB.js                     0.40 kB │ gzip:   0.30 kB
dist/assets/index-Bwi3NTPA.js                      0.41 kB │ gzip:   0.30 kB
dist/assets/index-DOrm6cMQ.js                      0.41 kB │ gzip:   0.30 kB
dist/assets/globe-BtrhkVeD.js                      0.41 kB │ gzip:   0.29 kB
dist/assets/headphones-Z2_Vy8tK.js                 0.41 kB │ gzip:   0.29 kB
dist/assets/message-circle-vwuiJ3Xn.js             0.41 kB │ gzip:   0.32 kB
dist/assets/circle-alert-B1CaKyAz.js               0.42 kB │ gzip:   0.29 kB
dist/assets/external-link-ClP1i3OU.js              0.42 kB │ gzip:   0.30 kB
dist/assets/funnel-Bx6IDOoD.js                     0.42 kB │ gzip:   0.31 kB
dist/assets/calendar-CDvB7Z7S.js                   0.43 kB │ gzip:   0.31 kB
dist/assets/pencil-BbulrGW7.js                     0.45 kB │ gzip:   0.33 kB
dist/assets/bookmark-plus-Dq1O5u4K.js              0.45 kB │ gzip:   0.33 kB
dist/assets/hash-Dmm1he7R.js                       0.47 kB │ gzip:   0.30 kB
dist/assets/shield-check-DDuRwKLY.js               0.49 kB │ gzip:   0.35 kB
dist/assets/tag-vLHzdtIZ.js                        0.49 kB │ gzip:   0.35 kB
dist/assets/support-ticket-events-CFE4A4wr.js      0.50 kB │ gzip:   0.37 kB
dist/assets/sparkles-QBmBOBGB.js                   0.67 kB │ gzip:   0.39 kB
dist/assets/CkEditor-BdLC1Us2.js                   0.85 kB │ gzip:   0.53 kB
dist/assets/InfoBox-B1Pqh0zH.js                    0.86 kB │ gzip:   0.43 kB
dist/assets/CurrencyWithApprox-BEWl8bYV.js         0.91 kB │ gzip:   0.52 kB
dist/assets/Tabs-Djel5qxi.js                       1.23 kB │ gzip:   0.65 kB
dist/assets/Pagination-hISJ6-P9.js                 1.32 kB │ gzip:   0.72 kB
dist/assets/ToggleChips-qamxoZtm.js                1.68 kB │ gzip:   0.83 kB
dist/assets/topCards-BvHiWKbl.js                   1.71 kB │ gzip:   0.75 kB
dist/assets/ForgotPassword-BFsXLadU.js             2.11 kB │ gzip:   1.06 kB
dist/assets/FounderThankYou-CCNGq0Pq.js            2.22 kB │ gzip:   1.08 kB
dist/assets/FilterDrawer-CtTvzagI.js               2.26 kB │ gzip:   0.96 kB
dist/assets/ResetPassword-CbBjfJAm.js              2.34 kB │ gzip:   1.05 kB
dist/assets/InvestorThankYou-cSufz4Ew.js           2.35 kB │ gzip:   1.15 kB
dist/assets/MultipleImageUploader-DcRRRI71.js      2.61 kB │ gzip:   1.14 kB
dist/assets/toolbar-0OF1iDQJ.js                    2.69 kB │ gzip:   1.15 kB
dist/assets/AuthCallback-BsWkLBRo.js               2.71 kB │ gzip:   1.29 kB
dist/assets/ImageUploader-C3o1Y54V.js              2.74 kB │ gzip:   1.19 kB
dist/assets/index-hfAycvSq.js                      2.86 kB │ gzip:   1.36 kB
dist/assets/index-CGcXDu3d.js                      2.99 kB │ gzip:   1.50 kB
dist/assets/index-CdsAFhE_.js                      3.06 kB │ gzip:   1.48 kB
dist/assets/index-DdRC5rgh.js                      3.19 kB │ gzip:   1.52 kB
dist/assets/supabase-bulk-emails-Dctj-HMd.js       3.26 kB │ gzip:   1.20 kB
dist/assets/index-BYByP1rf.js                      3.48 kB │ gzip:   1.67 kB
dist/assets/index--QnZp2CL.js                      3.51 kB │ gzip:   1.61 kB
dist/assets/index-CV4tNBwX.js                      3.80 kB │ gzip:   1.82 kB
dist/assets/target-audience-DBgm2SsH.js            4.02 kB │ gzip:   1.16 kB
dist/assets/index-A6H1-Nk3.js                      4.34 kB │ gzip:   1.97 kB
dist/assets/index-9zG04kAN.js                      4.35 kB │ gzip:   1.98 kB
dist/assets/index-DBmVGRTC.js                      4.51 kB │ gzip:   2.06 kB
dist/assets/ContactSupport-ufPStOOi.js             4.63 kB │ gzip:   1.93 kB
dist/assets/Stepper-Djc_SFtk.js                    4.66 kB │ gzip:   2.02 kB
dist/assets/Login-CYscSfTt.js                      4.74 kB │ gzip:   1.96 kB
dist/assets/index-Baa0gAl6.js                      5.07 kB │ gzip:   2.18 kB
dist/assets/CreateBlog-DTUpmkMy.js                 5.16 kB │ gzip:   2.20 kB
dist/assets/AllBlogs-Ct0aYvX2.js                   5.17 kB │ gzip:   2.06 kB
dist/assets/SelectRole-_ULLRzNs.js                 5.45 kB │ gzip:   2.32 kB
dist/assets/HelpPageContent-cz3g1RQB.js            5.51 kB │ gzip:   2.01 kB
dist/assets/index-BDWZyeyB.js                      5.53 kB │ gzip:   2.51 kB
dist/assets/VerifyUserEmail-CukGsJ7x.js            5.82 kB │ gzip:   2.08 kB
dist/assets/EditBlog-BXLf8Nf5.js                   6.02 kB │ gzip:   2.58 kB
dist/assets/ViewRemindersModal-BPUctGzN.js         6.22 kB │ gzip:   2.34 kB
dist/assets/SignUp-CSPhxzHp.js                     6.64 kB │ gzip:   2.52 kB
dist/assets/Profile-DAdHW-Lh.js                    6.86 kB │ gzip:   2.19 kB
dist/assets/CreateTargetAudience-CJn23XXx.js       7.35 kB │ gzip:   2.66 kB
dist/assets/index-CeVfAeUR.js                      8.01 kB │ gzip:   2.95 kB
dist/assets/EditTargetAudience-DnFI--ik.js         8.76 kB │ gzip:   2.95 kB
dist/assets/index-BzyMvJsi.js                      9.23 kB │ gzip:   3.81 kB
dist/assets/businessProposalCard-yMBS7A9u.js       9.66 kB │ gzip:   3.29 kB
dist/assets/index-D8GKvu3q.js                      9.77 kB │ gzip:   3.61 kB
dist/assets/index-DMBn7q7m.js                      9.93 kB │ gzip:   3.22 kB
dist/assets/table-DanmHCEE.js                     10.99 kB │ gzip:   3.44 kB
dist/assets/TicketDetailPage-DUk_HnlI.js          12.90 kB │ gzip:   4.06 kB
dist/assets/SimplifiedProfile-BTfQqMJq.js         13.76 kB │ gzip:   3.64 kB
dist/assets/index-B_QQjlH3.js                     15.62 kB │ gzip:   4.81 kB
dist/assets/EditFounder-DW40yQRE.js               18.01 kB │ gzip:   4.38 kB
dist/assets/index-DoOCy_tL.js                     18.43 kB │ gzip:   5.94 kB
dist/assets/EditInvestor-C7BnXlYA.js              18.98 kB │ gzip:   4.65 kB
dist/assets/CreateNewBatch-CedwW-ve.js            20.01 kB │ gzip:   5.13 kB
dist/assets/index-CSB8uTTS.js                     20.08 kB │ gzip:   6.61 kB
dist/assets/index-BQqZjVUp.js                     20.13 kB │ gzip:   5.41 kB
dist/assets/BlogDetail-D2l4UMHq.js                21.41 kB │ gzip:   8.68 kB
dist/assets/index-Dqj2MZrn.js                     22.98 kB │ gzip:   6.85 kB
dist/assets/index-Dd04treh.js                     23.12 kB │ gzip:   7.23 kB
dist/assets/ViewBusinessProposal-fg8f3JTs.js      25.92 kB │ gzip:   6.38 kB
dist/assets/index-5V7f51NK.js                     28.98 kB │ gzip:   8.91 kB
dist/assets/Landing-Dmb-3ygq.js                  151.96 kB │ gzip:  53.58 kB
dist/assets/xlsx-DGuHH-KN.js                     429.49 kB │ gzip: 143.07 kB
dist/assets/index-P9DtPGHo.js                    637.83 kB │ gzip: 171.06 kB
dist/assets/index-DTvYecPS.js                  2,836.59 kB │ gzip: 757.91 kB

(!) Some chunks are larger than 1500 kB after minification. Consider:
- Using dynamic import() to code-split the application
- Use build.rollupOptions.output.manualChunks to improve chunking: https://rollupjs.org/configuration-options/#output-manualchunks
- Adjust chunk size limit for this warning via build.chunkSizeWarningLimit.
✓ built in 18.24s
Packaging build...
  adding: favicon.ico (deflated 13%)
  adding: robots.txt (deflated 3%)
  adding: sitemap.xml (deflated 60%)
  adding: assets/ (stored 0%)
  adding: assets/video-poster-DrQklN8e.png (deflated 0%)
  adding: assets/irfanMalikBg-D4osmO_C.jpg (deflated 1%)
  adding: assets/shakeelBg-NX99JDrP.jpg (deflated 0%)
  adding: assets/meerShinyDress-C8scZpYx.webp (deflated 0%)
  adding: assets/akhtar-qLBVRLf-.jpg (deflated 1%)
  adding: assets/arabic-BElshnQY.jpg (deflated 0%)
  adding: assets/meerGreenJacket-ykCKR2uN.png (deflated 0%)
  adding: assets/wasimAkramBg-D4BFEYu1.png (deflated 0%)
  adding: assets/salman-DD3Zraly.jpg (deflated 0%)
  adding: assets/fahad-CnovJc60.jpg (deflated 0%)
  adding: assets/tech-BdWyL5Pa.jpg (deflated 0%)
  adding: assets/dubai-Bmqq4ymj.jpg (deflated 0%)
  adding: assets/wasim-ETjjiRaD.jpg (deflated 0%)
  adding: assets/rectanglePlaceholder-nCbViREl.png (deflated 31%)
  adding: assets/Fav-BPcykgsi.png (deflated 5%)
  adding: assets/MainLogo-DJpFhlQE.png (deflated 4%)
  adding: assets/goldenCheck-CnSHOmXW.webp (stored 0%)
  adding: assets/tower-gldBe0jJ.webp (deflated 0%)
  adding: assets/tower2-LuqAcWCu.jpg (deflated 2%)
  adding: assets/tower3-DpFzgoGy.jpg (deflated 0%)
  adding: assets/proposal2-B9XZZX50.webp (deflated 3%)
  adding: assets/proposal3-fxAFZeku.webp (deflated 1%)
  adding: assets/proposal5-DItum-r7.webp (deflated 4%)
  adding: assets/proposal6-wLmvSjqd.webp (deflated 0%)
  adding: assets/handShake-Dk1DoagP.webp (deflated 0%)
  adding: assets/verifiedBadge-CrcJq1tD.webp (deflated 1%)
  adding: assets/placeholderMan-BvremNML.png (deflated 3%)
  adding: assets/proposal1-D37fvLUu.webp (deflated 1%)
  adding: assets/proposal4-CZk7QC75.webp (deflated 1%)
  adding: assets/wasimAkram-CBOcRO9q.png (deflated 1%)
  adding: assets/index-C_BqhWWa.css (deflated 86%)
  adding: assets/BlogDetail-oNXnMkFG.css (deflated 62%)
  adding: assets/style-DpsRipQV.css (deflated 78%)
  adding: assets/index-DTvYecPS.js (deflated 73%)
  adding: assets/xlsx-DGuHH-KN.js (deflated 67%)
  adding: assets/Landing-Dmb-3ygq.js (deflated 65%)
  adding: assets/BlogDetail-D2l4UMHq.js (deflated 60%)
  adding: assets/AllBlogs-Ct0aYvX2.js (deflated 60%)
  adding: assets/index-CGcXDu3d.js (deflated 50%)
  adding: assets/index-hfAycvSq.js (deflated 53%)
  adding: assets/index-DdRC5rgh.js (deflated 53%)
  adding: assets/index-CdsAFhE_.js (deflated 52%)
  adding: assets/index--QnZp2CL.js (deflated 54%)
  adding: assets/SignUp-CSPhxzHp.js (deflated 62%)
  adding: assets/ForgotPassword-BFsXLadU.js (deflated 51%)
  adding: assets/VerifyUserEmail-CukGsJ7x.js (deflated 64%)
  adding: assets/ResetPassword-CbBjfJAm.js (deflated 56%)
  adding: assets/ContactSupport-ufPStOOi.js (deflated 59%)
  adding: assets/AuthCallback-BsWkLBRo.js (deflated 53%)
  adding: assets/SelectRole-_ULLRzNs.js (deflated 58%)
  adding: assets/InvestorThankYou-cSufz4Ew.js (deflated 51%)
  adding: assets/FounderThankYou-CCNGq0Pq.js (deflated 52%)
  adding: assets/Login-CYscSfTt.js (deflated 59%)
  adding: assets/Profile-DAdHW-Lh.js (deflated 68%)
  adding: assets/index-BDWZyeyB.js (deflated 55%)
  adding: assets/index-5V7f51NK.js (deflated 69%)
  adding: assets/EditInvestor-C7BnXlYA.js (deflated 76%)
  adding: assets/index-Dd04treh.js (deflated 69%)
  adding: assets/ViewRemindersModal-BPUctGzN.js (deflated 63%)
  adding: assets/tag-vLHzdtIZ.js (deflated 34%)
  adding: assets/EditFounder-DW40yQRE.js (deflated 76%)
  adding: assets/index-BzyMvJsi.js (deflated 59%)
  adding: assets/index-CSB8uTTS.js (deflated 67%)
  adding: assets/index-DoOCy_tL.js (deflated 68%)
  adding: assets/ViewBusinessProposal-fg8f3JTs.js (deflated 75%)
  adding: assets/circle-check-DM_j-E9-.js (deflated 27%)
  adding: assets/index-Dqj2MZrn.js (deflated 70%)
  adding: assets/shield-check-DDuRwKLY.js (deflated 32%)
  adding: assets/sparkles-QBmBOBGB.js (deflated 45%)
  adding: assets/trending-up-DYoDk80C.js (deflated 26%)
  adding: assets/globe-BtrhkVeD.js (deflated 33%)
  adding: assets/blogs-ChqPogSE.js (stored 0%)
  adding: assets/calendar-CDvB7Z7S.js (deflated 33%)
  adding: assets/index-BYByP1rf.js (deflated 53%)
  adding: assets/message-circle-vwuiJ3Xn.js (deflated 28%)
  adding: assets/arrow-left-CmCjWwgn.js (deflated 26%)
  adding: assets/InfoBox-B1Pqh0zH.js (deflated 51%)
  adding: assets/info-BHH_3b7V.js (deflated 30%)
  adding: assets/circle-alert-B1CaKyAz.js (deflated 36%)
  adding: assets/index-P9DtPGHo.js (deflated 73%)
  adding: assets/topCards-BvHiWKbl.js (deflated 58%)
  adding: assets/webinarBanner-XLbHXaFF.js (deflated 25%)
  adding: assets/CurrencyWithApprox-BEWl8bYV.js (deflated 45%)
  adding: assets/ImageUploader-C3o1Y54V.js (deflated 57%)
  adding: assets/external-link-ClP1i3OU.js (deflated 32%)
  adding: assets/upload-DBrJDAvB.js (deflated 31%)
  adding: assets/table-DanmHCEE.js (deflated 69%)
  adding: assets/toolbar-0OF1iDQJ.js (deflated 58%)
  adding: assets/useDebounce-DtdCB5G2.js (deflated 22%)
  adding: assets/support-ticket-events-CFE4A4wr.js (deflated 30%)
  adding: assets/headphones-Z2_Vy8tK.js (deflated 34%)
  adding: assets/Pagination-hISJ6-P9.js (deflated 47%)
  adding: assets/funnel-Bx6IDOoD.js (deflated 30%)
  adding: assets/FilterDrawer-CtTvzagI.js (deflated 58%)
  adding: assets/rotate-ccw-CA89dUdP.js (deflated 28%)
  adding: assets/ToggleChips-qamxoZtm.js (deflated 52%)
  adding: assets/circle-x-A20CBCI0.js (deflated 31%)
  adding: assets/businessProposalCard-yMBS7A9u.js (deflated 66%)
  adding: assets/pencil-BbulrGW7.js (deflated 31%)
  adding: assets/ban-C-i6Wo0w.js (deflated 27%)
  adding: assets/plus-UsqBKLi1.js (deflated 28%)
  adding: assets/Tabs-Djel5qxi.js (deflated 49%)
  adding: assets/Stepper-Djc_SFtk.js (deflated 57%)
  adding: assets/MultipleImageUploader-DcRRRI71.js (deflated 57%)
  adding: assets/index-DMBn7q7m.js (deflated 68%)
  adding: assets/supabase-bulk-emails-Dctj-HMd.js (deflated 64%)
  adding: assets/CreateNewBatch-CedwW-ve.js (deflated 74%)
  adding: assets/CkEditor-BdLC1Us2.js (deflated 40%)
  adding: assets/target-audience-DBgm2SsH.js (deflated 72%)
  adding: assets/index-A6H1-Nk3.js (deflated 55%)
  adding: assets/CreateTargetAudience-CJn23XXx.js (deflated 64%)
  adding: assets/EditTargetAudience-DnFI--ik.js (deflated 67%)
  adding: assets/index-Baa0gAl6.js (deflated 58%)
  adding: assets/CreateBlog-DTUpmkMy.js (deflated 58%)
  adding: assets/EditBlog-BXLf8Nf5.js (deflated 57%)
  adding: assets/index-B_QQjlH3.js (deflated 69%)
  adding: assets/index-CeVfAeUR.js (deflated 63%)
  adding: assets/Dashboard-D_Fpq36n.js (deflated 35%)
  adding: assets/SimplifiedProfile-BTfQqMJq.js (deflated 74%)
  adding: assets/index-DOrm6cMQ.js (deflated 31%)
  adding: assets/HelpPageContent-cz3g1RQB.js (deflated 64%)
  adding: assets/hash-Dmm1he7R.js (deflated 40%)
  adding: assets/index-DBmVGRTC.js (deflated 55%)
  adding: assets/bookmark-plus-Dq1O5u4K.js (deflated 32%)
  adding: assets/index-CV4tNBwX.js (deflated 52%)
  adding: assets/index-9zG04kAN.js (deflated 55%)
  adding: assets/Dashboard-BsRmhNMT.js (deflated 36%)
  adding: assets/index-BQqZjVUp.js (deflated 73%)
  adding: assets/index-D8GKvu3q.js (deflated 63%)
  adding: assets/index-Bwi3NTPA.js (deflated 32%)
  adding: assets/TicketDetailPage-DUk_HnlI.js (deflated 69%)
  adding: index.html (deflated 52%)
Saving Lightsail SSH key...
Uploading build to Lightsail...
Warning: Permanently added '15.207.22.250' (ED25519) to the list of known hosts.
Deploying build to /var/www/html ...
Archive:  /home/ubuntu/react-build.zip
  inflating: /var/www/html/favicon.ico  
  inflating: /var/www/html/robots.txt  
  inflating: /var/www/html/sitemap.xml  
   creating: /var/www/html/assets/
  inflating: /var/www/html/assets/video-poster-DrQklN8e.png  
  inflating: /var/www/html/assets/irfanMalikBg-D4osmO_C.jpg  
  inflating: /var/www/html/assets/shakeelBg-NX99JDrP.jpg  
  inflating: /var/www/html/assets/meerShinyDress-C8scZpYx.webp  
  inflating: /var/www/html/assets/akhtar-qLBVRLf-.jpg  
  inflating: /var/www/html/assets/arabic-BElshnQY.jpg  
  inflating: /var/www/html/assets/meerGreenJacket-ykCKR2uN.png  
  inflating: /var/www/html/assets/wasimAkramBg-D4BFEYu1.png  
  inflating: /var/www/html/assets/salman-DD3Zraly.jpg  
  inflating: /var/www/html/assets/fahad-CnovJc60.jpg  
  inflating: /var/www/html/assets/tech-BdWyL5Pa.jpg  
  inflating: /var/www/html/assets/dubai-Bmqq4ymj.jpg  
  inflating: /var/www/html/assets/wasim-ETjjiRaD.jpg  
  inflating: /var/www/html/assets/rectanglePlaceholder-nCbViREl.png  
  inflating: /var/www/html/assets/Fav-BPcykgsi.png  
  inflating: /var/www/html/assets/MainLogo-DJpFhlQE.png  
 extracting: /var/www/html/assets/goldenCheck-CnSHOmXW.webp  
  inflating: /var/www/html/assets/tower-gldBe0jJ.webp  
  inflating: /var/www/html/assets/tower2-LuqAcWCu.jpg  
  inflating: /var/www/html/assets/tower3-DpFzgoGy.jpg  
  inflating: /var/www/html/assets/proposal2-B9XZZX50.webp  
  inflating: /var/www/html/assets/proposal3-fxAFZeku.webp  
  inflating: /var/www/html/assets/proposal5-DItum-r7.webp  
  inflating: /var/www/html/assets/proposal6-wLmvSjqd.webp  
  inflating: /var/www/html/assets/handShake-Dk1DoagP.webp  
  inflating: /var/www/html/assets/verifiedBadge-CrcJq1tD.webp  
  inflating: /var/www/html/assets/placeholderMan-BvremNML.png  
  inflating: /var/www/html/assets/proposal1-D37fvLUu.webp  
  inflating: /var/www/html/assets/proposal4-CZk7QC75.webp  
  inflating: /var/www/html/assets/wasimAkram-CBOcRO9q.png  
  inflating: /var/www/html/assets/index-C_BqhWWa.css  
  inflating: /var/www/html/assets/BlogDetail-oNXnMkFG.css  
  inflating: /var/www/html/assets/style-DpsRipQV.css  
  inflating: /var/www/html/assets/index-DTvYecPS.js  
  inflating: /var/www/html/assets/xlsx-DGuHH-KN.js  
  inflating: /var/www/html/assets/Landing-Dmb-3ygq.js  
  inflating: /var/www/html/assets/BlogDetail-D2l4UMHq.js  
  inflating: /var/www/html/assets/AllBlogs-Ct0aYvX2.js  
  inflating: /var/www/html/assets/index-CGcXDu3d.js  
  inflating: /var/www/html/assets/index-hfAycvSq.js  
  inflating: /var/www/html/assets/index-DdRC5rgh.js  
  inflating: /var/www/html/assets/index-CdsAFhE_.js  
  inflating: /var/www/html/assets/index--QnZp2CL.js  
  inflating: /var/www/html/assets/SignUp-CSPhxzHp.js  
  inflating: /var/www/html/assets/ForgotPassword-BFsXLadU.js  
  inflating: /var/www/html/assets/VerifyUserEmail-CukGsJ7x.js  
  inflating: /var/www/html/assets/ResetPassword-CbBjfJAm.js  
  inflating: /var/www/html/assets/ContactSupport-ufPStOOi.js  
  inflating: /var/www/html/assets/AuthCallback-BsWkLBRo.js  
  inflating: /var/www/html/assets/SelectRole-_ULLRzNs.js  
  inflating: /var/www/html/assets/InvestorThankYou-cSufz4Ew.js  
  inflating: /var/www/html/assets/FounderThankYou-CCNGq0Pq.js  
  inflating: /var/www/html/assets/Login-CYscSfTt.js  
  inflating: /var/www/html/assets/Profile-DAdHW-Lh.js  
  inflating: /var/www/html/assets/index-BDWZyeyB.js  
  inflating: /var/www/html/assets/index-5V7f51NK.js  
  inflating: /var/www/html/assets/EditInvestor-C7BnXlYA.js  
  inflating: /var/www/html/assets/index-Dd04treh.js  
  inflating: /var/www/html/assets/ViewRemindersModal-BPUctGzN.js  
  inflating: /var/www/html/assets/tag-vLHzdtIZ.js  
  inflating: /var/www/html/assets/EditFounder-DW40yQRE.js  
  inflating: /var/www/html/assets/index-BzyMvJsi.js  
  inflating: /var/www/html/assets/index-CSB8uTTS.js  
  inflating: /var/www/html/assets/index-DoOCy_tL.js  
  inflating: /var/www/html/assets/ViewBusinessProposal-fg8f3JTs.js  
  inflating: /var/www/html/assets/circle-check-DM_j-E9-.js  
  inflating: /var/www/html/assets/index-Dqj2MZrn.js  
  inflating: /var/www/html/assets/shield-check-DDuRwKLY.js  
  inflating: /var/www/html/assets/sparkles-QBmBOBGB.js  
  inflating: /var/www/html/assets/trending-up-DYoDk80C.js  
  inflating: /var/www/html/assets/globe-BtrhkVeD.js  
 extracting: /var/www/html/assets/blogs-ChqPogSE.js  
  inflating: /var/www/html/assets/calendar-CDvB7Z7S.js  
  inflating: /var/www/html/assets/index-BYByP1rf.js  
  inflating: /var/www/html/assets/message-circle-vwuiJ3Xn.js  
  inflating: /var/www/html/assets/arrow-left-CmCjWwgn.js  
  inflating: /var/www/html/assets/InfoBox-B1Pqh0zH.js  
  inflating: /var/www/html/assets/info-BHH_3b7V.js  
  inflating: /var/www/html/assets/circle-alert-B1CaKyAz.js  
  inflating: /var/www/html/assets/index-P9DtPGHo.js  
  inflating: /var/www/html/assets/topCards-BvHiWKbl.js  
  inflating: /var/www/html/assets/webinarBanner-XLbHXaFF.js  
  inflating: /var/www/html/assets/CurrencyWithApprox-BEWl8bYV.js  
  inflating: /var/www/html/assets/ImageUploader-C3o1Y54V.js  
  inflating: /var/www/html/assets/external-link-ClP1i3OU.js  
  inflating: /var/www/html/assets/upload-DBrJDAvB.js  
  inflating: /var/www/html/assets/table-DanmHCEE.js  
  inflating: /var/www/html/assets/toolbar-0OF1iDQJ.js  
  inflating: /var/www/html/assets/useDebounce-DtdCB5G2.js  
  inflating: /var/www/html/assets/support-ticket-events-CFE4A4wr.js  
  inflating: /var/www/html/assets/headphones-Z2_Vy8tK.js  
  inflating: /var/www/html/assets/Pagination-hISJ6-P9.js  
  inflating: /var/www/html/assets/funnel-Bx6IDOoD.js  
  inflating: /var/www/html/assets/FilterDrawer-CtTvzagI.js  
  inflating: /var/www/html/assets/rotate-ccw-CA89dUdP.js  
  inflating: /var/www/html/assets/ToggleChips-qamxoZtm.js  
  inflating: /var/www/html/assets/circle-x-A20CBCI0.js  
  inflating: /var/www/html/assets/businessProposalCard-yMBS7A9u.js  
  inflating: /var/www/html/assets/pencil-BbulrGW7.js  
  inflating: /var/www/html/assets/ban-C-i6Wo0w.js  
  inflating: /var/www/html/assets/plus-UsqBKLi1.js  
  inflating: /var/www/html/assets/Tabs-Djel5qxi.js  
  inflating: /var/www/html/assets/Stepper-Djc_SFtk.js  
  inflating: /var/www/html/assets/MultipleImageUploader-DcRRRI71.js  
  inflating: /var/www/html/assets/index-DMBn7q7m.js  
  inflating: /var/www/html/assets/supabase-bulk-emails-Dctj-HMd.js  
  inflating: /var/www/html/assets/CreateNewBatch-CedwW-ve.js  
  inflating: /var/www/html/assets/CkEditor-BdLC1Us2.js  
  inflating: /var/www/html/assets/target-audience-DBgm2SsH.js  
  inflating: /var/www/html/assets/index-A6H1-Nk3.js  
  inflating: /var/www/html/assets/CreateTargetAudience-CJn23XXx.js  
  inflating: /var/www/html/assets/EditTargetAudience-DnFI--ik.js  
  inflating: /var/www/html/assets/index-Baa0gAl6.js  
  inflating: /var/www/html/assets/CreateBlog-DTUpmkMy.js  
  inflating: /var/www/html/assets/EditBlog-BXLf8Nf5.js  
  inflating: /var/www/html/assets/index-B_QQjlH3.js  
  inflating: /var/www/html/assets/index-CeVfAeUR.js  
  inflating: /var/www/html/assets/Dashboard-D_Fpq36n.js  
  inflating: /var/www/html/assets/SimplifiedProfile-BTfQqMJq.js  
  inflating: /var/www/html/assets/index-DOrm6cMQ.js  
  inflating: /var/www/html/assets/HelpPageContent-cz3g1RQB.js  
  inflating: /var/www/html/assets/hash-Dmm1he7R.js  
  inflating: /var/www/html/assets/index-DBmVGRTC.js  
  inflating: /var/www/html/assets/bookmark-plus-Dq1O5u4K.js  
  inflating: /var/www/html/assets/index-CV4tNBwX.js  
  inflating: /var/www/html/assets/index-9zG04kAN.js  
  inflating: /var/www/html/assets/Dashboard-BsRmhNMT.js  
  inflating: /var/www/html/assets/index-BQqZjVUp.js  
  inflating: /var/www/html/assets/index-D8GKvu3q.js  
  inflating: /var/www/html/assets/index-Bwi3NTPA.js  
  inflating: /var/www/html/assets/TicketDetailPage-DUk_HnlI.js  
  inflating: /var/www/html/index.html  
Saving Git logs repo SSH key...
Testing GitHub SSH key...
Cloning deployment-logs repo...
Cloning into 'logs-repo'...
