Installing dependencies...
npm warn deprecated w3c-hr-time@1.0.2: Use your platform's native performance.now() and performance.timeOrigin.
npm warn deprecated domexception@2.0.1: Use your platform's native DOMException instead
npm warn deprecated abab@2.0.6: Use your platform's native atob() and btoa() methods instead

> the-business-hub-pakistan@0.0.0 prepare
> husky

.git can't be found
added 1810 packages, and audited 1811 packages in 5m

253 packages are looking for funding
  run `npm fund` for details

73 vulnerabilities (68 moderate, 5 high)

To address issues that do not require attention, run:
  npm audit fix

To address all issues possible (including breaking changes), run:
  npm audit fix --force

Some issues need review, and may require choosing
a different dependency.

Run `npm audit` for details.
Building React app...

> the-business-hub-pakistan@0.0.0 build
> vite build

vite v7.1.11 building for production...
transforming...
✓ 3120 modules transformed.
rendering chunks...
computing gzip size...
dist/index.html                                    2.18 kB │ gzip:   1.05 kB
dist/assets/verifiedBadge-CrcJq1tD.webp           10.83 kB
dist/assets/rectanglePlaceholder-nCbViREl.png     11.85 kB
dist/assets/goldenCheck-CnSHOmXW.webp             13.45 kB
dist/assets/irfanMalikBg-D4osmO_C.jpg             24.66 kB
dist/assets/proposal6-wLmvSjqd.webp               28.15 kB
dist/assets/placeholderMan-BvremNML.png           36.64 kB
dist/assets/handShake-Dk1DoagP.webp               65.18 kB
dist/assets/tower-gldBe0jJ.webp                   66.16 kB
dist/assets/tower2-LuqAcWCu.jpg                   72.52 kB
dist/assets/shakeelBg-NX99JDrP.jpg               143.15 kB
dist/assets/MainLogo-DJpFhlQE.png                144.86 kB
dist/assets/Fav-BPcykgsi.png                     147.34 kB
dist/assets/akhtar-qLBVRLf-.jpg                  173.92 kB
dist/assets/proposal5-DItum-r7.webp              174.24 kB
dist/assets/tower3-DpFzgoGy.jpg                  175.56 kB
dist/assets/proposal2-B9XZZX50.webp              192.62 kB
dist/assets/meerShinyDress-C8scZpYx.webp         229.68 kB
dist/assets/meerGreenJacket-ykCKR2uN.png         230.19 kB
dist/assets/arabic-BElshnQY.jpg                  238.42 kB
dist/assets/wasim-ETjjiRaD.jpg                   242.26 kB
dist/assets/salman-DD3Zraly.jpg                  255.18 kB
dist/assets/fahad-CnovJc60.jpg                   278.62 kB
dist/assets/tech-BdWyL5Pa.jpg                    281.71 kB
dist/assets/dubai-Bmqq4ymj.jpg                   311.77 kB
dist/assets/wasimAkramBg-D4BFEYu1.png            313.57 kB
dist/assets/video-poster-DrQklN8e.png            367.51 kB
dist/assets/proposal3-fxAFZeku.webp              445.47 kB
dist/assets/proposal4-CZk7QC75.webp              542.86 kB
dist/assets/proposal1-D37fvLUu.webp              779.05 kB
dist/assets/wasimAkram-CBOcRO9q.png            4,488.96 kB
dist/assets/BlogDetail-oNXnMkFG.css                0.63 kB │ gzip:   0.26 kB
dist/assets/style-DpsRipQV.css                     3.23 kB │ gzip:   0.73 kB
dist/assets/index-CmBww9Jj.css                   156.31 kB │ gzip:  21.32 kB
dist/assets/blogs-ChqPogSE.js                      0.04 kB │ gzip:   0.06 kB
dist/assets/webinarBanner-XLbHXaFF.js              0.17 kB │ gzip:   0.15 kB
dist/assets/useDebounce-DZw_0AZX.js                0.19 kB │ gzip:   0.17 kB
dist/assets/plus-4PcMSwsY.js                       0.33 kB │ gzip:   0.25 kB
dist/assets/arrow-left-_HQjFHKI.js                 0.34 kB │ gzip:   0.27 kB
dist/assets/circle-check-CrSKuiqc.js               0.35 kB │ gzip:   0.27 kB
dist/assets/trending-up-CIMtcO-U.js                0.35 kB │ gzip:   0.27 kB
dist/assets/ban-DVQW74yd.js                        0.35 kB │ gzip:   0.28 kB
dist/assets/info-DYmLz0U-.js                       0.37 kB │ gzip:   0.28 kB
dist/assets/rotate-ccw-B8GwrGfM.js                 0.37 kB │ gzip:   0.29 kB
dist/assets/circle-x-xJiM2mOH.js                   0.38 kB │ gzip:   0.28 kB
dist/assets/Dashboard-D46gxOxD.js                  0.39 kB │ gzip:   0.27 kB
dist/assets/Dashboard-DASda4PB.js                  0.39 kB │ gzip:   0.27 kB
dist/assets/upload-BN3IzgBv.js                     0.40 kB │ gzip:   0.30 kB
dist/assets/index-DVW90kL9.js                      0.41 kB │ gzip:   0.30 kB
dist/assets/index-B3QMA-Mz.js                      0.41 kB │ gzip:   0.30 kB
dist/assets/globe-BqdQuJuO.js                      0.41 kB │ gzip:   0.29 kB
dist/assets/headphones-Cc-zBU3U.js                 0.41 kB │ gzip:   0.29 kB
dist/assets/message-circle-tylut6Iw.js             0.41 kB │ gzip:   0.32 kB
dist/assets/circle-alert-D3T5EPjs.js               0.42 kB │ gzip:   0.29 kB
dist/assets/external-link-DmjM6WnA.js              0.42 kB │ gzip:   0.30 kB
dist/assets/funnel-DV1v-mlm.js                     0.42 kB │ gzip:   0.31 kB
dist/assets/calendar-CG4Q5GuD.js                   0.43 kB │ gzip:   0.31 kB
dist/assets/pencil-CmCe3HYT.js                     0.45 kB │ gzip:   0.33 kB
dist/assets/bookmark-plus-YRHdpDQf.js              0.45 kB │ gzip:   0.33 kB
dist/assets/hash-Btn1rDFS.js                       0.47 kB │ gzip:   0.30 kB
dist/assets/shield-check-eXK6gPiq.js               0.49 kB │ gzip:   0.35 kB
dist/assets/tag-BWAKujkS.js                        0.49 kB │ gzip:   0.35 kB
dist/assets/support-ticket-events-CorLsgHh.js      0.50 kB │ gzip:   0.37 kB
dist/assets/sparkles-DbVHFhhk.js                   0.67 kB │ gzip:   0.39 kB
dist/assets/CkEditor-DxR6M8Vw.js                   0.85 kB │ gzip:   0.53 kB
dist/assets/InfoBox-CuSzftRz.js                    0.86 kB │ gzip:   0.43 kB
dist/assets/CurrencyWithApprox-hefo-W8F.js         0.91 kB │ gzip:   0.52 kB
dist/assets/Tabs-GD9frebV.js                       1.23 kB │ gzip:   0.65 kB
dist/assets/Pagination-CmR_uliy.js                 1.32 kB │ gzip:   0.72 kB
dist/assets/ToggleChips-r1Uw7a1j.js                1.68 kB │ gzip:   0.83 kB
dist/assets/topCards-Cqtv3Gwm.js                   1.71 kB │ gzip:   0.74 kB
dist/assets/ForgotPassword-C5mYk4Y8.js             2.11 kB │ gzip:   1.06 kB
dist/assets/FounderThankYou-D5k06ANl.js            2.22 kB │ gzip:   1.08 kB
dist/assets/FilterDrawer-oFvDrHSS.js               2.26 kB │ gzip:   0.96 kB
dist/assets/ResetPassword-Dp6uGMAD.js              2.34 kB │ gzip:   1.05 kB
dist/assets/InvestorThankYou-CJFDX-Dg.js           2.35 kB │ gzip:   1.15 kB
dist/assets/MultipleImageUploader-C9FyjjjO.js      2.61 kB │ gzip:   1.14 kB
dist/assets/toolbar-QSXXsrK3.js                    2.69 kB │ gzip:   1.15 kB
dist/assets/AuthCallback-DXJf8IWF.js               2.71 kB │ gzip:   1.29 kB
dist/assets/ImageUploader-BzKmkGU7.js              2.74 kB │ gzip:   1.19 kB
dist/assets/index-psFjIWUY.js                      2.86 kB │ gzip:   1.36 kB
dist/assets/index-BmfMMIY0.js                      2.99 kB │ gzip:   1.50 kB
dist/assets/index-d7sDCLt_.js                      3.06 kB │ gzip:   1.48 kB
dist/assets/supabase-bulk-emails-BGouhUe6.js       3.14 kB │ gzip:   1.12 kB
dist/assets/index-D_tej9Sc.js                      3.19 kB │ gzip:   1.52 kB
dist/assets/index-DW2KvmVD.js                      3.48 kB │ gzip:   1.67 kB
dist/assets/index-Bf9Xnz8A.js                      3.51 kB │ gzip:   1.61 kB
dist/assets/index-BIJq5Gvt.js                      3.80 kB │ gzip:   1.82 kB
dist/assets/index-DiGjaVNm.js                      4.35 kB │ gzip:   1.98 kB
dist/assets/index-3mWVVOkv.js                      4.51 kB │ gzip:   2.06 kB
dist/assets/ContactSupport-Dm-i0wpM.js             4.63 kB │ gzip:   1.93 kB
dist/assets/Stepper-C5C4oCue.js                    4.66 kB │ gzip:   2.02 kB
dist/assets/Login-C1_bn53H.js                      4.74 kB │ gzip:   1.96 kB
dist/assets/index--TgmfhIB.js                      5.07 kB │ gzip:   2.18 kB
dist/assets/CreateBlog-TMSmqeom.js                 5.16 kB │ gzip:   2.20 kB
dist/assets/AllBlogs-BQ_GT12J.js                   5.17 kB │ gzip:   2.06 kB
dist/assets/SelectRole-BhyEE26B.js                 5.45 kB │ gzip:   2.32 kB
dist/assets/HelpPageContent-PMf_5txQ.js            5.51 kB │ gzip:   2.00 kB
dist/assets/index-BhQSlzxM.js                      5.53 kB │ gzip:   2.50 kB
dist/assets/VerifyUserEmail-h_tbEM3D.js            5.82 kB │ gzip:   2.08 kB
dist/assets/EditBlog-B7P3183i.js                   6.02 kB │ gzip:   2.58 kB
dist/assets/ViewRemindersModal-DG-5XNBS.js         6.22 kB │ gzip:   2.35 kB
dist/assets/SignUp-thaJ5ayW.js                     6.64 kB │ gzip:   2.52 kB
dist/assets/Profile-B6wZ_9rl.js                    6.86 kB │ gzip:   2.19 kB
dist/assets/index-5xUSdP3M.js                      8.01 kB │ gzip:   2.95 kB
dist/assets/index-nic03rbR.js                      9.23 kB │ gzip:   3.81 kB
dist/assets/businessProposalCard-BkSj6tB6.js       9.66 kB │ gzip:   3.29 kB
dist/assets/index-SjUyKGD6.js                      9.77 kB │ gzip:   3.61 kB
dist/assets/index-C4uxCqii.js                      9.93 kB │ gzip:   3.21 kB
dist/assets/table-CKWIgewt.js                     10.99 kB │ gzip:   3.44 kB
dist/assets/TicketDetailPage-RYAb45oX.js          12.90 kB │ gzip:   4.06 kB
dist/assets/SimplifiedProfile-HW0hg5Z9.js         13.76 kB │ gzip:   3.64 kB
dist/assets/index-B80NjtrI.js                     15.62 kB │ gzip:   4.81 kB
dist/assets/CreateNewBatch-JrDlACJU.js            16.74 kB │ gzip:   4.53 kB
dist/assets/EditFounder-pXRyNtqu.js               18.01 kB │ gzip:   4.38 kB
dist/assets/index-iTzq6IZ_.js                     18.43 kB │ gzip:   5.93 kB
dist/assets/EditInvestor-0wY0DY_B.js              18.98 kB │ gzip:   4.65 kB
dist/assets/index-Bt7ZMbBr.js                     20.08 kB │ gzip:   6.61 kB
dist/assets/index-CCeyGVca.js                     20.13 kB │ gzip:   5.41 kB
dist/assets/BlogDetail-DajZmmXi.js                21.41 kB │ gzip:   8.68 kB
dist/assets/index-DIfNAKlC.js                     22.98 kB │ gzip:   6.85 kB
dist/assets/index-DFgx0aFm.js                     23.12 kB │ gzip:   7.23 kB
dist/assets/ViewBusinessProposal-eUZ7im2r.js      25.92 kB │ gzip:   6.38 kB
dist/assets/index-DHDR1WgP.js                     28.98 kB │ gzip:   8.91 kB
dist/assets/Landing-i1-p_iI3.js                  151.96 kB │ gzip:  53.58 kB
dist/assets/xlsx-DGuHH-KN.js                     429.49 kB │ gzip: 143.07 kB
dist/assets/index-BRWwkHM4.js                    637.83 kB │ gzip: 171.06 kB
dist/assets/index-yM-Wvju8.js                  2,835.58 kB │ gzip: 757.73 kB

(!) Some chunks are larger than 1500 kB after minification. Consider:
- Using dynamic import() to code-split the application
- Use build.rollupOptions.output.manualChunks to improve chunking: https://rollupjs.org/configuration-options/#output-manualchunks
- Adjust chunk size limit for this warning via build.chunkSizeWarningLimit.
✓ built in 17.14s
Packaging build...
  adding: favicon.ico (deflated 13%)
  adding: robots.txt (deflated 3%)
  adding: sitemap.xml (deflated 60%)
  adding: assets/ (stored 0%)
  adding: assets/irfanMalikBg-D4osmO_C.jpg (deflated 1%)
  adding: assets/meerGreenJacket-ykCKR2uN.png (deflated 0%)
  adding: assets/meerShinyDress-C8scZpYx.webp (deflated 0%)
  adding: assets/shakeelBg-NX99JDrP.jpg (deflated 0%)
  adding: assets/wasimAkramBg-D4BFEYu1.png (deflated 0%)
  adding: assets/dubai-Bmqq4ymj.jpg (deflated 0%)
  adding: assets/fahad-CnovJc60.jpg (deflated 0%)
  adding: assets/handShake-Dk1DoagP.webp (deflated 0%)
  adding: assets/salman-DD3Zraly.jpg (deflated 0%)
  adding: assets/tech-BdWyL5Pa.jpg (deflated 0%)
  adding: assets/wasim-ETjjiRaD.jpg (deflated 0%)
  adding: assets/placeholderMan-BvremNML.png (deflated 3%)
  adding: assets/Fav-BPcykgsi.png (deflated 5%)
  adding: assets/MainLogo-DJpFhlQE.png (deflated 4%)
  adding: assets/goldenCheck-CnSHOmXW.webp (stored 0%)
  adding: assets/arabic-BElshnQY.jpg (deflated 0%)
  adding: assets/akhtar-qLBVRLf-.jpg (deflated 1%)
  adding: assets/tower2-LuqAcWCu.jpg (deflated 2%)
  adding: assets/tower3-DpFzgoGy.jpg (deflated 0%)
  adding: assets/proposal2-B9XZZX50.webp (deflated 3%)
  adding: assets/proposal3-fxAFZeku.webp (deflated 1%)
  adding: assets/proposal5-DItum-r7.webp (deflated 4%)
  adding: assets/rectanglePlaceholder-nCbViREl.png (deflated 31%)
  adding: assets/proposal6-wLmvSjqd.webp (deflated 0%)
  adding: assets/tower-gldBe0jJ.webp (deflated 0%)
  adding: assets/verifiedBadge-CrcJq1tD.webp (deflated 1%)
  adding: assets/proposal1-D37fvLUu.webp (deflated 1%)
  adding: assets/proposal4-CZk7QC75.webp (deflated 1%)
  adding: assets/wasimAkram-CBOcRO9q.png (deflated 1%)
  adding: assets/video-poster-DrQklN8e.png (deflated 0%)
  adding: assets/index-CmBww9Jj.css (deflated 86%)
  adding: assets/BlogDetail-oNXnMkFG.css (deflated 62%)
  adding: assets/style-DpsRipQV.css (deflated 78%)
  adding: assets/index-yM-Wvju8.js (deflated 73%)
  adding: assets/xlsx-DGuHH-KN.js (deflated 67%)
  adding: assets/Landing-i1-p_iI3.js (deflated 65%)
  adding: assets/BlogDetail-DajZmmXi.js (deflated 60%)
  adding: assets/AllBlogs-BQ_GT12J.js (deflated 60%)
  adding: assets/index-BmfMMIY0.js (deflated 50%)
  adding: assets/index-psFjIWUY.js (deflated 53%)
  adding: assets/index-D_tej9Sc.js (deflated 53%)
  adding: assets/index-d7sDCLt_.js (deflated 52%)
  adding: assets/index-Bf9Xnz8A.js (deflated 54%)
  adding: assets/SignUp-thaJ5ayW.js (deflated 62%)
  adding: assets/ForgotPassword-C5mYk4Y8.js (deflated 51%)
  adding: assets/VerifyUserEmail-h_tbEM3D.js (deflated 64%)
  adding: assets/ResetPassword-Dp6uGMAD.js (deflated 56%)
  adding: assets/ContactSupport-Dm-i0wpM.js (deflated 59%)
  adding: assets/AuthCallback-DXJf8IWF.js (deflated 53%)
  adding: assets/SelectRole-BhyEE26B.js (deflated 58%)
  adding: assets/InvestorThankYou-CJFDX-Dg.js (deflated 51%)
  adding: assets/FounderThankYou-D5k06ANl.js (deflated 52%)
  adding: assets/Login-C1_bn53H.js (deflated 59%)
  adding: assets/Profile-B6wZ_9rl.js (deflated 68%)
  adding: assets/index-BhQSlzxM.js (deflated 55%)
  adding: assets/index-DHDR1WgP.js (deflated 69%)
  adding: assets/EditInvestor-0wY0DY_B.js (deflated 76%)
  adding: assets/index-DFgx0aFm.js (deflated 69%)
  adding: assets/ViewRemindersModal-DG-5XNBS.js (deflated 63%)
  adding: assets/tag-BWAKujkS.js (deflated 34%)
  adding: assets/EditFounder-pXRyNtqu.js (deflated 76%)
  adding: assets/index-nic03rbR.js (deflated 59%)
  adding: assets/index-Bt7ZMbBr.js (deflated 67%)
  adding: assets/pencil-CmCe3HYT.js (deflated 31%)
  adding: assets/index-iTzq6IZ_.js (deflated 68%)
  adding: assets/ViewBusinessProposal-eUZ7im2r.js (deflated 75%)
  adding: assets/circle-check-CrSKuiqc.js (deflated 27%)
  adding: assets/index-DIfNAKlC.js (deflated 70%)
  adding: assets/shield-check-eXK6gPiq.js (deflated 32%)
  adding: assets/sparkles-DbVHFhhk.js (deflated 45%)
  adding: assets/trending-up-CIMtcO-U.js (deflated 26%)
  adding: assets/globe-BqdQuJuO.js (deflated 33%)
  adding: assets/blogs-ChqPogSE.js (stored 0%)
  adding: assets/calendar-CG4Q5GuD.js (deflated 33%)
  adding: assets/index-DW2KvmVD.js (deflated 53%)
  adding: assets/message-circle-tylut6Iw.js (deflated 28%)
  adding: assets/arrow-left-_HQjFHKI.js (deflated 25%)
  adding: assets/InfoBox-CuSzftRz.js (deflated 51%)
  adding: assets/info-DYmLz0U-.js (deflated 30%)
  adding: assets/circle-alert-D3T5EPjs.js (deflated 35%)
  adding: assets/index-BRWwkHM4.js (deflated 73%)
  adding: assets/topCards-Cqtv3Gwm.js (deflated 58%)
  adding: assets/webinarBanner-XLbHXaFF.js (deflated 25%)
  adding: assets/CurrencyWithApprox-hefo-W8F.js (deflated 45%)
  adding: assets/ImageUploader-BzKmkGU7.js (deflated 57%)
  adding: assets/external-link-DmjM6WnA.js (deflated 33%)
  adding: assets/upload-BN3IzgBv.js (deflated 31%)
  adding: assets/table-CKWIgewt.js (deflated 69%)
  adding: assets/toolbar-QSXXsrK3.js (deflated 58%)
  adding: assets/useDebounce-DZw_0AZX.js (deflated 22%)
  adding: assets/support-ticket-events-CorLsgHh.js (deflated 29%)
  adding: assets/headphones-Cc-zBU3U.js (deflated 34%)
  adding: assets/Pagination-CmR_uliy.js (deflated 47%)
  adding: assets/funnel-DV1v-mlm.js (deflated 30%)
  adding: assets/FilterDrawer-oFvDrHSS.js (deflated 58%)
  adding: assets/rotate-ccw-B8GwrGfM.js (deflated 28%)
  adding: assets/ToggleChips-r1Uw7a1j.js (deflated 52%)
  adding: assets/circle-x-xJiM2mOH.js (deflated 30%)
  adding: assets/businessProposalCard-BkSj6tB6.js (deflated 66%)
  adding: assets/ban-DVQW74yd.js (deflated 26%)
  adding: assets/plus-4PcMSwsY.js (deflated 28%)
  adding: assets/Tabs-GD9frebV.js (deflated 49%)
  adding: assets/Stepper-C5C4oCue.js (deflated 57%)
  adding: assets/MultipleImageUploader-C9FyjjjO.js (deflated 57%)
  adding: assets/index-C4uxCqii.js (deflated 68%)
  adding: assets/supabase-bulk-emails-BGouhUe6.js (deflated 65%)
  adding: assets/CreateNewBatch-JrDlACJU.js (deflated 73%)
  adding: assets/CkEditor-DxR6M8Vw.js (deflated 40%)
  adding: assets/index--TgmfhIB.js (deflated 57%)
  adding: assets/CreateBlog-TMSmqeom.js (deflated 58%)
  adding: assets/EditBlog-B7P3183i.js (deflated 57%)
  adding: assets/index-B80NjtrI.js (deflated 69%)
  adding: assets/index-5xUSdP3M.js (deflated 63%)
  adding: assets/Dashboard-DASda4PB.js (deflated 36%)
  adding: assets/SimplifiedProfile-HW0hg5Z9.js (deflated 74%)
  adding: assets/index-B3QMA-Mz.js (deflated 32%)
  adding: assets/HelpPageContent-PMf_5txQ.js (deflated 64%)
  adding: assets/hash-Btn1rDFS.js (deflated 40%)
  adding: assets/index-3mWVVOkv.js (deflated 55%)
  adding: assets/bookmark-plus-YRHdpDQf.js (deflated 32%)
  adding: assets/index-BIJq5Gvt.js (deflated 52%)
  adding: assets/index-DiGjaVNm.js (deflated 55%)
  adding: assets/Dashboard-D46gxOxD.js (deflated 36%)
  adding: assets/index-CCeyGVca.js (deflated 73%)
  adding: assets/index-SjUyKGD6.js (deflated 63%)
  adding: assets/index-DVW90kL9.js (deflated 32%)
  adding: assets/TicketDetailPage-RYAb45oX.js (deflated 69%)
  adding: index.html (deflated 52%)
Saving Lightsail SSH key...
Uploading build to Lightsail...
Warning: Permanently added '15.207.22.250' (ED25519) to the list of known hosts.
Deploying build to /var/www/html ...
Archive:  /home/ubuntu/react-build.zip
  inflating: /var/www/html/favicon.ico  
  inflating: /var/www/html/robots.txt  
  inflating: /var/www/html/sitemap.xml  
   creating: /var/www/html/assets/
  inflating: /var/www/html/assets/irfanMalikBg-D4osmO_C.jpg  
  inflating: /var/www/html/assets/meerGreenJacket-ykCKR2uN.png  
  inflating: /var/www/html/assets/meerShinyDress-C8scZpYx.webp  
  inflating: /var/www/html/assets/shakeelBg-NX99JDrP.jpg  
  inflating: /var/www/html/assets/wasimAkramBg-D4BFEYu1.png  
  inflating: /var/www/html/assets/dubai-Bmqq4ymj.jpg  
  inflating: /var/www/html/assets/fahad-CnovJc60.jpg  
  inflating: /var/www/html/assets/handShake-Dk1DoagP.webp  
  inflating: /var/www/html/assets/salman-DD3Zraly.jpg  
  inflating: /var/www/html/assets/tech-BdWyL5Pa.jpg  
  inflating: /var/www/html/assets/wasim-ETjjiRaD.jpg  
  inflating: /var/www/html/assets/placeholderMan-BvremNML.png  
  inflating: /var/www/html/assets/Fav-BPcykgsi.png  
  inflating: /var/www/html/assets/MainLogo-DJpFhlQE.png  
 extracting: /var/www/html/assets/goldenCheck-CnSHOmXW.webp  
  inflating: /var/www/html/assets/arabic-BElshnQY.jpg  
  inflating: /var/www/html/assets/akhtar-qLBVRLf-.jpg  
  inflating: /var/www/html/assets/tower2-LuqAcWCu.jpg  
  inflating: /var/www/html/assets/tower3-DpFzgoGy.jpg  
  inflating: /var/www/html/assets/proposal2-B9XZZX50.webp  
  inflating: /var/www/html/assets/proposal3-fxAFZeku.webp  
  inflating: /var/www/html/assets/proposal5-DItum-r7.webp  
  inflating: /var/www/html/assets/rectanglePlaceholder-nCbViREl.png  
  inflating: /var/www/html/assets/proposal6-wLmvSjqd.webp  
  inflating: /var/www/html/assets/tower-gldBe0jJ.webp  
  inflating: /var/www/html/assets/verifiedBadge-CrcJq1tD.webp  
  inflating: /var/www/html/assets/proposal1-D37fvLUu.webp  
  inflating: /var/www/html/assets/proposal4-CZk7QC75.webp  
  inflating: /var/www/html/assets/wasimAkram-CBOcRO9q.png  
  inflating: /var/www/html/assets/video-poster-DrQklN8e.png  
  inflating: /var/www/html/assets/index-CmBww9Jj.css  
  inflating: /var/www/html/assets/BlogDetail-oNXnMkFG.css  
  inflating: /var/www/html/assets/style-DpsRipQV.css  
  inflating: /var/www/html/assets/index-yM-Wvju8.js  
  inflating: /var/www/html/assets/xlsx-DGuHH-KN.js  
  inflating: /var/www/html/assets/Landing-i1-p_iI3.js  
  inflating: /var/www/html/assets/BlogDetail-DajZmmXi.js  
  inflating: /var/www/html/assets/AllBlogs-BQ_GT12J.js  
  inflating: /var/www/html/assets/index-BmfMMIY0.js  
  inflating: /var/www/html/assets/index-psFjIWUY.js  
  inflating: /var/www/html/assets/index-D_tej9Sc.js  
  inflating: /var/www/html/assets/index-d7sDCLt_.js  
  inflating: /var/www/html/assets/index-Bf9Xnz8A.js  
  inflating: /var/www/html/assets/SignUp-thaJ5ayW.js  
  inflating: /var/www/html/assets/ForgotPassword-C5mYk4Y8.js  
  inflating: /var/www/html/assets/VerifyUserEmail-h_tbEM3D.js  
  inflating: /var/www/html/assets/ResetPassword-Dp6uGMAD.js  
  inflating: /var/www/html/assets/ContactSupport-Dm-i0wpM.js  
  inflating: /var/www/html/assets/AuthCallback-DXJf8IWF.js  
  inflating: /var/www/html/assets/SelectRole-BhyEE26B.js  
  inflating: /var/www/html/assets/InvestorThankYou-CJFDX-Dg.js  
  inflating: /var/www/html/assets/FounderThankYou-D5k06ANl.js  
  inflating: /var/www/html/assets/Login-C1_bn53H.js  
  inflating: /var/www/html/assets/Profile-B6wZ_9rl.js  
  inflating: /var/www/html/assets/index-BhQSlzxM.js  
  inflating: /var/www/html/assets/index-DHDR1WgP.js  
  inflating: /var/www/html/assets/EditInvestor-0wY0DY_B.js  
  inflating: /var/www/html/assets/index-DFgx0aFm.js  
  inflating: /var/www/html/assets/ViewRemindersModal-DG-5XNBS.js  
  inflating: /var/www/html/assets/tag-BWAKujkS.js  
  inflating: /var/www/html/assets/EditFounder-pXRyNtqu.js  
  inflating: /var/www/html/assets/index-nic03rbR.js  
  inflating: /var/www/html/assets/index-Bt7ZMbBr.js  
  inflating: /var/www/html/assets/pencil-CmCe3HYT.js  
  inflating: /var/www/html/assets/index-iTzq6IZ_.js  
  inflating: /var/www/html/assets/ViewBusinessProposal-eUZ7im2r.js  
  inflating: /var/www/html/assets/circle-check-CrSKuiqc.js  
  inflating: /var/www/html/assets/index-DIfNAKlC.js  
  inflating: /var/www/html/assets/shield-check-eXK6gPiq.js  
  inflating: /var/www/html/assets/sparkles-DbVHFhhk.js  
  inflating: /var/www/html/assets/trending-up-CIMtcO-U.js  
  inflating: /var/www/html/assets/globe-BqdQuJuO.js  
 extracting: /var/www/html/assets/blogs-ChqPogSE.js  
  inflating: /var/www/html/assets/calendar-CG4Q5GuD.js  
  inflating: /var/www/html/assets/index-DW2KvmVD.js  
  inflating: /var/www/html/assets/message-circle-tylut6Iw.js  
  inflating: /var/www/html/assets/arrow-left-_HQjFHKI.js  
  inflating: /var/www/html/assets/InfoBox-CuSzftRz.js  
  inflating: /var/www/html/assets/info-DYmLz0U-.js  
  inflating: /var/www/html/assets/circle-alert-D3T5EPjs.js  
  inflating: /var/www/html/assets/index-BRWwkHM4.js  
  inflating: /var/www/html/assets/topCards-Cqtv3Gwm.js  
  inflating: /var/www/html/assets/webinarBanner-XLbHXaFF.js  
  inflating: /var/www/html/assets/CurrencyWithApprox-hefo-W8F.js  
  inflating: /var/www/html/assets/ImageUploader-BzKmkGU7.js  
  inflating: /var/www/html/assets/external-link-DmjM6WnA.js  
  inflating: /var/www/html/assets/upload-BN3IzgBv.js  
  inflating: /var/www/html/assets/table-CKWIgewt.js  
  inflating: /var/www/html/assets/toolbar-QSXXsrK3.js  
  inflating: /var/www/html/assets/useDebounce-DZw_0AZX.js  
  inflating: /var/www/html/assets/support-ticket-events-CorLsgHh.js  
  inflating: /var/www/html/assets/headphones-Cc-zBU3U.js  
  inflating: /var/www/html/assets/Pagination-CmR_uliy.js  
  inflating: /var/www/html/assets/funnel-DV1v-mlm.js  
  inflating: /var/www/html/assets/FilterDrawer-oFvDrHSS.js  
  inflating: /var/www/html/assets/rotate-ccw-B8GwrGfM.js  
  inflating: /var/www/html/assets/ToggleChips-r1Uw7a1j.js  
  inflating: /var/www/html/assets/circle-x-xJiM2mOH.js  
  inflating: /var/www/html/assets/businessProposalCard-BkSj6tB6.js  
  inflating: /var/www/html/assets/ban-DVQW74yd.js  
  inflating: /var/www/html/assets/plus-4PcMSwsY.js  
  inflating: /var/www/html/assets/Tabs-GD9frebV.js  
  inflating: /var/www/html/assets/Stepper-C5C4oCue.js  
  inflating: /var/www/html/assets/MultipleImageUploader-C9FyjjjO.js  
  inflating: /var/www/html/assets/index-C4uxCqii.js  
  inflating: /var/www/html/assets/supabase-bulk-emails-BGouhUe6.js  
  inflating: /var/www/html/assets/CreateNewBatch-JrDlACJU.js  
  inflating: /var/www/html/assets/CkEditor-DxR6M8Vw.js  
  inflating: /var/www/html/assets/index--TgmfhIB.js  
  inflating: /var/www/html/assets/CreateBlog-TMSmqeom.js  
  inflating: /var/www/html/assets/EditBlog-B7P3183i.js  
  inflating: /var/www/html/assets/index-B80NjtrI.js  
  inflating: /var/www/html/assets/index-5xUSdP3M.js  
  inflating: /var/www/html/assets/Dashboard-DASda4PB.js  
  inflating: /var/www/html/assets/SimplifiedProfile-HW0hg5Z9.js  
  inflating: /var/www/html/assets/index-B3QMA-Mz.js  
  inflating: /var/www/html/assets/HelpPageContent-PMf_5txQ.js  
  inflating: /var/www/html/assets/hash-Btn1rDFS.js  
  inflating: /var/www/html/assets/index-3mWVVOkv.js  
  inflating: /var/www/html/assets/bookmark-plus-YRHdpDQf.js  
  inflating: /var/www/html/assets/index-BIJq5Gvt.js  
  inflating: /var/www/html/assets/index-DiGjaVNm.js  
  inflating: /var/www/html/assets/Dashboard-D46gxOxD.js  
  inflating: /var/www/html/assets/index-CCeyGVca.js  
  inflating: /var/www/html/assets/index-SjUyKGD6.js  
  inflating: /var/www/html/assets/index-DVW90kL9.js  
  inflating: /var/www/html/assets/TicketDetailPage-RYAb45oX.js  
  inflating: /var/www/html/index.html  
Saving Git logs repo SSH key...
Testing GitHub SSH key...
Cloning deployment-logs repo...
Cloning into 'logs-repo'...
