Installing dependencies...
npm warn deprecated w3c-hr-time@1.0.2: Use your platform's native performance.now() and performance.timeOrigin.
npm warn deprecated domexception@2.0.1: Use your platform's native DOMException instead
npm warn deprecated abab@2.0.6: Use your platform's native atob() and btoa() methods instead

added 1750 packages, and audited 1751 packages in 4m

222 packages are looking for funding
  run `npm fund` for details

52 vulnerabilities (51 moderate, 1 high)

To address issues that do not require attention, run:
  npm audit fix

To address all issues possible (including breaking changes), run:
  npm audit fix --force

Some issues need review, and may require choosing
a different dependency.

Run `npm audit` for details.
Building React app...

> boilerplate-code-react-js@0.0.0 build
> vite build

vite v7.1.11 building for production...
transforming...
✓ 2934 modules transformed.
rendering chunks...
computing gzip size...
dist/index.html                                    2.18 kB │ gzip:   1.05 kB
dist/assets/verifiedBadge-CrcJq1tD.webp           10.83 kB
dist/assets/rectanglePlaceholder-nCbViREl.png     11.85 kB
dist/assets/goldenCheck-CnSHOmXW.webp             13.45 kB
dist/assets/irfanMalikBg-D4osmO_C.jpg             24.66 kB
dist/assets/proposal6-wLmvSjqd.webp               28.15 kB
dist/assets/placeholderMan-BvremNML.png           36.64 kB
dist/assets/handShake-Dk1DoagP.webp               65.18 kB
dist/assets/tower-gldBe0jJ.webp                   66.16 kB
dist/assets/tower2-LuqAcWCu.jpg                   72.52 kB
dist/assets/shakeelBg-NX99JDrP.jpg               143.15 kB
dist/assets/MainLogo-DJpFhlQE.png                144.86 kB
dist/assets/Fav-BPcykgsi.png                     147.34 kB
dist/assets/akhtar-qLBVRLf-.jpg                  173.92 kB
dist/assets/proposal5-DItum-r7.webp              174.24 kB
dist/assets/tower3-DpFzgoGy.jpg                  175.56 kB
dist/assets/proposal2-B9XZZX50.webp              192.62 kB
dist/assets/meerShinyDress-C8scZpYx.webp         229.68 kB
dist/assets/meerGreenJacket-ykCKR2uN.png         230.19 kB
dist/assets/arabic-BElshnQY.jpg                  238.42 kB
dist/assets/wasim-ETjjiRaD.jpg                   242.26 kB
dist/assets/salman-DD3Zraly.jpg                  255.18 kB
dist/assets/fahad-CnovJc60.jpg                   278.62 kB
dist/assets/tech-BdWyL5Pa.jpg                    281.71 kB
dist/assets/dubai-Bmqq4ymj.jpg                   311.77 kB
dist/assets/wasimAkramBg-D4BFEYu1.png            313.57 kB
dist/assets/proposal3-fxAFZeku.webp              445.47 kB
dist/assets/proposal4-CZk7QC75.webp              542.86 kB
dist/assets/proposal1-D37fvLUu.webp              779.05 kB
dist/assets/wasimAkram-CBOcRO9q.png            4,488.96 kB
dist/assets/index-C4M3wspY.css                   135.26 kB │ gzip:  18.60 kB
dist/assets/useDebounce-CsIk4vtg.js                0.19 kB │ gzip:   0.17 kB
dist/assets/chevron-down-jT65bP0a.js               0.30 kB │ gzip:   0.25 kB
dist/assets/chevron-left-CVZdM6y3.js               0.30 kB │ gzip:   0.25 kB
dist/assets/plus-ZT1cRIgi.js                       0.33 kB │ gzip:   0.25 kB
dist/assets/arrow-right-DveYDzae.js                0.34 kB │ gzip:   0.27 kB
dist/assets/circle-check-DK93iswA.js               0.35 kB │ gzip:   0.27 kB
dist/assets/trending-up-BJxPYZ3q.js                0.35 kB │ gzip:   0.28 kB
dist/assets/ban-_zB6snsh.js                        0.35 kB │ gzip:   0.28 kB
dist/assets/info-C0-zxfAy.js                       0.37 kB │ gzip:   0.28 kB
dist/assets/rotate-ccw-B6Hx7dHD.js                 0.37 kB │ gzip:   0.29 kB
dist/assets/circle-x-1DoiDqG4.js                   0.38 kB │ gzip:   0.28 kB
dist/assets/mail-BrswvOIc.js                       0.39 kB │ gzip:   0.31 kB
dist/assets/target-DTVl_Zqe.js                     0.39 kB │ gzip:   0.27 kB
dist/assets/upload-BKztjClD.js                     0.40 kB │ gzip:   0.30 kB
dist/assets/log-in-JO-kaTsf.js                     0.40 kB │ gzip:   0.29 kB
dist/assets/download-BqsmLRF0.js                   0.41 kB │ gzip:   0.30 kB
dist/assets/message-square-B6TlugGn.js             0.41 kB │ gzip:   0.31 kB
dist/assets/globe-CYbKbCvH.js                      0.41 kB │ gzip:   0.30 kB
dist/assets/message-circle-DssZLU0H.js             0.41 kB │ gzip:   0.32 kB
dist/assets/circle-alert-B7li_7Nm.js               0.42 kB │ gzip:   0.30 kB
dist/assets/eye-Dagn-kRH.js                        0.42 kB │ gzip:   0.31 kB
dist/assets/map-pin-CXQIpJyZ.js                    0.43 kB │ gzip:   0.33 kB
dist/assets/link-De_Piil7.js                       0.43 kB │ gzip:   0.30 kB
dist/assets/calendar-BuHlXAsM.js                   0.43 kB │ gzip:   0.31 kB
dist/assets/pencil-BqmO91_l.js                     0.45 kB │ gzip:   0.33 kB
dist/assets/user-plus-B2aC9JjG.js                  0.48 kB │ gzip:   0.34 kB
dist/assets/shield-check-DYTt3SpG.js               0.49 kB │ gzip:   0.35 kB
dist/assets/square-pen-CRlmWQl9.js                 0.49 kB │ gzip:   0.34 kB
dist/assets/phone-CnEeM7dL.js                      0.50 kB │ gzip:   0.33 kB
dist/assets/trash-2-DsZwIVmK.js                    0.50 kB │ gzip:   0.32 kB
dist/assets/file-text--JXZRaov.js                  0.51 kB │ gzip:   0.32 kB
dist/assets/LegalModal-Bn8nYFq6.js                 0.66 kB │ gzip:   0.46 kB
dist/assets/sparkles-KeU7DNr_.js                   0.67 kB │ gzip:   0.39 kB
dist/assets/InfoBox-Ovc2mnwl.js                    0.86 kB │ gzip:   0.43 kB
dist/assets/label-DLaQP8qK.js                      0.88 kB │ gzip:   0.55 kB
dist/assets/card-DZdscJ-h.js                       1.18 kB │ gzip:   0.46 kB
dist/assets/package-DyNUWOb1.js                    1.21 kB │ gzip:   0.50 kB
dist/assets/Tabs-Uxi2mF72.js                       1.23 kB │ gzip:   0.65 kB
dist/assets/GetMoreDetailsModal-CPOK-v-y.js        1.27 kB │ gzip:   0.61 kB
dist/assets/EmptyState-D871kPab.js                 1.47 kB │ gzip:   0.61 kB
dist/assets/textarea-Bdo4ijZM.js                   1.50 kB │ gzip:   0.74 kB
dist/assets/ToggleChips-DS15c1F5.js                1.66 kB │ gzip:   0.82 kB
dist/assets/input-xYEzmvLj.js                      1.68 kB │ gzip:   0.86 kB
dist/assets/topCards-DHe-GzCc.js                   1.71 kB │ gzip:   0.75 kB
dist/assets/ImageUploader-D5iFdDbQ.js              1.95 kB │ gzip:   0.94 kB
dist/assets/index-BcQCkY9_.js                      2.07 kB │ gzip:   0.92 kB
dist/assets/ForgotPassword-BOuSD3IX.js             2.17 kB │ gzip:   1.09 kB
dist/assets/ContactSupportModal-CCmz-JTV.js        2.36 kB │ gzip:   1.18 kB
dist/assets/ResetPassword-5UWe-f9V.js              2.40 kB │ gzip:   1.06 kB
dist/assets/AuthCallback-D1ev1kjU.js               2.67 kB │ gzip:   1.26 kB
dist/assets/index-BWVniwm-.js                      2.67 kB │ gzip:   1.20 kB
dist/assets/index-C3twsRBv.js                      2.72 kB │ gzip:   1.22 kB
dist/assets/index-RVKrNfbm.js                      2.87 kB │ gzip:   1.41 kB
dist/assets/toolbar-CoyM_iYQ.js                    2.99 kB │ gzip:   1.22 kB
dist/assets/FileUploader-CGWGkLJL.js               3.02 kB │ gzip:   1.35 kB
dist/assets/index-BcdUupxS.js                      3.11 kB │ gzip:   1.48 kB
dist/assets/supabase-bulk-emails-B80YXll0.js       3.14 kB │ gzip:   1.12 kB
dist/assets/index-XL78bOyi.js                      3.24 kB │ gzip:   1.62 kB
dist/assets/SignupThankYou-C9C6LwLa.js             3.29 kB │ gzip:   1.49 kB
dist/assets/index-CI6wI8Ak.js                      3.31 kB │ gzip:   1.61 kB
dist/assets/index-De39NcRR.js                      3.44 kB │ gzip:   1.64 kB
dist/assets/index-DzmQygMu.js                      3.48 kB │ gzip:   1.67 kB
dist/assets/checkbox-Tm7V4kTA.js                   4.07 kB │ gzip:   1.78 kB
dist/assets/index-_qoVEmSX.js                      4.23 kB │ gzip:   2.08 kB
dist/assets/index-CR4KDD8I.js                      4.25 kB │ gzip:   2.08 kB
dist/assets/Dashboard-BHRnTaZy.js                  4.28 kB │ gzip:   1.46 kB
dist/assets/Dashboard-CuPton3Y.js                  4.30 kB │ gzip:   1.47 kB
dist/assets/index-A809c2wp.js                      4.31 kB │ gzip:   1.72 kB
dist/assets/Stepper-C97DEEvZ.js                    4.66 kB │ gzip:   2.02 kB
dist/assets/ContactSupport-DS1cp3iS.js             4.97 kB │ gzip:   2.06 kB
dist/assets/Login-NSTWaVcj.js                      5.05 kB │ gzip:   2.13 kB
dist/assets/SelectRole-CXR2akND.js                 5.08 kB │ gzip:   2.17 kB
dist/assets/SignUp-DW_IxUwv.js                     5.58 kB │ gzip:   2.23 kB
dist/assets/VerifyUserEmail-xSsnE6gI.js            5.88 kB │ gzip:   2.10 kB
dist/assets/Profile-CVdtgv0p.js                    6.94 kB │ gzip:   2.22 kB
dist/assets/businessProposalCard-JTAg0w0R.js       7.88 kB │ gzip:   2.60 kB
dist/assets/index-CwdQbogd.js                      8.15 kB │ gzip:   3.32 kB
dist/assets/index-Dj1okTk9.js                      8.31 kB │ gzip:   3.19 kB
dist/assets/dialog-DXLAQh7z.js                     8.50 kB │ gzip:   3.28 kB
dist/assets/tooltip-D08qRN1E.js                    8.77 kB │ gzip:   3.34 kB
dist/assets/index-D0mD86rO.js                      9.61 kB │ gzip:   3.96 kB
dist/assets/index-D2PBRX7q.js                     10.15 kB │ gzip:   3.79 kB
dist/assets/index-DdD6fWSe.js                     10.28 kB │ gzip:   3.35 kB
dist/assets/Header-Bt4sgHpV.js                    11.28 kB │ gzip:   3.37 kB
dist/assets/SimplifiedProfile-BPRfdH8j.js         13.80 kB │ gzip:   3.74 kB
dist/assets/index-B2mgcJbf.js                     13.94 kB │ gzip:   4.84 kB
dist/assets/index-DXBmWnZe.js                     16.50 kB │ gzip:   6.25 kB
dist/assets/index-zHVn3AvB.js                     17.82 kB │ gzip:   5.97 kB
dist/assets/EditFounder-DdPZZu04.js               18.08 kB │ gzip:   4.40 kB
dist/assets/index-Db-Hq5fl.js                     18.17 kB │ gzip:   5.96 kB
dist/assets/ViewBusinessProposal-CgkiEMAI.js      18.69 kB │ gzip:   4.74 kB
dist/assets/EditInvestor-Cf8gRaIl.js              19.08 kB │ gzip:   4.67 kB
dist/assets/index-BdF104dQ.js                     19.77 kB │ gzip:   6.50 kB
dist/assets/index-CWkD4sqK.js                     21.63 kB │ gzip:   5.74 kB
dist/assets/select-B5YF4UmU.js                    21.86 kB │ gzip:   7.81 kB
dist/assets/index-38-XHTce.js                     25.26 kB │ gzip:   7.60 kB
dist/assets/index-Cv_P6-JB.js                     27.84 kB │ gzip:  10.83 kB
dist/assets/table-BqSySk-a.js                     37.24 kB │ gzip:  10.90 kB
dist/assets/AssignAdminModal-DtZ9c3eg.js          90.97 kB │ gzip:  27.34 kB
dist/assets/Landing-BdcjC-yk.js                  143.48 kB │ gzip:  50.97 kB
dist/assets/xlsx-DGuHH-KN.js                     429.49 kB │ gzip: 143.07 kB
dist/assets/index-BIlVFwEb.js                    603.24 kB │ gzip: 163.50 kB
dist/assets/index-D-6K4UvW.js                    761.97 kB │ gzip: 229.58 kB
dist/assets/CreateNewBatch-B8nohkuT.js         1,332.10 kB │ gzip: 329.41 kB

(!) Some chunks are larger than 500 kB after minification. Consider:
- Using dynamic import() to code-split the application
- Use build.rollupOptions.output.manualChunks to improve chunking: https://rollupjs.org/configuration-options/#output-manualchunks
- Adjust chunk size limit for this warning via build.chunkSizeWarningLimit.
✓ built in 15.55s
Packaging build...
  adding: favicon.ico (deflated 13%)
  adding: assets/ (stored 0%)
  adding: assets/meerGreenJacket-ykCKR2uN.png (deflated 0%)
  adding: assets/irfanMalikBg-D4osmO_C.jpg (deflated 1%)
  adding: assets/meerShinyDress-C8scZpYx.webp (deflated 0%)
  adding: assets/akhtar-qLBVRLf-.jpg (deflated 1%)
  adding: assets/arabic-BElshnQY.jpg (deflated 0%)
  adding: assets/dubai-Bmqq4ymj.jpg (deflated 0%)
  adding: assets/shakeelBg-NX99JDrP.jpg (deflated 0%)
  adding: assets/handShake-Dk1DoagP.webp (deflated 0%)
  adding: assets/wasimAkramBg-D4BFEYu1.png (deflated 0%)
  adding: assets/tech-BdWyL5Pa.jpg (deflated 0%)
  adding: assets/placeholderMan-BvremNML.png (deflated 3%)
  adding: assets/rectanglePlaceholder-nCbViREl.png (deflated 31%)
  adding: assets/wasim-ETjjiRaD.jpg (deflated 0%)
  adding: assets/salman-DD3Zraly.jpg (deflated 0%)
  adding: assets/goldenCheck-CnSHOmXW.webp (stored 0%)
  adding: assets/verifiedBadge-CrcJq1tD.webp (deflated 1%)
  adding: assets/tower-gldBe0jJ.webp (deflated 0%)
  adding: assets/tower2-LuqAcWCu.jpg (deflated 2%)
  adding: assets/Fav-BPcykgsi.png (deflated 5%)
  adding: assets/MainLogo-DJpFhlQE.png (deflated 4%)
  adding: assets/tower3-DpFzgoGy.jpg (deflated 0%)
  adding: assets/fahad-CnovJc60.jpg (deflated 0%)
  adding: assets/proposal5-DItum-r7.webp (deflated 4%)
  adding: assets/proposal6-wLmvSjqd.webp (deflated 0%)
  adding: assets/proposal3-fxAFZeku.webp (deflated 1%)
  adding: assets/proposal2-B9XZZX50.webp (deflated 3%)
  adding: assets/proposal4-CZk7QC75.webp (deflated 1%)
  adding: assets/proposal1-D37fvLUu.webp (deflated 1%)
  adding: assets/wasimAkram-CBOcRO9q.png (deflated 1%)
  adding: assets/index-C4M3wspY.css (deflated 86%)
  adding: assets/index-D-6K4UvW.js (deflated 70%)
  adding: assets/Landing-BdcjC-yk.js (deflated 65%)
  adding: assets/index-XL78bOyi.js (deflated 50%)
  adding: assets/index-BcdUupxS.js (deflated 53%)
  adding: assets/index-De39NcRR.js (deflated 53%)
  adding: assets/index-CI6wI8Ak.js (deflated 52%)
  adding: assets/Header-Bt4sgHpV.js (deflated 70%)
  adding: assets/SignUp-DW_IxUwv.js (deflated 60%)
  adding: assets/ForgotPassword-BOuSD3IX.js (deflated 51%)
  adding: assets/VerifyUserEmail-xSsnE6gI.js (deflated 64%)
  adding: assets/ResetPassword-5UWe-f9V.js (deflated 57%)
  adding: assets/ContactSupport-DS1cp3iS.js (deflated 59%)
  adding: assets/AuthCallback-D1ev1kjU.js (deflated 53%)
  adding: assets/SelectRole-CXR2akND.js (deflated 57%)
  adding: assets/SignupThankYou-C9C6LwLa.js (deflated 55%)
  adding: assets/arrow-right-DveYDzae.js (deflated 26%)
  adding: assets/Login-NSTWaVcj.js (deflated 58%)
  adding: assets/index-C3twsRBv.js (deflated 55%)
  adding: assets/index-BIlVFwEb.js (deflated 73%)
  adding: assets/Profile-CVdtgv0p.js (deflated 68%)
  adding: assets/index-CwdQbogd.js (deflated 60%)
  adding: assets/index-zHVn3AvB.js (deflated 66%)
  adding: assets/EditInvestor-Cf8gRaIl.js (deflated 76%)
  adding: assets/index-Db-Hq5fl.js (deflated 67%)
  adding: assets/globe-CYbKbCvH.js (deflated 32%)
  adding: assets/AssignAdminModal-DtZ9c3eg.js (deflated 70%)
  adding: assets/label-DLaQP8qK.js (deflated 40%)
  adding: assets/EditFounder-DdPZZu04.js (deflated 76%)
  adding: assets/index-D0mD86rO.js (deflated 59%)
  adding: assets/index-BdF104dQ.js (deflated 67%)
  adding: assets/log-in-JO-kaTsf.js (deflated 31%)
  adding: assets/ban-_zB6snsh.js (deflated 26%)
  adding: assets/user-plus-B2aC9JjG.js (deflated 34%)
  adding: assets/phone-CnEeM7dL.js (deflated 36%)
  adding: assets/pencil-BqmO91_l.js (deflated 31%)
  adding: assets/index-B2mgcJbf.js (deflated 65%)
  adding: assets/ViewBusinessProposal-CgkiEMAI.js (deflated 75%)
  adding: assets/circle-check-DK93iswA.js (deflated 27%)
  adding: assets/calendar-BuHlXAsM.js (deflated 33%)
  adding: assets/index-38-XHTce.js (deflated 70%)
  adding: assets/ToggleChips-DS15c1F5.js (deflated 51%)
  adding: assets/index-DdD6fWSe.js (deflated 68%)
  adding: assets/useDebounce-CsIk4vtg.js (deflated 21%)
  adding: assets/CreateNewBatch-B8nohkuT.js (deflated 75%)
  adding: assets/message-circle-DssZLU0H.js (deflated 28%)
  adding: assets/sparkles-KeU7DNr_.js (deflated 45%)
  adding: assets/map-pin-CXQIpJyZ.js (deflated 28%)
  adding: assets/shield-check-DYTt3SpG.js (deflated 32%)
  adding: assets/supabase-bulk-emails-B80YXll0.js (deflated 65%)
  adding: assets/mail-BrswvOIc.js (deflated 25%)
  adding: assets/table-BqSySk-a.js (deflated 71%)
  adding: assets/Dashboard-BHRnTaZy.js (deflated 66%)
  adding: assets/SimplifiedProfile-BPRfdH8j.js (deflated 73%)
  adding: assets/index-_qoVEmSX.js (deflated 51%)
  adding: assets/trending-up-BJxPYZ3q.js (deflated 25%)
  adding: assets/LegalModal-Bn8nYFq6.js (deflated 33%)
  adding: assets/index-DzmQygMu.js (deflated 53%)
  adding: assets/dialog-DXLAQh7z.js (deflated 62%)
  adding: assets/download-BqsmLRF0.js (deflated 31%)
  adding: assets/index-Dj1okTk9.js (deflated 62%)
  adding: assets/index-DXBmWnZe.js (deflated 62%)
  adding: assets/index-BcQCkY9_.js (deflated 56%)
  adding: assets/InfoBox-Ovc2mnwl.js (deflated 51%)
  adding: assets/input-xYEzmvLj.js (deflated 50%)
  adding: assets/info-C0-zxfAy.js (deflated 29%)
  adding: assets/circle-alert-B7li_7Nm.js (deflated 35%)
  adding: assets/select-B5YF4UmU.js (deflated 64%)
  adding: assets/chevron-down-jT65bP0a.js (deflated 23%)
  adding: assets/index-Cv_P6-JB.js (deflated 61%)
  adding: assets/index-BWVniwm-.js (deflated 56%)
  adding: assets/FileUploader-CGWGkLJL.js (deflated 56%)
  adding: assets/textarea-Bdo4ijZM.js (deflated 52%)
  adding: assets/link-De_Piil7.js (deflated 34%)
  adding: assets/eye-Dagn-kRH.js (deflated 32%)
  adding: assets/trash-2-DsZwIVmK.js (deflated 40%)
  adding: assets/topCards-DHe-GzCc.js (deflated 58%)
  adding: assets/card-DZdscJ-h.js (deflated 62%)
  adding: assets/ImageUploader-D5iFdDbQ.js (deflated 53%)
  adding: assets/upload-BKztjClD.js (deflated 31%)
  adding: assets/EmptyState-D871kPab.js (deflated 60%)
  adding: assets/toolbar-CoyM_iYQ.js (deflated 60%)
  adding: assets/message-square-B6TlugGn.js (deflated 29%)
  adding: assets/tooltip-D08qRN1E.js (deflated 62%)
  adding: assets/square-pen-CRlmWQl9.js (deflated 35%)
  adding: assets/rotate-ccw-B6Hx7dHD.js (deflated 27%)
  adding: assets/chevron-left-CVZdM6y3.js (deflated 22%)
  adding: assets/checkbox-Tm7V4kTA.js (deflated 57%)
  adding: assets/plus-ZT1cRIgi.js (deflated 27%)
  adding: assets/file-text--JXZRaov.js (deflated 40%)
  adding: assets/businessProposalCard-JTAg0w0R.js (deflated 67%)
  adding: assets/GetMoreDetailsModal-CPOK-v-y.js (deflated 54%)
  adding: assets/Tabs-Uxi2mF72.js (deflated 49%)
  adding: assets/circle-x-1DoiDqG4.js (deflated 30%)
  adding: assets/target-DTVl_Zqe.js (deflated 37%)
  adding: assets/Stepper-C97DEEvZ.js (deflated 57%)
  adding: assets/package-DyNUWOb1.js (deflated 60%)
  adding: assets/ContactSupportModal-CCmz-JTV.js (deflated 51%)
  adding: assets/index-RVKrNfbm.js (deflated 51%)
  adding: assets/index-A809c2wp.js (deflated 60%)
  adding: assets/Dashboard-CuPton3Y.js (deflated 66%)
  adding: assets/index-CWkD4sqK.js (deflated 74%)
  adding: assets/index-D2PBRX7q.js (deflated 63%)
  adding: assets/index-CR4KDD8I.js (deflated 52%)
  adding: assets/xlsx-DGuHH-KN.js (deflated 67%)
  adding: index.html (deflated 52%)
Saving Lightsail SSH key...
Uploading build to Lightsail...
Warning: Permanently added '15.207.22.250' (ED25519) to the list of known hosts.
Deploying build to /var/www/html ...
Archive:  /home/ubuntu/react-build.zip
  inflating: /var/www/html/favicon.ico  
   creating: /var/www/html/assets/
  inflating: /var/www/html/assets/meerGreenJacket-ykCKR2uN.png  
  inflating: /var/www/html/assets/irfanMalikBg-D4osmO_C.jpg  
  inflating: /var/www/html/assets/meerShinyDress-C8scZpYx.webp  
  inflating: /var/www/html/assets/akhtar-qLBVRLf-.jpg  
  inflating: /var/www/html/assets/arabic-BElshnQY.jpg  
  inflating: /var/www/html/assets/dubai-Bmqq4ymj.jpg  
  inflating: /var/www/html/assets/shakeelBg-NX99JDrP.jpg  
  inflating: /var/www/html/assets/handShake-Dk1DoagP.webp  
  inflating: /var/www/html/assets/wasimAkramBg-D4BFEYu1.png  
  inflating: /var/www/html/assets/tech-BdWyL5Pa.jpg  
  inflating: /var/www/html/assets/placeholderMan-BvremNML.png  
  inflating: /var/www/html/assets/rectanglePlaceholder-nCbViREl.png  
  inflating: /var/www/html/assets/wasim-ETjjiRaD.jpg  
  inflating: /var/www/html/assets/salman-DD3Zraly.jpg  
 extracting: /var/www/html/assets/goldenCheck-CnSHOmXW.webp  
  inflating: /var/www/html/assets/verifiedBadge-CrcJq1tD.webp  
  inflating: /var/www/html/assets/tower-gldBe0jJ.webp  
  inflating: /var/www/html/assets/tower2-LuqAcWCu.jpg  
  inflating: /var/www/html/assets/Fav-BPcykgsi.png  
  inflating: /var/www/html/assets/MainLogo-DJpFhlQE.png  
  inflating: /var/www/html/assets/tower3-DpFzgoGy.jpg  
  inflating: /var/www/html/assets/fahad-CnovJc60.jpg  
  inflating: /var/www/html/assets/proposal5-DItum-r7.webp  
  inflating: /var/www/html/assets/proposal6-wLmvSjqd.webp  
  inflating: /var/www/html/assets/proposal3-fxAFZeku.webp  
  inflating: /var/www/html/assets/proposal2-B9XZZX50.webp  
  inflating: /var/www/html/assets/proposal4-CZk7QC75.webp  
  inflating: /var/www/html/assets/proposal1-D37fvLUu.webp  
  inflating: /var/www/html/assets/wasimAkram-CBOcRO9q.png  
  inflating: /var/www/html/assets/index-C4M3wspY.css  
  inflating: /var/www/html/assets/index-D-6K4UvW.js  
  inflating: /var/www/html/assets/Landing-BdcjC-yk.js  
  inflating: /var/www/html/assets/index-XL78bOyi.js  
  inflating: /var/www/html/assets/index-BcdUupxS.js  
  inflating: /var/www/html/assets/index-De39NcRR.js  
  inflating: /var/www/html/assets/index-CI6wI8Ak.js  
  inflating: /var/www/html/assets/Header-Bt4sgHpV.js  
  inflating: /var/www/html/assets/SignUp-DW_IxUwv.js  
  inflating: /var/www/html/assets/ForgotPassword-BOuSD3IX.js  
  inflating: /var/www/html/assets/VerifyUserEmail-xSsnE6gI.js  
  inflating: /var/www/html/assets/ResetPassword-5UWe-f9V.js  
  inflating: /var/www/html/assets/ContactSupport-DS1cp3iS.js  
  inflating: /var/www/html/assets/AuthCallback-D1ev1kjU.js  
  inflating: /var/www/html/assets/SelectRole-CXR2akND.js  
  inflating: /var/www/html/assets/SignupThankYou-C9C6LwLa.js  
  inflating: /var/www/html/assets/arrow-right-DveYDzae.js  
  inflating: /var/www/html/assets/Login-NSTWaVcj.js  
  inflating: /var/www/html/assets/index-C3twsRBv.js  
  inflating: /var/www/html/assets/index-BIlVFwEb.js  
  inflating: /var/www/html/assets/Profile-CVdtgv0p.js  
  inflating: /var/www/html/assets/index-CwdQbogd.js  
  inflating: /var/www/html/assets/index-zHVn3AvB.js  
  inflating: /var/www/html/assets/EditInvestor-Cf8gRaIl.js  
  inflating: /var/www/html/assets/index-Db-Hq5fl.js  
  inflating: /var/www/html/assets/globe-CYbKbCvH.js  
  inflating: /var/www/html/assets/AssignAdminModal-DtZ9c3eg.js  
  inflating: /var/www/html/assets/label-DLaQP8qK.js  
  inflating: /var/www/html/assets/EditFounder-DdPZZu04.js  
  inflating: /var/www/html/assets/index-D0mD86rO.js  
  inflating: /var/www/html/assets/index-BdF104dQ.js  
  inflating: /var/www/html/assets/log-in-JO-kaTsf.js  
  inflating: /var/www/html/assets/ban-_zB6snsh.js  
  inflating: /var/www/html/assets/user-plus-B2aC9JjG.js  
  inflating: /var/www/html/assets/phone-CnEeM7dL.js  
  inflating: /var/www/html/assets/pencil-BqmO91_l.js  
  inflating: /var/www/html/assets/index-B2mgcJbf.js  
  inflating: /var/www/html/assets/ViewBusinessProposal-CgkiEMAI.js  
  inflating: /var/www/html/assets/circle-check-DK93iswA.js  
  inflating: /var/www/html/assets/calendar-BuHlXAsM.js  
  inflating: /var/www/html/assets/index-38-XHTce.js  
  inflating: /var/www/html/assets/ToggleChips-DS15c1F5.js  
  inflating: /var/www/html/assets/index-DdD6fWSe.js  
  inflating: /var/www/html/assets/useDebounce-CsIk4vtg.js  
  inflating: /var/www/html/assets/CreateNewBatch-B8nohkuT.js  
  inflating: /var/www/html/assets/message-circle-DssZLU0H.js  
  inflating: /var/www/html/assets/sparkles-KeU7DNr_.js  
  inflating: /var/www/html/assets/map-pin-CXQIpJyZ.js  
  inflating: /var/www/html/assets/shield-check-DYTt3SpG.js  
  inflating: /var/www/html/assets/supabase-bulk-emails-B80YXll0.js  
  inflating: /var/www/html/assets/mail-BrswvOIc.js  
  inflating: /var/www/html/assets/table-BqSySk-a.js  
  inflating: /var/www/html/assets/Dashboard-BHRnTaZy.js  
  inflating: /var/www/html/assets/SimplifiedProfile-BPRfdH8j.js  
  inflating: /var/www/html/assets/index-_qoVEmSX.js  
  inflating: /var/www/html/assets/trending-up-BJxPYZ3q.js  
  inflating: /var/www/html/assets/LegalModal-Bn8nYFq6.js  
  inflating: /var/www/html/assets/index-DzmQygMu.js  
  inflating: /var/www/html/assets/dialog-DXLAQh7z.js  
  inflating: /var/www/html/assets/download-BqsmLRF0.js  
  inflating: /var/www/html/assets/index-Dj1okTk9.js  
  inflating: /var/www/html/assets/index-DXBmWnZe.js  
  inflating: /var/www/html/assets/index-BcQCkY9_.js  
  inflating: /var/www/html/assets/InfoBox-Ovc2mnwl.js  
  inflating: /var/www/html/assets/input-xYEzmvLj.js  
  inflating: /var/www/html/assets/info-C0-zxfAy.js  
  inflating: /var/www/html/assets/circle-alert-B7li_7Nm.js  
  inflating: /var/www/html/assets/select-B5YF4UmU.js  
  inflating: /var/www/html/assets/chevron-down-jT65bP0a.js  
  inflating: /var/www/html/assets/index-Cv_P6-JB.js  
  inflating: /var/www/html/assets/index-BWVniwm-.js  
  inflating: /var/www/html/assets/FileUploader-CGWGkLJL.js  
  inflating: /var/www/html/assets/textarea-Bdo4ijZM.js  
  inflating: /var/www/html/assets/link-De_Piil7.js  
  inflating: /var/www/html/assets/eye-Dagn-kRH.js  
  inflating: /var/www/html/assets/trash-2-DsZwIVmK.js  
  inflating: /var/www/html/assets/topCards-DHe-GzCc.js  
  inflating: /var/www/html/assets/card-DZdscJ-h.js  
  inflating: /var/www/html/assets/ImageUploader-D5iFdDbQ.js  
  inflating: /var/www/html/assets/upload-BKztjClD.js  
  inflating: /var/www/html/assets/EmptyState-D871kPab.js  
  inflating: /var/www/html/assets/toolbar-CoyM_iYQ.js  
  inflating: /var/www/html/assets/message-square-B6TlugGn.js  
  inflating: /var/www/html/assets/tooltip-D08qRN1E.js  
  inflating: /var/www/html/assets/square-pen-CRlmWQl9.js  
  inflating: /var/www/html/assets/rotate-ccw-B6Hx7dHD.js  
  inflating: /var/www/html/assets/chevron-left-CVZdM6y3.js  
  inflating: /var/www/html/assets/checkbox-Tm7V4kTA.js  
  inflating: /var/www/html/assets/plus-ZT1cRIgi.js  
  inflating: /var/www/html/assets/file-text--JXZRaov.js  
  inflating: /var/www/html/assets/businessProposalCard-JTAg0w0R.js  
  inflating: /var/www/html/assets/GetMoreDetailsModal-CPOK-v-y.js  
  inflating: /var/www/html/assets/Tabs-Uxi2mF72.js  
  inflating: /var/www/html/assets/circle-x-1DoiDqG4.js  
  inflating: /var/www/html/assets/target-DTVl_Zqe.js  
  inflating: /var/www/html/assets/Stepper-C97DEEvZ.js  
  inflating: /var/www/html/assets/package-DyNUWOb1.js  
  inflating: /var/www/html/assets/ContactSupportModal-CCmz-JTV.js  
  inflating: /var/www/html/assets/index-RVKrNfbm.js  
  inflating: /var/www/html/assets/index-A809c2wp.js  
  inflating: /var/www/html/assets/Dashboard-CuPton3Y.js  
  inflating: /var/www/html/assets/index-CWkD4sqK.js  
  inflating: /var/www/html/assets/index-D2PBRX7q.js  
  inflating: /var/www/html/assets/index-CR4KDD8I.js  
  inflating: /var/www/html/assets/xlsx-DGuHH-KN.js  
  inflating: /var/www/html/index.html  
Saving Git logs repo SSH key...
Testing GitHub SSH key...
Cloning deployment-logs repo...
Cloning into 'logs-repo'...
