Installing dependencies...
npm warn deprecated w3c-hr-time@1.0.2: Use your platform's native performance.now() and performance.timeOrigin.
npm warn deprecated domexception@2.0.1: Use your platform's native DOMException instead
npm warn deprecated abab@2.0.6: Use your platform's native atob() and btoa() methods instead

> the-business-hub-pakistan@0.0.0 prepare
> husky

.git can't be found
added 1810 packages, and audited 1811 packages in 5m

253 packages are looking for funding
  run `npm fund` for details

70 vulnerabilities (67 moderate, 3 high)

To address issues that do not require attention, run:
  npm audit fix

To address all issues possible (including breaking changes), run:
  npm audit fix --force

Some issues need review, and may require choosing
a different dependency.

Run `npm audit` for details.
Building React app...

> the-business-hub-pakistan@0.0.0 build
> vite build

vite v7.1.11 building for production...
transforming...
✓ 3097 modules transformed.
rendering chunks...
computing gzip size...
dist/index.html                                         2.18 kB │ gzip:   1.05 kB
dist/assets/verifiedBadge-CrcJq1tD.webp                10.83 kB
dist/assets/rectanglePlaceholder-nCbViREl.png          11.85 kB
dist/assets/goldenCheck-CnSHOmXW.webp                  13.45 kB
dist/assets/irfanMalikBg-D4osmO_C.jpg                  24.66 kB
dist/assets/proposal6-wLmvSjqd.webp                    28.15 kB
dist/assets/placeholderMan-BvremNML.png                36.64 kB
dist/assets/handShake-Dk1DoagP.webp                    65.18 kB
dist/assets/tower-gldBe0jJ.webp                        66.16 kB
dist/assets/tower2-LuqAcWCu.jpg                        72.52 kB
dist/assets/shakeelBg-NX99JDrP.jpg                    143.15 kB
dist/assets/MainLogo-DJpFhlQE.png                     144.86 kB
dist/assets/Fav-BPcykgsi.png                          147.34 kB
dist/assets/akhtar-qLBVRLf-.jpg                       173.92 kB
dist/assets/proposal5-DItum-r7.webp                   174.24 kB
dist/assets/tower3-DpFzgoGy.jpg                       175.56 kB
dist/assets/proposal2-B9XZZX50.webp                   192.62 kB
dist/assets/meerShinyDress-C8scZpYx.webp              229.68 kB
dist/assets/meerGreenJacket-ykCKR2uN.png              230.19 kB
dist/assets/arabic-BElshnQY.jpg                       238.42 kB
dist/assets/wasim-ETjjiRaD.jpg                        242.26 kB
dist/assets/salman-DD3Zraly.jpg                       255.18 kB
dist/assets/fahad-CnovJc60.jpg                        278.62 kB
dist/assets/tech-BdWyL5Pa.jpg                         281.71 kB
dist/assets/dubai-Bmqq4ymj.jpg                        311.77 kB
dist/assets/wasimAkramBg-D4BFEYu1.png                 313.57 kB
dist/assets/bhp-webinar-banner-4Y66DNfq.webp          380.92 kB
dist/assets/proposal3-fxAFZeku.webp                   445.47 kB
dist/assets/proposal4-CZk7QC75.webp                   542.86 kB
dist/assets/bhp-webinar-banner-mobile-3Qas_qJl.svg    589.04 kB │ gzip: 438.74 kB
dist/assets/proposal1-D37fvLUu.webp                   779.05 kB
dist/assets/wasimAkram-CBOcRO9q.png                 4,488.96 kB
dist/assets/BlogDetail-oNXnMkFG.css                     0.63 kB │ gzip:   0.26 kB
dist/assets/style-DpsRipQV.css                          3.23 kB │ gzip:   0.73 kB
dist/assets/index-x7RUDbD1.css                        152.89 kB │ gzip:  20.83 kB
dist/assets/blogs-ChqPogSE.js                           0.04 kB │ gzip:   0.06 kB
dist/assets/useDebounce-CvcDMWRg.js                     0.19 kB │ gzip:   0.17 kB
dist/assets/plus-DnNU9SWI.js                            0.33 kB │ gzip:   0.25 kB
dist/assets/arrow-right-BjdX4Bjq.js                     0.34 kB │ gzip:   0.27 kB
dist/assets/arrow-left-B_r6eHVG.js                      0.34 kB │ gzip:   0.27 kB
dist/assets/circle-check-lQEeLX7N.js                    0.35 kB │ gzip:   0.27 kB
dist/assets/trending-up-Bz6s0l3m.js                     0.35 kB │ gzip:   0.28 kB
dist/assets/ban-CEv-kc5P.js                             0.35 kB │ gzip:   0.28 kB
dist/assets/info-1FgT1nJ_.js                            0.37 kB │ gzip:   0.28 kB
dist/assets/rotate-ccw-C8DuxK3Y.js                      0.37 kB │ gzip:   0.29 kB
dist/assets/circle-x-BKmv0VhJ.js                        0.38 kB │ gzip:   0.28 kB
dist/assets/Dashboard-CfSf_rch.js                       0.38 kB │ gzip:   0.26 kB
dist/assets/Dashboard-CHnET6PD.js                       0.38 kB │ gzip:   0.26 kB
dist/assets/mail-CWqpj8Yb.js                            0.39 kB │ gzip:   0.31 kB
dist/assets/upload-BTtoI7Xg.js                          0.40 kB │ gzip:   0.30 kB
dist/assets/log-in-87U0Gj_A.js                          0.40 kB │ gzip:   0.29 kB
dist/assets/message-square-XTE-7jgB.js                  0.41 kB │ gzip:   0.31 kB
dist/assets/globe-95O8RPAn.js                           0.41 kB │ gzip:   0.30 kB
dist/assets/message-circle-TpGqZs3S.js                  0.41 kB │ gzip:   0.32 kB
dist/assets/circle-alert-BypR0ivJ.js                    0.42 kB │ gzip:   0.30 kB
dist/assets/funnel-ueExLkt9.js                          0.42 kB │ gzip:   0.32 kB
dist/assets/map-pin-Ch9tXby5.js                         0.43 kB │ gzip:   0.33 kB
dist/assets/calendar-ChjH9xzs.js                        0.43 kB │ gzip:   0.31 kB
dist/assets/pencil-ClTXAtNq.js                          0.45 kB │ gzip:   0.33 kB
dist/assets/shield-check-CsbDzZ0x.js                    0.49 kB │ gzip:   0.35 kB
dist/assets/phone-hLhect9J.js                           0.50 kB │ gzip:   0.33 kB
dist/assets/sparkles-DE_Orn3W.js                        0.67 kB │ gzip:   0.39 kB
dist/assets/CkEditor-BVW2DZdq.js                        0.85 kB │ gzip:   0.53 kB
dist/assets/InfoBox-CGc0zu1V.js                         0.86 kB │ gzip:   0.43 kB
dist/assets/Tabs-D6nuEw36.js                            1.23 kB │ gzip:   0.65 kB
dist/assets/ToggleChips-Dx_v9Vm7.js                     1.68 kB │ gzip:   0.83 kB
dist/assets/topCards-D6Ln6Pmu.js                        1.71 kB │ gzip:   0.75 kB
dist/assets/ImageUploader-D2dGF3e6.js                   1.92 kB │ gzip:   0.92 kB
dist/assets/ForgotPassword-CzsCjcym.js                  2.14 kB │ gzip:   1.07 kB
dist/assets/FilterDrawer-gsige5MV.js                    2.26 kB │ gzip:   0.96 kB
dist/assets/FounderThankYou-DQkepH1k.js                 2.29 kB │ gzip:   1.11 kB
dist/assets/ResetPassword-xa_F7iiK.js                   2.37 kB │ gzip:   1.05 kB
dist/assets/InvestorThankYou-DJv_dPnh.js                2.42 kB │ gzip:   1.18 kB
dist/assets/MultipleImageUploader-CMRIlVIK.js           2.61 kB │ gzip:   1.14 kB
dist/assets/index-DAyny755.js                           2.72 kB │ gzip:   1.23 kB
dist/assets/AuthCallback-CjmUhbn9.js                    2.73 kB │ gzip:   1.30 kB
dist/assets/toolbar-CVMPpSZ0.js                         2.92 kB │ gzip:   1.19 kB
dist/assets/WebinarBanner-DojvXctg.js                   2.98 kB │ gzip:   1.13 kB
dist/assets/index-BCsQQElI.js                           3.11 kB │ gzip:   1.48 kB
dist/assets/supabase-bulk-emails-unDllPWo.js            3.14 kB │ gzip:   1.12 kB
dist/assets/index-BWHQSy3e.js                           3.24 kB │ gzip:   1.62 kB
dist/assets/index-BKLhpSBe.js                           3.31 kB │ gzip:   1.61 kB
dist/assets/index-Dug2NwzC.js                           3.44 kB │ gzip:   1.64 kB
dist/assets/index-D-hKNHns.js                           3.48 kB │ gzip:   1.67 kB
dist/assets/index-CCYDri1x.js                           3.84 kB │ gzip:   1.89 kB
dist/assets/index-D5RN3JJj.js                           3.85 kB │ gzip:   1.89 kB
dist/assets/index-C8iRfqmS.js                           3.97 kB │ gzip:   1.57 kB
dist/assets/index-BgRelU_J.js                           4.19 kB │ gzip:   1.86 kB
dist/assets/index-BI7MexFR.js                           4.39 kB │ gzip:   1.93 kB
dist/assets/ContactSupport-C5ked98R.js                  4.66 kB │ gzip:   1.94 kB
dist/assets/Stepper-B63cAbGP.js                         4.66 kB │ gzip:   2.02 kB
dist/assets/Login-D5UzGTR_.js                           4.77 kB │ gzip:   1.96 kB
dist/assets/index-E0fHGljR.js                           5.04 kB │ gzip:   2.16 kB
dist/assets/CreateBlog-DiUI0_QU.js                      5.16 kB │ gzip:   2.20 kB
dist/assets/AllBlogs-C3uTCzmf.js                        5.18 kB │ gzip:   2.09 kB
dist/assets/SelectRole-DFh9ZJka.js                      5.67 kB │ gzip:   2.40 kB
dist/assets/VerifyUserEmail-CytKrbuP.js                 5.88 kB │ gzip:   2.11 kB
dist/assets/EditBlog-CSir7Jjj.js                        6.04 kB │ gzip:   2.59 kB
dist/assets/Profile-BmluGHdx.js                         6.82 kB │ gzip:   2.17 kB
dist/assets/SignUp-D0q7e1rm.js                          6.86 kB │ gzip:   2.59 kB
dist/assets/ViewRemindersModal-yI6SLmGR.js              6.92 kB │ gzip:   2.55 kB
dist/assets/index-ClYspZYI.js                           7.82 kB │ gzip:   3.18 kB
dist/assets/index-CzELeTRa.js                           9.20 kB │ gzip:   3.80 kB
dist/assets/index-I1ZlFznx.js                           9.81 kB │ gzip:   3.62 kB
dist/assets/businessProposalCard-CT9v39r4.js            9.97 kB │ gzip:   3.35 kB
dist/assets/index-D1VZtDr0.js                           9.97 kB │ gzip:   3.23 kB
dist/assets/Header-Cqr_eFJY.js                         11.34 kB │ gzip:   3.43 kB
dist/assets/table-DbpS6cYQ.js                          12.01 kB │ gzip:   3.74 kB
dist/assets/SimplifiedProfile-Dwnd3BOH.js              13.42 kB │ gzip:   3.56 kB
dist/assets/index-qPc-btsw.js                          15.68 kB │ gzip:   4.83 kB
dist/assets/CreateNewBatch-CQi8zDL3.js                 16.81 kB │ gzip:   4.55 kB
dist/assets/EditFounder-Doj-wJ8T.js                    18.00 kB │ gzip:   4.37 kB
dist/assets/index-CzKTLWeN.js                          18.47 kB │ gzip:   5.95 kB
dist/assets/EditInvestor-Dd6B_hCK.js                   18.98 kB │ gzip:   4.64 kB
dist/assets/index-C2diqohM.js                          20.15 kB │ gzip:   6.63 kB
dist/assets/index-Btoj3L9C.js                          20.39 kB │ gzip:   6.55 kB
dist/assets/index-DarV5XHO.js                          21.26 kB │ gzip:   5.58 kB
dist/assets/BlogDetail-Crnn6srr.js                     22.13 kB │ gzip:   9.02 kB
dist/assets/index--AYnLRpo.js                          22.32 kB │ gzip:   6.61 kB
dist/assets/index-FuXb2k0k.js                          23.38 kB │ gzip:   7.40 kB
dist/assets/ViewBusinessProposal-DXDda-rd.js           25.91 kB │ gzip:   6.37 kB
dist/assets/Landing-BbzRw3wb.js                       151.03 kB │ gzip:  53.09 kB
dist/assets/xlsx-DGuHH-KN.js                          429.49 kB │ gzip: 143.07 kB
dist/assets/index-Cb0aB9Ym.js                         616.00 kB │ gzip: 165.70 kB
dist/assets/index-DukVEWlP.js                       2,812.81 kB │ gzip: 751.89 kB

(!) Some chunks are larger than 1500 kB after minification. Consider:
- Using dynamic import() to code-split the application
- Use build.rollupOptions.output.manualChunks to improve chunking: https://rollupjs.org/configuration-options/#output-manualchunks
- Adjust chunk size limit for this warning via build.chunkSizeWarningLimit.
✓ built in 18.27s
Packaging build...
  adding: favicon.ico (deflated 13%)
  adding: assets/ (stored 0%)
  adding: assets/irfanMalikBg-D4osmO_C.jpg (deflated 1%)
  adding: assets/meerGreenJacket-ykCKR2uN.png (deflated 0%)
  adding: assets/meerShinyDress-C8scZpYx.webp (deflated 0%)
  adding: assets/shakeelBg-NX99JDrP.jpg (deflated 0%)
  adding: assets/wasimAkramBg-D4BFEYu1.png (deflated 0%)
  adding: assets/akhtar-qLBVRLf-.jpg (deflated 1%)
  adding: assets/arabic-BElshnQY.jpg (deflated 0%)
  adding: assets/dubai-Bmqq4ymj.jpg (deflated 0%)
  adding: assets/fahad-CnovJc60.jpg (deflated 0%)
  adding: assets/salman-DD3Zraly.jpg (deflated 0%)
  adding: assets/tech-BdWyL5Pa.jpg (deflated 0%)
  adding: assets/placeholderMan-BvremNML.png (deflated 3%)
  adding: assets/wasim-ETjjiRaD.jpg (deflated 0%)
  adding: assets/Fav-BPcykgsi.png (deflated 5%)
  adding: assets/bhp-webinar-banner-4Y66DNfq.webp (deflated 1%)
  adding: assets/MainLogo-DJpFhlQE.png (deflated 4%)
  adding: assets/goldenCheck-CnSHOmXW.webp (stored 0%)
  adding: assets/verifiedBadge-CrcJq1tD.webp (deflated 1%)
  adding: assets/tower2-LuqAcWCu.jpg (deflated 2%)
  adding: assets/tower3-DpFzgoGy.jpg (deflated 0%)
  adding: assets/tower-gldBe0jJ.webp (deflated 0%)
  adding: assets/proposal2-B9XZZX50.webp (deflated 3%)
  adding: assets/proposal3-fxAFZeku.webp (deflated 1%)
  adding: assets/proposal5-DItum-r7.webp (deflated 4%)
  adding: assets/proposal6-wLmvSjqd.webp (deflated 0%)
  adding: assets/rectanglePlaceholder-nCbViREl.png (deflated 31%)
  adding: assets/handShake-Dk1DoagP.webp (deflated 0%)
  adding: assets/bhp-webinar-banner-mobile-3Qas_qJl.svg (deflated 25%)
  adding: assets/proposal1-D37fvLUu.webp (deflated 1%)
  adding: assets/proposal4-CZk7QC75.webp (deflated 1%)
  adding: assets/wasimAkram-CBOcRO9q.png (deflated 1%)
  adding: assets/index-x7RUDbD1.css (deflated 86%)
  adding: assets/BlogDetail-oNXnMkFG.css (deflated 62%)
  adding: assets/style-DpsRipQV.css (deflated 78%)
  adding: assets/index-DukVEWlP.js (deflated 73%)
  adding: assets/xlsx-DGuHH-KN.js (deflated 67%)
  adding: assets/Landing-BbzRw3wb.js (deflated 65%)
  adding: assets/BlogDetail-Crnn6srr.js (deflated 60%)
  adding: assets/AllBlogs-C3uTCzmf.js (deflated 60%)
  adding: assets/index-BWHQSy3e.js (deflated 50%)
  adding: assets/index-BCsQQElI.js (deflated 53%)
  adding: assets/index-Dug2NwzC.js (deflated 53%)
  adding: assets/index-BKLhpSBe.js (deflated 52%)
  adding: assets/Header-Cqr_eFJY.js (deflated 70%)
  adding: assets/SignUp-D0q7e1rm.js (deflated 63%)
  adding: assets/ForgotPassword-CzsCjcym.js (deflated 51%)
  adding: assets/VerifyUserEmail-CytKrbuP.js (deflated 64%)
  adding: assets/ResetPassword-xa_F7iiK.js (deflated 56%)
  adding: assets/ContactSupport-C5ked98R.js (deflated 59%)
  adding: assets/AuthCallback-CjmUhbn9.js (deflated 53%)
  adding: assets/SelectRole-DFh9ZJka.js (deflated 58%)
  adding: assets/InvestorThankYou-DJv_dPnh.js (deflated 51%)
  adding: assets/FounderThankYou-DQkepH1k.js (deflated 52%)
  adding: assets/arrow-right-BjdX4Bjq.js (deflated 26%)
  adding: assets/Login-D5UzGTR_.js (deflated 59%)
  adding: assets/Profile-BmluGHdx.js (deflated 68%)
  adding: assets/index-ClYspZYI.js (deflated 60%)
  adding: assets/index-FuXb2k0k.js (deflated 68%)
  adding: assets/EditInvestor-Dd6B_hCK.js (deflated 76%)
  adding: assets/index-Btoj3L9C.js (deflated 68%)
  adding: assets/ViewRemindersModal-yI6SLmGR.js (deflated 63%)
  adding: assets/EditFounder-Doj-wJ8T.js (deflated 76%)
  adding: assets/index-CzELeTRa.js (deflated 59%)
  adding: assets/index-C2diqohM.js (deflated 67%)
  adding: assets/log-in-87U0Gj_A.js (deflated 31%)
  adding: assets/pencil-ClTXAtNq.js (deflated 31%)
  adding: assets/index-CzKTLWeN.js (deflated 68%)
  adding: assets/ViewBusinessProposal-DXDda-rd.js (deflated 75%)
  adding: assets/circle-check-lQEeLX7N.js (deflated 27%)
  adding: assets/index--AYnLRpo.js (deflated 70%)
  adding: assets/index-D1VZtDr0.js (deflated 68%)
  adding: assets/index-DAyny755.js (deflated 54%)
  adding: assets/mail-CWqpj8Yb.js (deflated 25%)
  adding: assets/phone-hLhect9J.js (deflated 36%)
  adding: assets/map-pin-Ch9tXby5.js (deflated 28%)
  adding: assets/shield-check-CsbDzZ0x.js (deflated 32%)
  adding: assets/sparkles-DE_Orn3W.js (deflated 45%)
  adding: assets/trending-up-Bz6s0l3m.js (deflated 25%)
  adding: assets/globe-95O8RPAn.js (deflated 32%)
  adding: assets/blogs-ChqPogSE.js (stored 0%)
  adding: assets/calendar-ChjH9xzs.js (deflated 33%)
  adding: assets/index-D-hKNHns.js (deflated 53%)
  adding: assets/message-circle-TpGqZs3S.js (deflated 28%)
  adding: assets/arrow-left-B_r6eHVG.js (deflated 25%)
  adding: assets/InfoBox-CGc0zu1V.js (deflated 51%)
  adding: assets/info-1FgT1nJ_.js (deflated 29%)
  adding: assets/circle-alert-BypR0ivJ.js (deflated 35%)
  adding: assets/index-Cb0aB9Ym.js (deflated 73%)
  adding: assets/topCards-D6Ln6Pmu.js (deflated 57%)
  adding: assets/WebinarBanner-DojvXctg.js (deflated 63%)
  adding: assets/ImageUploader-D2dGF3e6.js (deflated 53%)
  adding: assets/upload-BTtoI7Xg.js (deflated 30%)
  adding: assets/table-DbpS6cYQ.js (deflated 69%)
  adding: assets/toolbar-CVMPpSZ0.js (deflated 60%)
  adding: assets/useDebounce-CvcDMWRg.js (deflated 22%)
  adding: assets/message-square-XTE-7jgB.js (deflated 29%)
  adding: assets/funnel-ueExLkt9.js (deflated 30%)
  adding: assets/FilterDrawer-gsige5MV.js (deflated 58%)
  adding: assets/rotate-ccw-C8DuxK3Y.js (deflated 27%)
  adding: assets/ToggleChips-Dx_v9Vm7.js (deflated 52%)
  adding: assets/circle-x-BKmv0VhJ.js (deflated 30%)
  adding: assets/ban-CEv-kc5P.js (deflated 26%)
  adding: assets/plus-DnNU9SWI.js (deflated 27%)
  adding: assets/Tabs-D6nuEw36.js (deflated 49%)
  adding: assets/businessProposalCard-CT9v39r4.js (deflated 67%)
  adding: assets/Stepper-B63cAbGP.js (deflated 57%)
  adding: assets/MultipleImageUploader-CMRIlVIK.js (deflated 57%)
  adding: assets/supabase-bulk-emails-unDllPWo.js (deflated 65%)
  adding: assets/CreateNewBatch-CQi8zDL3.js (deflated 73%)
  adding: assets/CkEditor-BVW2DZdq.js (deflated 40%)
  adding: assets/index-E0fHGljR.js (deflated 58%)
  adding: assets/CreateBlog-DiUI0_QU.js (deflated 58%)
  adding: assets/EditBlog-CSir7Jjj.js (deflated 57%)
  adding: assets/index-qPc-btsw.js (deflated 69%)
  adding: assets/Dashboard-CHnET6PD.js (deflated 37%)
  adding: assets/SimplifiedProfile-Dwnd3BOH.js (deflated 74%)
  adding: assets/index-CCYDri1x.js (deflated 51%)
  adding: assets/index-BI7MexFR.js (deflated 56%)
  adding: assets/index-C8iRfqmS.js (deflated 61%)
  adding: assets/index-BgRelU_J.js (deflated 56%)
  adding: assets/Dashboard-CfSf_rch.js (deflated 37%)
  adding: assets/index-DarV5XHO.js (deflated 74%)
  adding: assets/index-I1ZlFznx.js (deflated 63%)
  adding: assets/index-D5RN3JJj.js (deflated 51%)
  adding: index.html (deflated 52%)
Saving Lightsail SSH key...
Uploading build to Lightsail...
Warning: Permanently added '15.207.22.250' (ED25519) to the list of known hosts.
Deploying build to /var/www/html ...
Archive:  /home/ubuntu/react-build.zip
  inflating: /var/www/html/favicon.ico  
   creating: /var/www/html/assets/
  inflating: /var/www/html/assets/irfanMalikBg-D4osmO_C.jpg  
  inflating: /var/www/html/assets/meerGreenJacket-ykCKR2uN.png  
  inflating: /var/www/html/assets/meerShinyDress-C8scZpYx.webp  
  inflating: /var/www/html/assets/shakeelBg-NX99JDrP.jpg  
  inflating: /var/www/html/assets/wasimAkramBg-D4BFEYu1.png  
  inflating: /var/www/html/assets/akhtar-qLBVRLf-.jpg  
  inflating: /var/www/html/assets/arabic-BElshnQY.jpg  
  inflating: /var/www/html/assets/dubai-Bmqq4ymj.jpg  
  inflating: /var/www/html/assets/fahad-CnovJc60.jpg  
  inflating: /var/www/html/assets/salman-DD3Zraly.jpg  
  inflating: /var/www/html/assets/tech-BdWyL5Pa.jpg  
  inflating: /var/www/html/assets/placeholderMan-BvremNML.png  
  inflating: /var/www/html/assets/wasim-ETjjiRaD.jpg  
  inflating: /var/www/html/assets/Fav-BPcykgsi.png  
  inflating: /var/www/html/assets/bhp-webinar-banner-4Y66DNfq.webp  
  inflating: /var/www/html/assets/MainLogo-DJpFhlQE.png  
 extracting: /var/www/html/assets/goldenCheck-CnSHOmXW.webp  
  inflating: /var/www/html/assets/verifiedBadge-CrcJq1tD.webp  
  inflating: /var/www/html/assets/tower2-LuqAcWCu.jpg  
  inflating: /var/www/html/assets/tower3-DpFzgoGy.jpg  
  inflating: /var/www/html/assets/tower-gldBe0jJ.webp  
  inflating: /var/www/html/assets/proposal2-B9XZZX50.webp  
  inflating: /var/www/html/assets/proposal3-fxAFZeku.webp  
  inflating: /var/www/html/assets/proposal5-DItum-r7.webp  
  inflating: /var/www/html/assets/proposal6-wLmvSjqd.webp  
  inflating: /var/www/html/assets/rectanglePlaceholder-nCbViREl.png  
  inflating: /var/www/html/assets/handShake-Dk1DoagP.webp  
  inflating: /var/www/html/assets/bhp-webinar-banner-mobile-3Qas_qJl.svg  
  inflating: /var/www/html/assets/proposal1-D37fvLUu.webp  
  inflating: /var/www/html/assets/proposal4-CZk7QC75.webp  
  inflating: /var/www/html/assets/wasimAkram-CBOcRO9q.png  
  inflating: /var/www/html/assets/index-x7RUDbD1.css  
  inflating: /var/www/html/assets/BlogDetail-oNXnMkFG.css  
  inflating: /var/www/html/assets/style-DpsRipQV.css  
  inflating: /var/www/html/assets/index-DukVEWlP.js  
  inflating: /var/www/html/assets/xlsx-DGuHH-KN.js  
  inflating: /var/www/html/assets/Landing-BbzRw3wb.js  
  inflating: /var/www/html/assets/BlogDetail-Crnn6srr.js  
  inflating: /var/www/html/assets/AllBlogs-C3uTCzmf.js  
  inflating: /var/www/html/assets/index-BWHQSy3e.js  
  inflating: /var/www/html/assets/index-BCsQQElI.js  
  inflating: /var/www/html/assets/index-Dug2NwzC.js  
  inflating: /var/www/html/assets/index-BKLhpSBe.js  
  inflating: /var/www/html/assets/Header-Cqr_eFJY.js  
  inflating: /var/www/html/assets/SignUp-D0q7e1rm.js  
  inflating: /var/www/html/assets/ForgotPassword-CzsCjcym.js  
  inflating: /var/www/html/assets/VerifyUserEmail-CytKrbuP.js  
  inflating: /var/www/html/assets/ResetPassword-xa_F7iiK.js  
  inflating: /var/www/html/assets/ContactSupport-C5ked98R.js  
  inflating: /var/www/html/assets/AuthCallback-CjmUhbn9.js  
  inflating: /var/www/html/assets/SelectRole-DFh9ZJka.js  
  inflating: /var/www/html/assets/InvestorThankYou-DJv_dPnh.js  
  inflating: /var/www/html/assets/FounderThankYou-DQkepH1k.js  
  inflating: /var/www/html/assets/arrow-right-BjdX4Bjq.js  
  inflating: /var/www/html/assets/Login-D5UzGTR_.js  
  inflating: /var/www/html/assets/Profile-BmluGHdx.js  
  inflating: /var/www/html/assets/index-ClYspZYI.js  
  inflating: /var/www/html/assets/index-FuXb2k0k.js  
  inflating: /var/www/html/assets/EditInvestor-Dd6B_hCK.js  
  inflating: /var/www/html/assets/index-Btoj3L9C.js  
  inflating: /var/www/html/assets/ViewRemindersModal-yI6SLmGR.js  
  inflating: /var/www/html/assets/EditFounder-Doj-wJ8T.js  
  inflating: /var/www/html/assets/index-CzELeTRa.js  
  inflating: /var/www/html/assets/index-C2diqohM.js  
  inflating: /var/www/html/assets/log-in-87U0Gj_A.js  
  inflating: /var/www/html/assets/pencil-ClTXAtNq.js  
  inflating: /var/www/html/assets/index-CzKTLWeN.js  
  inflating: /var/www/html/assets/ViewBusinessProposal-DXDda-rd.js  
  inflating: /var/www/html/assets/circle-check-lQEeLX7N.js  
  inflating: /var/www/html/assets/index--AYnLRpo.js  
  inflating: /var/www/html/assets/index-D1VZtDr0.js  
  inflating: /var/www/html/assets/index-DAyny755.js  
  inflating: /var/www/html/assets/mail-CWqpj8Yb.js  
  inflating: /var/www/html/assets/phone-hLhect9J.js  
  inflating: /var/www/html/assets/map-pin-Ch9tXby5.js  
  inflating: /var/www/html/assets/shield-check-CsbDzZ0x.js  
  inflating: /var/www/html/assets/sparkles-DE_Orn3W.js  
  inflating: /var/www/html/assets/trending-up-Bz6s0l3m.js  
  inflating: /var/www/html/assets/globe-95O8RPAn.js  
 extracting: /var/www/html/assets/blogs-ChqPogSE.js  
  inflating: /var/www/html/assets/calendar-ChjH9xzs.js  
  inflating: /var/www/html/assets/index-D-hKNHns.js  
  inflating: /var/www/html/assets/message-circle-TpGqZs3S.js  
  inflating: /var/www/html/assets/arrow-left-B_r6eHVG.js  
  inflating: /var/www/html/assets/InfoBox-CGc0zu1V.js  
  inflating: /var/www/html/assets/info-1FgT1nJ_.js  
  inflating: /var/www/html/assets/circle-alert-BypR0ivJ.js  
  inflating: /var/www/html/assets/index-Cb0aB9Ym.js  
  inflating: /var/www/html/assets/topCards-D6Ln6Pmu.js  
  inflating: /var/www/html/assets/WebinarBanner-DojvXctg.js  
  inflating: /var/www/html/assets/ImageUploader-D2dGF3e6.js  
  inflating: /var/www/html/assets/upload-BTtoI7Xg.js  
  inflating: /var/www/html/assets/table-DbpS6cYQ.js  
  inflating: /var/www/html/assets/toolbar-CVMPpSZ0.js  
  inflating: /var/www/html/assets/useDebounce-CvcDMWRg.js  
  inflating: /var/www/html/assets/message-square-XTE-7jgB.js  
  inflating: /var/www/html/assets/funnel-ueExLkt9.js  
  inflating: /var/www/html/assets/FilterDrawer-gsige5MV.js  
  inflating: /var/www/html/assets/rotate-ccw-C8DuxK3Y.js  
  inflating: /var/www/html/assets/ToggleChips-Dx_v9Vm7.js  
  inflating: /var/www/html/assets/circle-x-BKmv0VhJ.js  
  inflating: /var/www/html/assets/ban-CEv-kc5P.js  
  inflating: /var/www/html/assets/plus-DnNU9SWI.js  
  inflating: /var/www/html/assets/Tabs-D6nuEw36.js  
  inflating: /var/www/html/assets/businessProposalCard-CT9v39r4.js  
  inflating: /var/www/html/assets/Stepper-B63cAbGP.js  
  inflating: /var/www/html/assets/MultipleImageUploader-CMRIlVIK.js  
  inflating: /var/www/html/assets/supabase-bulk-emails-unDllPWo.js  
  inflating: /var/www/html/assets/CreateNewBatch-CQi8zDL3.js  
  inflating: /var/www/html/assets/CkEditor-BVW2DZdq.js  
  inflating: /var/www/html/assets/index-E0fHGljR.js  
  inflating: /var/www/html/assets/CreateBlog-DiUI0_QU.js  
  inflating: /var/www/html/assets/EditBlog-CSir7Jjj.js  
  inflating: /var/www/html/assets/index-qPc-btsw.js  
  inflating: /var/www/html/assets/Dashboard-CHnET6PD.js  
  inflating: /var/www/html/assets/SimplifiedProfile-Dwnd3BOH.js  
  inflating: /var/www/html/assets/index-CCYDri1x.js  
  inflating: /var/www/html/assets/index-BI7MexFR.js  
  inflating: /var/www/html/assets/index-C8iRfqmS.js  
  inflating: /var/www/html/assets/index-BgRelU_J.js  
  inflating: /var/www/html/assets/Dashboard-CfSf_rch.js  
  inflating: /var/www/html/assets/index-DarV5XHO.js  
  inflating: /var/www/html/assets/index-I1ZlFznx.js  
  inflating: /var/www/html/assets/index-D5RN3JJj.js  
  inflating: /var/www/html/index.html  
Saving Git logs repo SSH key...
Testing GitHub SSH key...
Cloning deployment-logs repo...
Cloning into 'logs-repo'...
