Installing dependencies...
npm warn deprecated w3c-hr-time@1.0.2: Use your platform's native performance.now() and performance.timeOrigin.
npm warn deprecated domexception@2.0.1: Use your platform's native DOMException instead
npm warn deprecated abab@2.0.6: Use your platform's native atob() and btoa() methods instead

> the-business-hub-pakistan@0.0.0 prepare
> husky

.git can't be found
added 1807 packages, and audited 1808 packages in 5m

253 packages are looking for funding
  run `npm fund` for details

70 vulnerabilities (67 moderate, 3 high)

To address issues that do not require attention, run:
  npm audit fix

To address all issues possible (including breaking changes), run:
  npm audit fix --force

Some issues need review, and may require choosing
a different dependency.

Run `npm audit` for details.
Building React app...

> the-business-hub-pakistan@0.0.0 build
> vite build

vite v7.1.11 building for production...
transforming...
✓ 3078 modules transformed.
rendering chunks...
computing gzip size...
dist/index.html                                    2.18 kB │ gzip:   1.05 kB
dist/assets/verifiedBadge-CrcJq1tD.webp           10.83 kB
dist/assets/rectanglePlaceholder-nCbViREl.png     11.85 kB
dist/assets/goldenCheck-CnSHOmXW.webp             13.45 kB
dist/assets/irfanMalikBg-D4osmO_C.jpg             24.66 kB
dist/assets/proposal6-wLmvSjqd.webp               28.15 kB
dist/assets/placeholderMan-BvremNML.png           36.64 kB
dist/assets/handShake-Dk1DoagP.webp               65.18 kB
dist/assets/tower-gldBe0jJ.webp                   66.16 kB
dist/assets/tower2-LuqAcWCu.jpg                   72.52 kB
dist/assets/shakeelBg-NX99JDrP.jpg               143.15 kB
dist/assets/MainLogo-DJpFhlQE.png                144.86 kB
dist/assets/Fav-BPcykgsi.png                     147.34 kB
dist/assets/akhtar-qLBVRLf-.jpg                  173.92 kB
dist/assets/proposal5-DItum-r7.webp              174.24 kB
dist/assets/tower3-DpFzgoGy.jpg                  175.56 kB
dist/assets/proposal2-B9XZZX50.webp              192.62 kB
dist/assets/meerShinyDress-C8scZpYx.webp         229.68 kB
dist/assets/meerGreenJacket-ykCKR2uN.png         230.19 kB
dist/assets/arabic-BElshnQY.jpg                  238.42 kB
dist/assets/wasim-ETjjiRaD.jpg                   242.26 kB
dist/assets/salman-DD3Zraly.jpg                  255.18 kB
dist/assets/fahad-CnovJc60.jpg                   278.62 kB
dist/assets/tech-BdWyL5Pa.jpg                    281.71 kB
dist/assets/dubai-Bmqq4ymj.jpg                   311.77 kB
dist/assets/wasimAkramBg-D4BFEYu1.png            313.57 kB
dist/assets/proposal3-fxAFZeku.webp              445.47 kB
dist/assets/proposal4-CZk7QC75.webp              542.86 kB
dist/assets/proposal1-D37fvLUu.webp              779.05 kB
dist/assets/wasimAkram-CBOcRO9q.png            4,488.96 kB
dist/assets/BlogDetail-oNXnMkFG.css                0.63 kB │ gzip:   0.26 kB
dist/assets/style-DpsRipQV.css                     3.23 kB │ gzip:   0.73 kB
dist/assets/index-BcXEdFNm.css                   154.15 kB │ gzip:  20.74 kB
dist/assets/blogs-ChqPogSE.js                      0.04 kB │ gzip:   0.06 kB
dist/assets/useDebounce-fmwMtW_M.js                0.19 kB │ gzip:   0.17 kB
dist/assets/plus-B5W16ZlE.js                       0.33 kB │ gzip:   0.25 kB
dist/assets/arrow-right-CfXtNRnN.js                0.34 kB │ gzip:   0.27 kB
dist/assets/arrow-left-Ch7d9Mt8.js                 0.34 kB │ gzip:   0.27 kB
dist/assets/circle-check-BQm7IZz0.js               0.35 kB │ gzip:   0.27 kB
dist/assets/trending-up-ru7AIDit.js                0.35 kB │ gzip:   0.28 kB
dist/assets/ban-Cf6appS_.js                        0.35 kB │ gzip:   0.28 kB
dist/assets/info-DxANsciz.js                       0.37 kB │ gzip:   0.28 kB
dist/assets/rotate-ccw-CYzmM7wm.js                 0.37 kB │ gzip:   0.29 kB
dist/assets/circle-x-DTkDBN2Y.js                   0.38 kB │ gzip:   0.28 kB
dist/assets/mail-BfVNTPVv.js                       0.39 kB │ gzip:   0.31 kB
dist/assets/target-CNG1zElV.js                     0.39 kB │ gzip:   0.27 kB
dist/assets/upload-BiOv1ONL.js                     0.40 kB │ gzip:   0.30 kB
dist/assets/log-in-GUaGgJHE.js                     0.40 kB │ gzip:   0.29 kB
dist/assets/message-square-Bjz8-Huj.js             0.41 kB │ gzip:   0.31 kB
dist/assets/globe-3bJZ36jh.js                      0.41 kB │ gzip:   0.29 kB
dist/assets/message-circle-DnLprucm.js             0.41 kB │ gzip:   0.32 kB
dist/assets/circle-alert-BLjRAEJM.js               0.42 kB │ gzip:   0.29 kB
dist/assets/funnel-CegxpgHp.js                     0.42 kB │ gzip:   0.31 kB
dist/assets/map-pin-mpHjxCn3.js                    0.43 kB │ gzip:   0.33 kB
dist/assets/calendar-BteIBy2Z.js                   0.43 kB │ gzip:   0.31 kB
dist/assets/pencil-CsmFdqha.js                     0.45 kB │ gzip:   0.33 kB
dist/assets/shield-check-DS8_ZrlS.js               0.49 kB │ gzip:   0.35 kB
dist/assets/phone-yIyv_Yit.js                      0.50 kB │ gzip:   0.33 kB
dist/assets/sparkles-DSEqe0Si.js                   0.67 kB │ gzip:   0.39 kB
dist/assets/CkEditor-BygMxFpR.js                   0.85 kB │ gzip:   0.53 kB
dist/assets/InfoBox-Y762Scg9.js                    0.86 kB │ gzip:   0.43 kB
dist/assets/Tabs-BZ7de-78.js                       1.23 kB │ gzip:   0.65 kB
dist/assets/ToggleChips-DkTDNdXm.js                1.68 kB │ gzip:   0.83 kB
dist/assets/topCards-CMNQOotc.js                   1.71 kB │ gzip:   0.75 kB
dist/assets/ImageUploader-gLzAgwea.js              1.92 kB │ gzip:   0.93 kB
dist/assets/ForgotPassword-CyXo38KX.js             2.14 kB │ gzip:   1.08 kB
dist/assets/FilterDrawer-CyZ4YAyj.js               2.26 kB │ gzip:   0.96 kB
dist/assets/FounderThankYou-BjTXBCLK.js            2.29 kB │ gzip:   1.11 kB
dist/assets/ResetPassword-wE6vP5jr.js              2.37 kB │ gzip:   1.06 kB
dist/assets/InvestorThankYou-B2SidLFn.js           2.42 kB │ gzip:   1.18 kB
dist/assets/MultipleImageUploader-DLifUQyu.js      2.61 kB │ gzip:   1.14 kB
dist/assets/AuthCallback-CYHztImq.js               2.68 kB │ gzip:   1.29 kB
dist/assets/index-BoUhAsCt.js                      2.72 kB │ gzip:   1.22 kB
dist/assets/toolbar-DEj1ONlH.js                    2.92 kB │ gzip:   1.19 kB
dist/assets/index-7rG_Pfi4.js                      3.11 kB │ gzip:   1.48 kB
dist/assets/supabase-bulk-emails-DABE1s2Q.js       3.14 kB │ gzip:   1.12 kB
dist/assets/index-DzUH0ZAA.js                      3.24 kB │ gzip:   1.62 kB
dist/assets/index-BlYGlzIq.js                      3.31 kB │ gzip:   1.61 kB
dist/assets/index-BDEY1Ids.js                      3.44 kB │ gzip:   1.64 kB
dist/assets/index-BCW673Yk.js                      3.48 kB │ gzip:   1.67 kB
dist/assets/index-BcseFNrw.js                      3.84 kB │ gzip:   1.89 kB
dist/assets/index-BPCeHdQ3.js                      3.85 kB │ gzip:   1.89 kB
dist/assets/index-CXbjr0bA.js                      3.97 kB │ gzip:   1.57 kB
dist/assets/index-ya32auST.js                      4.00 kB │ gzip:   1.80 kB
dist/assets/index-Bxoh373x.js                      4.19 kB │ gzip:   1.87 kB
dist/assets/ContactSupport-BDKPJO0f.js             4.66 kB │ gzip:   1.94 kB
dist/assets/Stepper-Bk8pDGRG.js                    4.66 kB │ gzip:   2.02 kB
dist/assets/Login-2PiYWUqK.js                      4.79 kB │ gzip:   1.98 kB
dist/assets/index-DV1HW_zD.js                      5.04 kB │ gzip:   2.16 kB
dist/assets/CreateBlog-WCFNEQCO.js                 5.16 kB │ gzip:   2.20 kB
dist/assets/AllBlogs-QnVziwtU.js                   5.18 kB │ gzip:   2.09 kB
dist/assets/Dashboard-qUraMlFl.js                  5.36 kB │ gzip:   1.82 kB
dist/assets/SelectRole-4auSqJif.js                 5.69 kB │ gzip:   2.40 kB
dist/assets/VerifyUserEmail-CgETb4CL.js            5.88 kB │ gzip:   2.11 kB
dist/assets/EditBlog-R8CilXin.js                   6.04 kB │ gzip:   2.59 kB
dist/assets/Dashboard-C57-a9SN.js                  6.35 kB │ gzip:   1.65 kB
dist/assets/Profile-t5HeVCxC.js                    6.82 kB │ gzip:   2.17 kB
dist/assets/SignUp-foiLnJWO.js                     6.88 kB │ gzip:   2.60 kB
dist/assets/ViewRemindersModal-DrQyXAHn.js         6.92 kB │ gzip:   2.55 kB
dist/assets/index-DYrfJ9Ai.js                      7.82 kB │ gzip:   3.19 kB
dist/assets/businessProposalCard-BsVyOJDU.js       8.93 kB │ gzip:   3.02 kB
dist/assets/index-x69BO99o.js                      9.20 kB │ gzip:   3.79 kB
dist/assets/index-DZCqngQi.js                      9.74 kB │ gzip:   3.61 kB
dist/assets/index-_XRJxgXW.js                      9.97 kB │ gzip:   3.23 kB
dist/assets/Header-DYldj9EW.js                    11.28 kB │ gzip:   3.38 kB
dist/assets/table-B4SfMK_D.js                     12.01 kB │ gzip:   3.75 kB
dist/assets/SimplifiedProfile-_Pzw11mF.js         13.43 kB │ gzip:   3.56 kB
dist/assets/index-PoGkW8nm.js                     15.68 kB │ gzip:   4.84 kB
dist/assets/CreateNewBatch-DLWiBaOX.js            16.81 kB │ gzip:   4.55 kB
dist/assets/EditFounder-CNayGpOp.js               17.90 kB │ gzip:   4.33 kB
dist/assets/index-C2V31PpT.js                     18.44 kB │ gzip:   5.96 kB
dist/assets/EditInvestor-ooHUtzkB.js              18.90 kB │ gzip:   4.60 kB
dist/assets/index-LWhuSyN_.js                     20.15 kB │ gzip:   6.63 kB
dist/assets/index-DTwmdoZq.js                     20.39 kB │ gzip:   6.55 kB
dist/assets/index-BHdr61zV.js                     21.01 kB │ gzip:   6.70 kB
dist/assets/index-CV6g5CZd.js                     21.25 kB │ gzip:   5.59 kB
dist/assets/BlogDetail-CdtRhZMl.js                22.13 kB │ gzip:   9.02 kB
dist/assets/index-CwzssQXZ.js                     22.33 kB │ gzip:   6.62 kB
dist/assets/ViewBusinessProposal-CtOTxegI.js      24.37 kB │ gzip:   5.93 kB
dist/assets/Landing-Cvu9XQZv.js                  151.03 kB │ gzip:  53.08 kB
dist/assets/xlsx-DGuHH-KN.js                     429.49 kB │ gzip: 143.07 kB
dist/assets/index-CG3H8DF7.js                    608.90 kB │ gzip: 164.67 kB
dist/assets/index-CBZ8CxSE.js                  2,789.46 kB │ gzip: 744.22 kB

(!) Some chunks are larger than 1500 kB after minification. Consider:
- Using dynamic import() to code-split the application
- Use build.rollupOptions.output.manualChunks to improve chunking: https://rollupjs.org/configuration-options/#output-manualchunks
- Adjust chunk size limit for this warning via build.chunkSizeWarningLimit.
✓ built in 19.30s
Packaging build...
  adding: favicon.ico (deflated 13%)
  adding: assets/ (stored 0%)
  adding: assets/irfanMalikBg-D4osmO_C.jpg (deflated 1%)
  adding: assets/meerGreenJacket-ykCKR2uN.png (deflated 0%)
  adding: assets/meerShinyDress-C8scZpYx.webp (deflated 0%)
  adding: assets/shakeelBg-NX99JDrP.jpg (deflated 0%)
  adding: assets/wasimAkramBg-D4BFEYu1.png (deflated 0%)
  adding: assets/akhtar-qLBVRLf-.jpg (deflated 1%)
  adding: assets/arabic-BElshnQY.jpg (deflated 0%)
  adding: assets/salman-DD3Zraly.jpg (deflated 0%)
  adding: assets/tech-BdWyL5Pa.jpg (deflated 0%)
  adding: assets/placeholderMan-BvremNML.png (deflated 3%)
  adding: assets/wasim-ETjjiRaD.jpg (deflated 0%)
  adding: assets/rectanglePlaceholder-nCbViREl.png (deflated 31%)
  adding: assets/Fav-BPcykgsi.png (deflated 5%)
  adding: assets/goldenCheck-CnSHOmXW.webp (stored 0%)
  adding: assets/MainLogo-DJpFhlQE.png (deflated 4%)
  adding: assets/fahad-CnovJc60.jpg (deflated 0%)
  adding: assets/dubai-Bmqq4ymj.jpg (deflated 0%)
  adding: assets/tower-gldBe0jJ.webp (deflated 0%)
  adding: assets/handShake-Dk1DoagP.webp (deflated 0%)
  adding: assets/tower2-LuqAcWCu.jpg (deflated 2%)
  adding: assets/tower3-DpFzgoGy.jpg (deflated 0%)
  adding: assets/proposal2-B9XZZX50.webp (deflated 3%)
  adding: assets/proposal5-DItum-r7.webp (deflated 4%)
  adding: assets/proposal3-fxAFZeku.webp (deflated 1%)
  adding: assets/proposal6-wLmvSjqd.webp (deflated 0%)
  adding: assets/verifiedBadge-CrcJq1tD.webp (deflated 1%)
  adding: assets/proposal1-D37fvLUu.webp (deflated 1%)
  adding: assets/proposal4-CZk7QC75.webp (deflated 1%)
  adding: assets/wasimAkram-CBOcRO9q.png (deflated 1%)
  adding: assets/index-BcXEdFNm.css (deflated 87%)
  adding: assets/BlogDetail-oNXnMkFG.css (deflated 62%)
  adding: assets/style-DpsRipQV.css (deflated 78%)
  adding: assets/index-CBZ8CxSE.js (deflated 73%)
  adding: assets/Landing-Cvu9XQZv.js (deflated 65%)
  adding: assets/BlogDetail-CdtRhZMl.js (deflated 60%)
  adding: assets/AllBlogs-QnVziwtU.js (deflated 60%)
  adding: assets/index-DzUH0ZAA.js (deflated 51%)
  adding: assets/index-7rG_Pfi4.js (deflated 53%)
  adding: assets/index-BDEY1Ids.js (deflated 53%)
  adding: assets/index-BlYGlzIq.js (deflated 52%)
  adding: assets/Header-DYldj9EW.js (deflated 70%)
  adding: assets/SignUp-foiLnJWO.js (deflated 63%)
  adding: assets/ForgotPassword-CyXo38KX.js (deflated 51%)
  adding: assets/VerifyUserEmail-CgETb4CL.js (deflated 64%)
  adding: assets/ResetPassword-wE6vP5jr.js (deflated 56%)
  adding: assets/ContactSupport-BDKPJO0f.js (deflated 59%)
  adding: assets/AuthCallback-CYHztImq.js (deflated 52%)
  adding: assets/SelectRole-4auSqJif.js (deflated 58%)
  adding: assets/InvestorThankYou-B2SidLFn.js (deflated 51%)
  adding: assets/FounderThankYou-BjTXBCLK.js (deflated 52%)
  adding: assets/Login-2PiYWUqK.js (deflated 59%)
  adding: assets/index-BoUhAsCt.js (deflated 54%)
  adding: assets/index-CG3H8DF7.js (deflated 73%)
  adding: assets/Profile-t5HeVCxC.js (deflated 68%)
  adding: assets/index-DYrfJ9Ai.js (deflated 59%)
  adding: assets/index-BHdr61zV.js (deflated 68%)
  adding: assets/EditInvestor-ooHUtzkB.js (deflated 76%)
  adding: assets/index-DTwmdoZq.js (deflated 68%)
  adding: assets/ViewRemindersModal-DrQyXAHn.js (deflated 63%)
  adding: assets/EditFounder-CNayGpOp.js (deflated 76%)
  adding: assets/index-x69BO99o.js (deflated 59%)
  adding: assets/index-LWhuSyN_.js (deflated 67%)
  adding: assets/log-in-GUaGgJHE.js (deflated 31%)
  adding: assets/pencil-CsmFdqha.js (deflated 31%)
  adding: assets/index-C2V31PpT.js (deflated 68%)
  adding: assets/ViewBusinessProposal-CtOTxegI.js (deflated 76%)
  adding: assets/circle-check-BQm7IZz0.js (deflated 27%)
  adding: assets/index-CwzssQXZ.js (deflated 70%)
  adding: assets/index-_XRJxgXW.js (deflated 68%)
  adding: assets/CreateNewBatch-DLWiBaOX.js (deflated 73%)
  adding: assets/map-pin-mpHjxCn3.js (deflated 28%)
  adding: assets/shield-check-DS8_ZrlS.js (deflated 32%)
  adding: assets/message-circle-DnLprucm.js (deflated 28%)
  adding: assets/supabase-bulk-emails-DABE1s2Q.js (deflated 65%)
  adding: assets/arrow-right-CfXtNRnN.js (deflated 27%)
  adding: assets/mail-BfVNTPVv.js (deflated 26%)
  adding: assets/phone-yIyv_Yit.js (deflated 37%)
  adding: assets/sparkles-DSEqe0Si.js (deflated 45%)
  adding: assets/trending-up-ru7AIDit.js (deflated 26%)
  adding: assets/globe-3bJZ36jh.js (deflated 33%)
  adding: assets/blogs-ChqPogSE.js (stored 0%)
  adding: assets/calendar-BteIBy2Z.js (deflated 33%)
  adding: assets/index-BCW673Yk.js (deflated 53%)
  adding: assets/arrow-left-Ch7d9Mt8.js (deflated 26%)
  adding: assets/InfoBox-Y762Scg9.js (deflated 51%)
  adding: assets/info-DxANsciz.js (deflated 30%)
  adding: assets/circle-alert-BLjRAEJM.js (deflated 36%)
  adding: assets/topCards-CMNQOotc.js (deflated 57%)
  adding: assets/ImageUploader-gLzAgwea.js (deflated 53%)
  adding: assets/upload-BiOv1ONL.js (deflated 31%)
  adding: assets/table-B4SfMK_D.js (deflated 69%)
  adding: assets/toolbar-DEj1ONlH.js (deflated 60%)
  adding: assets/useDebounce-fmwMtW_M.js (deflated 22%)
  adding: assets/message-square-Bjz8-Huj.js (deflated 29%)
  adding: assets/funnel-CegxpgHp.js (deflated 30%)
  adding: assets/FilterDrawer-CyZ4YAyj.js (deflated 58%)
  adding: assets/ban-Cf6appS_.js (deflated 27%)
  adding: assets/rotate-ccw-CYzmM7wm.js (deflated 28%)
  adding: assets/ToggleChips-DkTDNdXm.js (deflated 52%)
  adding: assets/circle-x-DTkDBN2Y.js (deflated 30%)
  adding: assets/plus-B5W16ZlE.js (deflated 28%)
  adding: assets/Tabs-BZ7de-78.js (deflated 49%)
  adding: assets/businessProposalCard-BsVyOJDU.js (deflated 67%)
  adding: assets/target-CNG1zElV.js (deflated 38%)
  adding: assets/Stepper-Bk8pDGRG.js (deflated 57%)
  adding: assets/MultipleImageUploader-DLifUQyu.js (deflated 57%)
  adding: assets/CkEditor-BygMxFpR.js (deflated 40%)
  adding: assets/index-DV1HW_zD.js (deflated 58%)
  adding: assets/CreateBlog-WCFNEQCO.js (deflated 58%)
  adding: assets/EditBlog-R8CilXin.js (deflated 57%)
  adding: assets/index-PoGkW8nm.js (deflated 69%)
  adding: assets/Dashboard-C57-a9SN.js (deflated 74%)
  adding: assets/SimplifiedProfile-_Pzw11mF.js (deflated 74%)
  adding: assets/index-BcseFNrw.js (deflated 51%)
  adding: assets/index-Bxoh373x.js (deflated 56%)
  adding: assets/index-CXbjr0bA.js (deflated 61%)
  adding: assets/index-ya32auST.js (deflated 56%)
  adding: assets/Dashboard-qUraMlFl.js (deflated 66%)
  adding: assets/index-CV6g5CZd.js (deflated 74%)
  adding: assets/index-DZCqngQi.js (deflated 63%)
  adding: assets/index-BPCeHdQ3.js (deflated 51%)
  adding: assets/xlsx-DGuHH-KN.js (deflated 67%)
  adding: index.html (deflated 52%)
Saving Lightsail SSH key...
Uploading build to Lightsail...
Warning: Permanently added '15.207.22.250' (ED25519) to the list of known hosts.
Deploying build to /var/www/html ...
Archive:  /home/ubuntu/react-build.zip
  inflating: /var/www/html/favicon.ico  
   creating: /var/www/html/assets/
  inflating: /var/www/html/assets/irfanMalikBg-D4osmO_C.jpg  
  inflating: /var/www/html/assets/meerGreenJacket-ykCKR2uN.png  
  inflating: /var/www/html/assets/meerShinyDress-C8scZpYx.webp  
  inflating: /var/www/html/assets/shakeelBg-NX99JDrP.jpg  
  inflating: /var/www/html/assets/wasimAkramBg-D4BFEYu1.png  
  inflating: /var/www/html/assets/akhtar-qLBVRLf-.jpg  
  inflating: /var/www/html/assets/arabic-BElshnQY.jpg  
  inflating: /var/www/html/assets/salman-DD3Zraly.jpg  
  inflating: /var/www/html/assets/tech-BdWyL5Pa.jpg  
  inflating: /var/www/html/assets/placeholderMan-BvremNML.png  
  inflating: /var/www/html/assets/wasim-ETjjiRaD.jpg  
  inflating: /var/www/html/assets/rectanglePlaceholder-nCbViREl.png  
  inflating: /var/www/html/assets/Fav-BPcykgsi.png  
 extracting: /var/www/html/assets/goldenCheck-CnSHOmXW.webp  
  inflating: /var/www/html/assets/MainLogo-DJpFhlQE.png  
  inflating: /var/www/html/assets/fahad-CnovJc60.jpg  
  inflating: /var/www/html/assets/dubai-Bmqq4ymj.jpg  
  inflating: /var/www/html/assets/tower-gldBe0jJ.webp  
  inflating: /var/www/html/assets/handShake-Dk1DoagP.webp  
  inflating: /var/www/html/assets/tower2-LuqAcWCu.jpg  
  inflating: /var/www/html/assets/tower3-DpFzgoGy.jpg  
  inflating: /var/www/html/assets/proposal2-B9XZZX50.webp  
  inflating: /var/www/html/assets/proposal5-DItum-r7.webp  
  inflating: /var/www/html/assets/proposal3-fxAFZeku.webp  
  inflating: /var/www/html/assets/proposal6-wLmvSjqd.webp  
  inflating: /var/www/html/assets/verifiedBadge-CrcJq1tD.webp  
  inflating: /var/www/html/assets/proposal1-D37fvLUu.webp  
  inflating: /var/www/html/assets/proposal4-CZk7QC75.webp  
  inflating: /var/www/html/assets/wasimAkram-CBOcRO9q.png  
  inflating: /var/www/html/assets/index-BcXEdFNm.css  
  inflating: /var/www/html/assets/BlogDetail-oNXnMkFG.css  
  inflating: /var/www/html/assets/style-DpsRipQV.css  
  inflating: /var/www/html/assets/index-CBZ8CxSE.js  
  inflating: /var/www/html/assets/Landing-Cvu9XQZv.js  
  inflating: /var/www/html/assets/BlogDetail-CdtRhZMl.js  
  inflating: /var/www/html/assets/AllBlogs-QnVziwtU.js  
  inflating: /var/www/html/assets/index-DzUH0ZAA.js  
  inflating: /var/www/html/assets/index-7rG_Pfi4.js  
  inflating: /var/www/html/assets/index-BDEY1Ids.js  
  inflating: /var/www/html/assets/index-BlYGlzIq.js  
  inflating: /var/www/html/assets/Header-DYldj9EW.js  
  inflating: /var/www/html/assets/SignUp-foiLnJWO.js  
  inflating: /var/www/html/assets/ForgotPassword-CyXo38KX.js  
  inflating: /var/www/html/assets/VerifyUserEmail-CgETb4CL.js  
  inflating: /var/www/html/assets/ResetPassword-wE6vP5jr.js  
  inflating: /var/www/html/assets/ContactSupport-BDKPJO0f.js  
  inflating: /var/www/html/assets/AuthCallback-CYHztImq.js  
  inflating: /var/www/html/assets/SelectRole-4auSqJif.js  
  inflating: /var/www/html/assets/InvestorThankYou-B2SidLFn.js  
  inflating: /var/www/html/assets/FounderThankYou-BjTXBCLK.js  
  inflating: /var/www/html/assets/Login-2PiYWUqK.js  
  inflating: /var/www/html/assets/index-BoUhAsCt.js  
  inflating: /var/www/html/assets/index-CG3H8DF7.js  
  inflating: /var/www/html/assets/Profile-t5HeVCxC.js  
  inflating: /var/www/html/assets/index-DYrfJ9Ai.js  
  inflating: /var/www/html/assets/index-BHdr61zV.js  
  inflating: /var/www/html/assets/EditInvestor-ooHUtzkB.js  
  inflating: /var/www/html/assets/index-DTwmdoZq.js  
  inflating: /var/www/html/assets/ViewRemindersModal-DrQyXAHn.js  
  inflating: /var/www/html/assets/EditFounder-CNayGpOp.js  
  inflating: /var/www/html/assets/index-x69BO99o.js  
  inflating: /var/www/html/assets/index-LWhuSyN_.js  
  inflating: /var/www/html/assets/log-in-GUaGgJHE.js  
  inflating: /var/www/html/assets/pencil-CsmFdqha.js  
  inflating: /var/www/html/assets/index-C2V31PpT.js  
  inflating: /var/www/html/assets/ViewBusinessProposal-CtOTxegI.js  
  inflating: /var/www/html/assets/circle-check-BQm7IZz0.js  
  inflating: /var/www/html/assets/index-CwzssQXZ.js  
  inflating: /var/www/html/assets/index-_XRJxgXW.js  
  inflating: /var/www/html/assets/CreateNewBatch-DLWiBaOX.js  
  inflating: /var/www/html/assets/map-pin-mpHjxCn3.js  
  inflating: /var/www/html/assets/shield-check-DS8_ZrlS.js  
  inflating: /var/www/html/assets/message-circle-DnLprucm.js  
  inflating: /var/www/html/assets/supabase-bulk-emails-DABE1s2Q.js  
  inflating: /var/www/html/assets/arrow-right-CfXtNRnN.js  
  inflating: /var/www/html/assets/mail-BfVNTPVv.js  
  inflating: /var/www/html/assets/phone-yIyv_Yit.js  
  inflating: /var/www/html/assets/sparkles-DSEqe0Si.js  
  inflating: /var/www/html/assets/trending-up-ru7AIDit.js  
  inflating: /var/www/html/assets/globe-3bJZ36jh.js  
 extracting: /var/www/html/assets/blogs-ChqPogSE.js  
  inflating: /var/www/html/assets/calendar-BteIBy2Z.js  
  inflating: /var/www/html/assets/index-BCW673Yk.js  
  inflating: /var/www/html/assets/arrow-left-Ch7d9Mt8.js  
  inflating: /var/www/html/assets/InfoBox-Y762Scg9.js  
  inflating: /var/www/html/assets/info-DxANsciz.js  
  inflating: /var/www/html/assets/circle-alert-BLjRAEJM.js  
  inflating: /var/www/html/assets/topCards-CMNQOotc.js  
  inflating: /var/www/html/assets/ImageUploader-gLzAgwea.js  
  inflating: /var/www/html/assets/upload-BiOv1ONL.js  
  inflating: /var/www/html/assets/table-B4SfMK_D.js  
  inflating: /var/www/html/assets/toolbar-DEj1ONlH.js  
  inflating: /var/www/html/assets/useDebounce-fmwMtW_M.js  
  inflating: /var/www/html/assets/message-square-Bjz8-Huj.js  
  inflating: /var/www/html/assets/funnel-CegxpgHp.js  
  inflating: /var/www/html/assets/FilterDrawer-CyZ4YAyj.js  
  inflating: /var/www/html/assets/ban-Cf6appS_.js  
  inflating: /var/www/html/assets/rotate-ccw-CYzmM7wm.js  
  inflating: /var/www/html/assets/ToggleChips-DkTDNdXm.js  
  inflating: /var/www/html/assets/circle-x-DTkDBN2Y.js  
  inflating: /var/www/html/assets/plus-B5W16ZlE.js  
  inflating: /var/www/html/assets/Tabs-BZ7de-78.js  
  inflating: /var/www/html/assets/businessProposalCard-BsVyOJDU.js  
  inflating: /var/www/html/assets/target-CNG1zElV.js  
  inflating: /var/www/html/assets/Stepper-Bk8pDGRG.js  
  inflating: /var/www/html/assets/MultipleImageUploader-DLifUQyu.js  
  inflating: /var/www/html/assets/CkEditor-BygMxFpR.js  
  inflating: /var/www/html/assets/index-DV1HW_zD.js  
  inflating: /var/www/html/assets/CreateBlog-WCFNEQCO.js  
  inflating: /var/www/html/assets/EditBlog-R8CilXin.js  
  inflating: /var/www/html/assets/index-PoGkW8nm.js  
  inflating: /var/www/html/assets/Dashboard-C57-a9SN.js  
  inflating: /var/www/html/assets/SimplifiedProfile-_Pzw11mF.js  
  inflating: /var/www/html/assets/index-BcseFNrw.js  
  inflating: /var/www/html/assets/index-Bxoh373x.js  
  inflating: /var/www/html/assets/index-CXbjr0bA.js  
  inflating: /var/www/html/assets/index-ya32auST.js  
  inflating: /var/www/html/assets/Dashboard-qUraMlFl.js  
  inflating: /var/www/html/assets/index-CV6g5CZd.js  
  inflating: /var/www/html/assets/index-DZCqngQi.js  
  inflating: /var/www/html/assets/index-BPCeHdQ3.js  
  inflating: /var/www/html/assets/xlsx-DGuHH-KN.js  
  inflating: /var/www/html/index.html  
Saving Git logs repo SSH key...
Testing GitHub SSH key...
Cloning deployment-logs repo...
Cloning into 'logs-repo'...
