Installing dependencies...
npm warn deprecated w3c-hr-time@1.0.2: Use your platform's native performance.now() and performance.timeOrigin.
npm warn deprecated domexception@2.0.1: Use your platform's native DOMException instead
npm warn deprecated abab@2.0.6: Use your platform's native atob() and btoa() methods instead

added 1756 packages, and audited 1757 packages in 4m

222 packages are looking for funding
  run `npm fund` for details

54 vulnerabilities (52 moderate, 2 high)

To address issues that do not require attention, run:
  npm audit fix

To address all issues possible (including breaking changes), run:
  npm audit fix --force

Some issues need review, and may require choosing
a different dependency.

Run `npm audit` for details.
Building React app...

> boilerplate-code-react-js@0.0.0 build
> vite build

vite v7.1.11 building for production...
transforming...
✓ 3051 modules transformed.
rendering chunks...
computing gzip size...
dist/index.html                                    2.18 kB │ gzip:   1.05 kB
dist/assets/verifiedBadge-CrcJq1tD.webp           10.83 kB
dist/assets/rectanglePlaceholder-nCbViREl.png     11.85 kB
dist/assets/goldenCheck-CnSHOmXW.webp             13.45 kB
dist/assets/irfanMalikBg-D4osmO_C.jpg             24.66 kB
dist/assets/proposal6-wLmvSjqd.webp               28.15 kB
dist/assets/placeholderMan-BvremNML.png           36.64 kB
dist/assets/handShake-Dk1DoagP.webp               65.18 kB
dist/assets/tower-gldBe0jJ.webp                   66.16 kB
dist/assets/tower2-LuqAcWCu.jpg                   72.52 kB
dist/assets/shakeelBg-NX99JDrP.jpg               143.15 kB
dist/assets/MainLogo-DJpFhlQE.png                144.86 kB
dist/assets/Fav-BPcykgsi.png                     147.34 kB
dist/assets/akhtar-qLBVRLf-.jpg                  173.92 kB
dist/assets/proposal5-DItum-r7.webp              174.24 kB
dist/assets/tower3-DpFzgoGy.jpg                  175.56 kB
dist/assets/proposal2-B9XZZX50.webp              192.62 kB
dist/assets/meerShinyDress-C8scZpYx.webp         229.68 kB
dist/assets/meerGreenJacket-ykCKR2uN.png         230.19 kB
dist/assets/arabic-BElshnQY.jpg                  238.42 kB
dist/assets/wasim-ETjjiRaD.jpg                   242.26 kB
dist/assets/salman-DD3Zraly.jpg                  255.18 kB
dist/assets/fahad-CnovJc60.jpg                   278.62 kB
dist/assets/tech-BdWyL5Pa.jpg                    281.71 kB
dist/assets/dubai-Bmqq4ymj.jpg                   311.77 kB
dist/assets/wasimAkramBg-D4BFEYu1.png            313.57 kB
dist/assets/proposal3-fxAFZeku.webp              445.47 kB
dist/assets/proposal4-CZk7QC75.webp              542.86 kB
dist/assets/proposal1-D37fvLUu.webp              779.05 kB
dist/assets/wasimAkram-CBOcRO9q.png            4,488.96 kB
dist/assets/style-DpsRipQV.css                     3.23 kB │ gzip:   0.73 kB
dist/assets/index-DPXWm63L.css                   138.58 kB │ gzip:  19.10 kB
dist/assets/index-BdQq_4o_.js                      0.06 kB │ gzip:   0.08 kB
dist/assets/index-uKIC6vXa.js                      0.14 kB │ gzip:   0.14 kB
dist/assets/useDebounce-CqNmMWQo.js                0.19 kB │ gzip:   0.17 kB
dist/assets/chevron-down-C5OaxY4g.js               0.30 kB │ gzip:   0.25 kB
dist/assets/chevron-left-C0Zjute-.js               0.30 kB │ gzip:   0.25 kB
dist/assets/plus-fDoI-Sj-.js                       0.33 kB │ gzip:   0.25 kB
dist/assets/arrow-right-Cvs7joAI.js                0.34 kB │ gzip:   0.26 kB
dist/assets/circle-check-Dy-q_mCe.js               0.35 kB │ gzip:   0.27 kB
dist/assets/trending-up-B0auB1J8.js                0.35 kB │ gzip:   0.27 kB
dist/assets/ban-DzVH5Sgn.js                        0.35 kB │ gzip:   0.28 kB
dist/assets/info-CujXHbMT.js                       0.37 kB │ gzip:   0.28 kB
dist/assets/rotate-ccw-hZjiO1FY.js                 0.37 kB │ gzip:   0.29 kB
dist/assets/circle-x-BUBx1eEw.js                   0.38 kB │ gzip:   0.28 kB
dist/assets/mail-tJbNl1px.js                       0.39 kB │ gzip:   0.31 kB
dist/assets/index-m2xMVxL3.js                      0.39 kB │ gzip:   0.30 kB
dist/assets/target-BMtsymA8.js                     0.39 kB │ gzip:   0.27 kB
dist/assets/upload-DsiBNz04.js                     0.40 kB │ gzip:   0.30 kB
dist/assets/log-in-CoFG4YM7.js                     0.40 kB │ gzip:   0.29 kB
dist/assets/download-AXwO62GL.js                   0.41 kB │ gzip:   0.30 kB
dist/assets/message-square-CKrXyNLk.js             0.41 kB │ gzip:   0.31 kB
dist/assets/globe-CG8CZ8ZD.js                      0.41 kB │ gzip:   0.29 kB
dist/assets/message-circle-DUJ9CzAN.js             0.41 kB │ gzip:   0.32 kB
dist/assets/circle-alert-CcZ_BGTS.js               0.42 kB │ gzip:   0.29 kB
dist/assets/eye-CRZ3qF7Y.js                        0.42 kB │ gzip:   0.30 kB
dist/assets/map-pin-Bksgp38A.js                    0.43 kB │ gzip:   0.33 kB
dist/assets/link-DTnSvxAe.js                       0.43 kB │ gzip:   0.30 kB
dist/assets/calendar-DDehqmbD.js                   0.43 kB │ gzip:   0.31 kB
dist/assets/pencil-CfemKVHI.js                     0.45 kB │ gzip:   0.33 kB
dist/assets/user-plus-DRqIwjkS.js                  0.48 kB │ gzip:   0.34 kB
dist/assets/shield-check-B4Al_5dS.js               0.49 kB │ gzip:   0.35 kB
dist/assets/square-pen-xn-RfmD5.js                 0.49 kB │ gzip:   0.34 kB
dist/assets/phone-ByTv1ov3.js                      0.50 kB │ gzip:   0.33 kB
dist/assets/trash-2-DZ2ClxJL.js                    0.50 kB │ gzip:   0.32 kB
dist/assets/file-text-B_lxeU6t.js                  0.51 kB │ gzip:   0.32 kB
dist/assets/LegalModal-FGOmOc80.js                 0.66 kB │ gzip:   0.46 kB
dist/assets/sparkles-CObiEydU.js                   0.67 kB │ gzip:   0.39 kB
dist/assets/InfoBox-Cjsactmw.js                    0.86 kB │ gzip:   0.43 kB
dist/assets/label-VHuv_HOp.js                      0.88 kB │ gzip:   0.55 kB
dist/assets/card-D-Xj9uUb.js                       1.18 kB │ gzip:   0.46 kB
dist/assets/package-CihwFa-C.js                    1.21 kB │ gzip:   0.49 kB
dist/assets/Tabs-BBYuk-jN.js                       1.23 kB │ gzip:   0.65 kB
dist/assets/GetMoreDetailsModal-CuGFq05O.js        1.27 kB │ gzip:   0.61 kB
dist/assets/EmptyState-Dv8vKE-L.js                 1.47 kB │ gzip:   0.61 kB
dist/assets/textarea-CmNjkT__.js                   1.50 kB │ gzip:   0.74 kB
dist/assets/ToggleChips-XVmBe6fb.js                1.66 kB │ gzip:   0.82 kB
dist/assets/input-DK3yLWPs.js                      1.68 kB │ gzip:   0.86 kB
dist/assets/topCards-vBMK_20O.js                   1.71 kB │ gzip:   0.74 kB
dist/assets/ImageUploader-OozOs_o0.js              1.95 kB │ gzip:   0.94 kB
dist/assets/index-CIoVvvx8.js                      2.07 kB │ gzip:   0.92 kB
dist/assets/ForgotPassword-DprrA6TD.js             2.17 kB │ gzip:   1.09 kB
dist/assets/ContactSupportModal-BNftJQYl.js        2.36 kB │ gzip:   1.18 kB
dist/assets/ResetPassword-BiJpyTEg.js              2.40 kB │ gzip:   1.06 kB
dist/assets/index-odgD9O7o.js                      2.57 kB │ gzip:   1.16 kB
dist/assets/AuthCallback-Bir7H1Dh.js               2.67 kB │ gzip:   1.27 kB
dist/assets/index-WJd_U0s4.js                      2.72 kB │ gzip:   1.22 kB
dist/assets/index-BG47EWOM.js                      2.87 kB │ gzip:   1.41 kB
dist/assets/toolbar-G9r8JYvx.js                    2.99 kB │ gzip:   1.22 kB
dist/assets/FileUploader-DW6qh_ra.js               3.02 kB │ gzip:   1.36 kB
dist/assets/index-DSFOlbI2.js                      3.11 kB │ gzip:   1.48 kB
dist/assets/supabase-bulk-emails-BbHSO68b.js       3.14 kB │ gzip:   1.12 kB
dist/assets/index-Bd00l1qn.js                      3.24 kB │ gzip:   1.62 kB
dist/assets/SignupThankYou-Ddc5IE-a.js             3.29 kB │ gzip:   1.49 kB
dist/assets/index-COQrroPq.js                      3.31 kB │ gzip:   1.60 kB
dist/assets/index--J1G53EO.js                      3.44 kB │ gzip:   1.64 kB
dist/assets/index-vwUsFmPr.js                      3.48 kB │ gzip:   1.67 kB
dist/assets/checkbox-BGByJ1OL.js                   4.04 kB │ gzip:   1.77 kB
dist/assets/Dashboard-Bz5ueIP8.js                  4.28 kB │ gzip:   1.45 kB
dist/assets/index-BHG6vbeH.js                      4.29 kB │ gzip:   2.10 kB
dist/assets/Dashboard-C3PLbN3l.js                  4.30 kB │ gzip:   1.46 kB
dist/assets/index-BrjCKoUS.js                      4.30 kB │ gzip:   2.10 kB
dist/assets/index-BwCeKbUg.js                      4.31 kB │ gzip:   1.71 kB
dist/assets/Stepper-2HdHaQHV.js                    4.66 kB │ gzip:   2.01 kB
dist/assets/ContactSupport-BMK-_ZEN.js             5.03 kB │ gzip:   2.08 kB
dist/assets/Login-B1_76_EU.js                      5.05 kB │ gzip:   2.13 kB
dist/assets/SelectRole-Ca6wO0xS.js                 5.63 kB │ gzip:   2.37 kB
dist/assets/VerifyUserEmail-B50NE9xh.js            5.88 kB │ gzip:   2.11 kB
dist/assets/popover-ltHt8pXi.js                    6.81 kB │ gzip:   2.48 kB
dist/assets/SignUp-oCRISwZJ.js                     7.12 kB │ gzip:   2.66 kB
dist/assets/Profile-jArYSFSW.js                    7.24 kB │ gzip:   2.34 kB
dist/assets/dialog-CsdW3t4z.js                     7.86 kB │ gzip:   2.99 kB
dist/assets/businessProposalCard-DWk7Lu9O.js       7.88 kB │ gzip:   2.60 kB
dist/assets/index-tqon5Bko.js                      8.18 kB │ gzip:   3.33 kB
dist/assets/tooltip-DCuh-sdm.js                    8.77 kB │ gzip:   3.34 kB
dist/assets/index-Dgdga2GR.js                      9.66 kB │ gzip:   3.98 kB
dist/assets/index-HxYh_A_Y.js                     10.15 kB │ gzip:   3.79 kB
dist/assets/index-pvIDPbc8.js                     10.30 kB │ gzip:   3.37 kB
dist/assets/Header-CywUd7HB.js                    11.28 kB │ gzip:   3.37 kB
dist/assets/index-Dx81kSKX.js                     13.94 kB │ gzip:   4.83 kB
dist/assets/SimplifiedProfile-DVPqJvaD.js         14.09 kB │ gzip:   3.85 kB
dist/assets/index-GUnuU-wz.js                     16.50 kB │ gzip:   6.25 kB
dist/assets/index-6Nyo1urd.js                     18.32 kB │ gzip:   6.11 kB
dist/assets/EditFounder-BuQQthKr.js               18.37 kB │ gzip:   4.51 kB
dist/assets/index-Z422_Hgf.js                     18.59 kB │ gzip:   6.08 kB
dist/assets/ViewBusinessProposal-Ddt_v3vr.js      18.69 kB │ gzip:   4.74 kB
dist/assets/EditInvestor-CrKcvcmu.js              19.36 kB │ gzip:   4.79 kB
dist/assets/index-4Y8akdDh.js                     19.83 kB │ gzip:   6.52 kB
dist/assets/select-6_vtNKxn.js                    21.88 kB │ gzip:   7.81 kB
dist/assets/index-DpuE4LXD.js                     21.92 kB │ gzip:   5.85 kB
dist/assets/index-BXgTXVHa.js                     25.32 kB │ gzip:   7.62 kB
dist/assets/index-m8v2vo-f.js                     35.78 kB │ gzip:  13.52 kB
dist/assets/table--Pt0PUwe.js                     37.24 kB │ gzip:  10.91 kB
dist/assets/AssignAdminModal-GeU5UEZM.js          84.16 kB │ gzip:  25.28 kB
dist/assets/Landing-DYoSo1sS.js                  147.39 kB │ gzip:  52.13 kB
dist/assets/xlsx-DGuHH-KN.js                     429.49 kB │ gzip: 143.07 kB
dist/assets/style-zpoDYxNH.js                    465.89 kB │ gzip: 112.59 kB
dist/assets/index-D-Hmjbnk.js                    603.24 kB │ gzip: 163.50 kB
dist/assets/index-Dwqh9x8e.js                    762.34 kB │ gzip: 229.72 kB
dist/assets/CreateNewBatch-CKZlJ7mj.js         1,332.16 kB │ gzip: 329.43 kB

(!) Some chunks are larger than 500 kB after minification. Consider:
- Using dynamic import() to code-split the application
- Use build.rollupOptions.output.manualChunks to improve chunking: https://rollupjs.org/configuration-options/#output-manualchunks
- Adjust chunk size limit for this warning via build.chunkSizeWarningLimit.
✓ built in 16.92s
Packaging build...
  adding: favicon.ico (deflated 13%)
  adding: assets/ (stored 0%)
  adding: assets/irfanMalikBg-D4osmO_C.jpg (deflated 1%)
  adding: assets/meerShinyDress-C8scZpYx.webp (deflated 0%)
  adding: assets/meerGreenJacket-ykCKR2uN.png (deflated 0%)
  adding: assets/akhtar-qLBVRLf-.jpg (deflated 1%)
  adding: assets/shakeelBg-NX99JDrP.jpg (deflated 0%)
  adding: assets/wasimAkramBg-D4BFEYu1.png (deflated 0%)
  adding: assets/arabic-BElshnQY.jpg (deflated 0%)
  adding: assets/handShake-Dk1DoagP.webp (deflated 0%)
  adding: assets/fahad-CnovJc60.jpg (deflated 0%)
  adding: assets/dubai-Bmqq4ymj.jpg (deflated 0%)
  adding: assets/placeholderMan-BvremNML.png (deflated 3%)
  adding: assets/salman-DD3Zraly.jpg (deflated 0%)
  adding: assets/tech-BdWyL5Pa.jpg (deflated 0%)
  adding: assets/Fav-BPcykgsi.png (deflated 5%)
  adding: assets/MainLogo-DJpFhlQE.png (deflated 4%)
  adding: assets/goldenCheck-CnSHOmXW.webp (stored 0%)
  adding: assets/tower-gldBe0jJ.webp (deflated 0%)
  adding: assets/tower2-LuqAcWCu.jpg (deflated 2%)
  adding: assets/tower3-DpFzgoGy.jpg (deflated 0%)
  adding: assets/wasim-ETjjiRaD.jpg (deflated 0%)
  adding: assets/rectanglePlaceholder-nCbViREl.png (deflated 31%)
  adding: assets/verifiedBadge-CrcJq1tD.webp (deflated 1%)
  adding: assets/proposal5-DItum-r7.webp (deflated 4%)
  adding: assets/proposal6-wLmvSjqd.webp (deflated 0%)
  adding: assets/proposal2-B9XZZX50.webp (deflated 3%)
  adding: assets/proposal3-fxAFZeku.webp (deflated 1%)
  adding: assets/proposal1-D37fvLUu.webp (deflated 1%)
  adding: assets/proposal4-CZk7QC75.webp (deflated 1%)
  adding: assets/wasimAkram-CBOcRO9q.png (deflated 1%)
  adding: assets/index-DPXWm63L.css (deflated 86%)
  adding: assets/style-DpsRipQV.css (deflated 78%)
  adding: assets/index-Dwqh9x8e.js (deflated 70%)
  adding: assets/Landing-DYoSo1sS.js (deflated 65%)
  adding: assets/index-Bd00l1qn.js (deflated 50%)
  adding: assets/index-DSFOlbI2.js (deflated 53%)
  adding: assets/index--J1G53EO.js (deflated 53%)
  adding: assets/index-COQrroPq.js (deflated 52%)
  adding: assets/Header-CywUd7HB.js (deflated 70%)
  adding: assets/SignUp-oCRISwZJ.js (deflated 63%)
  adding: assets/ForgotPassword-DprrA6TD.js (deflated 51%)
  adding: assets/VerifyUserEmail-B50NE9xh.js (deflated 64%)
  adding: assets/ResetPassword-BiJpyTEg.js (deflated 56%)
  adding: assets/ContactSupport-BMK-_ZEN.js (deflated 59%)
  adding: assets/AuthCallback-Bir7H1Dh.js (deflated 53%)
  adding: assets/SelectRole-Ca6wO0xS.js (deflated 58%)
  adding: assets/SignupThankYou-Ddc5IE-a.js (deflated 55%)
  adding: assets/arrow-right-Cvs7joAI.js (deflated 27%)
  adding: assets/Login-B1_76_EU.js (deflated 58%)
  adding: assets/index-WJd_U0s4.js (deflated 55%)
  adding: assets/index-D-Hmjbnk.js (deflated 73%)
  adding: assets/Profile-jArYSFSW.js (deflated 68%)
  adding: assets/index-tqon5Bko.js (deflated 60%)
  adding: assets/index-6Nyo1urd.js (deflated 67%)
  adding: assets/EditInvestor-CrKcvcmu.js (deflated 75%)
  adding: assets/index-Z422_Hgf.js (deflated 67%)
  adding: assets/globe-CG8CZ8ZD.js (deflated 33%)
  adding: assets/AssignAdminModal-GeU5UEZM.js (deflated 70%)
  adding: assets/label-VHuv_HOp.js (deflated 40%)
  adding: assets/EditFounder-BuQQthKr.js (deflated 76%)
  adding: assets/index-Dgdga2GR.js (deflated 59%)
  adding: assets/index-4Y8akdDh.js (deflated 67%)
  adding: assets/log-in-CoFG4YM7.js (deflated 31%)
  adding: assets/ban-DzVH5Sgn.js (deflated 27%)
  adding: assets/user-plus-DRqIwjkS.js (deflated 34%)
  adding: assets/phone-ByTv1ov3.js (deflated 37%)
  adding: assets/pencil-CfemKVHI.js (deflated 31%)
  adding: assets/index-Dx81kSKX.js (deflated 65%)
  adding: assets/ViewBusinessProposal-Ddt_v3vr.js (deflated 75%)
  adding: assets/circle-check-Dy-q_mCe.js (deflated 27%)
  adding: assets/calendar-DDehqmbD.js (deflated 33%)
  adding: assets/index-BXgTXVHa.js (deflated 70%)
  adding: assets/ToggleChips-XVmBe6fb.js (deflated 52%)
  adding: assets/index-pvIDPbc8.js (deflated 67%)
  adding: assets/useDebounce-CqNmMWQo.js (deflated 22%)
  adding: assets/CreateNewBatch-CKZlJ7mj.js (deflated 75%)
  adding: assets/message-circle-DUJ9CzAN.js (deflated 28%)
  adding: assets/sparkles-CObiEydU.js (deflated 45%)
  adding: assets/map-pin-Bksgp38A.js (deflated 28%)
  adding: assets/shield-check-B4Al_5dS.js (deflated 32%)
  adding: assets/supabase-bulk-emails-BbHSO68b.js (deflated 65%)
  adding: assets/mail-tJbNl1px.js (deflated 26%)
  adding: assets/table--Pt0PUwe.js (deflated 71%)
  adding: assets/Dashboard-Bz5ueIP8.js (deflated 66%)
  adding: assets/SimplifiedProfile-DVPqJvaD.js (deflated 73%)
  adding: assets/index-BHG6vbeH.js (deflated 52%)
  adding: assets/trending-up-B0auB1J8.js (deflated 26%)
  adding: assets/LegalModal-FGOmOc80.js (deflated 33%)
  adding: assets/index-vwUsFmPr.js (deflated 53%)
  adding: assets/input-DK3yLWPs.js (deflated 50%)
  adding: assets/style-zpoDYxNH.js (deflated 76%)
  adding: assets/dialog-CsdW3t4z.js (deflated 62%)
  adding: assets/download-AXwO62GL.js (deflated 31%)
  adding: assets/popover-ltHt8pXi.js (deflated 64%)
  adding: assets/index-m8v2vo-f.js (deflated 62%)
  adding: assets/index-GUnuU-wz.js (deflated 62%)
  adding: assets/index-CIoVvvx8.js (deflated 56%)
  adding: assets/index-uKIC6vXa.js (deflated 16%)
  adding: assets/index-BdQq_4o_.js (deflated 5%)
  adding: assets/InfoBox-Cjsactmw.js (deflated 51%)
  adding: assets/info-CujXHbMT.js (deflated 30%)
  adding: assets/circle-alert-CcZ_BGTS.js (deflated 36%)
  adding: assets/select-6_vtNKxn.js (deflated 64%)
  adding: assets/chevron-down-C5OaxY4g.js (deflated 24%)
  adding: assets/index-odgD9O7o.js (deflated 56%)
  adding: assets/index-m2xMVxL3.js (deflated 28%)
  adding: assets/FileUploader-DW6qh_ra.js (deflated 56%)
  adding: assets/textarea-CmNjkT__.js (deflated 52%)
  adding: assets/link-DTnSvxAe.js (deflated 35%)
  adding: assets/eye-CRZ3qF7Y.js (deflated 33%)
  adding: assets/trash-2-DZ2ClxJL.js (deflated 40%)
  adding: assets/topCards-vBMK_20O.js (deflated 58%)
  adding: assets/card-D-Xj9uUb.js (deflated 62%)
  adding: assets/ImageUploader-OozOs_o0.js (deflated 53%)
  adding: assets/upload-DsiBNz04.js (deflated 31%)
  adding: assets/EmptyState-Dv8vKE-L.js (deflated 60%)
  adding: assets/toolbar-G9r8JYvx.js (deflated 60%)
  adding: assets/message-square-CKrXyNLk.js (deflated 29%)
  adding: assets/tooltip-DCuh-sdm.js (deflated 62%)
  adding: assets/square-pen-xn-RfmD5.js (deflated 35%)
  adding: assets/rotate-ccw-hZjiO1FY.js (deflated 28%)
  adding: assets/chevron-left-C0Zjute-.js (deflated 23%)
  adding: assets/checkbox-BGByJ1OL.js (deflated 57%)
  adding: assets/plus-fDoI-Sj-.js (deflated 28%)
  adding: assets/file-text-B_lxeU6t.js (deflated 40%)
  adding: assets/businessProposalCard-DWk7Lu9O.js (deflated 67%)
  adding: assets/GetMoreDetailsModal-CuGFq05O.js (deflated 54%)
  adding: assets/Tabs-BBYuk-jN.js (deflated 49%)
  adding: assets/circle-x-BUBx1eEw.js (deflated 31%)
  adding: assets/target-BMtsymA8.js (deflated 37%)
  adding: assets/Stepper-2HdHaQHV.js (deflated 57%)
  adding: assets/package-CihwFa-C.js (deflated 61%)
  adding: assets/ContactSupportModal-BNftJQYl.js (deflated 51%)
  adding: assets/index-BG47EWOM.js (deflated 52%)
  adding: assets/index-BwCeKbUg.js (deflated 60%)
  adding: assets/Dashboard-C3PLbN3l.js (deflated 66%)
  adding: assets/index-DpuE4LXD.js (deflated 73%)
  adding: assets/index-HxYh_A_Y.js (deflated 63%)
  adding: assets/index-BrjCKoUS.js (deflated 52%)
  adding: assets/xlsx-DGuHH-KN.js (deflated 67%)
  adding: index.html (deflated 52%)
Saving Lightsail SSH key...
Uploading build to Lightsail...
Warning: Permanently added '15.207.22.250' (ED25519) to the list of known hosts.
Deploying build to /var/www/html ...
Archive:  /home/ubuntu/react-build.zip
  inflating: /var/www/html/favicon.ico  
   creating: /var/www/html/assets/
  inflating: /var/www/html/assets/irfanMalikBg-D4osmO_C.jpg  
  inflating: /var/www/html/assets/meerShinyDress-C8scZpYx.webp  
  inflating: /var/www/html/assets/meerGreenJacket-ykCKR2uN.png  
  inflating: /var/www/html/assets/akhtar-qLBVRLf-.jpg  
  inflating: /var/www/html/assets/shakeelBg-NX99JDrP.jpg  
  inflating: /var/www/html/assets/wasimAkramBg-D4BFEYu1.png  
  inflating: /var/www/html/assets/arabic-BElshnQY.jpg  
  inflating: /var/www/html/assets/handShake-Dk1DoagP.webp  
  inflating: /var/www/html/assets/fahad-CnovJc60.jpg  
  inflating: /var/www/html/assets/dubai-Bmqq4ymj.jpg  
  inflating: /var/www/html/assets/placeholderMan-BvremNML.png  
  inflating: /var/www/html/assets/salman-DD3Zraly.jpg  
  inflating: /var/www/html/assets/tech-BdWyL5Pa.jpg  
  inflating: /var/www/html/assets/Fav-BPcykgsi.png  
  inflating: /var/www/html/assets/MainLogo-DJpFhlQE.png  
 extracting: /var/www/html/assets/goldenCheck-CnSHOmXW.webp  
  inflating: /var/www/html/assets/tower-gldBe0jJ.webp  
  inflating: /var/www/html/assets/tower2-LuqAcWCu.jpg  
  inflating: /var/www/html/assets/tower3-DpFzgoGy.jpg  
  inflating: /var/www/html/assets/wasim-ETjjiRaD.jpg  
  inflating: /var/www/html/assets/rectanglePlaceholder-nCbViREl.png  
  inflating: /var/www/html/assets/verifiedBadge-CrcJq1tD.webp  
  inflating: /var/www/html/assets/proposal5-DItum-r7.webp  
  inflating: /var/www/html/assets/proposal6-wLmvSjqd.webp  
  inflating: /var/www/html/assets/proposal2-B9XZZX50.webp  
  inflating: /var/www/html/assets/proposal3-fxAFZeku.webp  
  inflating: /var/www/html/assets/proposal1-D37fvLUu.webp  
  inflating: /var/www/html/assets/proposal4-CZk7QC75.webp  
  inflating: /var/www/html/assets/wasimAkram-CBOcRO9q.png  
  inflating: /var/www/html/assets/index-DPXWm63L.css  
  inflating: /var/www/html/assets/style-DpsRipQV.css  
  inflating: /var/www/html/assets/index-Dwqh9x8e.js  
  inflating: /var/www/html/assets/Landing-DYoSo1sS.js  
  inflating: /var/www/html/assets/index-Bd00l1qn.js  
  inflating: /var/www/html/assets/index-DSFOlbI2.js  
  inflating: /var/www/html/assets/index--J1G53EO.js  
  inflating: /var/www/html/assets/index-COQrroPq.js  
  inflating: /var/www/html/assets/Header-CywUd7HB.js  
  inflating: /var/www/html/assets/SignUp-oCRISwZJ.js  
  inflating: /var/www/html/assets/ForgotPassword-DprrA6TD.js  
  inflating: /var/www/html/assets/VerifyUserEmail-B50NE9xh.js  
  inflating: /var/www/html/assets/ResetPassword-BiJpyTEg.js  
  inflating: /var/www/html/assets/ContactSupport-BMK-_ZEN.js  
  inflating: /var/www/html/assets/AuthCallback-Bir7H1Dh.js  
  inflating: /var/www/html/assets/SelectRole-Ca6wO0xS.js  
  inflating: /var/www/html/assets/SignupThankYou-Ddc5IE-a.js  
  inflating: /var/www/html/assets/arrow-right-Cvs7joAI.js  
  inflating: /var/www/html/assets/Login-B1_76_EU.js  
  inflating: /var/www/html/assets/index-WJd_U0s4.js  
  inflating: /var/www/html/assets/index-D-Hmjbnk.js  
  inflating: /var/www/html/assets/Profile-jArYSFSW.js  
  inflating: /var/www/html/assets/index-tqon5Bko.js  
  inflating: /var/www/html/assets/index-6Nyo1urd.js  
  inflating: /var/www/html/assets/EditInvestor-CrKcvcmu.js  
  inflating: /var/www/html/assets/index-Z422_Hgf.js  
  inflating: /var/www/html/assets/globe-CG8CZ8ZD.js  
  inflating: /var/www/html/assets/AssignAdminModal-GeU5UEZM.js  
  inflating: /var/www/html/assets/label-VHuv_HOp.js  
  inflating: /var/www/html/assets/EditFounder-BuQQthKr.js  
  inflating: /var/www/html/assets/index-Dgdga2GR.js  
  inflating: /var/www/html/assets/index-4Y8akdDh.js  
  inflating: /var/www/html/assets/log-in-CoFG4YM7.js  
  inflating: /var/www/html/assets/ban-DzVH5Sgn.js  
  inflating: /var/www/html/assets/user-plus-DRqIwjkS.js  
  inflating: /var/www/html/assets/phone-ByTv1ov3.js  
  inflating: /var/www/html/assets/pencil-CfemKVHI.js  
  inflating: /var/www/html/assets/index-Dx81kSKX.js  
  inflating: /var/www/html/assets/ViewBusinessProposal-Ddt_v3vr.js  
  inflating: /var/www/html/assets/circle-check-Dy-q_mCe.js  
  inflating: /var/www/html/assets/calendar-DDehqmbD.js  
  inflating: /var/www/html/assets/index-BXgTXVHa.js  
  inflating: /var/www/html/assets/ToggleChips-XVmBe6fb.js  
  inflating: /var/www/html/assets/index-pvIDPbc8.js  
  inflating: /var/www/html/assets/useDebounce-CqNmMWQo.js  
  inflating: /var/www/html/assets/CreateNewBatch-CKZlJ7mj.js  
  inflating: /var/www/html/assets/message-circle-DUJ9CzAN.js  
  inflating: /var/www/html/assets/sparkles-CObiEydU.js  
  inflating: /var/www/html/assets/map-pin-Bksgp38A.js  
  inflating: /var/www/html/assets/shield-check-B4Al_5dS.js  
  inflating: /var/www/html/assets/supabase-bulk-emails-BbHSO68b.js  
  inflating: /var/www/html/assets/mail-tJbNl1px.js  
  inflating: /var/www/html/assets/table--Pt0PUwe.js  
  inflating: /var/www/html/assets/Dashboard-Bz5ueIP8.js  
  inflating: /var/www/html/assets/SimplifiedProfile-DVPqJvaD.js  
  inflating: /var/www/html/assets/index-BHG6vbeH.js  
  inflating: /var/www/html/assets/trending-up-B0auB1J8.js  
  inflating: /var/www/html/assets/LegalModal-FGOmOc80.js  
  inflating: /var/www/html/assets/index-vwUsFmPr.js  
  inflating: /var/www/html/assets/input-DK3yLWPs.js  
  inflating: /var/www/html/assets/style-zpoDYxNH.js  
  inflating: /var/www/html/assets/dialog-CsdW3t4z.js  
  inflating: /var/www/html/assets/download-AXwO62GL.js  
  inflating: /var/www/html/assets/popover-ltHt8pXi.js  
  inflating: /var/www/html/assets/index-m8v2vo-f.js  
  inflating: /var/www/html/assets/index-GUnuU-wz.js  
  inflating: /var/www/html/assets/index-CIoVvvx8.js  
  inflating: /var/www/html/assets/index-uKIC6vXa.js  
  inflating: /var/www/html/assets/index-BdQq_4o_.js  
  inflating: /var/www/html/assets/InfoBox-Cjsactmw.js  
  inflating: /var/www/html/assets/info-CujXHbMT.js  
  inflating: /var/www/html/assets/circle-alert-CcZ_BGTS.js  
  inflating: /var/www/html/assets/select-6_vtNKxn.js  
  inflating: /var/www/html/assets/chevron-down-C5OaxY4g.js  
  inflating: /var/www/html/assets/index-odgD9O7o.js  
  inflating: /var/www/html/assets/index-m2xMVxL3.js  
  inflating: /var/www/html/assets/FileUploader-DW6qh_ra.js  
  inflating: /var/www/html/assets/textarea-CmNjkT__.js  
  inflating: /var/www/html/assets/link-DTnSvxAe.js  
  inflating: /var/www/html/assets/eye-CRZ3qF7Y.js  
  inflating: /var/www/html/assets/trash-2-DZ2ClxJL.js  
  inflating: /var/www/html/assets/topCards-vBMK_20O.js  
  inflating: /var/www/html/assets/card-D-Xj9uUb.js  
  inflating: /var/www/html/assets/ImageUploader-OozOs_o0.js  
  inflating: /var/www/html/assets/upload-DsiBNz04.js  
  inflating: /var/www/html/assets/EmptyState-Dv8vKE-L.js  
  inflating: /var/www/html/assets/toolbar-G9r8JYvx.js  
  inflating: /var/www/html/assets/message-square-CKrXyNLk.js  
  inflating: /var/www/html/assets/tooltip-DCuh-sdm.js  
  inflating: /var/www/html/assets/square-pen-xn-RfmD5.js  
  inflating: /var/www/html/assets/rotate-ccw-hZjiO1FY.js  
  inflating: /var/www/html/assets/chevron-left-C0Zjute-.js  
  inflating: /var/www/html/assets/checkbox-BGByJ1OL.js  
  inflating: /var/www/html/assets/plus-fDoI-Sj-.js  
  inflating: /var/www/html/assets/file-text-B_lxeU6t.js  
  inflating: /var/www/html/assets/businessProposalCard-DWk7Lu9O.js  
  inflating: /var/www/html/assets/GetMoreDetailsModal-CuGFq05O.js  
  inflating: /var/www/html/assets/Tabs-BBYuk-jN.js  
  inflating: /var/www/html/assets/circle-x-BUBx1eEw.js  
  inflating: /var/www/html/assets/target-BMtsymA8.js  
  inflating: /var/www/html/assets/Stepper-2HdHaQHV.js  
  inflating: /var/www/html/assets/package-CihwFa-C.js  
  inflating: /var/www/html/assets/ContactSupportModal-BNftJQYl.js  
  inflating: /var/www/html/assets/index-BG47EWOM.js  
  inflating: /var/www/html/assets/index-BwCeKbUg.js  
  inflating: /var/www/html/assets/Dashboard-C3PLbN3l.js  
  inflating: /var/www/html/assets/index-DpuE4LXD.js  
  inflating: /var/www/html/assets/index-HxYh_A_Y.js  
  inflating: /var/www/html/assets/index-BrjCKoUS.js  
  inflating: /var/www/html/assets/xlsx-DGuHH-KN.js  
  inflating: /var/www/html/index.html  
Saving Git logs repo SSH key...
Testing GitHub SSH key...
Cloning deployment-logs repo...
Cloning into 'logs-repo'...
