Installing dependencies...
npm warn deprecated w3c-hr-time@1.0.2: Use your platform's native performance.now() and performance.timeOrigin.
npm warn deprecated domexception@2.0.1: Use your platform's native DOMException instead
npm warn deprecated abab@2.0.6: Use your platform's native atob() and btoa() methods instead

> the-business-hub-pakistan@0.0.0 prepare
> husky

.git can't be found
added 1810 packages, and audited 1811 packages in 8m

253 packages are looking for funding
  run `npm fund` for details

80 vulnerabilities (3 low, 71 moderate, 6 high)

To address issues that do not require attention, run:
  npm audit fix

To address all issues possible (including breaking changes), run:
  npm audit fix --force

Some issues need review, and may require choosing
a different dependency.

Run `npm audit` for details.
Building React app...

> the-business-hub-pakistan@0.0.0 build
> vite build

vite v7.1.11 building for production...
transforming...
✓ 3148 modules transformed.
rendering chunks...
computing gzip size...
dist/index.html                                       2.18 kB │ gzip:   1.05 kB
dist/assets/verifiedBadge-CrcJq1tD.webp              10.83 kB
dist/assets/rectanglePlaceholder-nCbViREl.png        11.85 kB
dist/assets/goldenCheck-CnSHOmXW.webp                13.45 kB
dist/assets/irfanMalikBg-D4osmO_C.jpg                24.66 kB
dist/assets/proposal6-wLmvSjqd.webp                  28.15 kB
dist/assets/placeholderMan-BvremNML.png              36.64 kB
dist/assets/handShake-Dk1DoagP.webp                  65.18 kB
dist/assets/tower-gldBe0jJ.webp                      66.16 kB
dist/assets/tower2-LuqAcWCu.jpg                      72.52 kB
dist/assets/shakeelBg-NX99JDrP.jpg                  143.15 kB
dist/assets/MainLogo-DJpFhlQE.png                   144.86 kB
dist/assets/Fav-BPcykgsi.png                        147.34 kB
dist/assets/akhtar-qLBVRLf-.jpg                     173.92 kB
dist/assets/proposal5-DItum-r7.webp                 174.24 kB
dist/assets/tower3-DpFzgoGy.jpg                     175.56 kB
dist/assets/proposal2-B9XZZX50.webp                 192.62 kB
dist/assets/meerShinyDress-C8scZpYx.webp            229.68 kB
dist/assets/meerGreenJacket-ykCKR2uN.png            230.19 kB
dist/assets/arabic-BElshnQY.jpg                     238.42 kB
dist/assets/wasim-ETjjiRaD.jpg                      242.26 kB
dist/assets/salman-DD3Zraly.jpg                     255.18 kB
dist/assets/fahad-CnovJc60.jpg                      278.62 kB
dist/assets/tech-BdWyL5Pa.jpg                       281.71 kB
dist/assets/dubai-Bmqq4ymj.jpg                      311.77 kB
dist/assets/wasimAkramBg-D4BFEYu1.png               313.57 kB
dist/assets/video-poster-DrQklN8e.png               367.51 kB
dist/assets/proposal3-fxAFZeku.webp                 445.47 kB
dist/assets/proposal4-CZk7QC75.webp                 542.86 kB
dist/assets/proposal1-D37fvLUu.webp                 779.05 kB
dist/assets/wasimAkram-CBOcRO9q.png               4,488.96 kB
dist/assets/BlogDetail-oNXnMkFG.css                   0.63 kB │ gzip:   0.26 kB
dist/assets/style-DpsRipQV.css                        3.23 kB │ gzip:   0.73 kB
dist/assets/index-ggLNrt0T.css                      159.74 kB │ gzip:  21.72 kB
dist/assets/blogs-ChqPogSE.js                         0.04 kB │ gzip:   0.06 kB
dist/assets/webinarBanner-XLbHXaFF.js                 0.17 kB │ gzip:   0.15 kB
dist/assets/useDebounce-C3xey3X6.js                   0.19 kB │ gzip:   0.17 kB
dist/assets/plus-NPoXkcqj.js                          0.33 kB │ gzip:   0.25 kB
dist/assets/arrow-left-D6VC1pap.js                    0.34 kB │ gzip:   0.27 kB
dist/assets/circle-check-8Yc-ycn0.js                  0.35 kB │ gzip:   0.27 kB
dist/assets/trending-up-B6fFauyy.js                   0.35 kB │ gzip:   0.27 kB
dist/assets/ban-D55iSdg2.js                           0.35 kB │ gzip:   0.28 kB
dist/assets/info-CFcnVM3a.js                          0.37 kB │ gzip:   0.28 kB
dist/assets/rotate-ccw-B2OgKqGk.js                    0.37 kB │ gzip:   0.29 kB
dist/assets/circle-x-4oDILNol.js                      0.38 kB │ gzip:   0.28 kB
dist/assets/ellipsis-9xnsNQha.js                      0.39 kB │ gzip:   0.27 kB
dist/assets/upload-6fg4dZ1V.js                        0.40 kB │ gzip:   0.30 kB
dist/assets/index-Cw5XLKNA.js                         0.41 kB │ gzip:   0.30 kB
dist/assets/index-DkdNpiPL.js                         0.41 kB │ gzip:   0.30 kB
dist/assets/globe-DQcegWh9.js                         0.41 kB │ gzip:   0.29 kB
dist/assets/headphones-fbwhH5M4.js                    0.41 kB │ gzip:   0.29 kB
dist/assets/message-circle-CYkjmK2k.js                0.41 kB │ gzip:   0.31 kB
dist/assets/circle-alert-Dnu9to9y.js                  0.42 kB │ gzip:   0.29 kB
dist/assets/external-link-DLXaopIK.js                 0.42 kB │ gzip:   0.30 kB
dist/assets/funnel-BRfUujbF.js                        0.42 kB │ gzip:   0.31 kB
dist/assets/user-minus-BJ-1RgPw.js                    0.43 kB │ gzip:   0.32 kB
dist/assets/calendar-QTgccVqb.js                      0.43 kB │ gzip:   0.31 kB
dist/assets/pencil-DLWPyupS.js                        0.45 kB │ gzip:   0.33 kB
dist/assets/hash-DmPknMN1.js                          0.47 kB │ gzip:   0.30 kB
dist/assets/shield-check-Cn-MbytK.js                  0.49 kB │ gzip:   0.35 kB
dist/assets/tag-DqWxAt_v.js                           0.49 kB │ gzip:   0.35 kB
dist/assets/Dashboard-CJ2HnDgz.js                     0.50 kB │ gzip:   0.32 kB
dist/assets/Dashboard-DvQ9ZUi2.js                     0.50 kB │ gzip:   0.32 kB
dist/assets/support-ticket-events-BN_vF3zN.js         0.50 kB │ gzip:   0.37 kB
dist/assets/sparkles-DMqyzEiG.js                      0.67 kB │ gzip:   0.39 kB
dist/assets/meta-pixel-CAHtMBtr.js                    0.82 kB │ gzip:   0.37 kB
dist/assets/CkEditor-NKd9U-DL.js                      0.85 kB │ gzip:   0.53 kB
dist/assets/InfoBox-D0NSRSEg.js                       0.86 kB │ gzip:   0.43 kB
dist/assets/CurrencyWithApprox-CISvyOZ9.js            0.91 kB │ gzip:   0.52 kB
dist/assets/arrow-up-DSFB_644.js                      0.99 kB │ gzip:   0.39 kB
dist/assets/Tabs-Fzl4mQWf.js                          1.23 kB │ gzip:   0.65 kB
dist/assets/Pagination-D_hy7PFf.js                    1.32 kB │ gzip:   0.72 kB
dist/assets/ProposalPopup-DF3VO5Sr.js                 1.64 kB │ gzip:   0.83 kB
dist/assets/ToggleChips-L95yklI9.js                   1.68 kB │ gzip:   0.83 kB
dist/assets/topCards-B1gmaNrB.js                      1.71 kB │ gzip:   0.74 kB
dist/assets/ForgotPassword-CajkFTwd.js                2.11 kB │ gzip:   1.06 kB
dist/assets/FounderThankYou-Ba0Sm2xh.js               2.22 kB │ gzip:   1.08 kB
dist/assets/FilterDrawer-CKAUBi3u.js                  2.26 kB │ gzip:   0.96 kB
dist/assets/InvestorThankYou-Dz6Pmhcc.js              2.35 kB │ gzip:   1.15 kB
dist/assets/recipientFiltersState-DNQ9CyXJ.js         2.50 kB │ gzip:   0.93 kB
dist/assets/supabase-bulk-emails-CrWIWVL-.js          2.54 kB │ gzip:   1.01 kB
dist/assets/MultipleImageUploader-Bkwdyus9.js         2.61 kB │ gzip:   1.14 kB
dist/assets/AuthCallback-C2B9jNVp.js                  2.71 kB │ gzip:   1.29 kB
dist/assets/ImageUploader-DOUpFTn0.js                 2.74 kB │ gzip:   1.19 kB
dist/assets/parseISO-C7SxKVz-.js                      2.79 kB │ gzip:   1.26 kB
dist/assets/index-DgE0JCuo.js                         2.86 kB │ gzip:   1.36 kB
dist/assets/index-CS8vrDOj.js                         2.99 kB │ gzip:   1.50 kB
dist/assets/index-h9o-nO8O.js                         3.06 kB │ gzip:   1.48 kB
dist/assets/index-BvcSDjvE.js                         3.19 kB │ gzip:   1.52 kB
dist/assets/toolbar-DKUrKwsm.js                       3.31 kB │ gzip:   1.30 kB
dist/assets/index-CTeTzQ2F.js                         3.41 kB │ gzip:   1.73 kB
dist/assets/index-DFBijRQO.js                         3.48 kB │ gzip:   1.67 kB
dist/assets/index-BkKoOvKx.js                         3.51 kB │ gzip:   1.61 kB
dist/assets/index-DhhRdzgs.js                         3.57 kB │ gzip:   1.80 kB
dist/assets/index-UeMsDClB.js                         3.80 kB │ gzip:   1.82 kB
dist/assets/target-audience-Dyvc_0jR.js               4.02 kB │ gzip:   1.16 kB
dist/assets/BulkActionsBar-K-LId6Ak.js                4.36 kB │ gzip:   1.81 kB
dist/assets/index-DRvqHMpt.js                         4.53 kB │ gzip:   2.05 kB
dist/assets/Stepper-Bn1sItej.js                       4.66 kB │ gzip:   2.02 kB
dist/assets/Login-Dj7O6G6y.js                         4.74 kB │ gzip:   1.95 kB
dist/assets/ViewRemindersModal-_yREx6pD.js            4.87 kB │ gzip:   1.85 kB
dist/assets/ContactSupport-BrVT-xUi.js                4.90 kB │ gzip:   2.01 kB
dist/assets/ResetPassword-MBrUwg-U.js                 5.08 kB │ gzip:   1.77 kB
dist/assets/ActivityLogsModal.utils-BsLyKVer.js       5.10 kB │ gzip:   1.46 kB
dist/assets/CreateBlog-CiOSge12.js                    5.28 kB │ gzip:   2.26 kB
dist/assets/index-DFali1BY.js                         5.36 kB │ gzip:   2.45 kB
dist/assets/index-RZAk7UJA.js                         5.37 kB │ gzip:   2.27 kB
dist/assets/SelectRole-CEoffdoF.js                    5.41 kB │ gzip:   2.28 kB
dist/assets/HelpPageContent-C9Rx2_jH.js               5.51 kB │ gzip:   2.01 kB
dist/assets/AllBlogs-Clodj585.js                      5.78 kB │ gzip:   2.31 kB
dist/assets/VerifyUserEmail-DwGdWerz.js               5.82 kB │ gzip:   2.08 kB
dist/assets/EditBlog-DUWWh-xf.js                      6.15 kB │ gzip:   2.64 kB
dist/assets/Profile-DdM9KIXS.js                       6.86 kB │ gzip:   2.19 kB
dist/assets/CreateTargetAudience-BUWJdkx2.js          7.04 kB │ gzip:   2.69 kB
dist/assets/SignUp-B5kTyOYr.js                        7.08 kB │ gzip:   2.66 kB
dist/assets/index-CuZX9Nxb.js                         8.01 kB │ gzip:   2.95 kB
dist/assets/index-D3O6xR6I.js                         8.03 kB │ gzip:   2.89 kB
dist/assets/EditTargetAudience-ByVoswZp.js            8.42 kB │ gzip:   2.97 kB
dist/assets/MiniAdminAnalyticsDetail-Cj5Mhlhg.js      9.28 kB │ gzip:   2.97 kB
dist/assets/index-YGIXGxX4.js                         9.30 kB │ gzip:   3.84 kB
dist/assets/index-CHjw52Q4.js                         9.77 kB │ gzip:   3.60 kB
dist/assets/table-C7Tgnf6L.js                         9.82 kB │ gzip:   3.25 kB
dist/assets/businessProposalCard-Bu-Qidm6.js         10.05 kB │ gzip:   3.50 kB
dist/assets/mini-admin-analytics-DcYkt5-K.js         12.59 kB │ gzip:   3.62 kB
dist/assets/TicketDetailPage-BLzcPL7l.js             13.40 kB │ gzip:   4.09 kB
dist/assets/SimplifiedProfile-CL-p0Yi7.js            13.75 kB │ gzip:   3.64 kB
dist/assets/index-BM7KiZ09.js                        15.99 kB │ gzip:   4.95 kB
dist/assets/CreateNewBatch-iI8xF6Y-.js               17.70 kB │ gzip:   4.72 kB
dist/assets/index-D3voLPGd.js                        18.57 kB │ gzip:   5.99 kB
dist/assets/index-b2REhrsH.js                        19.96 kB │ gzip:   6.62 kB
dist/assets/index-CHIuP8PI.js                        20.13 kB │ gzip:   5.40 kB
dist/assets/BlogDetail-C2Yks4Oc.js                   21.52 kB │ gzip:   8.71 kB
dist/assets/index-CrhR_wTQ.js                        22.84 kB │ gzip:   6.77 kB
dist/assets/EditFounder-D2tB7Oh1.js                  23.52 kB │ gzip:   5.86 kB
dist/assets/EditInvestor-mwLTY-C6.js                 24.49 kB │ gzip:   6.13 kB
dist/assets/index-BW87jaDy.js                        24.71 kB │ gzip:   7.46 kB
dist/assets/ViewBusinessProposal-Bf_Y4Jbh.js         25.92 kB │ gzip:   6.38 kB
dist/assets/index-QCoXUDJZ.js                        28.38 kB │ gzip:   7.29 kB
dist/assets/index-COxDR50V.js                        30.15 kB │ gzip:   9.06 kB
dist/assets/index-BOxVN7eE.js                        54.82 kB │ gzip:  12.03 kB
dist/assets/Landing-B9H5cnPm.js                     152.14 kB │ gzip:  53.66 kB
dist/assets/xlsx-DGuHH-KN.js                        429.49 kB │ gzip: 143.07 kB
dist/assets/react-apexcharts.min-C5REXKZe.js        584.37 kB │ gzip: 159.18 kB
dist/assets/index-C3ribaaV.js                     2,843.13 kB │ gzip: 760.14 kB

(!) Some chunks are larger than 1500 kB after minification. Consider:
- Using dynamic import() to code-split the application
- Use build.rollupOptions.output.manualChunks to improve chunking: https://rollupjs.org/configuration-options/#output-manualchunks
- Adjust chunk size limit for this warning via build.chunkSizeWarningLimit.
✓ built in 17.72s
Packaging build...
  adding: .htaccess (deflated 36%)
  adding: favicon.ico (deflated 13%)
  adding: robots.txt (deflated 3%)
  adding: sitemap.xml (deflated 60%)
  adding: assets/ (stored 0%)
  adding: assets/irfanMalikBg-D4osmO_C.jpg (deflated 1%)
  adding: assets/shakeelBg-NX99JDrP.jpg (deflated 0%)
  adding: assets/meerGreenJacket-ykCKR2uN.png (deflated 0%)
  adding: assets/meerShinyDress-C8scZpYx.webp (deflated 0%)
  adding: assets/wasimAkramBg-D4BFEYu1.png (deflated 0%)
  adding: assets/akhtar-qLBVRLf-.jpg (deflated 1%)
  adding: assets/arabic-BElshnQY.jpg (deflated 0%)
  adding: assets/handShake-Dk1DoagP.webp (deflated 0%)
  adding: assets/dubai-Bmqq4ymj.jpg (deflated 0%)
  adding: assets/fahad-CnovJc60.jpg (deflated 0%)
  adding: assets/salman-DD3Zraly.jpg (deflated 0%)
  adding: assets/rectanglePlaceholder-nCbViREl.png (deflated 31%)
  adding: assets/tech-BdWyL5Pa.jpg (deflated 0%)
  adding: assets/Fav-BPcykgsi.png (deflated 5%)
  adding: assets/MainLogo-DJpFhlQE.png (deflated 4%)
  adding: assets/goldenCheck-CnSHOmXW.webp (stored 0%)
  adding: assets/tower-gldBe0jJ.webp (deflated 0%)
  adding: assets/placeholderMan-BvremNML.png (deflated 3%)
  adding: assets/wasim-ETjjiRaD.jpg (deflated 0%)
  adding: assets/verifiedBadge-CrcJq1tD.webp (deflated 1%)
  adding: assets/tower2-LuqAcWCu.jpg (deflated 2%)
  adding: assets/tower3-DpFzgoGy.jpg (deflated 0%)
  adding: assets/proposal5-DItum-r7.webp (deflated 4%)
  adding: assets/proposal6-wLmvSjqd.webp (deflated 0%)
  adding: assets/proposal2-B9XZZX50.webp (deflated 3%)
  adding: assets/proposal3-fxAFZeku.webp (deflated 1%)
  adding: assets/proposal4-CZk7QC75.webp (deflated 1%)
  adding: assets/proposal1-D37fvLUu.webp (deflated 1%)
  adding: assets/video-poster-DrQklN8e.png (deflated 0%)
  adding: assets/wasimAkram-CBOcRO9q.png (deflated 1%)
  adding: assets/index-ggLNrt0T.css (deflated 87%)
  adding: assets/BlogDetail-oNXnMkFG.css (deflated 62%)
  adding: assets/style-DpsRipQV.css (deflated 78%)
  adding: assets/index-C3ribaaV.js (deflated 73%)
  adding: assets/xlsx-DGuHH-KN.js (deflated 67%)
  adding: assets/Landing-B9H5cnPm.js (deflated 65%)
  adding: assets/BlogDetail-C2Yks4Oc.js (deflated 60%)
  adding: assets/AllBlogs-Clodj585.js (deflated 61%)
  adding: assets/index-CS8vrDOj.js (deflated 50%)
  adding: assets/index-DgE0JCuo.js (deflated 53%)
  adding: assets/index-BvcSDjvE.js (deflated 53%)
  adding: assets/index-h9o-nO8O.js (deflated 52%)
  adding: assets/index-BkKoOvKx.js (deflated 54%)
  adding: assets/SignUp-B5kTyOYr.js (deflated 63%)
  adding: assets/ForgotPassword-CajkFTwd.js (deflated 51%)
  adding: assets/VerifyUserEmail-DwGdWerz.js (deflated 64%)
  adding: assets/ResetPassword-MBrUwg-U.js (deflated 65%)
  adding: assets/ContactSupport-BrVT-xUi.js (deflated 59%)
  adding: assets/AuthCallback-C2B9jNVp.js (deflated 53%)
  adding: assets/SelectRole-CEoffdoF.js (deflated 58%)
  adding: assets/InvestorThankYou-Dz6Pmhcc.js (deflated 52%)
  adding: assets/FounderThankYou-Ba0Sm2xh.js (deflated 52%)
  adding: assets/Login-Dj7O6G6y.js (deflated 59%)
  adding: assets/Profile-DdM9KIXS.js (deflated 68%)
  adding: assets/index-DFali1BY.js (deflated 55%)
  adding: assets/index-COxDR50V.js (deflated 70%)
  adding: assets/EditInvestor-mwLTY-C6.js (deflated 75%)
  adding: assets/index-BW87jaDy.js (deflated 70%)
  adding: assets/BulkActionsBar-K-LId6Ak.js (deflated 59%)
  adding: assets/EditFounder-D2tB7Oh1.js (deflated 75%)
  adding: assets/ViewRemindersModal-_yREx6pD.js (deflated 62%)
  adding: assets/index-YGIXGxX4.js (deflated 59%)
  adding: assets/index-b2REhrsH.js (deflated 67%)
  adding: assets/index-D3voLPGd.js (deflated 68%)
  adding: assets/ViewBusinessProposal-Bf_Y4Jbh.js (deflated 75%)
  adding: assets/index-CrhR_wTQ.js (deflated 70%)
  adding: assets/meta-pixel-CAHtMBtr.js (deflated 57%)
  adding: assets/shield-check-Cn-MbytK.js (deflated 32%)
  adding: assets/sparkles-DMqyzEiG.js (deflated 45%)
  adding: assets/trending-up-B6fFauyy.js (deflated 26%)
  adding: assets/globe-DQcegWh9.js (deflated 33%)
  adding: assets/blogs-ChqPogSE.js (stored 0%)
  adding: assets/calendar-QTgccVqb.js (deflated 33%)
  adding: assets/index-DFBijRQO.js (deflated 53%)
  adding: assets/message-circle-CYkjmK2k.js (deflated 28%)
  adding: assets/tag-DqWxAt_v.js (deflated 34%)
  adding: assets/arrow-left-D6VC1pap.js (deflated 26%)
  adding: assets/InfoBox-D0NSRSEg.js (deflated 52%)
  adding: assets/info-CFcnVM3a.js (deflated 30%)
  adding: assets/circle-alert-Dnu9to9y.js (deflated 35%)
  adding: assets/index-BOxVN7eE.js (deflated 78%)
  adding: assets/topCards-B1gmaNrB.js (deflated 58%)
  adding: assets/parseISO-C7SxKVz-.js (deflated 56%)
  adding: assets/webinarBanner-XLbHXaFF.js (deflated 25%)
  adding: assets/react-apexcharts.min-C5REXKZe.js (deflated 73%)
  adding: assets/CurrencyWithApprox-CISvyOZ9.js (deflated 45%)
  adding: assets/ImageUploader-DOUpFTn0.js (deflated 58%)
  adding: assets/external-link-DLXaopIK.js (deflated 33%)
  adding: assets/upload-6fg4dZ1V.js (deflated 31%)
  adding: assets/table-C7Tgnf6L.js (deflated 67%)
  adding: assets/toolbar-DKUrKwsm.js (deflated 61%)
  adding: assets/useDebounce-C3xey3X6.js (deflated 22%)
  adding: assets/support-ticket-events-BN_vF3zN.js (deflated 29%)
  adding: assets/headphones-fbwhH5M4.js (deflated 34%)
  adding: assets/Pagination-D_hy7PFf.js (deflated 47%)
  adding: assets/arrow-up-DSFB_644.js (deflated 63%)
  adding: assets/ellipsis-9xnsNQha.js (deflated 37%)
  adding: assets/funnel-BRfUujbF.js (deflated 30%)
  adding: assets/FilterDrawer-CKAUBi3u.js (deflated 58%)
  adding: assets/rotate-ccw-B2OgKqGk.js (deflated 28%)
  adding: assets/ToggleChips-L95yklI9.js (deflated 52%)
  adding: assets/circle-x-4oDILNol.js (deflated 31%)
  adding: assets/businessProposalCard-Bu-Qidm6.js (deflated 66%)
  adding: assets/user-minus-BJ-1RgPw.js (deflated 30%)
  adding: assets/pencil-DLWPyupS.js (deflated 31%)
  adding: assets/ban-D55iSdg2.js (deflated 27%)
  adding: assets/plus-NPoXkcqj.js (deflated 28%)
  adding: assets/ActivityLogsModal.utils-BsLyKVer.js (deflated 72%)
  adding: assets/Tabs-Fzl4mQWf.js (deflated 49%)
  adding: assets/Stepper-Bn1sItej.js (deflated 57%)
  adding: assets/MultipleImageUploader-Bkwdyus9.js (deflated 57%)
  adding: assets/index-D3O6xR6I.js (deflated 64%)
  adding: assets/supabase-bulk-emails-CrWIWVL-.js (deflated 61%)
  adding: assets/CreateNewBatch-iI8xF6Y-.js (deflated 73%)
  adding: assets/CkEditor-NKd9U-DL.js (deflated 40%)
  adding: assets/recipientFiltersState-DNQ9CyXJ.js (deflated 64%)
  adding: assets/target-audience-Dyvc_0jR.js (deflated 72%)
  adding: assets/index-DRvqHMpt.js (deflated 55%)
  adding: assets/CreateTargetAudience-BUWJdkx2.js (deflated 62%)
  adding: assets/EditTargetAudience-ByVoswZp.js (deflated 65%)
  adding: assets/index-RZAk7UJA.js (deflated 58%)
  adding: assets/CreateBlog-CiOSge12.js (deflated 58%)
  adding: assets/EditBlog-DUWWh-xf.js (deflated 57%)
  adding: assets/index-BM7KiZ09.js (deflated 69%)
  adding: assets/index-CuZX9Nxb.js (deflated 64%)
  adding: assets/index-QCoXUDJZ.js (deflated 74%)
  adding: assets/mini-admin-analytics-DcYkt5-K.js (deflated 71%)
  adding: assets/MiniAdminAnalyticsDetail-Cj5Mhlhg.js (deflated 68%)
  adding: assets/Dashboard-DvQ9ZUi2.js (deflated 40%)
  adding: assets/SimplifiedProfile-CL-p0Yi7.js (deflated 74%)
  adding: assets/index-DkdNpiPL.js (deflated 32%)
  adding: assets/HelpPageContent-C9Rx2_jH.js (deflated 64%)
  adding: assets/hash-DmPknMN1.js (deflated 41%)
  adding: assets/index-DhhRdzgs.js (deflated 50%)
  adding: assets/ProposalPopup-DF3VO5Sr.js (deflated 51%)
  adding: assets/index-UeMsDClB.js (deflated 52%)
  adding: assets/index-CTeTzQ2F.js (deflated 50%)
  adding: assets/Dashboard-CJ2HnDgz.js (deflated 40%)
  adding: assets/index-CHIuP8PI.js (deflated 73%)
  adding: assets/index-CHjw52Q4.js (deflated 63%)
  adding: assets/index-Cw5XLKNA.js (deflated 33%)
  adding: assets/TicketDetailPage-BLzcPL7l.js (deflated 70%)
  adding: assets/circle-check-8Yc-ycn0.js (deflated 27%)
  adding: index.html (deflated 52%)
Saving Lightsail SSH key...
Uploading build to Lightsail...
Warning: Permanently added '15.207.22.250' (ED25519) to the list of known hosts.
Deploying build to /var/www/html ...
Archive:  /home/ubuntu/react-build.zip
  inflating: /var/www/html/.htaccess  
  inflating: /var/www/html/favicon.ico  
  inflating: /var/www/html/robots.txt  
  inflating: /var/www/html/sitemap.xml  
   creating: /var/www/html/assets/
  inflating: /var/www/html/assets/irfanMalikBg-D4osmO_C.jpg  
  inflating: /var/www/html/assets/shakeelBg-NX99JDrP.jpg  
  inflating: /var/www/html/assets/meerGreenJacket-ykCKR2uN.png  
  inflating: /var/www/html/assets/meerShinyDress-C8scZpYx.webp  
  inflating: /var/www/html/assets/wasimAkramBg-D4BFEYu1.png  
  inflating: /var/www/html/assets/akhtar-qLBVRLf-.jpg  
  inflating: /var/www/html/assets/arabic-BElshnQY.jpg  
  inflating: /var/www/html/assets/handShake-Dk1DoagP.webp  
  inflating: /var/www/html/assets/dubai-Bmqq4ymj.jpg  
  inflating: /var/www/html/assets/fahad-CnovJc60.jpg  
  inflating: /var/www/html/assets/salman-DD3Zraly.jpg  
  inflating: /var/www/html/assets/rectanglePlaceholder-nCbViREl.png  
  inflating: /var/www/html/assets/tech-BdWyL5Pa.jpg  
  inflating: /var/www/html/assets/Fav-BPcykgsi.png  
  inflating: /var/www/html/assets/MainLogo-DJpFhlQE.png  
 extracting: /var/www/html/assets/goldenCheck-CnSHOmXW.webp  
  inflating: /var/www/html/assets/tower-gldBe0jJ.webp  
  inflating: /var/www/html/assets/placeholderMan-BvremNML.png  
  inflating: /var/www/html/assets/wasim-ETjjiRaD.jpg  
  inflating: /var/www/html/assets/verifiedBadge-CrcJq1tD.webp  
  inflating: /var/www/html/assets/tower2-LuqAcWCu.jpg  
  inflating: /var/www/html/assets/tower3-DpFzgoGy.jpg  
  inflating: /var/www/html/assets/proposal5-DItum-r7.webp  
  inflating: /var/www/html/assets/proposal6-wLmvSjqd.webp  
  inflating: /var/www/html/assets/proposal2-B9XZZX50.webp  
  inflating: /var/www/html/assets/proposal3-fxAFZeku.webp  
  inflating: /var/www/html/assets/proposal4-CZk7QC75.webp  
  inflating: /var/www/html/assets/proposal1-D37fvLUu.webp  
  inflating: /var/www/html/assets/video-poster-DrQklN8e.png  
  inflating: /var/www/html/assets/wasimAkram-CBOcRO9q.png  
  inflating: /var/www/html/assets/index-ggLNrt0T.css  
  inflating: /var/www/html/assets/BlogDetail-oNXnMkFG.css  
  inflating: /var/www/html/assets/style-DpsRipQV.css  
  inflating: /var/www/html/assets/index-C3ribaaV.js  
  inflating: /var/www/html/assets/xlsx-DGuHH-KN.js  
  inflating: /var/www/html/assets/Landing-B9H5cnPm.js  
  inflating: /var/www/html/assets/BlogDetail-C2Yks4Oc.js  
  inflating: /var/www/html/assets/AllBlogs-Clodj585.js  
  inflating: /var/www/html/assets/index-CS8vrDOj.js  
  inflating: /var/www/html/assets/index-DgE0JCuo.js  
  inflating: /var/www/html/assets/index-BvcSDjvE.js  
  inflating: /var/www/html/assets/index-h9o-nO8O.js  
  inflating: /var/www/html/assets/index-BkKoOvKx.js  
  inflating: /var/www/html/assets/SignUp-B5kTyOYr.js  
  inflating: /var/www/html/assets/ForgotPassword-CajkFTwd.js  
  inflating: /var/www/html/assets/VerifyUserEmail-DwGdWerz.js  
  inflating: /var/www/html/assets/ResetPassword-MBrUwg-U.js  
  inflating: /var/www/html/assets/ContactSupport-BrVT-xUi.js  
  inflating: /var/www/html/assets/AuthCallback-C2B9jNVp.js  
  inflating: /var/www/html/assets/SelectRole-CEoffdoF.js  
  inflating: /var/www/html/assets/InvestorThankYou-Dz6Pmhcc.js  
  inflating: /var/www/html/assets/FounderThankYou-Ba0Sm2xh.js  
  inflating: /var/www/html/assets/Login-Dj7O6G6y.js  
  inflating: /var/www/html/assets/Profile-DdM9KIXS.js  
  inflating: /var/www/html/assets/index-DFali1BY.js  
  inflating: /var/www/html/assets/index-COxDR50V.js  
  inflating: /var/www/html/assets/EditInvestor-mwLTY-C6.js  
  inflating: /var/www/html/assets/index-BW87jaDy.js  
  inflating: /var/www/html/assets/BulkActionsBar-K-LId6Ak.js  
  inflating: /var/www/html/assets/EditFounder-D2tB7Oh1.js  
  inflating: /var/www/html/assets/ViewRemindersModal-_yREx6pD.js  
  inflating: /var/www/html/assets/index-YGIXGxX4.js  
  inflating: /var/www/html/assets/index-b2REhrsH.js  
  inflating: /var/www/html/assets/index-D3voLPGd.js  
  inflating: /var/www/html/assets/ViewBusinessProposal-Bf_Y4Jbh.js  
  inflating: /var/www/html/assets/index-CrhR_wTQ.js  
  inflating: /var/www/html/assets/meta-pixel-CAHtMBtr.js  
  inflating: /var/www/html/assets/shield-check-Cn-MbytK.js  
  inflating: /var/www/html/assets/sparkles-DMqyzEiG.js  
  inflating: /var/www/html/assets/trending-up-B6fFauyy.js  
  inflating: /var/www/html/assets/globe-DQcegWh9.js  
 extracting: /var/www/html/assets/blogs-ChqPogSE.js  
  inflating: /var/www/html/assets/calendar-QTgccVqb.js  
  inflating: /var/www/html/assets/index-DFBijRQO.js  
  inflating: /var/www/html/assets/message-circle-CYkjmK2k.js  
  inflating: /var/www/html/assets/tag-DqWxAt_v.js  
  inflating: /var/www/html/assets/arrow-left-D6VC1pap.js  
  inflating: /var/www/html/assets/InfoBox-D0NSRSEg.js  
  inflating: /var/www/html/assets/info-CFcnVM3a.js  
  inflating: /var/www/html/assets/circle-alert-Dnu9to9y.js  
  inflating: /var/www/html/assets/index-BOxVN7eE.js  
  inflating: /var/www/html/assets/topCards-B1gmaNrB.js  
  inflating: /var/www/html/assets/parseISO-C7SxKVz-.js  
  inflating: /var/www/html/assets/webinarBanner-XLbHXaFF.js  
  inflating: /var/www/html/assets/react-apexcharts.min-C5REXKZe.js  
  inflating: /var/www/html/assets/CurrencyWithApprox-CISvyOZ9.js  
  inflating: /var/www/html/assets/ImageUploader-DOUpFTn0.js  
  inflating: /var/www/html/assets/external-link-DLXaopIK.js  
  inflating: /var/www/html/assets/upload-6fg4dZ1V.js  
  inflating: /var/www/html/assets/table-C7Tgnf6L.js  
  inflating: /var/www/html/assets/toolbar-DKUrKwsm.js  
  inflating: /var/www/html/assets/useDebounce-C3xey3X6.js  
  inflating: /var/www/html/assets/support-ticket-events-BN_vF3zN.js  
  inflating: /var/www/html/assets/headphones-fbwhH5M4.js  
  inflating: /var/www/html/assets/Pagination-D_hy7PFf.js  
  inflating: /var/www/html/assets/arrow-up-DSFB_644.js  
  inflating: /var/www/html/assets/ellipsis-9xnsNQha.js  
  inflating: /var/www/html/assets/funnel-BRfUujbF.js  
  inflating: /var/www/html/assets/FilterDrawer-CKAUBi3u.js  
  inflating: /var/www/html/assets/rotate-ccw-B2OgKqGk.js  
  inflating: /var/www/html/assets/ToggleChips-L95yklI9.js  
  inflating: /var/www/html/assets/circle-x-4oDILNol.js  
  inflating: /var/www/html/assets/businessProposalCard-Bu-Qidm6.js  
  inflating: /var/www/html/assets/user-minus-BJ-1RgPw.js  
  inflating: /var/www/html/assets/pencil-DLWPyupS.js  
  inflating: /var/www/html/assets/ban-D55iSdg2.js  
  inflating: /var/www/html/assets/plus-NPoXkcqj.js  
  inflating: /var/www/html/assets/ActivityLogsModal.utils-BsLyKVer.js  
  inflating: /var/www/html/assets/Tabs-Fzl4mQWf.js  
  inflating: /var/www/html/assets/Stepper-Bn1sItej.js  
  inflating: /var/www/html/assets/MultipleImageUploader-Bkwdyus9.js  
  inflating: /var/www/html/assets/index-D3O6xR6I.js  
  inflating: /var/www/html/assets/supabase-bulk-emails-CrWIWVL-.js  
  inflating: /var/www/html/assets/CreateNewBatch-iI8xF6Y-.js  
  inflating: /var/www/html/assets/CkEditor-NKd9U-DL.js  
  inflating: /var/www/html/assets/recipientFiltersState-DNQ9CyXJ.js  
  inflating: /var/www/html/assets/target-audience-Dyvc_0jR.js  
  inflating: /var/www/html/assets/index-DRvqHMpt.js  
  inflating: /var/www/html/assets/CreateTargetAudience-BUWJdkx2.js  
  inflating: /var/www/html/assets/EditTargetAudience-ByVoswZp.js  
  inflating: /var/www/html/assets/index-RZAk7UJA.js  
  inflating: /var/www/html/assets/CreateBlog-CiOSge12.js  
  inflating: /var/www/html/assets/EditBlog-DUWWh-xf.js  
  inflating: /var/www/html/assets/index-BM7KiZ09.js  
  inflating: /var/www/html/assets/index-CuZX9Nxb.js  
  inflating: /var/www/html/assets/index-QCoXUDJZ.js  
  inflating: /var/www/html/assets/mini-admin-analytics-DcYkt5-K.js  
  inflating: /var/www/html/assets/MiniAdminAnalyticsDetail-Cj5Mhlhg.js  
  inflating: /var/www/html/assets/Dashboard-DvQ9ZUi2.js  
  inflating: /var/www/html/assets/SimplifiedProfile-CL-p0Yi7.js  
  inflating: /var/www/html/assets/index-DkdNpiPL.js  
  inflating: /var/www/html/assets/HelpPageContent-C9Rx2_jH.js  
  inflating: /var/www/html/assets/hash-DmPknMN1.js  
  inflating: /var/www/html/assets/index-DhhRdzgs.js  
  inflating: /var/www/html/assets/ProposalPopup-DF3VO5Sr.js  
  inflating: /var/www/html/assets/index-UeMsDClB.js  
  inflating: /var/www/html/assets/index-CTeTzQ2F.js  
  inflating: /var/www/html/assets/Dashboard-CJ2HnDgz.js  
  inflating: /var/www/html/assets/index-CHIuP8PI.js  
  inflating: /var/www/html/assets/index-CHjw52Q4.js  
  inflating: /var/www/html/assets/index-Cw5XLKNA.js  
  inflating: /var/www/html/assets/TicketDetailPage-BLzcPL7l.js  
  inflating: /var/www/html/assets/circle-check-8Yc-ycn0.js  
  inflating: /var/www/html/index.html  
Saving Git logs repo SSH key...
Testing GitHub SSH key...
Cloning deployment-logs repo...
Cloning into 'logs-repo'...
