Installing dependencies...
npm warn deprecated w3c-hr-time@1.0.2: Use your platform's native performance.now() and performance.timeOrigin.
npm warn deprecated domexception@2.0.1: Use your platform's native DOMException instead
npm warn deprecated abab@2.0.6: Use your platform's native atob() and btoa() methods instead

added 1750 packages, and audited 1751 packages in 4m

222 packages are looking for funding
  run `npm fund` for details

52 vulnerabilities (51 moderate, 1 high)

To address issues that do not require attention, run:
  npm audit fix

To address all issues possible (including breaking changes), run:
  npm audit fix --force

Some issues need review, and may require choosing
a different dependency.

Run `npm audit` for details.
Building React app...

> boilerplate-code-react-js@0.0.0 build
> vite build

vite v7.1.11 building for production...
transforming...
✓ 2933 modules transformed.
rendering chunks...
computing gzip size...
dist/index.html                                    2.18 kB │ gzip:   1.05 kB
dist/assets/rectanglePlaceholder-nCbViREl.png     11.85 kB
dist/assets/irfanMalikBg-D4osmO_C.jpg             24.66 kB
dist/assets/proposal6-wLmvSjqd.webp               28.15 kB
dist/assets/placeholderMan-BvremNML.png           36.64 kB
dist/assets/handShake-Dk1DoagP.webp               65.18 kB
dist/assets/tower-gldBe0jJ.webp                   66.16 kB
dist/assets/tower2-LuqAcWCu.jpg                   72.52 kB
dist/assets/goldenCheck-QMGlinWJ.png             124.08 kB
dist/assets/shakeelBg-NX99JDrP.jpg               143.15 kB
dist/assets/MainLogo-DJpFhlQE.png                144.86 kB
dist/assets/Fav-BPcykgsi.png                     147.34 kB
dist/assets/akhtar-qLBVRLf-.jpg                  173.92 kB
dist/assets/proposal5-DItum-r7.webp              174.24 kB
dist/assets/tower3-DpFzgoGy.jpg                  175.56 kB
dist/assets/proposal2-B9XZZX50.webp              192.62 kB
dist/assets/meerShinyDress-C8scZpYx.webp         229.68 kB
dist/assets/meerGreenJacket-ykCKR2uN.png         230.19 kB
dist/assets/arabic-BElshnQY.jpg                  238.42 kB
dist/assets/wasim-ETjjiRaD.jpg                   242.26 kB
dist/assets/salman-DD3Zraly.jpg                  255.18 kB
dist/assets/fahad-CnovJc60.jpg                   278.62 kB
dist/assets/tech-BdWyL5Pa.jpg                    281.71 kB
dist/assets/dubai-Bmqq4ymj.jpg                   311.77 kB
dist/assets/wasimAkramBg-D4BFEYu1.png            313.57 kB
dist/assets/proposal3-fxAFZeku.webp              445.47 kB
dist/assets/proposal4-CZk7QC75.webp              542.86 kB
dist/assets/proposal1-D37fvLUu.webp              779.05 kB
dist/assets/wasimAkram-CBOcRO9q.png            4,488.96 kB
dist/assets/index-CGWtwUfr.css                   135.82 kB │ gzip:  18.60 kB
dist/assets/plus-Ct5fvx_-.js                       0.33 kB │ gzip:   0.25 kB
dist/assets/trending-up-wkBPO_58.js                0.35 kB │ gzip:   0.27 kB
dist/assets/ban-CS_IfxIm.js                        0.35 kB │ gzip:   0.27 kB
dist/assets/info-CENX62H3.js                       0.37 kB │ gzip:   0.28 kB
dist/assets/circle-x-Dq6I3EZI.js                   0.38 kB │ gzip:   0.28 kB
dist/assets/mail-CPgsvaVu.js                       0.39 kB │ gzip:   0.30 kB
dist/assets/upload-DDHGFlzj.js                     0.40 kB │ gzip:   0.30 kB
dist/assets/log-in-Dd2QZ-y2.js                     0.40 kB │ gzip:   0.29 kB
dist/assets/download-BbpgnTDQ.js                   0.41 kB │ gzip:   0.30 kB
dist/assets/message-square-Bw2sb6dc.js             0.41 kB │ gzip:   0.30 kB
dist/assets/globe-1PHQ0wnh.js                      0.41 kB │ gzip:   0.29 kB
dist/assets/circle-alert-DGHPZUSw.js               0.42 kB │ gzip:   0.29 kB
dist/assets/eye-DYyNARbA.js                        0.42 kB │ gzip:   0.30 kB
dist/assets/map-pin-CaGZIB75.js                    0.43 kB │ gzip:   0.32 kB
dist/assets/link-BvR_kYal.js                       0.43 kB │ gzip:   0.30 kB
dist/assets/pencil-QdF6dd5k.js                     0.45 kB │ gzip:   0.33 kB
dist/assets/user-plus-3OcVl7UO.js                  0.48 kB │ gzip:   0.34 kB
dist/assets/shield-check-B8XFT0hl.js               0.49 kB │ gzip:   0.35 kB
dist/assets/uiFunctions-dXXazldF.js                0.49 kB │ gzip:   0.32 kB
dist/assets/square-pen-gNZS9kcw.js                 0.49 kB │ gzip:   0.34 kB
dist/assets/phone-D23E5OzV.js                      0.50 kB │ gzip:   0.33 kB
dist/assets/trash-2-D2QRu5I0.js                    0.50 kB │ gzip:   0.32 kB
dist/assets/file-text-BBhIik1n.js                  0.51 kB │ gzip:   0.32 kB
dist/assets/LegalModal-CdjHoO5s.js                 0.66 kB │ gzip:   0.46 kB
dist/assets/sparkles-J4BZkKD_.js                   0.67 kB │ gzip:   0.39 kB
dist/assets/InfoBox-G1-raxk2.js                    0.86 kB │ gzip:   0.43 kB
dist/assets/label-0fZH3vGL.js                      0.89 kB │ gzip:   0.55 kB
dist/assets/card-eAenarqi.js                       1.18 kB │ gzip:   0.46 kB
dist/assets/Tabs-BKv7C8sn.js                       1.23 kB │ gzip:   0.65 kB
dist/assets/GetMoreDetailsModal-DHZBxnf4.js        1.27 kB │ gzip:   0.60 kB
dist/assets/textarea-CsIKovex.js                   1.49 kB │ gzip:   0.74 kB
dist/assets/target-CQye4rGH.js                     1.56 kB │ gzip:   0.55 kB
dist/assets/useDebounce-4cmToGjI.js                1.62 kB │ gzip:   0.69 kB
dist/assets/ToggleChips-DlLEqHTS.js                1.66 kB │ gzip:   0.82 kB
dist/assets/input-CpMg2qNC.js                      1.68 kB │ gzip:   0.86 kB
dist/assets/topCards-QXFYzfw0.js                   1.71 kB │ gzip:   0.74 kB
dist/assets/ImageUploader-DFUfRFr-.js              1.95 kB │ gzip:   0.94 kB
dist/assets/index-bzWSKUP6.js                      2.07 kB │ gzip:   0.92 kB
dist/assets/ForgotPassword-CRFpRDZ1.js             2.17 kB │ gzip:   1.09 kB
dist/assets/ContactSupportModal-h2CNrZRt.js        2.34 kB │ gzip:   1.15 kB
dist/assets/ResetPassword-BaOgdH71.js              2.40 kB │ gzip:   1.06 kB
dist/assets/AuthCallback-CGH9CVbE.js               2.67 kB │ gzip:   1.27 kB
dist/assets/index-BcuEWdEG.js                      2.67 kB │ gzip:   1.20 kB
dist/assets/index-DoAvs58D.js                      2.72 kB │ gzip:   1.22 kB
dist/assets/toolbar-CUxNhSvx.js                    2.99 kB │ gzip:   1.22 kB
dist/assets/FileUploader-BpjeRdHH.js               3.02 kB │ gzip:   1.35 kB
dist/assets/index-YcsG7TZ2.js                      3.07 kB │ gzip:   1.46 kB
dist/assets/index-D0Ux9YTa.js                      3.21 kB │ gzip:   1.60 kB
dist/assets/index-C8-d3X8w.js                      3.27 kB │ gzip:   1.59 kB
dist/assets/index-BP7On23h.js                      3.40 kB │ gzip:   1.62 kB
dist/assets/index-CtFJZx0o.js                      3.48 kB │ gzip:   1.67 kB
dist/assets/index-H0frpNUd.js                      3.58 kB │ gzip:   1.37 kB
dist/assets/SelectRole-X6nl85wH.js                 3.68 kB │ gzip:   1.70 kB
dist/assets/checkbox-BYdlZANc.js                   4.08 kB │ gzip:   1.79 kB
dist/assets/index-wB_HfSff.js                      4.17 kB │ gzip:   2.03 kB
dist/assets/index-BD_846Op.js                      4.19 kB │ gzip:   2.03 kB
dist/assets/index-CG5etD92.js                      4.21 kB │ gzip:   1.67 kB
dist/assets/index-Bh3uhfgW.js                      4.21 kB │ gzip:   1.67 kB
dist/assets/Dashboard-BfDqBRFO.js                  4.25 kB │ gzip:   1.44 kB
dist/assets/Dashboard-CErctb8Z.js                  4.26 kB │ gzip:   1.45 kB
dist/assets/index-cBsycFvl.js                      4.34 kB │ gzip:   1.71 kB
dist/assets/SignUp-nH5trgXX.js                     4.34 kB │ gzip:   1.74 kB
dist/assets/Stepper-D-bJnkFs.js                    4.66 kB │ gzip:   2.02 kB
dist/assets/ContactSupport-SsUhHLZE.js             4.91 kB │ gzip:   2.02 kB
dist/assets/Login-k8f86jAO.js                      5.05 kB │ gzip:   2.13 kB
dist/assets/VerifyUserEmail-CWTrLN6a.js            6.17 kB │ gzip:   2.29 kB
dist/assets/businessProposalCard-D-2oFrap.js       6.52 kB │ gzip:   2.14 kB
dist/assets/Profile-DHLjVHh-.js                    7.10 kB │ gzip:   2.25 kB
dist/assets/index-D-8wfAWC.js                      7.69 kB │ gzip:   3.15 kB
dist/assets/index-B0u1_jZg.js                      8.31 kB │ gzip:   3.18 kB
dist/assets/dialog-DSnK8Ode.js                     8.50 kB │ gzip:   3.28 kB
dist/assets/tooltip-D3vtepGM.js                    8.77 kB │ gzip:   3.34 kB
dist/assets/index-DmT8Um8m.js                      9.56 kB │ gzip:   3.92 kB
dist/assets/index-DAsnj_f-.js                      9.97 kB │ gzip:   3.21 kB
dist/assets/Header-BXBwWgfu.js                    11.52 kB │ gzip:   3.53 kB
dist/assets/index-D5u4BIxI.js                     13.50 kB │ gzip:   4.72 kB
dist/assets/index-sw-HklDH.js                     14.26 kB │ gzip:   4.87 kB
dist/assets/index-CoA2StxJ.js                     14.75 kB │ gzip:   4.70 kB
dist/assets/CreateNewBatch-C0sR0Mks.js            14.89 kB │ gzip:   3.97 kB
dist/assets/index-BG4TkKoR.js                     16.50 kB │ gzip:   6.24 kB
dist/assets/EditFounder-Dmpp1HNu.js               17.73 kB │ gzip:   4.25 kB
dist/assets/EditInvestor-DIg_5eZn.js              18.74 kB │ gzip:   4.51 kB
dist/assets/index--Nyxj-Eh.js                     19.80 kB │ gzip:   5.56 kB
dist/assets/index-BuFX-Ton.js                     20.04 kB │ gzip:   6.52 kB
dist/assets/index-wlb3sGBK.js                     21.13 kB │ gzip:   5.58 kB
dist/assets/select-C72QIxLM.js                    22.08 kB │ gzip:   7.95 kB
dist/assets/index-C-MABNJj.js                     27.84 kB │ gzip:  10.83 kB
dist/assets/table-0AiQ1zkV.js                     37.20 kB │ gzip:  10.87 kB
dist/assets/FilterDrawer-Bm86BV04.js              86.78 kB │ gzip:  25.97 kB
dist/assets/Landing-BMoq7msA.js                  136.55 kB │ gzip:  48.81 kB
dist/assets/xlsx-DGuHH-KN.js                     429.49 kB │ gzip: 143.07 kB
dist/assets/index-B8NmPbxf.js                    606.69 kB │ gzip: 164.87 kB
dist/assets/index-xtre0MJI.js                    757.15 kB │ gzip: 228.32 kB
dist/assets/CkEditor-BKW-DSph.js               1,318.06 kB │ gzip: 325.94 kB

(!) Some chunks are larger than 500 kB after minification. Consider:
- Using dynamic import() to code-split the application
- Use build.rollupOptions.output.manualChunks to improve chunking: https://rollupjs.org/configuration-options/#output-manualchunks
- Adjust chunk size limit for this warning via build.chunkSizeWarningLimit.
✓ built in 14.25s
Packaging build...
  adding: favicon.ico (deflated 13%)
  adding: assets/ (stored 0%)
  adding: assets/meerShinyDress-C8scZpYx.webp (deflated 0%)
  adding: assets/irfanMalikBg-D4osmO_C.jpg (deflated 1%)
  adding: assets/meerGreenJacket-ykCKR2uN.png (deflated 0%)
  adding: assets/shakeelBg-NX99JDrP.jpg (deflated 0%)
  adding: assets/akhtar-qLBVRLf-.jpg (deflated 1%)
  adding: assets/wasimAkramBg-D4BFEYu1.png (deflated 0%)
  adding: assets/arabic-BElshnQY.jpg (deflated 0%)
  adding: assets/dubai-Bmqq4ymj.jpg (deflated 0%)
  adding: assets/handShake-Dk1DoagP.webp (deflated 0%)
  adding: assets/fahad-CnovJc60.jpg (deflated 0%)
  adding: assets/placeholderMan-BvremNML.png (deflated 3%)
  adding: assets/salman-DD3Zraly.jpg (deflated 0%)
  adding: assets/wasim-ETjjiRaD.jpg (deflated 0%)
  adding: assets/Fav-BPcykgsi.png (deflated 5%)
  adding: assets/tech-BdWyL5Pa.jpg (deflated 0%)
  adding: assets/MainLogo-DJpFhlQE.png (deflated 4%)
  adding: assets/tower-gldBe0jJ.webp (deflated 0%)
  adding: assets/tower2-LuqAcWCu.jpg (deflated 2%)
  adding: assets/tower3-DpFzgoGy.jpg (deflated 0%)
  adding: assets/rectanglePlaceholder-nCbViREl.png (deflated 31%)
  adding: assets/goldenCheck-QMGlinWJ.png (deflated 0%)
  adding: assets/proposal2-B9XZZX50.webp (deflated 3%)
  adding: assets/proposal6-wLmvSjqd.webp (deflated 0%)
  adding: assets/proposal3-fxAFZeku.webp (deflated 1%)
  adding: assets/proposal1-D37fvLUu.webp (deflated 1%)
  adding: assets/proposal5-DItum-r7.webp (deflated 4%)
  adding: assets/proposal4-CZk7QC75.webp (deflated 1%)
  adding: assets/wasimAkram-CBOcRO9q.png (deflated 1%)
  adding: assets/index-CGWtwUfr.css (deflated 86%)
  adding: assets/index-xtre0MJI.js (deflated 70%)
  adding: assets/Landing-BMoq7msA.js (deflated 64%)
  adding: assets/index-D0Ux9YTa.js (deflated 50%)
  adding: assets/index-YcsG7TZ2.js (deflated 53%)
  adding: assets/index-BP7On23h.js (deflated 53%)
  adding: assets/index-C8-d3X8w.js (deflated 52%)
  adding: assets/Header-BXBwWgfu.js (deflated 70%)
  adding: assets/SignUp-nH5trgXX.js (deflated 60%)
  adding: assets/ForgotPassword-CRFpRDZ1.js (deflated 51%)
  adding: assets/VerifyUserEmail-CWTrLN6a.js (deflated 63%)
  adding: assets/ResetPassword-BaOgdH71.js (deflated 56%)
  adding: assets/ContactSupport-SsUhHLZE.js (deflated 59%)
  adding: assets/AuthCallback-CGH9CVbE.js (deflated 53%)
  adding: assets/SelectRole-X6nl85wH.js (deflated 54%)
  adding: assets/Login-k8f86jAO.js (deflated 58%)
  adding: assets/index-DoAvs58D.js (deflated 54%)
  adding: assets/index-B8NmPbxf.js (deflated 73%)
  adding: assets/Profile-DHLjVHh-.js (deflated 69%)
  adding: assets/index-D-8wfAWC.js (deflated 59%)
  adding: assets/index-D5u4BIxI.js (deflated 65%)
  adding: assets/EditInvestor-DIg_5eZn.js (deflated 76%)
  adding: assets/index-sw-HklDH.js (deflated 66%)
  adding: assets/globe-1PHQ0wnh.js (deflated 33%)
  adding: assets/FilterDrawer-Bm86BV04.js (deflated 70%)
  adding: assets/label-0fZH3vGL.js (deflated 40%)
  adding: assets/EditFounder-Dmpp1HNu.js (deflated 76%)
  adding: assets/index-DmT8Um8m.js (deflated 59%)
  adding: assets/index-BuFX-Ton.js (deflated 68%)
  adding: assets/user-plus-3OcVl7UO.js (deflated 34%)
  adding: assets/log-in-Dd2QZ-y2.js (deflated 32%)
  adding: assets/ban-CS_IfxIm.js (deflated 27%)
  adding: assets/phone-D23E5OzV.js (deflated 37%)
  adding: assets/pencil-QdF6dd5k.js (deflated 31%)
  adding: assets/index-cBsycFvl.js (deflated 61%)
  adding: assets/index-CoA2StxJ.js (deflated 68%)
  adding: assets/index-DAsnj_f-.js (deflated 68%)
  adding: assets/useDebounce-4cmToGjI.js (deflated 59%)
  adding: assets/CreateNewBatch-C0sR0Mks.js (deflated 73%)
  adding: assets/sparkles-J4BZkKD_.js (deflated 45%)
  adding: assets/map-pin-CaGZIB75.js (deflated 29%)
  adding: assets/shield-check-B8XFT0hl.js (deflated 32%)
  adding: assets/CkEditor-BKW-DSph.js (deflated 75%)
  adding: assets/message-square-Bw2sb6dc.js (deflated 29%)
  adding: assets/mail-CPgsvaVu.js (deflated 26%)
  adding: assets/table-0AiQ1zkV.js (deflated 71%)
  adding: assets/Dashboard-BfDqBRFO.js (deflated 67%)
  adding: assets/index--Nyxj-Eh.js (deflated 72%)
  adding: assets/uiFunctions-dXXazldF.js (deflated 38%)
  adding: assets/ToggleChips-DlLEqHTS.js (deflated 51%)
  adding: assets/InfoBox-G1-raxk2.js (deflated 51%)
  adding: assets/info-CENX62H3.js (deflated 30%)
  adding: assets/circle-alert-DGHPZUSw.js (deflated 36%)
  adding: assets/index-wB_HfSff.js (deflated 52%)
  adding: assets/index-H0frpNUd.js (deflated 62%)
  adding: assets/GetMoreDetailsModal-DHZBxnf4.js (deflated 54%)
  adding: assets/index-CG5etD92.js (deflated 61%)
  adding: assets/trending-up-wkBPO_58.js (deflated 26%)
  adding: assets/LegalModal-CdjHoO5s.js (deflated 33%)
  adding: assets/index-CtFJZx0o.js (deflated 53%)
  adding: assets/dialog-DSnK8Ode.js (deflated 61%)
  adding: assets/download-BbpgnTDQ.js (deflated 31%)
  adding: assets/index-B0u1_jZg.js (deflated 62%)
  adding: assets/index-BG4TkKoR.js (deflated 62%)
  adding: assets/index-bzWSKUP6.js (deflated 56%)
  adding: assets/input-CpMg2qNC.js (deflated 50%)
  adding: assets/FileUploader-BpjeRdHH.js (deflated 56%)
  adding: assets/select-C72QIxLM.js (deflated 64%)
  adding: assets/textarea-CsIKovex.js (deflated 52%)
  adding: assets/link-BvR_kYal.js (deflated 35%)
  adding: assets/eye-DYyNARbA.js (deflated 33%)
  adding: assets/trash-2-D2QRu5I0.js (deflated 40%)
  adding: assets/index-C-MABNJj.js (deflated 61%)
  adding: assets/index-BcuEWdEG.js (deflated 56%)
  adding: assets/topCards-QXFYzfw0.js (deflated 58%)
  adding: assets/card-eAenarqi.js (deflated 62%)
  adding: assets/ImageUploader-DFUfRFr-.js (deflated 53%)
  adding: assets/upload-DDHGFlzj.js (deflated 31%)
  adding: assets/toolbar-CUxNhSvx.js (deflated 60%)
  adding: assets/tooltip-D3vtepGM.js (deflated 62%)
  adding: assets/square-pen-gNZS9kcw.js (deflated 35%)
  adding: assets/checkbox-BYdlZANc.js (deflated 57%)
  adding: assets/plus-Ct5fvx_-.js (deflated 28%)
  adding: assets/file-text-BBhIik1n.js (deflated 40%)
  adding: assets/businessProposalCard-D-2oFrap.js (deflated 67%)
  adding: assets/circle-x-Dq6I3EZI.js (deflated 31%)
  adding: assets/Stepper-D-bJnkFs.js (deflated 57%)
  adding: assets/target-CQye4rGH.js (deflated 65%)
  adding: assets/ContactSupportModal-h2CNrZRt.js (deflated 52%)
  adding: assets/Tabs-BKv7C8sn.js (deflated 49%)
  adding: assets/Dashboard-CErctb8Z.js (deflated 66%)
  adding: assets/index-wlb3sGBK.js (deflated 74%)
  adding: assets/index-Bh3uhfgW.js (deflated 61%)
  adding: assets/index-BD_846Op.js (deflated 52%)
  adding: assets/xlsx-DGuHH-KN.js (deflated 67%)
  adding: index.html (deflated 52%)
Saving Lightsail SSH key...
Uploading build to Lightsail...
Warning: Permanently added '15.207.22.250' (ED25519) to the list of known hosts.
Deploying build to /var/www/html ...
Archive:  /home/ubuntu/react-build.zip
  inflating: /var/www/html/favicon.ico  
   creating: /var/www/html/assets/
  inflating: /var/www/html/assets/meerShinyDress-C8scZpYx.webp  
  inflating: /var/www/html/assets/irfanMalikBg-D4osmO_C.jpg  
  inflating: /var/www/html/assets/meerGreenJacket-ykCKR2uN.png  
  inflating: /var/www/html/assets/shakeelBg-NX99JDrP.jpg  
  inflating: /var/www/html/assets/akhtar-qLBVRLf-.jpg  
  inflating: /var/www/html/assets/wasimAkramBg-D4BFEYu1.png  
  inflating: /var/www/html/assets/arabic-BElshnQY.jpg  
  inflating: /var/www/html/assets/dubai-Bmqq4ymj.jpg  
  inflating: /var/www/html/assets/handShake-Dk1DoagP.webp  
  inflating: /var/www/html/assets/fahad-CnovJc60.jpg  
  inflating: /var/www/html/assets/placeholderMan-BvremNML.png  
  inflating: /var/www/html/assets/salman-DD3Zraly.jpg  
  inflating: /var/www/html/assets/wasim-ETjjiRaD.jpg  
  inflating: /var/www/html/assets/Fav-BPcykgsi.png  
  inflating: /var/www/html/assets/tech-BdWyL5Pa.jpg  
  inflating: /var/www/html/assets/MainLogo-DJpFhlQE.png  
  inflating: /var/www/html/assets/tower-gldBe0jJ.webp  
  inflating: /var/www/html/assets/tower2-LuqAcWCu.jpg  
  inflating: /var/www/html/assets/tower3-DpFzgoGy.jpg  
  inflating: /var/www/html/assets/rectanglePlaceholder-nCbViREl.png  
  inflating: /var/www/html/assets/goldenCheck-QMGlinWJ.png  
  inflating: /var/www/html/assets/proposal2-B9XZZX50.webp  
  inflating: /var/www/html/assets/proposal6-wLmvSjqd.webp  
  inflating: /var/www/html/assets/proposal3-fxAFZeku.webp  
  inflating: /var/www/html/assets/proposal1-D37fvLUu.webp  
  inflating: /var/www/html/assets/proposal5-DItum-r7.webp  
  inflating: /var/www/html/assets/proposal4-CZk7QC75.webp  
  inflating: /var/www/html/assets/wasimAkram-CBOcRO9q.png  
  inflating: /var/www/html/assets/index-CGWtwUfr.css  
  inflating: /var/www/html/assets/index-xtre0MJI.js  
  inflating: /var/www/html/assets/Landing-BMoq7msA.js  
  inflating: /var/www/html/assets/index-D0Ux9YTa.js  
  inflating: /var/www/html/assets/index-YcsG7TZ2.js  
  inflating: /var/www/html/assets/index-BP7On23h.js  
  inflating: /var/www/html/assets/index-C8-d3X8w.js  
  inflating: /var/www/html/assets/Header-BXBwWgfu.js  
  inflating: /var/www/html/assets/SignUp-nH5trgXX.js  
  inflating: /var/www/html/assets/ForgotPassword-CRFpRDZ1.js  
  inflating: /var/www/html/assets/VerifyUserEmail-CWTrLN6a.js  
  inflating: /var/www/html/assets/ResetPassword-BaOgdH71.js  
  inflating: /var/www/html/assets/ContactSupport-SsUhHLZE.js  
  inflating: /var/www/html/assets/AuthCallback-CGH9CVbE.js  
  inflating: /var/www/html/assets/SelectRole-X6nl85wH.js  
  inflating: /var/www/html/assets/Login-k8f86jAO.js  
  inflating: /var/www/html/assets/index-DoAvs58D.js  
  inflating: /var/www/html/assets/index-B8NmPbxf.js  
  inflating: /var/www/html/assets/Profile-DHLjVHh-.js  
  inflating: /var/www/html/assets/index-D-8wfAWC.js  
  inflating: /var/www/html/assets/index-D5u4BIxI.js  
  inflating: /var/www/html/assets/EditInvestor-DIg_5eZn.js  
  inflating: /var/www/html/assets/index-sw-HklDH.js  
  inflating: /var/www/html/assets/globe-1PHQ0wnh.js  
  inflating: /var/www/html/assets/FilterDrawer-Bm86BV04.js  
  inflating: /var/www/html/assets/label-0fZH3vGL.js  
  inflating: /var/www/html/assets/EditFounder-Dmpp1HNu.js  
  inflating: /var/www/html/assets/index-DmT8Um8m.js  
  inflating: /var/www/html/assets/index-BuFX-Ton.js  
  inflating: /var/www/html/assets/user-plus-3OcVl7UO.js  
  inflating: /var/www/html/assets/log-in-Dd2QZ-y2.js  
  inflating: /var/www/html/assets/ban-CS_IfxIm.js  
  inflating: /var/www/html/assets/phone-D23E5OzV.js  
  inflating: /var/www/html/assets/pencil-QdF6dd5k.js  
  inflating: /var/www/html/assets/index-cBsycFvl.js  
  inflating: /var/www/html/assets/index-CoA2StxJ.js  
  inflating: /var/www/html/assets/index-DAsnj_f-.js  
  inflating: /var/www/html/assets/useDebounce-4cmToGjI.js  
  inflating: /var/www/html/assets/CreateNewBatch-C0sR0Mks.js  
  inflating: /var/www/html/assets/sparkles-J4BZkKD_.js  
  inflating: /var/www/html/assets/map-pin-CaGZIB75.js  
  inflating: /var/www/html/assets/shield-check-B8XFT0hl.js  
  inflating: /var/www/html/assets/CkEditor-BKW-DSph.js  
  inflating: /var/www/html/assets/message-square-Bw2sb6dc.js  
  inflating: /var/www/html/assets/mail-CPgsvaVu.js  
  inflating: /var/www/html/assets/table-0AiQ1zkV.js  
  inflating: /var/www/html/assets/Dashboard-BfDqBRFO.js  
  inflating: /var/www/html/assets/index--Nyxj-Eh.js  
  inflating: /var/www/html/assets/uiFunctions-dXXazldF.js  
  inflating: /var/www/html/assets/ToggleChips-DlLEqHTS.js  
  inflating: /var/www/html/assets/InfoBox-G1-raxk2.js  
  inflating: /var/www/html/assets/info-CENX62H3.js  
  inflating: /var/www/html/assets/circle-alert-DGHPZUSw.js  
  inflating: /var/www/html/assets/index-wB_HfSff.js  
  inflating: /var/www/html/assets/index-H0frpNUd.js  
  inflating: /var/www/html/assets/GetMoreDetailsModal-DHZBxnf4.js  
  inflating: /var/www/html/assets/index-CG5etD92.js  
  inflating: /var/www/html/assets/trending-up-wkBPO_58.js  
  inflating: /var/www/html/assets/LegalModal-CdjHoO5s.js  
  inflating: /var/www/html/assets/index-CtFJZx0o.js  
  inflating: /var/www/html/assets/dialog-DSnK8Ode.js  
  inflating: /var/www/html/assets/download-BbpgnTDQ.js  
  inflating: /var/www/html/assets/index-B0u1_jZg.js  
  inflating: /var/www/html/assets/index-BG4TkKoR.js  
  inflating: /var/www/html/assets/index-bzWSKUP6.js  
  inflating: /var/www/html/assets/input-CpMg2qNC.js  
  inflating: /var/www/html/assets/FileUploader-BpjeRdHH.js  
  inflating: /var/www/html/assets/select-C72QIxLM.js  
  inflating: /var/www/html/assets/textarea-CsIKovex.js  
  inflating: /var/www/html/assets/link-BvR_kYal.js  
  inflating: /var/www/html/assets/eye-DYyNARbA.js  
  inflating: /var/www/html/assets/trash-2-D2QRu5I0.js  
  inflating: /var/www/html/assets/index-C-MABNJj.js  
  inflating: /var/www/html/assets/index-BcuEWdEG.js  
  inflating: /var/www/html/assets/topCards-QXFYzfw0.js  
  inflating: /var/www/html/assets/card-eAenarqi.js  
  inflating: /var/www/html/assets/ImageUploader-DFUfRFr-.js  
  inflating: /var/www/html/assets/upload-DDHGFlzj.js  
  inflating: /var/www/html/assets/toolbar-CUxNhSvx.js  
  inflating: /var/www/html/assets/tooltip-D3vtepGM.js  
  inflating: /var/www/html/assets/square-pen-gNZS9kcw.js  
  inflating: /var/www/html/assets/checkbox-BYdlZANc.js  
  inflating: /var/www/html/assets/plus-Ct5fvx_-.js  
  inflating: /var/www/html/assets/file-text-BBhIik1n.js  
  inflating: /var/www/html/assets/businessProposalCard-D-2oFrap.js  
  inflating: /var/www/html/assets/circle-x-Dq6I3EZI.js  
  inflating: /var/www/html/assets/Stepper-D-bJnkFs.js  
  inflating: /var/www/html/assets/target-CQye4rGH.js  
  inflating: /var/www/html/assets/ContactSupportModal-h2CNrZRt.js  
  inflating: /var/www/html/assets/Tabs-BKv7C8sn.js  
  inflating: /var/www/html/assets/Dashboard-CErctb8Z.js  
  inflating: /var/www/html/assets/index-wlb3sGBK.js  
  inflating: /var/www/html/assets/index-Bh3uhfgW.js  
  inflating: /var/www/html/assets/index-BD_846Op.js  
  inflating: /var/www/html/assets/xlsx-DGuHH-KN.js  
  inflating: /var/www/html/index.html  
Saving Git logs repo SSH key...
Testing GitHub SSH key...
Cloning deployment-logs repo...
Cloning into 'logs-repo'...
