Installing dependencies...
npm warn deprecated w3c-hr-time@1.0.2: Use your platform's native performance.now() and performance.timeOrigin.
npm warn deprecated domexception@2.0.1: Use your platform's native DOMException instead
npm warn deprecated abab@2.0.6: Use your platform's native atob() and btoa() methods instead

> the-business-hub-pakistan@0.0.0 prepare
> husky

.git can't be found
added 1807 packages, and audited 1808 packages in 5m

253 packages are looking for funding
  run `npm fund` for details

70 vulnerabilities (67 moderate, 3 high)

To address issues that do not require attention, run:
  npm audit fix

To address all issues possible (including breaking changes), run:
  npm audit fix --force

Some issues need review, and may require choosing
a different dependency.

Run `npm audit` for details.
Building React app...

> the-business-hub-pakistan@0.0.0 build
> vite build

vite v7.1.11 building for production...
transforming...
✓ 3072 modules transformed.
rendering chunks...
computing gzip size...
dist/index.html                                    2.18 kB │ gzip:   1.05 kB
dist/assets/verifiedBadge-CrcJq1tD.webp           10.83 kB
dist/assets/rectanglePlaceholder-nCbViREl.png     11.85 kB
dist/assets/goldenCheck-CnSHOmXW.webp             13.45 kB
dist/assets/irfanMalikBg-D4osmO_C.jpg             24.66 kB
dist/assets/proposal6-wLmvSjqd.webp               28.15 kB
dist/assets/placeholderMan-BvremNML.png           36.64 kB
dist/assets/handShake-Dk1DoagP.webp               65.18 kB
dist/assets/tower-gldBe0jJ.webp                   66.16 kB
dist/assets/tower2-LuqAcWCu.jpg                   72.52 kB
dist/assets/shakeelBg-NX99JDrP.jpg               143.15 kB
dist/assets/MainLogo-DJpFhlQE.png                144.86 kB
dist/assets/Fav-BPcykgsi.png                     147.34 kB
dist/assets/akhtar-qLBVRLf-.jpg                  173.92 kB
dist/assets/proposal5-DItum-r7.webp              174.24 kB
dist/assets/tower3-DpFzgoGy.jpg                  175.56 kB
dist/assets/proposal2-B9XZZX50.webp              192.62 kB
dist/assets/meerShinyDress-C8scZpYx.webp         229.68 kB
dist/assets/meerGreenJacket-ykCKR2uN.png         230.19 kB
dist/assets/arabic-BElshnQY.jpg                  238.42 kB
dist/assets/wasim-ETjjiRaD.jpg                   242.26 kB
dist/assets/salman-DD3Zraly.jpg                  255.18 kB
dist/assets/fahad-CnovJc60.jpg                   278.62 kB
dist/assets/tech-BdWyL5Pa.jpg                    281.71 kB
dist/assets/dubai-Bmqq4ymj.jpg                   311.77 kB
dist/assets/wasimAkramBg-D4BFEYu1.png            313.57 kB
dist/assets/proposal3-fxAFZeku.webp              445.47 kB
dist/assets/proposal4-CZk7QC75.webp              542.86 kB
dist/assets/proposal1-D37fvLUu.webp              779.05 kB
dist/assets/wasimAkram-CBOcRO9q.png            4,488.96 kB
dist/assets/style-DpsRipQV.css                     3.23 kB │ gzip:   0.73 kB
dist/assets/index-DlOHvH7g.css                   153.11 kB │ gzip:  20.59 kB
dist/assets/useDebounce-CkxtGFov.js                0.19 kB │ gzip:   0.17 kB
dist/assets/plus-BDfrPWFN.js                       0.33 kB │ gzip:   0.25 kB
dist/assets/arrow-right-Dj7CnZMV.js                0.34 kB │ gzip:   0.26 kB
dist/assets/arrow-left-DwZWY3Zh.js                 0.34 kB │ gzip:   0.27 kB
dist/assets/circle-check-BvdHnWBg.js               0.35 kB │ gzip:   0.27 kB
dist/assets/trending-up-t8uX2WAP.js                0.35 kB │ gzip:   0.27 kB
dist/assets/ban-C3UlGYjE.js                        0.35 kB │ gzip:   0.28 kB
dist/assets/info-D4z0KyzU.js                       0.37 kB │ gzip:   0.28 kB
dist/assets/rotate-ccw-DasoKaiA.js                 0.37 kB │ gzip:   0.29 kB
dist/assets/circle-x-BAmxkU1Y.js                   0.38 kB │ gzip:   0.28 kB
dist/assets/mail-BhIXTS-f.js                       0.39 kB │ gzip:   0.31 kB
dist/assets/target-DIltCUBo.js                     0.39 kB │ gzip:   0.27 kB
dist/assets/upload-CjwXsd9i.js                     0.40 kB │ gzip:   0.30 kB
dist/assets/log-in-SBhFgIxQ.js                     0.40 kB │ gzip:   0.29 kB
dist/assets/message-square-9KMsL3ig.js             0.41 kB │ gzip:   0.31 kB
dist/assets/globe-B7Uyigdy.js                      0.41 kB │ gzip:   0.29 kB
dist/assets/message-circle-CPXPfSMA.js             0.41 kB │ gzip:   0.31 kB
dist/assets/circle-alert-DbWOk-7v.js               0.42 kB │ gzip:   0.29 kB
dist/assets/funnel-8EUudjSS.js                     0.42 kB │ gzip:   0.31 kB
dist/assets/map-pin-Bt5omp_y.js                    0.43 kB │ gzip:   0.33 kB
dist/assets/calendar-CZekrVBz.js                   0.43 kB │ gzip:   0.31 kB
dist/assets/pencil-CyhDSuXH.js                     0.45 kB │ gzip:   0.33 kB
dist/assets/shield-check-CeKV5jqL.js               0.49 kB │ gzip:   0.35 kB
dist/assets/phone-fJYFhk6h.js                      0.50 kB │ gzip:   0.33 kB
dist/assets/sparkles-DL4bAMc6.js                   0.67 kB │ gzip:   0.39 kB
dist/assets/CkEditor-SDEY7yKn.js                   0.85 kB │ gzip:   0.53 kB
dist/assets/InfoBox-CYiBy9dK.js                    0.86 kB │ gzip:   0.43 kB
dist/assets/Tabs-Bd1br16r.js                       1.23 kB │ gzip:   0.65 kB
dist/assets/ToggleChips-BSN2tQB0.js                1.68 kB │ gzip:   0.83 kB
dist/assets/topCards-G6IpRlNR.js                   1.71 kB │ gzip:   0.74 kB
dist/assets/ImageUploader-DpG59R-8.js              1.92 kB │ gzip:   0.92 kB
dist/assets/ForgotPassword-BJ9tVFhJ.js             2.14 kB │ gzip:   1.08 kB
dist/assets/FilterDrawer-fn5ReTLb.js               2.26 kB │ gzip:   0.96 kB
dist/assets/ResetPassword-DVaJMTwO.js              2.37 kB │ gzip:   1.06 kB
dist/assets/AuthCallback-D11rTNbd.js               2.68 kB │ gzip:   1.29 kB
dist/assets/index-DJwZ2__7.js                      2.72 kB │ gzip:   1.22 kB
dist/assets/toolbar-DEDnAAIi.js                    2.92 kB │ gzip:   1.19 kB
dist/assets/index-hvB2ePUM.js                      3.11 kB │ gzip:   1.48 kB
dist/assets/supabase-bulk-emails-V1HEEMFc.js       3.14 kB │ gzip:   1.12 kB
dist/assets/index-DBFOg-kR.js                      3.24 kB │ gzip:   1.62 kB
dist/assets/SignupThankYou-DpJv_PF2.js             3.30 kB │ gzip:   1.50 kB
dist/assets/index-jsMZ4ARz.js                      3.31 kB │ gzip:   1.61 kB
dist/assets/index-CGOgk5z7.js                      3.44 kB │ gzip:   1.64 kB
dist/assets/index-BIneztoj.js                      3.48 kB │ gzip:   1.67 kB
dist/assets/index-4eeuDnYY.js                      3.84 kB │ gzip:   1.89 kB
dist/assets/index-BGiwa6D4.js                      3.85 kB │ gzip:   1.89 kB
dist/assets/index-BMc_hGdt.js                      3.97 kB │ gzip:   1.56 kB
dist/assets/index-DyHzDxl2.js                      4.00 kB │ gzip:   1.80 kB
dist/assets/index-7VdqdNpD.js                      4.19 kB │ gzip:   1.86 kB
dist/assets/index-b9r3xnun.js                      4.48 kB │ gzip:   1.99 kB
dist/assets/CreateBlog-DUFEz164.js                 4.51 kB │ gzip:   1.88 kB
dist/assets/BlogDetail-ChQ6lbQv.js                 4.64 kB │ gzip:   1.99 kB
dist/assets/ContactSupport-D9OLiz2v.js             4.66 kB │ gzip:   1.94 kB
dist/assets/Stepper-Oo6XpRX-.js                    4.66 kB │ gzip:   2.02 kB
dist/assets/Login-H_rXwED9.js                      4.78 kB │ gzip:   1.99 kB
dist/assets/EditBlog-9xZcLH5I.js                   5.12 kB │ gzip:   2.10 kB
dist/assets/Dashboard-BWifpoYp.js                  5.36 kB │ gzip:   1.82 kB
dist/assets/SelectRole-DFXzKpRi.js                 5.67 kB │ gzip:   2.40 kB
dist/assets/VerifyUserEmail-CcEG3w9j.js            5.88 kB │ gzip:   2.11 kB
dist/assets/Dashboard-D8ZOLjlO.js                  6.35 kB │ gzip:   1.65 kB
dist/assets/Profile-DlCoJT49.js                    6.82 kB │ gzip:   2.17 kB
dist/assets/SignUp-0TOsMBRu.js                     6.85 kB │ gzip:   2.59 kB
dist/assets/ViewRemindersModal-CTeO9g9D.js         6.92 kB │ gzip:   2.55 kB
dist/assets/index-CHrLja7t.js                      7.82 kB │ gzip:   3.18 kB
dist/assets/businessProposalCard-CbaEJxdi.js       8.94 kB │ gzip:   3.02 kB
dist/assets/index-BX5G8R0N.js                      9.20 kB │ gzip:   3.80 kB
dist/assets/index-uG-ZtqBP.js                      9.74 kB │ gzip:   3.61 kB
dist/assets/index-DDl6xWNp.js                      9.97 kB │ gzip:   3.23 kB
dist/assets/Header-Bpdx7Lzm.js                    11.28 kB │ gzip:   3.38 kB
dist/assets/table-D3tyRBZw.js                     12.01 kB │ gzip:   3.74 kB
dist/assets/SimplifiedProfile-Csm36OCT.js         13.43 kB │ gzip:   3.56 kB
dist/assets/index-C4Y68bqb.js                     15.68 kB │ gzip:   4.83 kB
dist/assets/CreateNewBatch-3dmWBQ5b.js            16.81 kB │ gzip:   4.55 kB
dist/assets/EditFounder-CzXtiRJg.js               17.91 kB │ gzip:   4.32 kB
dist/assets/index-BFvvmAB3.js                     18.44 kB │ gzip:   5.95 kB
dist/assets/EditInvestor-BuU-4BYD.js              18.90 kB │ gzip:   4.60 kB
dist/assets/mockData-BjikYMM9.js                  18.90 kB │ gzip:   6.85 kB
dist/assets/index-p97FU28g.js                     20.15 kB │ gzip:   6.63 kB
dist/assets/index-B3Iz7UYN.js                     20.39 kB │ gzip:   6.55 kB
dist/assets/index-B8bbzRsP.js                     21.01 kB │ gzip:   6.70 kB
dist/assets/index-B-VWeOfP.js                     21.25 kB │ gzip:   5.58 kB
dist/assets/ViewBusinessProposal-xDC_TbMR.js      24.37 kB │ gzip:   5.93 kB
dist/assets/index-DOR4hYoV.js                     24.79 kB │ gzip:   7.41 kB
dist/assets/Landing-Dl9rgaPp.js                  147.03 kB │ gzip:  52.02 kB
dist/assets/xlsx-DGuHH-KN.js                     429.49 kB │ gzip: 143.07 kB
dist/assets/index-CS4bBduE.js                    608.90 kB │ gzip: 164.67 kB
dist/assets/index-CY1eaMM3.js                  2,788.88 kB │ gzip: 744.03 kB

(!) Some chunks are larger than 1500 kB after minification. Consider:
- Using dynamic import() to code-split the application
- Use build.rollupOptions.output.manualChunks to improve chunking: https://rollupjs.org/configuration-options/#output-manualchunks
- Adjust chunk size limit for this warning via build.chunkSizeWarningLimit.
✓ built in 18.40s
Packaging build...
  adding: favicon.ico (deflated 13%)
  adding: assets/ (stored 0%)
  adding: assets/irfanMalikBg-D4osmO_C.jpg (deflated 1%)
  adding: assets/meerGreenJacket-ykCKR2uN.png (deflated 0%)
  adding: assets/meerShinyDress-C8scZpYx.webp (deflated 0%)
  adding: assets/dubai-Bmqq4ymj.jpg (deflated 0%)
  adding: assets/shakeelBg-NX99JDrP.jpg (deflated 0%)
  adding: assets/fahad-CnovJc60.jpg (deflated 0%)
  adding: assets/handShake-Dk1DoagP.webp (deflated 0%)
  adding: assets/salman-DD3Zraly.jpg (deflated 0%)
  adding: assets/tech-BdWyL5Pa.jpg (deflated 0%)
  adding: assets/wasim-ETjjiRaD.jpg (deflated 0%)
  adding: assets/placeholderMan-BvremNML.png (deflated 3%)
  adding: assets/rectanglePlaceholder-nCbViREl.png (deflated 31%)
  adding: assets/Fav-BPcykgsi.png (deflated 5%)
  adding: assets/MainLogo-DJpFhlQE.png (deflated 4%)
  adding: assets/goldenCheck-CnSHOmXW.webp (stored 0%)
  adding: assets/verifiedBadge-CrcJq1tD.webp (deflated 1%)
  adding: assets/tower-gldBe0jJ.webp (deflated 0%)
  adding: assets/tower2-LuqAcWCu.jpg (deflated 2%)
  adding: assets/tower3-DpFzgoGy.jpg (deflated 0%)
  adding: assets/proposal2-B9XZZX50.webp (deflated 3%)
  adding: assets/wasimAkramBg-D4BFEYu1.png (deflated 0%)
  adding: assets/arabic-BElshnQY.jpg (deflated 0%)
  adding: assets/akhtar-qLBVRLf-.jpg (deflated 1%)
  adding: assets/proposal5-DItum-r7.webp (deflated 4%)
  adding: assets/proposal3-fxAFZeku.webp (deflated 1%)
  adding: assets/proposal6-wLmvSjqd.webp (deflated 0%)
  adding: assets/proposal1-D37fvLUu.webp (deflated 1%)
  adding: assets/proposal4-CZk7QC75.webp (deflated 1%)
  adding: assets/wasimAkram-CBOcRO9q.png (deflated 1%)
  adding: assets/index-DlOHvH7g.css (deflated 87%)
  adding: assets/style-DpsRipQV.css (deflated 78%)
  adding: assets/index-CY1eaMM3.js (deflated 73%)
  adding: assets/Landing-Dl9rgaPp.js (deflated 65%)
  adding: assets/BlogDetail-ChQ6lbQv.js (deflated 58%)
  adding: assets/index-DBFOg-kR.js (deflated 50%)
  adding: assets/index-hvB2ePUM.js (deflated 53%)
  adding: assets/index-CGOgk5z7.js (deflated 53%)
  adding: assets/index-jsMZ4ARz.js (deflated 52%)
  adding: assets/Header-Bpdx7Lzm.js (deflated 70%)
  adding: assets/SignUp-0TOsMBRu.js (deflated 63%)
  adding: assets/ForgotPassword-BJ9tVFhJ.js (deflated 51%)
  adding: assets/VerifyUserEmail-CcEG3w9j.js (deflated 64%)
  adding: assets/ResetPassword-DVaJMTwO.js (deflated 56%)
  adding: assets/ContactSupport-D9OLiz2v.js (deflated 59%)
  adding: assets/AuthCallback-D11rTNbd.js (deflated 52%)
  adding: assets/SelectRole-DFXzKpRi.js (deflated 58%)
  adding: assets/SignupThankYou-DpJv_PF2.js (deflated 55%)
  adding: assets/Login-H_rXwED9.js (deflated 59%)
  adding: assets/index-DJwZ2__7.js (deflated 55%)
  adding: assets/index-CS4bBduE.js (deflated 73%)
  adding: assets/Profile-DlCoJT49.js (deflated 68%)
  adding: assets/index-CHrLja7t.js (deflated 60%)
  adding: assets/index-B8bbzRsP.js (deflated 68%)
  adding: assets/EditInvestor-BuU-4BYD.js (deflated 76%)
  adding: assets/index-B3Iz7UYN.js (deflated 68%)
  adding: assets/ViewRemindersModal-CTeO9g9D.js (deflated 63%)
  adding: assets/EditFounder-CzXtiRJg.js (deflated 76%)
  adding: assets/index-BX5G8R0N.js (deflated 59%)
  adding: assets/index-p97FU28g.js (deflated 67%)
  adding: assets/log-in-SBhFgIxQ.js (deflated 32%)
  adding: assets/pencil-CyhDSuXH.js (deflated 31%)
  adding: assets/index-BFvvmAB3.js (deflated 68%)
  adding: assets/ViewBusinessProposal-xDC_TbMR.js (deflated 76%)
  adding: assets/circle-check-BvdHnWBg.js (deflated 27%)
  adding: assets/index-DOR4hYoV.js (deflated 70%)
  adding: assets/index-DDl6xWNp.js (deflated 68%)
  adding: assets/CreateNewBatch-3dmWBQ5b.js (deflated 73%)
  adding: assets/map-pin-Bt5omp_y.js (deflated 28%)
  adding: assets/shield-check-CeKV5jqL.js (deflated 32%)
  adding: assets/message-circle-CPXPfSMA.js (deflated 28%)
  adding: assets/supabase-bulk-emails-V1HEEMFc.js (deflated 65%)
  adding: assets/index-b9r3xnun.js (deflated 56%)
  adding: assets/ban-C3UlGYjE.js (deflated 27%)
  adding: assets/useDebounce-CkxtGFov.js (deflated 22%)
  adding: assets/table-D3tyRBZw.js (deflated 69%)
  adding: assets/CreateBlog-DUFEz164.js (deflated 59%)
  adding: assets/arrow-right-Dj7CnZMV.js (deflated 27%)
  adding: assets/mail-BhIXTS-f.js (deflated 26%)
  adding: assets/phone-fJYFhk6h.js (deflated 37%)
  adding: assets/sparkles-DL4bAMc6.js (deflated 45%)
  adding: assets/trending-up-t8uX2WAP.js (deflated 26%)
  adding: assets/globe-B7Uyigdy.js (deflated 33%)
  adding: assets/index-BIneztoj.js (deflated 53%)
  adding: assets/mockData-BjikYMM9.js (deflated 64%)
  adding: assets/calendar-CZekrVBz.js (deflated 33%)
  adding: assets/arrow-left-DwZWY3Zh.js (deflated 26%)
  adding: assets/InfoBox-CYiBy9dK.js (deflated 51%)
  adding: assets/info-D4z0KyzU.js (deflated 30%)
  adding: assets/circle-alert-DbWOk-7v.js (deflated 36%)
  adding: assets/topCards-G6IpRlNR.js (deflated 58%)
  adding: assets/ImageUploader-DpG59R-8.js (deflated 53%)
  adding: assets/upload-CjwXsd9i.js (deflated 31%)
  adding: assets/toolbar-DEDnAAIi.js (deflated 60%)
  adding: assets/message-square-9KMsL3ig.js (deflated 29%)
  adding: assets/funnel-8EUudjSS.js (deflated 30%)
  adding: assets/FilterDrawer-fn5ReTLb.js (deflated 58%)
  adding: assets/rotate-ccw-DasoKaiA.js (deflated 28%)
  adding: assets/ToggleChips-BSN2tQB0.js (deflated 52%)
  adding: assets/circle-x-BAmxkU1Y.js (deflated 31%)
  adding: assets/plus-BDfrPWFN.js (deflated 28%)
  adding: assets/Tabs-Bd1br16r.js (deflated 49%)
  adding: assets/businessProposalCard-CbaEJxdi.js (deflated 67%)
  adding: assets/target-DIltCUBo.js (deflated 38%)
  adding: assets/Stepper-Oo6XpRX-.js (deflated 57%)
  adding: assets/CkEditor-SDEY7yKn.js (deflated 40%)
  adding: assets/EditBlog-9xZcLH5I.js (deflated 59%)
  adding: assets/index-C4Y68bqb.js (deflated 69%)
  adding: assets/Dashboard-D8ZOLjlO.js (deflated 74%)
  adding: assets/SimplifiedProfile-Csm36OCT.js (deflated 74%)
  adding: assets/index-4eeuDnYY.js (deflated 51%)
  adding: assets/index-7VdqdNpD.js (deflated 56%)
  adding: assets/index-BMc_hGdt.js (deflated 61%)
  adding: assets/index-DyHzDxl2.js (deflated 56%)
  adding: assets/Dashboard-BWifpoYp.js (deflated 66%)
  adding: assets/index-B-VWeOfP.js (deflated 74%)
  adding: assets/index-uG-ZtqBP.js (deflated 63%)
  adding: assets/index-BGiwa6D4.js (deflated 51%)
  adding: assets/xlsx-DGuHH-KN.js (deflated 67%)
  adding: index.html (deflated 52%)
Saving Lightsail SSH key...
Uploading build to Lightsail...
Warning: Permanently added '15.207.22.250' (ED25519) to the list of known hosts.
Deploying build to /var/www/html ...
Archive:  /home/ubuntu/react-build.zip
  inflating: /var/www/html/favicon.ico  
   creating: /var/www/html/assets/
  inflating: /var/www/html/assets/irfanMalikBg-D4osmO_C.jpg  
  inflating: /var/www/html/assets/meerGreenJacket-ykCKR2uN.png  
  inflating: /var/www/html/assets/meerShinyDress-C8scZpYx.webp  
  inflating: /var/www/html/assets/dubai-Bmqq4ymj.jpg  
  inflating: /var/www/html/assets/shakeelBg-NX99JDrP.jpg  
  inflating: /var/www/html/assets/fahad-CnovJc60.jpg  
  inflating: /var/www/html/assets/handShake-Dk1DoagP.webp  
  inflating: /var/www/html/assets/salman-DD3Zraly.jpg  
  inflating: /var/www/html/assets/tech-BdWyL5Pa.jpg  
  inflating: /var/www/html/assets/wasim-ETjjiRaD.jpg  
  inflating: /var/www/html/assets/placeholderMan-BvremNML.png  
  inflating: /var/www/html/assets/rectanglePlaceholder-nCbViREl.png  
  inflating: /var/www/html/assets/Fav-BPcykgsi.png  
  inflating: /var/www/html/assets/MainLogo-DJpFhlQE.png  
 extracting: /var/www/html/assets/goldenCheck-CnSHOmXW.webp  
  inflating: /var/www/html/assets/verifiedBadge-CrcJq1tD.webp  
  inflating: /var/www/html/assets/tower-gldBe0jJ.webp  
  inflating: /var/www/html/assets/tower2-LuqAcWCu.jpg  
  inflating: /var/www/html/assets/tower3-DpFzgoGy.jpg  
  inflating: /var/www/html/assets/proposal2-B9XZZX50.webp  
  inflating: /var/www/html/assets/wasimAkramBg-D4BFEYu1.png  
  inflating: /var/www/html/assets/arabic-BElshnQY.jpg  
  inflating: /var/www/html/assets/akhtar-qLBVRLf-.jpg  
  inflating: /var/www/html/assets/proposal5-DItum-r7.webp  
  inflating: /var/www/html/assets/proposal3-fxAFZeku.webp  
  inflating: /var/www/html/assets/proposal6-wLmvSjqd.webp  
  inflating: /var/www/html/assets/proposal1-D37fvLUu.webp  
  inflating: /var/www/html/assets/proposal4-CZk7QC75.webp  
  inflating: /var/www/html/assets/wasimAkram-CBOcRO9q.png  
  inflating: /var/www/html/assets/index-DlOHvH7g.css  
  inflating: /var/www/html/assets/style-DpsRipQV.css  
  inflating: /var/www/html/assets/index-CY1eaMM3.js  
  inflating: /var/www/html/assets/Landing-Dl9rgaPp.js  
  inflating: /var/www/html/assets/BlogDetail-ChQ6lbQv.js  
  inflating: /var/www/html/assets/index-DBFOg-kR.js  
  inflating: /var/www/html/assets/index-hvB2ePUM.js  
  inflating: /var/www/html/assets/index-CGOgk5z7.js  
  inflating: /var/www/html/assets/index-jsMZ4ARz.js  
  inflating: /var/www/html/assets/Header-Bpdx7Lzm.js  
  inflating: /var/www/html/assets/SignUp-0TOsMBRu.js  
  inflating: /var/www/html/assets/ForgotPassword-BJ9tVFhJ.js  
  inflating: /var/www/html/assets/VerifyUserEmail-CcEG3w9j.js  
  inflating: /var/www/html/assets/ResetPassword-DVaJMTwO.js  
  inflating: /var/www/html/assets/ContactSupport-D9OLiz2v.js  
  inflating: /var/www/html/assets/AuthCallback-D11rTNbd.js  
  inflating: /var/www/html/assets/SelectRole-DFXzKpRi.js  
  inflating: /var/www/html/assets/SignupThankYou-DpJv_PF2.js  
  inflating: /var/www/html/assets/Login-H_rXwED9.js  
  inflating: /var/www/html/assets/index-DJwZ2__7.js  
  inflating: /var/www/html/assets/index-CS4bBduE.js  
  inflating: /var/www/html/assets/Profile-DlCoJT49.js  
  inflating: /var/www/html/assets/index-CHrLja7t.js  
  inflating: /var/www/html/assets/index-B8bbzRsP.js  
  inflating: /var/www/html/assets/EditInvestor-BuU-4BYD.js  
  inflating: /var/www/html/assets/index-B3Iz7UYN.js  
  inflating: /var/www/html/assets/ViewRemindersModal-CTeO9g9D.js  
  inflating: /var/www/html/assets/EditFounder-CzXtiRJg.js  
  inflating: /var/www/html/assets/index-BX5G8R0N.js  
  inflating: /var/www/html/assets/index-p97FU28g.js  
  inflating: /var/www/html/assets/log-in-SBhFgIxQ.js  
  inflating: /var/www/html/assets/pencil-CyhDSuXH.js  
  inflating: /var/www/html/assets/index-BFvvmAB3.js  
  inflating: /var/www/html/assets/ViewBusinessProposal-xDC_TbMR.js  
  inflating: /var/www/html/assets/circle-check-BvdHnWBg.js  
  inflating: /var/www/html/assets/index-DOR4hYoV.js  
  inflating: /var/www/html/assets/index-DDl6xWNp.js  
  inflating: /var/www/html/assets/CreateNewBatch-3dmWBQ5b.js  
  inflating: /var/www/html/assets/map-pin-Bt5omp_y.js  
  inflating: /var/www/html/assets/shield-check-CeKV5jqL.js  
  inflating: /var/www/html/assets/message-circle-CPXPfSMA.js  
  inflating: /var/www/html/assets/supabase-bulk-emails-V1HEEMFc.js  
  inflating: /var/www/html/assets/index-b9r3xnun.js  
  inflating: /var/www/html/assets/ban-C3UlGYjE.js  
  inflating: /var/www/html/assets/useDebounce-CkxtGFov.js  
  inflating: /var/www/html/assets/table-D3tyRBZw.js  
  inflating: /var/www/html/assets/CreateBlog-DUFEz164.js  
  inflating: /var/www/html/assets/arrow-right-Dj7CnZMV.js  
  inflating: /var/www/html/assets/mail-BhIXTS-f.js  
  inflating: /var/www/html/assets/phone-fJYFhk6h.js  
  inflating: /var/www/html/assets/sparkles-DL4bAMc6.js  
  inflating: /var/www/html/assets/trending-up-t8uX2WAP.js  
  inflating: /var/www/html/assets/globe-B7Uyigdy.js  
  inflating: /var/www/html/assets/index-BIneztoj.js  
  inflating: /var/www/html/assets/mockData-BjikYMM9.js  
  inflating: /var/www/html/assets/calendar-CZekrVBz.js  
  inflating: /var/www/html/assets/arrow-left-DwZWY3Zh.js  
  inflating: /var/www/html/assets/InfoBox-CYiBy9dK.js  
  inflating: /var/www/html/assets/info-D4z0KyzU.js  
  inflating: /var/www/html/assets/circle-alert-DbWOk-7v.js  
  inflating: /var/www/html/assets/topCards-G6IpRlNR.js  
  inflating: /var/www/html/assets/ImageUploader-DpG59R-8.js  
  inflating: /var/www/html/assets/upload-CjwXsd9i.js  
  inflating: /var/www/html/assets/toolbar-DEDnAAIi.js  
  inflating: /var/www/html/assets/message-square-9KMsL3ig.js  
  inflating: /var/www/html/assets/funnel-8EUudjSS.js  
  inflating: /var/www/html/assets/FilterDrawer-fn5ReTLb.js  
  inflating: /var/www/html/assets/rotate-ccw-DasoKaiA.js  
  inflating: /var/www/html/assets/ToggleChips-BSN2tQB0.js  
  inflating: /var/www/html/assets/circle-x-BAmxkU1Y.js  
  inflating: /var/www/html/assets/plus-BDfrPWFN.js  
  inflating: /var/www/html/assets/Tabs-Bd1br16r.js  
  inflating: /var/www/html/assets/businessProposalCard-CbaEJxdi.js  
  inflating: /var/www/html/assets/target-DIltCUBo.js  
  inflating: /var/www/html/assets/Stepper-Oo6XpRX-.js  
  inflating: /var/www/html/assets/CkEditor-SDEY7yKn.js  
  inflating: /var/www/html/assets/EditBlog-9xZcLH5I.js  
  inflating: /var/www/html/assets/index-C4Y68bqb.js  
  inflating: /var/www/html/assets/Dashboard-D8ZOLjlO.js  
  inflating: /var/www/html/assets/SimplifiedProfile-Csm36OCT.js  
  inflating: /var/www/html/assets/index-4eeuDnYY.js  
  inflating: /var/www/html/assets/index-7VdqdNpD.js  
  inflating: /var/www/html/assets/index-BMc_hGdt.js  
  inflating: /var/www/html/assets/index-DyHzDxl2.js  
  inflating: /var/www/html/assets/Dashboard-BWifpoYp.js  
  inflating: /var/www/html/assets/index-B-VWeOfP.js  
  inflating: /var/www/html/assets/index-uG-ZtqBP.js  
  inflating: /var/www/html/assets/index-BGiwa6D4.js  
  inflating: /var/www/html/assets/xlsx-DGuHH-KN.js  
  inflating: /var/www/html/index.html  
Saving Git logs repo SSH key...
Testing GitHub SSH key...
Cloning deployment-logs repo...
Cloning into 'logs-repo'...
