Installing dependencies...
npm warn deprecated w3c-hr-time@1.0.2: Use your platform's native performance.now() and performance.timeOrigin.
npm warn deprecated domexception@2.0.1: Use your platform's native DOMException instead
npm warn deprecated abab@2.0.6: Use your platform's native atob() and btoa() methods instead

added 1750 packages, and audited 1751 packages in 4m

222 packages are looking for funding
  run `npm fund` for details

52 vulnerabilities (51 moderate, 1 high)

To address issues that do not require attention, run:
  npm audit fix

To address all issues possible (including breaking changes), run:
  npm audit fix --force

Some issues need review, and may require choosing
a different dependency.

Run `npm audit` for details.
Building React app...

> boilerplate-code-react-js@0.0.0 build
> vite build

vite v7.1.11 building for production...
transforming...
✓ 2932 modules transformed.
rendering chunks...
computing gzip size...
dist/index.html                                    2.18 kB │ gzip:   1.05 kB
dist/assets/verifiedBadge-CrcJq1tD.webp           10.83 kB
dist/assets/rectanglePlaceholder-nCbViREl.png     11.85 kB
dist/assets/goldenCheck-CnSHOmXW.webp             13.45 kB
dist/assets/irfanMalikBg-D4osmO_C.jpg             24.66 kB
dist/assets/proposal6-wLmvSjqd.webp               28.15 kB
dist/assets/placeholderMan-BvremNML.png           36.64 kB
dist/assets/handShake-Dk1DoagP.webp               65.18 kB
dist/assets/tower-gldBe0jJ.webp                   66.16 kB
dist/assets/tower2-LuqAcWCu.jpg                   72.52 kB
dist/assets/shakeelBg-NX99JDrP.jpg               143.15 kB
dist/assets/MainLogo-DJpFhlQE.png                144.86 kB
dist/assets/Fav-BPcykgsi.png                     147.34 kB
dist/assets/akhtar-qLBVRLf-.jpg                  173.92 kB
dist/assets/proposal5-DItum-r7.webp              174.24 kB
dist/assets/tower3-DpFzgoGy.jpg                  175.56 kB
dist/assets/proposal2-B9XZZX50.webp              192.62 kB
dist/assets/meerShinyDress-C8scZpYx.webp         229.68 kB
dist/assets/meerGreenJacket-ykCKR2uN.png         230.19 kB
dist/assets/arabic-BElshnQY.jpg                  238.42 kB
dist/assets/wasim-ETjjiRaD.jpg                   242.26 kB
dist/assets/salman-DD3Zraly.jpg                  255.18 kB
dist/assets/fahad-CnovJc60.jpg                   278.62 kB
dist/assets/tech-BdWyL5Pa.jpg                    281.71 kB
dist/assets/dubai-Bmqq4ymj.jpg                   311.77 kB
dist/assets/wasimAkramBg-D4BFEYu1.png            313.57 kB
dist/assets/proposal3-fxAFZeku.webp              445.47 kB
dist/assets/proposal4-CZk7QC75.webp              542.86 kB
dist/assets/proposal1-D37fvLUu.webp              779.05 kB
dist/assets/wasimAkram-CBOcRO9q.png            4,488.96 kB
dist/assets/index-D2bVWtzP.css                   133.40 kB │ gzip:  18.38 kB
dist/assets/useDebounce-wj5biuZs.js                0.19 kB │ gzip:   0.17 kB
dist/assets/chevron-left-BuU4rL1d.js               0.30 kB │ gzip:   0.25 kB
dist/assets/plus-DW9_MrTP.js                       0.33 kB │ gzip:   0.26 kB
dist/assets/arrow-right-SdwZjgY1.js                0.34 kB │ gzip:   0.27 kB
dist/assets/circle-check-B8BWzOuT.js               0.35 kB │ gzip:   0.27 kB
dist/assets/trending-up-CZktL6lk.js                0.35 kB │ gzip:   0.28 kB
dist/assets/ban-D3F0ko6S.js                        0.35 kB │ gzip:   0.28 kB
dist/assets/info-BTaaziyG.js                       0.37 kB │ gzip:   0.28 kB
dist/assets/rotate-ccw-DddxTENI.js                 0.37 kB │ gzip:   0.29 kB
dist/assets/circle-x-vb7iT6x7.js                   0.38 kB │ gzip:   0.28 kB
dist/assets/mail-Bp3uUu_7.js                       0.39 kB │ gzip:   0.31 kB
dist/assets/target-BVvNcYd9.js                     0.39 kB │ gzip:   0.27 kB
dist/assets/upload-B8MI2rlY.js                     0.40 kB │ gzip:   0.30 kB
dist/assets/log-in-DHm4Fs2k.js                     0.40 kB │ gzip:   0.29 kB
dist/assets/download-DF1hkJc9.js                   0.41 kB │ gzip:   0.30 kB
dist/assets/message-square-DyW6rH-T.js             0.41 kB │ gzip:   0.31 kB
dist/assets/globe-BAlhkf6y.js                      0.41 kB │ gzip:   0.30 kB
dist/assets/circle-alert-ChL5Hgdf.js               0.42 kB │ gzip:   0.30 kB
dist/assets/eye-Bttp51JB.js                        0.42 kB │ gzip:   0.30 kB
dist/assets/map-pin-g6Ot7_sK.js                    0.43 kB │ gzip:   0.33 kB
dist/assets/link-DoxK6i1o.js                       0.43 kB │ gzip:   0.30 kB
dist/assets/calendar-CIiNn09T.js                   0.43 kB │ gzip:   0.31 kB
dist/assets/pencil-DDR1uXS6.js                     0.45 kB │ gzip:   0.33 kB
dist/assets/user-plus-Dqf_SnIs.js                  0.48 kB │ gzip:   0.34 kB
dist/assets/shield-check-CnYznmgT.js               0.49 kB │ gzip:   0.36 kB
dist/assets/square-pen-cOtKimrr.js                 0.49 kB │ gzip:   0.34 kB
dist/assets/phone-DKbe2jiB.js                      0.50 kB │ gzip:   0.34 kB
dist/assets/trash-2-VzgimKk9.js                    0.50 kB │ gzip:   0.32 kB
dist/assets/file-text-CDfXSciV.js                  0.51 kB │ gzip:   0.32 kB
dist/assets/LegalModal-teHvXdQT.js                 0.66 kB │ gzip:   0.46 kB
dist/assets/sparkles-Eto_1ua1.js                   0.67 kB │ gzip:   0.39 kB
dist/assets/InfoBox-D5pWrOZ_.js                    0.86 kB │ gzip:   0.43 kB
dist/assets/label-CUhgms5w.js                      0.89 kB │ gzip:   0.55 kB
dist/assets/card-DROWo3I3.js                       1.18 kB │ gzip:   0.46 kB
dist/assets/package-DkaCWnHd.js                    1.21 kB │ gzip:   0.50 kB
dist/assets/Tabs-DwhlD7hq.js                       1.23 kB │ gzip:   0.65 kB
dist/assets/GetMoreDetailsModal-BB0iFmzy.js        1.27 kB │ gzip:   0.61 kB
dist/assets/EmptyState-Buv6uMK1.js                 1.47 kB │ gzip:   0.61 kB
dist/assets/textarea-M7StfPAz.js                   1.49 kB │ gzip:   0.74 kB
dist/assets/ToggleChips-BbVLhkkL.js                1.66 kB │ gzip:   0.82 kB
dist/assets/input-R0-1z9uc.js                      1.68 kB │ gzip:   0.87 kB
dist/assets/topCards-DvWz4_mb.js                   1.71 kB │ gzip:   0.75 kB
dist/assets/ImageUploader-C6X9aAS5.js              1.95 kB │ gzip:   0.94 kB
dist/assets/index-rwfUGxkk.js                      2.07 kB │ gzip:   0.92 kB
dist/assets/ForgotPassword-B8ldsm35.js             2.17 kB │ gzip:   1.08 kB
dist/assets/index-DjDQExxE.js                      2.30 kB │ gzip:   1.22 kB
dist/assets/ContactSupportModal-9Zt1SzME.js        2.37 kB │ gzip:   1.18 kB
dist/assets/ResetPassword-Bprs1h-3.js              2.40 kB │ gzip:   1.06 kB
dist/assets/AuthCallback-Cco0FTEE.js               2.67 kB │ gzip:   1.26 kB
dist/assets/index-DQdzT_Ar.js                      2.67 kB │ gzip:   1.20 kB
dist/assets/index-uAuBfSO_.js                      2.72 kB │ gzip:   1.22 kB
dist/assets/toolbar-DXBP3PRW.js                    2.99 kB │ gzip:   1.22 kB
dist/assets/FileUploader-DAq-qhq6.js               3.02 kB │ gzip:   1.35 kB
dist/assets/index-VpgOLyqv.js                      3.11 kB │ gzip:   1.48 kB
dist/assets/index-D7oMt5Kc.js                      3.24 kB │ gzip:   1.62 kB
dist/assets/SignupThankYou-vpaPll0t.js             3.29 kB │ gzip:   1.49 kB
dist/assets/index-y8YWR_Bp.js                      3.31 kB │ gzip:   1.61 kB
dist/assets/index-BV_l_kze.js                      3.44 kB │ gzip:   1.64 kB
dist/assets/index-Dgnp0t4K.js                      3.48 kB │ gzip:   1.67 kB
dist/assets/checkbox-CaJ7ety_.js                   4.07 kB │ gzip:   1.78 kB
dist/assets/index-QK80IWp9.js                      4.20 kB │ gzip:   2.06 kB
dist/assets/index-BxD7uBYf.js                      4.21 kB │ gzip:   2.06 kB
dist/assets/index-BLZOx0Ve.js                      4.28 kB │ gzip:   1.70 kB
dist/assets/Dashboard-DWN5kGEl.js                  4.28 kB │ gzip:   1.46 kB
dist/assets/Dashboard-BV93hXUc.js                  4.30 kB │ gzip:   1.47 kB
dist/assets/Stepper-DB1AP2yr.js                    4.66 kB │ gzip:   2.02 kB
dist/assets/ContactSupport-CetsQ85i.js             4.93 kB │ gzip:   2.04 kB
dist/assets/Login-DSJgaeOr.js                      5.05 kB │ gzip:   2.13 kB
dist/assets/SelectRole-DZX7zXZ_.js                 5.08 kB │ gzip:   2.17 kB
dist/assets/SignUp-BJ6QIRj3.js                     5.55 kB │ gzip:   2.22 kB
dist/assets/VerifyUserEmail-DYx4RDtK.js            5.91 kB │ gzip:   2.12 kB
dist/assets/businessProposalCard-CCjPyTxn.js       7.00 kB │ gzip:   2.28 kB
dist/assets/Profile-BX_UCWxb.js                    7.10 kB │ gzip:   2.25 kB
dist/assets/index-DcPo2jhq.js                      8.15 kB │ gzip:   3.32 kB
dist/assets/index-BU6tbzLg.js                      8.31 kB │ gzip:   3.19 kB
dist/assets/dialog-BXpNHIpt.js                     8.50 kB │ gzip:   3.28 kB
dist/assets/index-R5gcohk1.js                      8.72 kB │ gzip:   3.26 kB
dist/assets/tooltip-ZZ05CEdh.js                    8.77 kB │ gzip:   3.34 kB
dist/assets/index-Bo7bpxQI.js                      9.54 kB │ gzip:   3.92 kB
dist/assets/index-kRR9gYv7.js                     10.15 kB │ gzip:   3.29 kB
dist/assets/Header-CibPIfvJ.js                    11.28 kB │ gzip:   3.38 kB
dist/assets/index-BeBiHdvE.js                     12.93 kB │ gzip:   4.46 kB
dist/assets/SimplifiedProfile-pbh9AyUj.js         13.76 kB │ gzip:   3.71 kB
dist/assets/index-Dm3W2lki.js                     14.16 kB │ gzip:   4.99 kB
dist/assets/index-DP-cNLJ9.js                     14.46 kB │ gzip:   4.95 kB
dist/assets/index-CrBfGZsA.js                     16.50 kB │ gzip:   6.25 kB
dist/assets/CreateNewBatch-BveEWwFI.js            17.33 kB │ gzip:   4.83 kB
dist/assets/EditFounder-sKLN-ckB.js               18.08 kB │ gzip:   4.39 kB
dist/assets/ViewBusinessProposal-BldXf3sI.js      18.55 kB │ gzip:   4.70 kB
dist/assets/EditInvestor-O5Mn0fno.js              19.03 kB │ gzip:   4.65 kB
dist/assets/index-D6iLQeoR.js                     19.69 kB │ gzip:   6.44 kB
dist/assets/index-DE9SM6wG.js                     21.67 kB │ gzip:   5.74 kB
dist/assets/select-DuiFoehO.js                    22.08 kB │ gzip:   7.95 kB
dist/assets/index-bJ9tA-b6.js                     22.94 kB │ gzip:   7.10 kB
dist/assets/index-C7esXcIa.js                     27.84 kB │ gzip:  10.83 kB
dist/assets/table-BG7Mc5ei.js                     37.18 kB │ gzip:  10.86 kB
dist/assets/FilterDrawer-CY8u5DPk.js              86.30 kB │ gzip:  25.89 kB
dist/assets/Landing-CF112-YJ.js                  136.59 kB │ gzip:  48.82 kB
dist/assets/xlsx-DGuHH-KN.js                     429.49 kB │ gzip: 143.07 kB
dist/assets/index-DHV0dDnk.js                    601.14 kB │ gzip: 163.41 kB
dist/assets/index-DKq8Wqcz.js                    762.13 kB │ gzip: 229.64 kB
dist/assets/CkEditor-CZHa-pmg.js               1,318.06 kB │ gzip: 325.94 kB

(!) Some chunks are larger than 500 kB after minification. Consider:
- Using dynamic import() to code-split the application
- Use build.rollupOptions.output.manualChunks to improve chunking: https://rollupjs.org/configuration-options/#output-manualchunks
- Adjust chunk size limit for this warning via build.chunkSizeWarningLimit.
✓ built in 15.05s
Packaging build...
  adding: favicon.ico (deflated 13%)
  adding: assets/ (stored 0%)
  adding: assets/meerGreenJacket-ykCKR2uN.png (deflated 0%)
  adding: assets/shakeelBg-NX99JDrP.jpg (deflated 0%)
  adding: assets/meerShinyDress-C8scZpYx.webp (deflated 0%)
  adding: assets/akhtar-qLBVRLf-.jpg (deflated 1%)
  adding: assets/irfanMalikBg-D4osmO_C.jpg (deflated 1%)
  adding: assets/arabic-BElshnQY.jpg (deflated 0%)
  adding: assets/handShake-Dk1DoagP.webp (deflated 0%)
  adding: assets/wasimAkramBg-D4BFEYu1.png (deflated 0%)
  adding: assets/fahad-CnovJc60.jpg (deflated 0%)
  adding: assets/dubai-Bmqq4ymj.jpg (deflated 0%)
  adding: assets/salman-DD3Zraly.jpg (deflated 0%)
  adding: assets/rectanglePlaceholder-nCbViREl.png (deflated 31%)
  adding: assets/tech-BdWyL5Pa.jpg (deflated 0%)
  adding: assets/MainLogo-DJpFhlQE.png (deflated 4%)
  adding: assets/goldenCheck-CnSHOmXW.webp (stored 0%)
  adding: assets/verifiedBadge-CrcJq1tD.webp (deflated 1%)
  adding: assets/tower-gldBe0jJ.webp (deflated 0%)
  adding: assets/tower2-LuqAcWCu.jpg (deflated 2%)
  adding: assets/tower3-DpFzgoGy.jpg (deflated 0%)
  adding: assets/wasim-ETjjiRaD.jpg (deflated 0%)
  adding: assets/placeholderMan-BvremNML.png (deflated 3%)
  adding: assets/Fav-BPcykgsi.png (deflated 5%)
  adding: assets/proposal3-fxAFZeku.webp (deflated 1%)
  adding: assets/proposal2-B9XZZX50.webp (deflated 3%)
  adding: assets/proposal1-D37fvLUu.webp (deflated 1%)
  adding: assets/proposal5-DItum-r7.webp (deflated 4%)
  adding: assets/proposal6-wLmvSjqd.webp (deflated 0%)
  adding: assets/proposal4-CZk7QC75.webp (deflated 1%)
  adding: assets/wasimAkram-CBOcRO9q.png (deflated 1%)
  adding: assets/index-D2bVWtzP.css (deflated 86%)
  adding: assets/index-DKq8Wqcz.js (deflated 70%)
  adding: assets/Landing-CF112-YJ.js (deflated 64%)
  adding: assets/index-D7oMt5Kc.js (deflated 51%)
  adding: assets/index-VpgOLyqv.js (deflated 53%)
  adding: assets/index-BV_l_kze.js (deflated 53%)
  adding: assets/index-y8YWR_Bp.js (deflated 52%)
  adding: assets/Header-CibPIfvJ.js (deflated 70%)
  adding: assets/SignUp-BJ6QIRj3.js (deflated 60%)
  adding: assets/ForgotPassword-B8ldsm35.js (deflated 51%)
  adding: assets/VerifyUserEmail-DYx4RDtK.js (deflated 64%)
  adding: assets/ResetPassword-Bprs1h-3.js (deflated 57%)
  adding: assets/ContactSupport-CetsQ85i.js (deflated 59%)
  adding: assets/AuthCallback-Cco0FTEE.js (deflated 53%)
  adding: assets/SelectRole-DZX7zXZ_.js (deflated 57%)
  adding: assets/SignupThankYou-vpaPll0t.js (deflated 55%)
  adding: assets/arrow-right-SdwZjgY1.js (deflated 26%)
  adding: assets/Login-DSJgaeOr.js (deflated 58%)
  adding: assets/index-uAuBfSO_.js (deflated 54%)
  adding: assets/index-DHV0dDnk.js (deflated 73%)
  adding: assets/Profile-BX_UCWxb.js (deflated 69%)
  adding: assets/index-DcPo2jhq.js (deflated 60%)
  adding: assets/index-Dm3W2lki.js (deflated 65%)
  adding: assets/EditInvestor-O5Mn0fno.js (deflated 76%)
  adding: assets/index-DP-cNLJ9.js (deflated 66%)
  adding: assets/globe-BAlhkf6y.js (deflated 32%)
  adding: assets/FilterDrawer-CY8u5DPk.js (deflated 70%)
  adding: assets/label-CUhgms5w.js (deflated 40%)
  adding: assets/EditFounder-sKLN-ckB.js (deflated 76%)
  adding: assets/index-Bo7bpxQI.js (deflated 59%)
  adding: assets/index-D6iLQeoR.js (deflated 67%)
  adding: assets/user-plus-Dqf_SnIs.js (deflated 34%)
  adding: assets/log-in-DHm4Fs2k.js (deflated 31%)
  adding: assets/ban-D3F0ko6S.js (deflated 26%)
  adding: assets/phone-DKbe2jiB.js (deflated 36%)
  adding: assets/pencil-DDR1uXS6.js (deflated 31%)
  adding: assets/index-BeBiHdvE.js (deflated 66%)
  adding: assets/ViewBusinessProposal-BldXf3sI.js (deflated 75%)
  adding: assets/circle-check-B8BWzOuT.js (deflated 27%)
  adding: assets/calendar-CIiNn09T.js (deflated 33%)
  adding: assets/index-bJ9tA-b6.js (deflated 69%)
  adding: assets/ToggleChips-BbVLhkkL.js (deflated 51%)
  adding: assets/index-kRR9gYv7.js (deflated 68%)
  adding: assets/useDebounce-wj5biuZs.js (deflated 21%)
  adding: assets/CreateNewBatch-BveEWwFI.js (deflated 72%)
  adding: assets/sparkles-Eto_1ua1.js (deflated 45%)
  adding: assets/map-pin-g6Ot7_sK.js (deflated 28%)
  adding: assets/shield-check-CnYznmgT.js (deflated 32%)
  adding: assets/CkEditor-CZHa-pmg.js (deflated 75%)
  adding: assets/mail-Bp3uUu_7.js (deflated 25%)
  adding: assets/table-BG7Mc5ei.js (deflated 71%)
  adding: assets/Dashboard-DWN5kGEl.js (deflated 66%)
  adding: assets/SimplifiedProfile-pbh9AyUj.js (deflated 73%)
  adding: assets/index-QK80IWp9.js (deflated 51%)
  adding: assets/trending-up-CZktL6lk.js (deflated 25%)
  adding: assets/LegalModal-teHvXdQT.js (deflated 33%)
  adding: assets/index-Dgnp0t4K.js (deflated 53%)
  adding: assets/dialog-BXpNHIpt.js (deflated 61%)
  adding: assets/download-DF1hkJc9.js (deflated 31%)
  adding: assets/index-BU6tbzLg.js (deflated 62%)
  adding: assets/index-CrBfGZsA.js (deflated 62%)
  adding: assets/index-rwfUGxkk.js (deflated 56%)
  adding: assets/InfoBox-D5pWrOZ_.js (deflated 51%)
  adding: assets/input-R0-1z9uc.js (deflated 50%)
  adding: assets/info-BTaaziyG.js (deflated 29%)
  adding: assets/circle-alert-ChL5Hgdf.js (deflated 35%)
  adding: assets/select-DuiFoehO.js (deflated 64%)
  adding: assets/index-C7esXcIa.js (deflated 61%)
  adding: assets/index-DQdzT_Ar.js (deflated 55%)
  adding: assets/FileUploader-DAq-qhq6.js (deflated 56%)
  adding: assets/textarea-M7StfPAz.js (deflated 52%)
  adding: assets/link-DoxK6i1o.js (deflated 34%)
  adding: assets/eye-Bttp51JB.js (deflated 33%)
  adding: assets/trash-2-VzgimKk9.js (deflated 39%)
  adding: assets/topCards-DvWz4_mb.js (deflated 57%)
  adding: assets/card-DROWo3I3.js (deflated 62%)
  adding: assets/ImageUploader-C6X9aAS5.js (deflated 53%)
  adding: assets/upload-B8MI2rlY.js (deflated 30%)
  adding: assets/EmptyState-Buv6uMK1.js (deflated 60%)
  adding: assets/toolbar-DXBP3PRW.js (deflated 60%)
  adding: assets/message-square-DyW6rH-T.js (deflated 29%)
  adding: assets/tooltip-ZZ05CEdh.js (deflated 62%)
  adding: assets/square-pen-cOtKimrr.js (deflated 35%)
  adding: assets/rotate-ccw-DddxTENI.js (deflated 27%)
  adding: assets/chevron-left-BuU4rL1d.js (deflated 22%)
  adding: assets/checkbox-CaJ7ety_.js (deflated 57%)
  adding: assets/plus-DW9_MrTP.js (deflated 27%)
  adding: assets/file-text-CDfXSciV.js (deflated 40%)
  adding: assets/businessProposalCard-CCjPyTxn.js (deflated 68%)
  adding: assets/GetMoreDetailsModal-BB0iFmzy.js (deflated 54%)
  adding: assets/Tabs-DwhlD7hq.js (deflated 49%)
  adding: assets/circle-x-vb7iT6x7.js (deflated 30%)
  adding: assets/target-BVvNcYd9.js (deflated 37%)
  adding: assets/Stepper-DB1AP2yr.js (deflated 57%)
  adding: assets/package-DkaCWnHd.js (deflated 60%)
  adding: assets/ContactSupportModal-9Zt1SzME.js (deflated 51%)
  adding: assets/index-DjDQExxE.js (deflated 48%)
  adding: assets/index-BLZOx0Ve.js (deflated 60%)
  adding: assets/Dashboard-BV93hXUc.js (deflated 66%)
  adding: assets/index-DE9SM6wG.js (deflated 74%)
  adding: assets/index-R5gcohk1.js (deflated 63%)
  adding: assets/index-BxD7uBYf.js (deflated 52%)
  adding: assets/xlsx-DGuHH-KN.js (deflated 67%)
  adding: index.html (deflated 52%)
Saving Lightsail SSH key...
Uploading build to Lightsail...
Warning: Permanently added '15.207.22.250' (ED25519) to the list of known hosts.
Deploying build to /var/www/html ...
Archive:  /home/ubuntu/react-build.zip
  inflating: /var/www/html/favicon.ico  
   creating: /var/www/html/assets/
  inflating: /var/www/html/assets/meerGreenJacket-ykCKR2uN.png  
  inflating: /var/www/html/assets/shakeelBg-NX99JDrP.jpg  
  inflating: /var/www/html/assets/meerShinyDress-C8scZpYx.webp  
  inflating: /var/www/html/assets/akhtar-qLBVRLf-.jpg  
  inflating: /var/www/html/assets/irfanMalikBg-D4osmO_C.jpg  
  inflating: /var/www/html/assets/arabic-BElshnQY.jpg  
  inflating: /var/www/html/assets/handShake-Dk1DoagP.webp  
  inflating: /var/www/html/assets/wasimAkramBg-D4BFEYu1.png  
  inflating: /var/www/html/assets/fahad-CnovJc60.jpg  
  inflating: /var/www/html/assets/dubai-Bmqq4ymj.jpg  
  inflating: /var/www/html/assets/salman-DD3Zraly.jpg  
  inflating: /var/www/html/assets/rectanglePlaceholder-nCbViREl.png  
  inflating: /var/www/html/assets/tech-BdWyL5Pa.jpg  
  inflating: /var/www/html/assets/MainLogo-DJpFhlQE.png  
 extracting: /var/www/html/assets/goldenCheck-CnSHOmXW.webp  
  inflating: /var/www/html/assets/verifiedBadge-CrcJq1tD.webp  
  inflating: /var/www/html/assets/tower-gldBe0jJ.webp  
  inflating: /var/www/html/assets/tower2-LuqAcWCu.jpg  
  inflating: /var/www/html/assets/tower3-DpFzgoGy.jpg  
  inflating: /var/www/html/assets/wasim-ETjjiRaD.jpg  
  inflating: /var/www/html/assets/placeholderMan-BvremNML.png  
  inflating: /var/www/html/assets/Fav-BPcykgsi.png  
  inflating: /var/www/html/assets/proposal3-fxAFZeku.webp  
  inflating: /var/www/html/assets/proposal2-B9XZZX50.webp  
  inflating: /var/www/html/assets/proposal1-D37fvLUu.webp  
  inflating: /var/www/html/assets/proposal5-DItum-r7.webp  
  inflating: /var/www/html/assets/proposal6-wLmvSjqd.webp  
  inflating: /var/www/html/assets/proposal4-CZk7QC75.webp  
  inflating: /var/www/html/assets/wasimAkram-CBOcRO9q.png  
  inflating: /var/www/html/assets/index-D2bVWtzP.css  
  inflating: /var/www/html/assets/index-DKq8Wqcz.js  
  inflating: /var/www/html/assets/Landing-CF112-YJ.js  
  inflating: /var/www/html/assets/index-D7oMt5Kc.js  
  inflating: /var/www/html/assets/index-VpgOLyqv.js  
  inflating: /var/www/html/assets/index-BV_l_kze.js  
  inflating: /var/www/html/assets/index-y8YWR_Bp.js  
  inflating: /var/www/html/assets/Header-CibPIfvJ.js  
  inflating: /var/www/html/assets/SignUp-BJ6QIRj3.js  
  inflating: /var/www/html/assets/ForgotPassword-B8ldsm35.js  
  inflating: /var/www/html/assets/VerifyUserEmail-DYx4RDtK.js  
  inflating: /var/www/html/assets/ResetPassword-Bprs1h-3.js  
  inflating: /var/www/html/assets/ContactSupport-CetsQ85i.js  
  inflating: /var/www/html/assets/AuthCallback-Cco0FTEE.js  
  inflating: /var/www/html/assets/SelectRole-DZX7zXZ_.js  
  inflating: /var/www/html/assets/SignupThankYou-vpaPll0t.js  
  inflating: /var/www/html/assets/arrow-right-SdwZjgY1.js  
  inflating: /var/www/html/assets/Login-DSJgaeOr.js  
  inflating: /var/www/html/assets/index-uAuBfSO_.js  
  inflating: /var/www/html/assets/index-DHV0dDnk.js  
  inflating: /var/www/html/assets/Profile-BX_UCWxb.js  
  inflating: /var/www/html/assets/index-DcPo2jhq.js  
  inflating: /var/www/html/assets/index-Dm3W2lki.js  
  inflating: /var/www/html/assets/EditInvestor-O5Mn0fno.js  
  inflating: /var/www/html/assets/index-DP-cNLJ9.js  
  inflating: /var/www/html/assets/globe-BAlhkf6y.js  
  inflating: /var/www/html/assets/FilterDrawer-CY8u5DPk.js  
  inflating: /var/www/html/assets/label-CUhgms5w.js  
  inflating: /var/www/html/assets/EditFounder-sKLN-ckB.js  
  inflating: /var/www/html/assets/index-Bo7bpxQI.js  
  inflating: /var/www/html/assets/index-D6iLQeoR.js  
  inflating: /var/www/html/assets/user-plus-Dqf_SnIs.js  
  inflating: /var/www/html/assets/log-in-DHm4Fs2k.js  
  inflating: /var/www/html/assets/ban-D3F0ko6S.js  
  inflating: /var/www/html/assets/phone-DKbe2jiB.js  
  inflating: /var/www/html/assets/pencil-DDR1uXS6.js  
  inflating: /var/www/html/assets/index-BeBiHdvE.js  
  inflating: /var/www/html/assets/ViewBusinessProposal-BldXf3sI.js  
  inflating: /var/www/html/assets/circle-check-B8BWzOuT.js  
  inflating: /var/www/html/assets/calendar-CIiNn09T.js  
  inflating: /var/www/html/assets/index-bJ9tA-b6.js  
  inflating: /var/www/html/assets/ToggleChips-BbVLhkkL.js  
  inflating: /var/www/html/assets/index-kRR9gYv7.js  
  inflating: /var/www/html/assets/useDebounce-wj5biuZs.js  
  inflating: /var/www/html/assets/CreateNewBatch-BveEWwFI.js  
  inflating: /var/www/html/assets/sparkles-Eto_1ua1.js  
  inflating: /var/www/html/assets/map-pin-g6Ot7_sK.js  
  inflating: /var/www/html/assets/shield-check-CnYznmgT.js  
  inflating: /var/www/html/assets/CkEditor-CZHa-pmg.js  
  inflating: /var/www/html/assets/mail-Bp3uUu_7.js  
  inflating: /var/www/html/assets/table-BG7Mc5ei.js  
  inflating: /var/www/html/assets/Dashboard-DWN5kGEl.js  
  inflating: /var/www/html/assets/SimplifiedProfile-pbh9AyUj.js  
  inflating: /var/www/html/assets/index-QK80IWp9.js  
  inflating: /var/www/html/assets/trending-up-CZktL6lk.js  
  inflating: /var/www/html/assets/LegalModal-teHvXdQT.js  
  inflating: /var/www/html/assets/index-Dgnp0t4K.js  
  inflating: /var/www/html/assets/dialog-BXpNHIpt.js  
  inflating: /var/www/html/assets/download-DF1hkJc9.js  
  inflating: /var/www/html/assets/index-BU6tbzLg.js  
  inflating: /var/www/html/assets/index-CrBfGZsA.js  
  inflating: /var/www/html/assets/index-rwfUGxkk.js  
  inflating: /var/www/html/assets/InfoBox-D5pWrOZ_.js  
  inflating: /var/www/html/assets/input-R0-1z9uc.js  
  inflating: /var/www/html/assets/info-BTaaziyG.js  
  inflating: /var/www/html/assets/circle-alert-ChL5Hgdf.js  
  inflating: /var/www/html/assets/select-DuiFoehO.js  
  inflating: /var/www/html/assets/index-C7esXcIa.js  
  inflating: /var/www/html/assets/index-DQdzT_Ar.js  
  inflating: /var/www/html/assets/FileUploader-DAq-qhq6.js  
  inflating: /var/www/html/assets/textarea-M7StfPAz.js  
  inflating: /var/www/html/assets/link-DoxK6i1o.js  
  inflating: /var/www/html/assets/eye-Bttp51JB.js  
  inflating: /var/www/html/assets/trash-2-VzgimKk9.js  
  inflating: /var/www/html/assets/topCards-DvWz4_mb.js  
  inflating: /var/www/html/assets/card-DROWo3I3.js  
  inflating: /var/www/html/assets/ImageUploader-C6X9aAS5.js  
  inflating: /var/www/html/assets/upload-B8MI2rlY.js  
  inflating: /var/www/html/assets/EmptyState-Buv6uMK1.js  
  inflating: /var/www/html/assets/toolbar-DXBP3PRW.js  
  inflating: /var/www/html/assets/message-square-DyW6rH-T.js  
  inflating: /var/www/html/assets/tooltip-ZZ05CEdh.js  
  inflating: /var/www/html/assets/square-pen-cOtKimrr.js  
  inflating: /var/www/html/assets/rotate-ccw-DddxTENI.js  
  inflating: /var/www/html/assets/chevron-left-BuU4rL1d.js  
  inflating: /var/www/html/assets/checkbox-CaJ7ety_.js  
  inflating: /var/www/html/assets/plus-DW9_MrTP.js  
  inflating: /var/www/html/assets/file-text-CDfXSciV.js  
  inflating: /var/www/html/assets/businessProposalCard-CCjPyTxn.js  
  inflating: /var/www/html/assets/GetMoreDetailsModal-BB0iFmzy.js  
  inflating: /var/www/html/assets/Tabs-DwhlD7hq.js  
  inflating: /var/www/html/assets/circle-x-vb7iT6x7.js  
  inflating: /var/www/html/assets/target-BVvNcYd9.js  
  inflating: /var/www/html/assets/Stepper-DB1AP2yr.js  
  inflating: /var/www/html/assets/package-DkaCWnHd.js  
  inflating: /var/www/html/assets/ContactSupportModal-9Zt1SzME.js  
  inflating: /var/www/html/assets/index-DjDQExxE.js  
  inflating: /var/www/html/assets/index-BLZOx0Ve.js  
  inflating: /var/www/html/assets/Dashboard-BV93hXUc.js  
  inflating: /var/www/html/assets/index-DE9SM6wG.js  
  inflating: /var/www/html/assets/index-R5gcohk1.js  
  inflating: /var/www/html/assets/index-BxD7uBYf.js  
  inflating: /var/www/html/assets/xlsx-DGuHH-KN.js  
  inflating: /var/www/html/index.html  
Saving Git logs repo SSH key...
Testing GitHub SSH key...
Cloning deployment-logs repo...
Cloning into 'logs-repo'...
