Installing dependencies...
npm warn deprecated w3c-hr-time@1.0.2: Use your platform's native performance.now() and performance.timeOrigin.
npm warn deprecated domexception@2.0.1: Use your platform's native DOMException instead
npm warn deprecated abab@2.0.6: Use your platform's native atob() and btoa() methods instead

> the-business-hub-pakistan@0.0.0 prepare
> husky

.git can't be found
added 1810 packages, and audited 1811 packages in 8m

253 packages are looking for funding
  run `npm fund` for details

84 vulnerabilities (3 low, 71 moderate, 10 high)

To address issues that do not require attention, run:
  npm audit fix

To address all issues possible (including breaking changes), run:
  npm audit fix --force

Some issues need review, and may require choosing
a different dependency.

Run `npm audit` for details.
Building React app...

> the-business-hub-pakistan@0.0.0 build
> vite build

vite v7.1.11 building for production...
transforming...
✓ 3152 modules transformed.
rendering chunks...
computing gzip size...
dist/index.html                                       2.18 kB │ gzip:   1.05 kB
dist/assets/verifiedBadge-CrcJq1tD.webp              10.83 kB
dist/assets/rectanglePlaceholder-nCbViREl.png        11.85 kB
dist/assets/goldenCheck-CnSHOmXW.webp                13.45 kB
dist/assets/irfanMalikBg-D4osmO_C.jpg                24.66 kB
dist/assets/proposal6-wLmvSjqd.webp                  28.15 kB
dist/assets/placeholderMan-BvremNML.png              36.64 kB
dist/assets/handShake-Dk1DoagP.webp                  65.18 kB
dist/assets/tower-gldBe0jJ.webp                      66.16 kB
dist/assets/tower2-LuqAcWCu.jpg                      72.52 kB
dist/assets/shakeelBg-NX99JDrP.jpg                  143.15 kB
dist/assets/MainLogo-DJpFhlQE.png                   144.86 kB
dist/assets/Fav-BPcykgsi.png                        147.34 kB
dist/assets/akhtar-qLBVRLf-.jpg                     173.92 kB
dist/assets/proposal5-DItum-r7.webp                 174.24 kB
dist/assets/tower3-DpFzgoGy.jpg                     175.56 kB
dist/assets/proposal2-B9XZZX50.webp                 192.62 kB
dist/assets/meerShinyDress-C8scZpYx.webp            229.68 kB
dist/assets/meerGreenJacket-ykCKR2uN.png            230.19 kB
dist/assets/arabic-BElshnQY.jpg                     238.42 kB
dist/assets/wasim-ETjjiRaD.jpg                      242.26 kB
dist/assets/salman-DD3Zraly.jpg                     255.18 kB
dist/assets/fahad-CnovJc60.jpg                      278.62 kB
dist/assets/tech-BdWyL5Pa.jpg                       281.71 kB
dist/assets/dubai-Bmqq4ymj.jpg                      311.77 kB
dist/assets/wasimAkramBg-D4BFEYu1.png               313.57 kB
dist/assets/video-poster-DrQklN8e.png               367.51 kB
dist/assets/proposal3-fxAFZeku.webp                 445.47 kB
dist/assets/proposal4-CZk7QC75.webp                 542.86 kB
dist/assets/proposal1-D37fvLUu.webp                 779.05 kB
dist/assets/wasimAkram-CBOcRO9q.png               4,488.96 kB
dist/assets/BlogDetail-oNXnMkFG.css                   0.63 kB │ gzip:   0.26 kB
dist/assets/style-DpsRipQV.css                        3.23 kB │ gzip:   0.73 kB
dist/assets/index-ggLNrt0T.css                      159.74 kB │ gzip:  21.72 kB
dist/assets/blogs-ChqPogSE.js                         0.04 kB │ gzip:   0.06 kB
dist/assets/webinarBanner-XLbHXaFF.js                 0.17 kB │ gzip:   0.15 kB
dist/assets/useDebounce-6jJEiSdv.js                   0.19 kB │ gzip:   0.17 kB
dist/assets/plus-iRXCaSQP.js                          0.33 kB │ gzip:   0.25 kB
dist/assets/arrow-left-Dme_ZVq0.js                    0.34 kB │ gzip:   0.27 kB
dist/assets/circle-check-BP74VBMs.js                  0.35 kB │ gzip:   0.27 kB
dist/assets/trending-up-CLqvHJTQ.js                   0.35 kB │ gzip:   0.27 kB
dist/assets/ban-C8P9g-YX.js                           0.35 kB │ gzip:   0.27 kB
dist/assets/info-D6z3B15D.js                          0.37 kB │ gzip:   0.28 kB
dist/assets/rotate-ccw-1MHo4aYh.js                    0.37 kB │ gzip:   0.29 kB
dist/assets/circle-x-0tvEkUXS.js                      0.38 kB │ gzip:   0.28 kB
dist/assets/ellipsis-DAKeV5Q3.js                      0.39 kB │ gzip:   0.27 kB
dist/assets/upload-KHxgG-nf.js                        0.40 kB │ gzip:   0.30 kB
dist/assets/index-DfuVNNdh.js                         0.41 kB │ gzip:   0.30 kB
dist/assets/index-0JzjKB0B.js                         0.41 kB │ gzip:   0.30 kB
dist/assets/globe-Yyvt1By9.js                         0.41 kB │ gzip:   0.29 kB
dist/assets/headphones-kk1JL3Fn.js                    0.41 kB │ gzip:   0.29 kB
dist/assets/message-circle--cBTuGOw.js                0.41 kB │ gzip:   0.31 kB
dist/assets/circle-alert-BJq9xHZc.js                  0.42 kB │ gzip:   0.29 kB
dist/assets/external-link-CJNPraVk.js                 0.42 kB │ gzip:   0.30 kB
dist/assets/funnel-D20lRDr9.js                        0.42 kB │ gzip:   0.31 kB
dist/assets/user-minus-BkNbfRmE.js                    0.43 kB │ gzip:   0.32 kB
dist/assets/calendar-D3tA4_hS.js                      0.43 kB │ gzip:   0.31 kB
dist/assets/pencil-C2B4NVzO.js                        0.45 kB │ gzip:   0.33 kB
dist/assets/hash-DzOv5MD0.js                          0.47 kB │ gzip:   0.30 kB
dist/assets/shield-check-DV7HhoDo.js                  0.49 kB │ gzip:   0.35 kB
dist/assets/tag-DR2qnzYS.js                           0.49 kB │ gzip:   0.35 kB
dist/assets/Dashboard-BH5XSFoU.js                     0.50 kB │ gzip:   0.32 kB
dist/assets/Dashboard-DTnd0X0D.js                     0.50 kB │ gzip:   0.32 kB
dist/assets/support-ticket-events-dX3AB6cw.js         0.50 kB │ gzip:   0.37 kB
dist/assets/sparkles-lvgP2g9-.js                      0.67 kB │ gzip:   0.39 kB
dist/assets/meta-pixel-CAHtMBtr.js                    0.82 kB │ gzip:   0.37 kB
dist/assets/CkEditor-cRQ6rgAD.js                      0.85 kB │ gzip:   0.53 kB
dist/assets/InfoBox-UUEBD5-0.js                       0.86 kB │ gzip:   0.43 kB
dist/assets/CurrencyWithApprox-ICw9JWqo.js            0.91 kB │ gzip:   0.52 kB
dist/assets/arrow-up-Ds2om5Rx.js                      0.99 kB │ gzip:   0.39 kB
dist/assets/Tabs-uhSkvKHT.js                          1.23 kB │ gzip:   0.65 kB
dist/assets/Pagination-cMBafrP_.js                    1.32 kB │ gzip:   0.72 kB
dist/assets/ProposalPopup-DYaOUaS7.js                 1.64 kB │ gzip:   0.83 kB
dist/assets/ToggleChips-CRFxJNbI.js                   1.68 kB │ gzip:   0.83 kB
dist/assets/topCards-Zf_-kjg0.js                      1.71 kB │ gzip:   0.74 kB
dist/assets/ForgotPassword-BKQga7QP.js                2.11 kB │ gzip:   1.06 kB
dist/assets/FounderThankYou-BTwS30Kf.js               2.22 kB │ gzip:   1.08 kB
dist/assets/FilterDrawer-BLgAYVF0.js                  2.26 kB │ gzip:   0.96 kB
dist/assets/InvestorThankYou-BoLBkvvf.js              2.35 kB │ gzip:   1.15 kB
dist/assets/recipientFiltersState-D7NtupJ-.js         2.50 kB │ gzip:   0.93 kB
dist/assets/supabase-bulk-emails-CjlSEP6D.js          2.54 kB │ gzip:   1.01 kB
dist/assets/MultipleImageUploader-DmVt3Ljh.js         2.61 kB │ gzip:   1.14 kB
dist/assets/AuthCallback-Csf7Mokd.js                  2.71 kB │ gzip:   1.29 kB
dist/assets/ImageUploader-BUrCILSy.js                 2.74 kB │ gzip:   1.19 kB
dist/assets/parseISO-SgwFneY1.js                      2.79 kB │ gzip:   1.26 kB
dist/assets/index-DEXzd5Gn.js                         2.86 kB │ gzip:   1.36 kB
dist/assets/index-IIs-h-Kw.js                         2.99 kB │ gzip:   1.50 kB
dist/assets/index-CDLNHWNR.js                         3.06 kB │ gzip:   1.48 kB
dist/assets/index-DtKolq22.js                         3.19 kB │ gzip:   1.52 kB
dist/assets/toolbar-ulhrQPHd.js                       3.31 kB │ gzip:   1.30 kB
dist/assets/index-Y_WN7oIG.js                         3.41 kB │ gzip:   1.73 kB
dist/assets/index-Bp988o97.js                         3.48 kB │ gzip:   1.67 kB
dist/assets/index-Cm5Kayca.js                         3.51 kB │ gzip:   1.61 kB
dist/assets/index-BSju5yoq.js                         3.57 kB │ gzip:   1.80 kB
dist/assets/index-IDQQREpI.js                         3.80 kB │ gzip:   1.82 kB
dist/assets/target-audience-DU_yTQIW.js               4.02 kB │ gzip:   1.16 kB
dist/assets/BulkActionsBar-BUordT8B.js                4.26 kB │ gzip:   1.75 kB
dist/assets/index-DcY7MBMd.js                         4.53 kB │ gzip:   2.06 kB
dist/assets/Stepper-CM6pyG6t.js                       4.66 kB │ gzip:   2.02 kB
dist/assets/Login-V6FEnnpB.js                         4.75 kB │ gzip:   1.96 kB
dist/assets/ViewRemindersModal-B2BJmai1.js            4.87 kB │ gzip:   1.85 kB
dist/assets/ContactSupport-z1_2dVoe.js                4.90 kB │ gzip:   2.01 kB
dist/assets/ResetPassword-X1bttxox.js                 5.08 kB │ gzip:   1.78 kB
dist/assets/ActivityLogsModal.utils-B3bPvlAJ.js       5.10 kB │ gzip:   1.47 kB
dist/assets/CreateBlog-D4Pd4imr.js                    5.28 kB │ gzip:   2.26 kB
dist/assets/index-i5VcL52M.js                         5.36 kB │ gzip:   2.45 kB
dist/assets/index-B0PfbD3v.js                         5.37 kB │ gzip:   2.28 kB
dist/assets/SelectRole-BUglP80I.js                    5.45 kB │ gzip:   2.30 kB
dist/assets/HelpPageContent-BpL-GK9c.js               5.51 kB │ gzip:   2.01 kB
dist/assets/AllBlogs-pIIHqf6f.js                      5.78 kB │ gzip:   2.31 kB
dist/assets/VerifyUserEmail-BmdxxB2T.js               5.82 kB │ gzip:   2.08 kB
dist/assets/EditBlog-CXGHVdcV.js                      6.15 kB │ gzip:   2.64 kB
dist/assets/Profile-CD3hj970.js                       6.86 kB │ gzip:   2.19 kB
dist/assets/CreateTargetAudience-YCrcHfoH.js          7.04 kB │ gzip:   2.69 kB
dist/assets/SignUp-BjU0dfPc.js                        7.08 kB │ gzip:   2.67 kB
dist/assets/index-D1H3YWGv.js                         8.01 kB │ gzip:   2.95 kB
dist/assets/index-DjIGq2fE.js                         8.03 kB │ gzip:   2.89 kB
dist/assets/EditTargetAudience-Cib1ob9O.js            8.42 kB │ gzip:   2.97 kB
dist/assets/MiniAdminAnalyticsDetail-DkLf4Pdg.js      9.28 kB │ gzip:   2.98 kB
dist/assets/index-CJRSI6Cg.js                         9.30 kB │ gzip:   3.85 kB
dist/assets/index-BcZPdsNT.js                         9.77 kB │ gzip:   3.60 kB
dist/assets/table-Ctz6fcP-.js                         9.82 kB │ gzip:   3.25 kB
dist/assets/businessProposalCard-BxIKPUU0.js         10.05 kB │ gzip:   3.50 kB
dist/assets/mini-admin-analytics-B_m-KO05.js         12.59 kB │ gzip:   3.63 kB
dist/assets/TicketDetailPage-DMS5BHvz.js             13.40 kB │ gzip:   4.09 kB
dist/assets/SimplifiedProfile-j1rwF2MS.js            13.78 kB │ gzip:   3.65 kB
dist/assets/index-B87aLnRh.js                        15.99 kB │ gzip:   4.95 kB
dist/assets/CreateNewBatch-Ep067v8s.js               17.70 kB │ gzip:   4.72 kB
dist/assets/index-sNSBgDvp.js                        18.57 kB │ gzip:   5.99 kB
dist/assets/index-BMP_dxm0.js                        19.96 kB │ gzip:   6.63 kB
dist/assets/index-Cqmv55oz.js                        20.13 kB │ gzip:   5.41 kB
dist/assets/BlogDetail-CkPw30R6.js                   21.52 kB │ gzip:   8.71 kB
dist/assets/index-JZKX3i8i.js                        22.84 kB │ gzip:   6.77 kB
dist/assets/EditFounder-AeSrNFyS.js                  23.52 kB │ gzip:   5.86 kB
dist/assets/index-CiIoh1lr.js                        23.59 kB │ gzip:   7.43 kB
dist/assets/EditInvestor-D6K3r2v_.js                 24.52 kB │ gzip:   6.15 kB
dist/assets/ViewBusinessProposal-CaJuKOOg.js         25.92 kB │ gzip:   6.39 kB
dist/assets/index-D_wQj4Gd.js                        28.38 kB │ gzip:   7.29 kB
dist/assets/index-Bi2_oafM.js                        30.15 kB │ gzip:   9.06 kB
dist/assets/index-CYbl_TD9.js                        54.82 kB │ gzip:  12.04 kB
dist/assets/Landing-BH_Wo4o5.js                     152.14 kB │ gzip:  53.66 kB
dist/assets/xlsx-DGuHH-KN.js                        429.49 kB │ gzip: 143.07 kB
dist/assets/react-apexcharts.min-RlPTscg4.js        584.37 kB │ gzip: 159.18 kB
dist/assets/index-B9d1Zhsl.js                     2,843.39 kB │ gzip: 760.21 kB

(!) Some chunks are larger than 1500 kB after minification. Consider:
- Using dynamic import() to code-split the application
- Use build.rollupOptions.output.manualChunks to improve chunking: https://rollupjs.org/configuration-options/#output-manualchunks
- Adjust chunk size limit for this warning via build.chunkSizeWarningLimit.
✓ built in 18.18s
Packaging build...
  adding: .htaccess (deflated 36%)
  adding: favicon.ico (deflated 13%)
  adding: robots.txt (deflated 3%)
  adding: sitemap.xml (deflated 60%)
  adding: assets/ (stored 0%)
  adding: assets/irfanMalikBg-D4osmO_C.jpg (deflated 1%)
  adding: assets/meerGreenJacket-ykCKR2uN.png (deflated 0%)
  adding: assets/shakeelBg-NX99JDrP.jpg (deflated 0%)
  adding: assets/meerShinyDress-C8scZpYx.webp (deflated 0%)
  adding: assets/akhtar-qLBVRLf-.jpg (deflated 1%)
  adding: assets/arabic-BElshnQY.jpg (deflated 0%)
  adding: assets/wasimAkramBg-D4BFEYu1.png (deflated 0%)
  adding: assets/handShake-Dk1DoagP.webp (deflated 0%)
  adding: assets/salman-DD3Zraly.jpg (deflated 0%)
  adding: assets/dubai-Bmqq4ymj.jpg (deflated 0%)
  adding: assets/fahad-CnovJc60.jpg (deflated 0%)
  adding: assets/rectanglePlaceholder-nCbViREl.png (deflated 31%)
  adding: assets/placeholderMan-BvremNML.png (deflated 3%)
  adding: assets/wasim-ETjjiRaD.jpg (deflated 0%)
  adding: assets/tech-BdWyL5Pa.jpg (deflated 0%)
  adding: assets/Fav-BPcykgsi.png (deflated 5%)
  adding: assets/MainLogo-DJpFhlQE.png (deflated 4%)
  adding: assets/verifiedBadge-CrcJq1tD.webp (deflated 1%)
  adding: assets/goldenCheck-CnSHOmXW.webp (stored 0%)
  adding: assets/tower2-LuqAcWCu.jpg (deflated 2%)
  adding: assets/tower-gldBe0jJ.webp (deflated 0%)
  adding: assets/tower3-DpFzgoGy.jpg (deflated 0%)
  adding: assets/proposal2-B9XZZX50.webp (deflated 3%)
  adding: assets/proposal5-DItum-r7.webp (deflated 4%)
  adding: assets/proposal3-fxAFZeku.webp (deflated 1%)
  adding: assets/proposal6-wLmvSjqd.webp (deflated 0%)
  adding: assets/proposal1-D37fvLUu.webp (deflated 1%)
  adding: assets/proposal4-CZk7QC75.webp (deflated 1%)
  adding: assets/wasimAkram-CBOcRO9q.png (deflated 1%)
  adding: assets/video-poster-DrQklN8e.png (deflated 0%)
  adding: assets/index-ggLNrt0T.css (deflated 87%)
  adding: assets/BlogDetail-oNXnMkFG.css (deflated 62%)
  adding: assets/style-DpsRipQV.css (deflated 78%)
  adding: assets/index-B9d1Zhsl.js (deflated 73%)
  adding: assets/xlsx-DGuHH-KN.js (deflated 67%)
  adding: assets/Landing-BH_Wo4o5.js (deflated 65%)
  adding: assets/BlogDetail-CkPw30R6.js (deflated 60%)
  adding: assets/AllBlogs-pIIHqf6f.js (deflated 60%)
  adding: assets/index-IIs-h-Kw.js (deflated 50%)
  adding: assets/index-DEXzd5Gn.js (deflated 53%)
  adding: assets/index-DtKolq22.js (deflated 53%)
  adding: assets/index-CDLNHWNR.js (deflated 52%)
  adding: assets/index-Cm5Kayca.js (deflated 54%)
  adding: assets/SignUp-BjU0dfPc.js (deflated 63%)
  adding: assets/ForgotPassword-BKQga7QP.js (deflated 51%)
  adding: assets/VerifyUserEmail-BmdxxB2T.js (deflated 64%)
  adding: assets/ResetPassword-X1bttxox.js (deflated 65%)
  adding: assets/ContactSupport-z1_2dVoe.js (deflated 59%)
  adding: assets/AuthCallback-Csf7Mokd.js (deflated 53%)
  adding: assets/SelectRole-BUglP80I.js (deflated 58%)
  adding: assets/InvestorThankYou-BoLBkvvf.js (deflated 51%)
  adding: assets/FounderThankYou-BTwS30Kf.js (deflated 52%)
  adding: assets/Login-V6FEnnpB.js (deflated 59%)
  adding: assets/Profile-CD3hj970.js (deflated 68%)
  adding: assets/index-i5VcL52M.js (deflated 55%)
  adding: assets/index-Bi2_oafM.js (deflated 70%)
  adding: assets/EditInvestor-D6K3r2v_.js (deflated 75%)
  adding: assets/index-CiIoh1lr.js (deflated 69%)
  adding: assets/BulkActionsBar-BUordT8B.js (deflated 59%)
  adding: assets/EditFounder-AeSrNFyS.js (deflated 75%)
  adding: assets/ViewRemindersModal-B2BJmai1.js (deflated 62%)
  adding: assets/index-CJRSI6Cg.js (deflated 59%)
  adding: assets/index-BMP_dxm0.js (deflated 67%)
  adding: assets/index-sNSBgDvp.js (deflated 68%)
  adding: assets/ViewBusinessProposal-CaJuKOOg.js (deflated 75%)
  adding: assets/circle-check-BP74VBMs.js (deflated 27%)
  adding: assets/index-JZKX3i8i.js (deflated 70%)
  adding: assets/meta-pixel-CAHtMBtr.js (deflated 57%)
  adding: assets/shield-check-DV7HhoDo.js (deflated 31%)
  adding: assets/sparkles-lvgP2g9-.js (deflated 45%)
  adding: assets/trending-up-CLqvHJTQ.js (deflated 26%)
  adding: assets/globe-Yyvt1By9.js (deflated 33%)
  adding: assets/blogs-ChqPogSE.js (stored 0%)
  adding: assets/calendar-D3tA4_hS.js (deflated 33%)
  adding: assets/index-Bp988o97.js (deflated 53%)
  adding: assets/message-circle--cBTuGOw.js (deflated 28%)
  adding: assets/tag-DR2qnzYS.js (deflated 34%)
  adding: assets/arrow-left-Dme_ZVq0.js (deflated 26%)
  adding: assets/InfoBox-UUEBD5-0.js (deflated 52%)
  adding: assets/info-D6z3B15D.js (deflated 30%)
  adding: assets/circle-alert-BJq9xHZc.js (deflated 35%)
  adding: assets/index-CYbl_TD9.js (deflated 78%)
  adding: assets/topCards-Zf_-kjg0.js (deflated 58%)
  adding: assets/parseISO-SgwFneY1.js (deflated 56%)
  adding: assets/webinarBanner-XLbHXaFF.js (deflated 25%)
  adding: assets/react-apexcharts.min-RlPTscg4.js (deflated 73%)
  adding: assets/CurrencyWithApprox-ICw9JWqo.js (deflated 45%)
  adding: assets/ImageUploader-BUrCILSy.js (deflated 58%)
  adding: assets/external-link-CJNPraVk.js (deflated 32%)
  adding: assets/upload-KHxgG-nf.js (deflated 31%)
  adding: assets/table-Ctz6fcP-.js (deflated 67%)
  adding: assets/toolbar-ulhrQPHd.js (deflated 61%)
  adding: assets/useDebounce-6jJEiSdv.js (deflated 22%)
  adding: assets/support-ticket-events-dX3AB6cw.js (deflated 29%)
  adding: assets/headphones-kk1JL3Fn.js (deflated 34%)
  adding: assets/Pagination-cMBafrP_.js (deflated 47%)
  adding: assets/arrow-up-Ds2om5Rx.js (deflated 62%)
  adding: assets/ellipsis-DAKeV5Q3.js (deflated 37%)
  adding: assets/funnel-D20lRDr9.js (deflated 30%)
  adding: assets/FilterDrawer-BLgAYVF0.js (deflated 58%)
  adding: assets/rotate-ccw-1MHo4aYh.js (deflated 28%)
  adding: assets/ToggleChips-CRFxJNbI.js (deflated 52%)
  adding: assets/circle-x-0tvEkUXS.js (deflated 31%)
  adding: assets/businessProposalCard-BxIKPUU0.js (deflated 66%)
  adding: assets/user-minus-BkNbfRmE.js (deflated 30%)
  adding: assets/pencil-C2B4NVzO.js (deflated 31%)
  adding: assets/ban-C8P9g-YX.js (deflated 27%)
  adding: assets/plus-iRXCaSQP.js (deflated 28%)
  adding: assets/ActivityLogsModal.utils-B3bPvlAJ.js (deflated 72%)
  adding: assets/Tabs-uhSkvKHT.js (deflated 49%)
  adding: assets/Stepper-CM6pyG6t.js (deflated 57%)
  adding: assets/MultipleImageUploader-DmVt3Ljh.js (deflated 57%)
  adding: assets/index-DjIGq2fE.js (deflated 64%)
  adding: assets/supabase-bulk-emails-CjlSEP6D.js (deflated 61%)
  adding: assets/CreateNewBatch-Ep067v8s.js (deflated 73%)
  adding: assets/CkEditor-cRQ6rgAD.js (deflated 40%)
  adding: assets/recipientFiltersState-D7NtupJ-.js (deflated 63%)
  adding: assets/target-audience-DU_yTQIW.js (deflated 72%)
  adding: assets/index-DcY7MBMd.js (deflated 55%)
  adding: assets/CreateTargetAudience-YCrcHfoH.js (deflated 62%)
  adding: assets/EditTargetAudience-Cib1ob9O.js (deflated 65%)
  adding: assets/index-B0PfbD3v.js (deflated 58%)
  adding: assets/CreateBlog-D4Pd4imr.js (deflated 58%)
  adding: assets/EditBlog-CXGHVdcV.js (deflated 57%)
  adding: assets/index-B87aLnRh.js (deflated 69%)
  adding: assets/index-D1H3YWGv.js (deflated 63%)
  adding: assets/index-D_wQj4Gd.js (deflated 74%)
  adding: assets/mini-admin-analytics-B_m-KO05.js (deflated 71%)
  adding: assets/MiniAdminAnalyticsDetail-DkLf4Pdg.js (deflated 68%)
  adding: assets/Dashboard-DTnd0X0D.js (deflated 39%)
  adding: assets/SimplifiedProfile-j1rwF2MS.js (deflated 74%)
  adding: assets/index-0JzjKB0B.js (deflated 32%)
  adding: assets/HelpPageContent-BpL-GK9c.js (deflated 64%)
  adding: assets/hash-DzOv5MD0.js (deflated 40%)
  adding: assets/index-BSju5yoq.js (deflated 50%)
  adding: assets/ProposalPopup-DYaOUaS7.js (deflated 51%)
  adding: assets/index-IDQQREpI.js (deflated 52%)
  adding: assets/index-Y_WN7oIG.js (deflated 50%)
  adding: assets/Dashboard-BH5XSFoU.js (deflated 39%)
  adding: assets/index-Cqmv55oz.js (deflated 73%)
  adding: assets/index-BcZPdsNT.js (deflated 63%)
  adding: assets/index-DfuVNNdh.js (deflated 32%)
  adding: assets/TicketDetailPage-DMS5BHvz.js (deflated 70%)
  adding: index.html (deflated 52%)
Saving Lightsail SSH key...
Uploading build to Lightsail...
Warning: Permanently added '15.207.22.250' (ED25519) to the list of known hosts.
Deploying build to /var/www/html ...
Archive:  /home/ubuntu/react-build.zip
  inflating: /var/www/html/.htaccess  
  inflating: /var/www/html/favicon.ico  
  inflating: /var/www/html/robots.txt  
  inflating: /var/www/html/sitemap.xml  
   creating: /var/www/html/assets/
  inflating: /var/www/html/assets/irfanMalikBg-D4osmO_C.jpg  
  inflating: /var/www/html/assets/meerGreenJacket-ykCKR2uN.png  
  inflating: /var/www/html/assets/shakeelBg-NX99JDrP.jpg  
  inflating: /var/www/html/assets/meerShinyDress-C8scZpYx.webp  
  inflating: /var/www/html/assets/akhtar-qLBVRLf-.jpg  
  inflating: /var/www/html/assets/arabic-BElshnQY.jpg  
  inflating: /var/www/html/assets/wasimAkramBg-D4BFEYu1.png  
  inflating: /var/www/html/assets/handShake-Dk1DoagP.webp  
  inflating: /var/www/html/assets/salman-DD3Zraly.jpg  
  inflating: /var/www/html/assets/dubai-Bmqq4ymj.jpg  
  inflating: /var/www/html/assets/fahad-CnovJc60.jpg  
  inflating: /var/www/html/assets/rectanglePlaceholder-nCbViREl.png  
  inflating: /var/www/html/assets/placeholderMan-BvremNML.png  
  inflating: /var/www/html/assets/wasim-ETjjiRaD.jpg  
  inflating: /var/www/html/assets/tech-BdWyL5Pa.jpg  
  inflating: /var/www/html/assets/Fav-BPcykgsi.png  
  inflating: /var/www/html/assets/MainLogo-DJpFhlQE.png  
  inflating: /var/www/html/assets/verifiedBadge-CrcJq1tD.webp  
 extracting: /var/www/html/assets/goldenCheck-CnSHOmXW.webp  
  inflating: /var/www/html/assets/tower2-LuqAcWCu.jpg  
  inflating: /var/www/html/assets/tower-gldBe0jJ.webp  
  inflating: /var/www/html/assets/tower3-DpFzgoGy.jpg  
  inflating: /var/www/html/assets/proposal2-B9XZZX50.webp  
  inflating: /var/www/html/assets/proposal5-DItum-r7.webp  
  inflating: /var/www/html/assets/proposal3-fxAFZeku.webp  
  inflating: /var/www/html/assets/proposal6-wLmvSjqd.webp  
  inflating: /var/www/html/assets/proposal1-D37fvLUu.webp  
  inflating: /var/www/html/assets/proposal4-CZk7QC75.webp  
  inflating: /var/www/html/assets/wasimAkram-CBOcRO9q.png  
  inflating: /var/www/html/assets/video-poster-DrQklN8e.png  
  inflating: /var/www/html/assets/index-ggLNrt0T.css  
  inflating: /var/www/html/assets/BlogDetail-oNXnMkFG.css  
  inflating: /var/www/html/assets/style-DpsRipQV.css  
  inflating: /var/www/html/assets/index-B9d1Zhsl.js  
  inflating: /var/www/html/assets/xlsx-DGuHH-KN.js  
  inflating: /var/www/html/assets/Landing-BH_Wo4o5.js  
  inflating: /var/www/html/assets/BlogDetail-CkPw30R6.js  
  inflating: /var/www/html/assets/AllBlogs-pIIHqf6f.js  
  inflating: /var/www/html/assets/index-IIs-h-Kw.js  
  inflating: /var/www/html/assets/index-DEXzd5Gn.js  
  inflating: /var/www/html/assets/index-DtKolq22.js  
  inflating: /var/www/html/assets/index-CDLNHWNR.js  
  inflating: /var/www/html/assets/index-Cm5Kayca.js  
  inflating: /var/www/html/assets/SignUp-BjU0dfPc.js  
  inflating: /var/www/html/assets/ForgotPassword-BKQga7QP.js  
  inflating: /var/www/html/assets/VerifyUserEmail-BmdxxB2T.js  
  inflating: /var/www/html/assets/ResetPassword-X1bttxox.js  
  inflating: /var/www/html/assets/ContactSupport-z1_2dVoe.js  
  inflating: /var/www/html/assets/AuthCallback-Csf7Mokd.js  
  inflating: /var/www/html/assets/SelectRole-BUglP80I.js  
  inflating: /var/www/html/assets/InvestorThankYou-BoLBkvvf.js  
  inflating: /var/www/html/assets/FounderThankYou-BTwS30Kf.js  
  inflating: /var/www/html/assets/Login-V6FEnnpB.js  
  inflating: /var/www/html/assets/Profile-CD3hj970.js  
  inflating: /var/www/html/assets/index-i5VcL52M.js  
  inflating: /var/www/html/assets/index-Bi2_oafM.js  
  inflating: /var/www/html/assets/EditInvestor-D6K3r2v_.js  
  inflating: /var/www/html/assets/index-CiIoh1lr.js  
  inflating: /var/www/html/assets/BulkActionsBar-BUordT8B.js  
  inflating: /var/www/html/assets/EditFounder-AeSrNFyS.js  
  inflating: /var/www/html/assets/ViewRemindersModal-B2BJmai1.js  
  inflating: /var/www/html/assets/index-CJRSI6Cg.js  
  inflating: /var/www/html/assets/index-BMP_dxm0.js  
  inflating: /var/www/html/assets/index-sNSBgDvp.js  
  inflating: /var/www/html/assets/ViewBusinessProposal-CaJuKOOg.js  
  inflating: /var/www/html/assets/circle-check-BP74VBMs.js  
  inflating: /var/www/html/assets/index-JZKX3i8i.js  
  inflating: /var/www/html/assets/meta-pixel-CAHtMBtr.js  
  inflating: /var/www/html/assets/shield-check-DV7HhoDo.js  
  inflating: /var/www/html/assets/sparkles-lvgP2g9-.js  
  inflating: /var/www/html/assets/trending-up-CLqvHJTQ.js  
  inflating: /var/www/html/assets/globe-Yyvt1By9.js  
 extracting: /var/www/html/assets/blogs-ChqPogSE.js  
  inflating: /var/www/html/assets/calendar-D3tA4_hS.js  
  inflating: /var/www/html/assets/index-Bp988o97.js  
  inflating: /var/www/html/assets/message-circle--cBTuGOw.js  
  inflating: /var/www/html/assets/tag-DR2qnzYS.js  
  inflating: /var/www/html/assets/arrow-left-Dme_ZVq0.js  
  inflating: /var/www/html/assets/InfoBox-UUEBD5-0.js  
  inflating: /var/www/html/assets/info-D6z3B15D.js  
  inflating: /var/www/html/assets/circle-alert-BJq9xHZc.js  
  inflating: /var/www/html/assets/index-CYbl_TD9.js  
  inflating: /var/www/html/assets/topCards-Zf_-kjg0.js  
  inflating: /var/www/html/assets/parseISO-SgwFneY1.js  
  inflating: /var/www/html/assets/webinarBanner-XLbHXaFF.js  
  inflating: /var/www/html/assets/react-apexcharts.min-RlPTscg4.js  
  inflating: /var/www/html/assets/CurrencyWithApprox-ICw9JWqo.js  
  inflating: /var/www/html/assets/ImageUploader-BUrCILSy.js  
  inflating: /var/www/html/assets/external-link-CJNPraVk.js  
  inflating: /var/www/html/assets/upload-KHxgG-nf.js  
  inflating: /var/www/html/assets/table-Ctz6fcP-.js  
  inflating: /var/www/html/assets/toolbar-ulhrQPHd.js  
  inflating: /var/www/html/assets/useDebounce-6jJEiSdv.js  
  inflating: /var/www/html/assets/support-ticket-events-dX3AB6cw.js  
  inflating: /var/www/html/assets/headphones-kk1JL3Fn.js  
  inflating: /var/www/html/assets/Pagination-cMBafrP_.js  
  inflating: /var/www/html/assets/arrow-up-Ds2om5Rx.js  
  inflating: /var/www/html/assets/ellipsis-DAKeV5Q3.js  
  inflating: /var/www/html/assets/funnel-D20lRDr9.js  
  inflating: /var/www/html/assets/FilterDrawer-BLgAYVF0.js  
  inflating: /var/www/html/assets/rotate-ccw-1MHo4aYh.js  
  inflating: /var/www/html/assets/ToggleChips-CRFxJNbI.js  
  inflating: /var/www/html/assets/circle-x-0tvEkUXS.js  
  inflating: /var/www/html/assets/businessProposalCard-BxIKPUU0.js  
  inflating: /var/www/html/assets/user-minus-BkNbfRmE.js  
  inflating: /var/www/html/assets/pencil-C2B4NVzO.js  
  inflating: /var/www/html/assets/ban-C8P9g-YX.js  
  inflating: /var/www/html/assets/plus-iRXCaSQP.js  
  inflating: /var/www/html/assets/ActivityLogsModal.utils-B3bPvlAJ.js  
  inflating: /var/www/html/assets/Tabs-uhSkvKHT.js  
  inflating: /var/www/html/assets/Stepper-CM6pyG6t.js  
  inflating: /var/www/html/assets/MultipleImageUploader-DmVt3Ljh.js  
  inflating: /var/www/html/assets/index-DjIGq2fE.js  
  inflating: /var/www/html/assets/supabase-bulk-emails-CjlSEP6D.js  
  inflating: /var/www/html/assets/CreateNewBatch-Ep067v8s.js  
  inflating: /var/www/html/assets/CkEditor-cRQ6rgAD.js  
  inflating: /var/www/html/assets/recipientFiltersState-D7NtupJ-.js  
  inflating: /var/www/html/assets/target-audience-DU_yTQIW.js  
  inflating: /var/www/html/assets/index-DcY7MBMd.js  
  inflating: /var/www/html/assets/CreateTargetAudience-YCrcHfoH.js  
  inflating: /var/www/html/assets/EditTargetAudience-Cib1ob9O.js  
  inflating: /var/www/html/assets/index-B0PfbD3v.js  
  inflating: /var/www/html/assets/CreateBlog-D4Pd4imr.js  
  inflating: /var/www/html/assets/EditBlog-CXGHVdcV.js  
  inflating: /var/www/html/assets/index-B87aLnRh.js  
  inflating: /var/www/html/assets/index-D1H3YWGv.js  
  inflating: /var/www/html/assets/index-D_wQj4Gd.js  
  inflating: /var/www/html/assets/mini-admin-analytics-B_m-KO05.js  
  inflating: /var/www/html/assets/MiniAdminAnalyticsDetail-DkLf4Pdg.js  
  inflating: /var/www/html/assets/Dashboard-DTnd0X0D.js  
  inflating: /var/www/html/assets/SimplifiedProfile-j1rwF2MS.js  
  inflating: /var/www/html/assets/index-0JzjKB0B.js  
  inflating: /var/www/html/assets/HelpPageContent-BpL-GK9c.js  
  inflating: /var/www/html/assets/hash-DzOv5MD0.js  
  inflating: /var/www/html/assets/index-BSju5yoq.js  
  inflating: /var/www/html/assets/ProposalPopup-DYaOUaS7.js  
  inflating: /var/www/html/assets/index-IDQQREpI.js  
  inflating: /var/www/html/assets/index-Y_WN7oIG.js  
  inflating: /var/www/html/assets/Dashboard-BH5XSFoU.js  
  inflating: /var/www/html/assets/index-Cqmv55oz.js  
  inflating: /var/www/html/assets/index-BcZPdsNT.js  
  inflating: /var/www/html/assets/index-DfuVNNdh.js  
  inflating: /var/www/html/assets/TicketDetailPage-DMS5BHvz.js  
  inflating: /var/www/html/index.html  
Saving Git logs repo SSH key...
Testing GitHub SSH key...
Cloning deployment-logs repo...
Cloning into 'logs-repo'...
