Installing dependencies...
npm warn deprecated w3c-hr-time@1.0.2: Use your platform's native performance.now() and performance.timeOrigin.
npm warn deprecated domexception@2.0.1: Use your platform's native DOMException instead
npm warn deprecated abab@2.0.6: Use your platform's native atob() and btoa() methods instead

added 1756 packages, and audited 1757 packages in 4m

222 packages are looking for funding
  run `npm fund` for details

54 vulnerabilities (52 moderate, 2 high)

To address issues that do not require attention, run:
  npm audit fix

To address all issues possible (including breaking changes), run:
  npm audit fix --force

Some issues need review, and may require choosing
a different dependency.

Run `npm audit` for details.
Building React app...

> boilerplate-code-react-js@0.0.0 build
> vite build

vite v7.1.11 building for production...
transforming...
✓ 3051 modules transformed.
rendering chunks...
computing gzip size...
dist/index.html                                    2.18 kB │ gzip:   1.05 kB
dist/assets/verifiedBadge-CrcJq1tD.webp           10.83 kB
dist/assets/rectanglePlaceholder-nCbViREl.png     11.85 kB
dist/assets/goldenCheck-CnSHOmXW.webp             13.45 kB
dist/assets/irfanMalikBg-D4osmO_C.jpg             24.66 kB
dist/assets/proposal6-wLmvSjqd.webp               28.15 kB
dist/assets/placeholderMan-BvremNML.png           36.64 kB
dist/assets/handShake-Dk1DoagP.webp               65.18 kB
dist/assets/tower-gldBe0jJ.webp                   66.16 kB
dist/assets/tower2-LuqAcWCu.jpg                   72.52 kB
dist/assets/shakeelBg-NX99JDrP.jpg               143.15 kB
dist/assets/MainLogo-DJpFhlQE.png                144.86 kB
dist/assets/Fav-BPcykgsi.png                     147.34 kB
dist/assets/akhtar-qLBVRLf-.jpg                  173.92 kB
dist/assets/proposal5-DItum-r7.webp              174.24 kB
dist/assets/tower3-DpFzgoGy.jpg                  175.56 kB
dist/assets/proposal2-B9XZZX50.webp              192.62 kB
dist/assets/meerShinyDress-C8scZpYx.webp         229.68 kB
dist/assets/meerGreenJacket-ykCKR2uN.png         230.19 kB
dist/assets/arabic-BElshnQY.jpg                  238.42 kB
dist/assets/wasim-ETjjiRaD.jpg                   242.26 kB
dist/assets/salman-DD3Zraly.jpg                  255.18 kB
dist/assets/fahad-CnovJc60.jpg                   278.62 kB
dist/assets/tech-BdWyL5Pa.jpg                    281.71 kB
dist/assets/dubai-Bmqq4ymj.jpg                   311.77 kB
dist/assets/wasimAkramBg-D4BFEYu1.png            313.57 kB
dist/assets/proposal3-fxAFZeku.webp              445.47 kB
dist/assets/proposal4-CZk7QC75.webp              542.86 kB
dist/assets/proposal1-D37fvLUu.webp              779.05 kB
dist/assets/wasimAkram-CBOcRO9q.png            4,488.96 kB
dist/assets/style-DpsRipQV.css                     3.23 kB │ gzip:   0.73 kB
dist/assets/index-DPXWm63L.css                   138.58 kB │ gzip:  19.10 kB
dist/assets/index-BdQq_4o_.js                      0.06 kB │ gzip:   0.08 kB
dist/assets/index-dpVKaFcY.js                      0.14 kB │ gzip:   0.14 kB
dist/assets/useDebounce-CqZfL87Q.js                0.19 kB │ gzip:   0.17 kB
dist/assets/chevron-down-BvVKcHkN.js               0.30 kB │ gzip:   0.25 kB
dist/assets/chevron-left-D8XPTS8p.js               0.30 kB │ gzip:   0.25 kB
dist/assets/plus-RJhzI_dv.js                       0.33 kB │ gzip:   0.25 kB
dist/assets/arrow-right-C8-uka6D.js                0.34 kB │ gzip:   0.26 kB
dist/assets/circle-check-DCfwTvg-.js               0.35 kB │ gzip:   0.27 kB
dist/assets/trending-up-DgRWcYCS.js                0.35 kB │ gzip:   0.27 kB
dist/assets/ban-C5zPOLkQ.js                        0.35 kB │ gzip:   0.27 kB
dist/assets/info-BiQEmVA7.js                       0.37 kB │ gzip:   0.28 kB
dist/assets/rotate-ccw-Dyw_Tyj7.js                 0.37 kB │ gzip:   0.29 kB
dist/assets/circle-x-B9wOSPjp.js                   0.38 kB │ gzip:   0.28 kB
dist/assets/mail-BohvW24C.js                       0.39 kB │ gzip:   0.31 kB
dist/assets/index-CEDKzEJ7.js                      0.39 kB │ gzip:   0.30 kB
dist/assets/target-BIb4XNqm.js                     0.39 kB │ gzip:   0.27 kB
dist/assets/upload-qAvnMIEN.js                     0.40 kB │ gzip:   0.30 kB
dist/assets/log-in-BkAdchtD.js                     0.40 kB │ gzip:   0.29 kB
dist/assets/download-94hsLTKd.js                   0.41 kB │ gzip:   0.30 kB
dist/assets/message-square-BK2Ytu1I.js             0.41 kB │ gzip:   0.31 kB
dist/assets/globe-CXoz8loq.js                      0.41 kB │ gzip:   0.29 kB
dist/assets/message-circle-p6LM3NKm.js             0.41 kB │ gzip:   0.32 kB
dist/assets/circle-alert-DSWRezRo.js               0.42 kB │ gzip:   0.29 kB
dist/assets/eye-BOxGQWrm.js                        0.42 kB │ gzip:   0.30 kB
dist/assets/map-pin-apgeVy4M.js                    0.43 kB │ gzip:   0.33 kB
dist/assets/link-C3fqnE7N.js                       0.43 kB │ gzip:   0.30 kB
dist/assets/calendar-wKrTwDpY.js                   0.43 kB │ gzip:   0.31 kB
dist/assets/pencil-C9PcdTiH.js                     0.45 kB │ gzip:   0.33 kB
dist/assets/user-plus-wqy5rKRk.js                  0.48 kB │ gzip:   0.34 kB
dist/assets/shield-check-vU6-yA8b.js               0.49 kB │ gzip:   0.35 kB
dist/assets/square-pen-lo11s6SF.js                 0.49 kB │ gzip:   0.34 kB
dist/assets/phone-2My-0xma.js                      0.50 kB │ gzip:   0.33 kB
dist/assets/trash-2-BqVh-WwG.js                    0.50 kB │ gzip:   0.32 kB
dist/assets/file-text-D7jhxnvp.js                  0.51 kB │ gzip:   0.32 kB
dist/assets/LegalModal-Cja4O2R9.js                 0.66 kB │ gzip:   0.46 kB
dist/assets/sparkles-D6DO5df3.js                   0.67 kB │ gzip:   0.39 kB
dist/assets/InfoBox-DpS5z7Iv.js                    0.86 kB │ gzip:   0.43 kB
dist/assets/label-DaQ9dAyL.js                      0.88 kB │ gzip:   0.55 kB
dist/assets/card-CgID35jO.js                       1.18 kB │ gzip:   0.46 kB
dist/assets/package-S66teKSR.js                    1.21 kB │ gzip:   0.50 kB
dist/assets/Tabs-LD5ymFPW.js                       1.23 kB │ gzip:   0.65 kB
dist/assets/GetMoreDetailsModal-CO9-TUzh.js        1.27 kB │ gzip:   0.61 kB
dist/assets/EmptyState-DILxwPOh.js                 1.47 kB │ gzip:   0.61 kB
dist/assets/textarea-Ze22R1KW.js                   1.50 kB │ gzip:   0.74 kB
dist/assets/ToggleChips-CYr5SDei.js                1.66 kB │ gzip:   0.82 kB
dist/assets/input-CxSaxJaA.js                      1.68 kB │ gzip:   0.86 kB
dist/assets/topCards-Er7hajnd.js                   1.71 kB │ gzip:   0.74 kB
dist/assets/ImageUploader-J5farvpa.js              1.95 kB │ gzip:   0.94 kB
dist/assets/index-gPNXxIZ3.js                      2.07 kB │ gzip:   0.92 kB
dist/assets/ForgotPassword-DNy6-lBf.js             2.17 kB │ gzip:   1.08 kB
dist/assets/ContactSupportModal-CIBqAIMT.js        2.36 kB │ gzip:   1.18 kB
dist/assets/ResetPassword-BhpNay9N.js              2.40 kB │ gzip:   1.06 kB
dist/assets/index-Ck2lMa2n.js                      2.57 kB │ gzip:   1.16 kB
dist/assets/AuthCallback-Cj5sWvUI.js               2.67 kB │ gzip:   1.26 kB
dist/assets/index-BDfKSTno.js                      2.72 kB │ gzip:   1.22 kB
dist/assets/index-BIuED2oc.js                      2.87 kB │ gzip:   1.41 kB
dist/assets/toolbar-RtMyaWi9.js                    2.99 kB │ gzip:   1.22 kB
dist/assets/FileUploader-IiNhJdfo.js               3.02 kB │ gzip:   1.35 kB
dist/assets/index-Cw-jmyOp.js                      3.11 kB │ gzip:   1.47 kB
dist/assets/supabase-bulk-emails-5TTdAA5v.js       3.14 kB │ gzip:   1.12 kB
dist/assets/index-DIsnl-Lf.js                      3.24 kB │ gzip:   1.61 kB
dist/assets/SignupThankYou-CZYkgV03.js             3.29 kB │ gzip:   1.49 kB
dist/assets/index-LbOMeTkG.js                      3.31 kB │ gzip:   1.60 kB
dist/assets/index-DjUaTYIx.js                      3.44 kB │ gzip:   1.63 kB
dist/assets/index-DKxlFTnV.js                      3.48 kB │ gzip:   1.67 kB
dist/assets/checkbox-CZvYTu5U.js                   4.04 kB │ gzip:   1.77 kB
dist/assets/Dashboard-Do4vH5Qk.js                  4.28 kB │ gzip:   1.46 kB
dist/assets/index-OaEnFMjP.js                      4.29 kB │ gzip:   2.09 kB
dist/assets/Dashboard-apvGcApp.js                  4.30 kB │ gzip:   1.47 kB
dist/assets/index-BaxVyMuB.js                      4.30 kB │ gzip:   2.09 kB
dist/assets/index-DjTJhRdx.js                      4.31 kB │ gzip:   1.71 kB
dist/assets/Stepper-TWqBFGxe.js                    4.65 kB │ gzip:   2.01 kB
dist/assets/ContactSupport-BClFI8eS.js             5.04 kB │ gzip:   2.09 kB
dist/assets/Login-BhqouwHK.js                      5.05 kB │ gzip:   2.13 kB
dist/assets/SelectRole-CVnPon_a.js                 5.63 kB │ gzip:   2.37 kB
dist/assets/VerifyUserEmail-E8VsP2Zx.js            5.87 kB │ gzip:   2.10 kB
dist/assets/popover-BYb8Bd-o.js                    6.81 kB │ gzip:   2.48 kB
dist/assets/SignUp-BVXUxYeT.js                     7.12 kB │ gzip:   2.66 kB
dist/assets/Profile-DT7G5rk2.js                    7.24 kB │ gzip:   2.34 kB
dist/assets/dialog-BHE70B3m.js                     7.86 kB │ gzip:   2.99 kB
dist/assets/businessProposalCard-hwZ_fPSt.js       7.88 kB │ gzip:   2.60 kB
dist/assets/index-DL9oVLVa.js                      8.18 kB │ gzip:   3.33 kB
dist/assets/tooltip-CVAlxfxZ.js                    8.77 kB │ gzip:   3.34 kB
dist/assets/index-DhrNghn9.js                      9.66 kB │ gzip:   3.97 kB
dist/assets/index-ClxmYbhg.js                     10.15 kB │ gzip:   3.79 kB
dist/assets/index-DWUwwNvr.js                     10.30 kB │ gzip:   3.36 kB
dist/assets/Header-CrfP9_DB.js                    11.28 kB │ gzip:   3.37 kB
dist/assets/index-ZbkZFQ9v.js                     13.94 kB │ gzip:   4.84 kB
dist/assets/SimplifiedProfile-Byzappfn.js         14.09 kB │ gzip:   3.85 kB
dist/assets/index-6KfttkbW.js                     16.50 kB │ gzip:   6.25 kB
dist/assets/index-Lca1xOmY.js                     18.32 kB │ gzip:   6.11 kB
dist/assets/EditFounder-DCCcG0dF.js               18.37 kB │ gzip:   4.52 kB
dist/assets/index-B6zujX0l.js                     18.59 kB │ gzip:   6.08 kB
dist/assets/ViewBusinessProposal-B4I4FR8Y.js      18.69 kB │ gzip:   4.74 kB
dist/assets/EditInvestor-BirXX16p.js              19.36 kB │ gzip:   4.79 kB
dist/assets/index-BB3NlBvn.js                     19.83 kB │ gzip:   6.52 kB
dist/assets/select-Dd5oKD3j.js                    21.88 kB │ gzip:   7.81 kB
dist/assets/index-DVVZg9lG.js                     21.92 kB │ gzip:   5.85 kB
dist/assets/index-DmM-vQOF.js                     25.32 kB │ gzip:   7.62 kB
dist/assets/index-Coeil8mo.js                     35.78 kB │ gzip:  13.52 kB
dist/assets/table-DKThbs2x.js                     37.24 kB │ gzip:  10.90 kB
dist/assets/AssignAdminModal-CVZzUG3x.js          84.16 kB │ gzip:  25.28 kB
dist/assets/Landing-DothWV8i.js                  147.52 kB │ gzip:  52.20 kB
dist/assets/xlsx-DGuHH-KN.js                     429.49 kB │ gzip: 143.07 kB
dist/assets/style-eZH1zO-7.js                    465.89 kB │ gzip: 112.59 kB
dist/assets/index-BCSb42Wm.js                    603.24 kB │ gzip: 163.50 kB
dist/assets/index-Blx7m5bT.js                    762.34 kB │ gzip: 229.71 kB
dist/assets/CreateNewBatch-ByezILX0.js         1,332.16 kB │ gzip: 329.43 kB

(!) Some chunks are larger than 500 kB after minification. Consider:
- Using dynamic import() to code-split the application
- Use build.rollupOptions.output.manualChunks to improve chunking: https://rollupjs.org/configuration-options/#output-manualchunks
- Adjust chunk size limit for this warning via build.chunkSizeWarningLimit.
✓ built in 17.32s
Packaging build...
  adding: favicon.ico (deflated 13%)
  adding: assets/ (stored 0%)
  adding: assets/irfanMalikBg-D4osmO_C.jpg (deflated 1%)
  adding: assets/meerGreenJacket-ykCKR2uN.png (deflated 0%)
  adding: assets/meerShinyDress-C8scZpYx.webp (deflated 0%)
  adding: assets/akhtar-qLBVRLf-.jpg (deflated 1%)
  adding: assets/arabic-BElshnQY.jpg (deflated 0%)
  adding: assets/shakeelBg-NX99JDrP.jpg (deflated 0%)
  adding: assets/handShake-Dk1DoagP.webp (deflated 0%)
  adding: assets/fahad-CnovJc60.jpg (deflated 0%)
  adding: assets/wasimAkramBg-D4BFEYu1.png (deflated 0%)
  adding: assets/dubai-Bmqq4ymj.jpg (deflated 0%)
  adding: assets/placeholderMan-BvremNML.png (deflated 3%)
  adding: assets/salman-DD3Zraly.jpg (deflated 0%)
  adding: assets/tech-BdWyL5Pa.jpg (deflated 0%)
  adding: assets/MainLogo-DJpFhlQE.png (deflated 4%)
  adding: assets/Fav-BPcykgsi.png (deflated 5%)
  adding: assets/goldenCheck-CnSHOmXW.webp (stored 0%)
  adding: assets/tower-gldBe0jJ.webp (deflated 0%)
  adding: assets/tower2-LuqAcWCu.jpg (deflated 2%)
  adding: assets/tower3-DpFzgoGy.jpg (deflated 0%)
  adding: assets/verifiedBadge-CrcJq1tD.webp (deflated 1%)
  adding: assets/rectanglePlaceholder-nCbViREl.png (deflated 31%)
  adding: assets/wasim-ETjjiRaD.jpg (deflated 0%)
  adding: assets/proposal5-DItum-r7.webp (deflated 4%)
  adding: assets/proposal6-wLmvSjqd.webp (deflated 0%)
  adding: assets/proposal2-B9XZZX50.webp (deflated 3%)
  adding: assets/proposal3-fxAFZeku.webp (deflated 1%)
  adding: assets/proposal1-D37fvLUu.webp (deflated 1%)
  adding: assets/proposal4-CZk7QC75.webp (deflated 1%)
  adding: assets/wasimAkram-CBOcRO9q.png (deflated 1%)
  adding: assets/index-DPXWm63L.css (deflated 86%)
  adding: assets/style-DpsRipQV.css (deflated 78%)
  adding: assets/index-Blx7m5bT.js (deflated 70%)
  adding: assets/Landing-DothWV8i.js (deflated 65%)
  adding: assets/index-DIsnl-Lf.js (deflated 51%)
  adding: assets/index-Cw-jmyOp.js (deflated 53%)
  adding: assets/index-DjUaTYIx.js (deflated 53%)
  adding: assets/index-LbOMeTkG.js (deflated 52%)
  adding: assets/Header-CrfP9_DB.js (deflated 70%)
  adding: assets/SignUp-BVXUxYeT.js (deflated 63%)
  adding: assets/ForgotPassword-DNy6-lBf.js (deflated 51%)
  adding: assets/VerifyUserEmail-E8VsP2Zx.js (deflated 64%)
  adding: assets/ResetPassword-BhpNay9N.js (deflated 57%)
  adding: assets/ContactSupport-BClFI8eS.js (deflated 59%)
  adding: assets/AuthCallback-Cj5sWvUI.js (deflated 53%)
  adding: assets/SelectRole-CVnPon_a.js (deflated 58%)
  adding: assets/SignupThankYou-CZYkgV03.js (deflated 55%)
  adding: assets/arrow-right-C8-uka6D.js (deflated 27%)
  adding: assets/Login-BhqouwHK.js (deflated 58%)
  adding: assets/index-BDfKSTno.js (deflated 55%)
  adding: assets/index-BCSb42Wm.js (deflated 73%)
  adding: assets/Profile-DT7G5rk2.js (deflated 68%)
  adding: assets/index-DL9oVLVa.js (deflated 60%)
  adding: assets/index-Lca1xOmY.js (deflated 67%)
  adding: assets/EditInvestor-BirXX16p.js (deflated 75%)
  adding: assets/index-B6zujX0l.js (deflated 67%)
  adding: assets/globe-CXoz8loq.js (deflated 33%)
  adding: assets/AssignAdminModal-CVZzUG3x.js (deflated 70%)
  adding: assets/label-DaQ9dAyL.js (deflated 40%)
  adding: assets/EditFounder-DCCcG0dF.js (deflated 76%)
  adding: assets/index-DhrNghn9.js (deflated 59%)
  adding: assets/index-BB3NlBvn.js (deflated 67%)
  adding: assets/log-in-BkAdchtD.js (deflated 32%)
  adding: assets/ban-C5zPOLkQ.js (deflated 27%)
  adding: assets/user-plus-wqy5rKRk.js (deflated 34%)
  adding: assets/phone-2My-0xma.js (deflated 37%)
  adding: assets/pencil-C9PcdTiH.js (deflated 31%)
  adding: assets/index-ZbkZFQ9v.js (deflated 65%)
  adding: assets/ViewBusinessProposal-B4I4FR8Y.js (deflated 75%)
  adding: assets/circle-check-DCfwTvg-.js (deflated 27%)
  adding: assets/calendar-wKrTwDpY.js (deflated 33%)
  adding: assets/index-DmM-vQOF.js (deflated 70%)
  adding: assets/ToggleChips-CYr5SDei.js (deflated 52%)
  adding: assets/index-DWUwwNvr.js (deflated 68%)
  adding: assets/useDebounce-CqZfL87Q.js (deflated 22%)
  adding: assets/CreateNewBatch-ByezILX0.js (deflated 75%)
  adding: assets/message-circle-p6LM3NKm.js (deflated 28%)
  adding: assets/sparkles-D6DO5df3.js (deflated 45%)
  adding: assets/map-pin-apgeVy4M.js (deflated 28%)
  adding: assets/shield-check-vU6-yA8b.js (deflated 32%)
  adding: assets/supabase-bulk-emails-5TTdAA5v.js (deflated 65%)
  adding: assets/mail-BohvW24C.js (deflated 26%)
  adding: assets/table-DKThbs2x.js (deflated 71%)
  adding: assets/Dashboard-Do4vH5Qk.js (deflated 66%)
  adding: assets/SimplifiedProfile-Byzappfn.js (deflated 73%)
  adding: assets/index-OaEnFMjP.js (deflated 52%)
  adding: assets/trending-up-DgRWcYCS.js (deflated 26%)
  adding: assets/LegalModal-Cja4O2R9.js (deflated 33%)
  adding: assets/index-DKxlFTnV.js (deflated 53%)
  adding: assets/input-CxSaxJaA.js (deflated 50%)
  adding: assets/style-eZH1zO-7.js (deflated 76%)
  adding: assets/dialog-BHE70B3m.js (deflated 62%)
  adding: assets/download-94hsLTKd.js (deflated 31%)
  adding: assets/popover-BYb8Bd-o.js (deflated 64%)
  adding: assets/index-Coeil8mo.js (deflated 62%)
  adding: assets/index-6KfttkbW.js (deflated 62%)
  adding: assets/index-gPNXxIZ3.js (deflated 56%)
  adding: assets/index-dpVKaFcY.js (deflated 14%)
  adding: assets/index-BdQq_4o_.js (deflated 5%)
  adding: assets/InfoBox-DpS5z7Iv.js (deflated 51%)
  adding: assets/info-BiQEmVA7.js (deflated 30%)
  adding: assets/circle-alert-DSWRezRo.js (deflated 36%)
  adding: assets/select-Dd5oKD3j.js (deflated 64%)
  adding: assets/chevron-down-BvVKcHkN.js (deflated 24%)
  adding: assets/index-Ck2lMa2n.js (deflated 56%)
  adding: assets/index-CEDKzEJ7.js (deflated 28%)
  adding: assets/FileUploader-IiNhJdfo.js (deflated 56%)
  adding: assets/textarea-Ze22R1KW.js (deflated 52%)
  adding: assets/link-C3fqnE7N.js (deflated 35%)
  adding: assets/eye-BOxGQWrm.js (deflated 33%)
  adding: assets/trash-2-BqVh-WwG.js (deflated 40%)
  adding: assets/topCards-Er7hajnd.js (deflated 58%)
  adding: assets/card-CgID35jO.js (deflated 62%)
  adding: assets/ImageUploader-J5farvpa.js (deflated 53%)
  adding: assets/upload-qAvnMIEN.js (deflated 31%)
  adding: assets/EmptyState-DILxwPOh.js (deflated 60%)
  adding: assets/toolbar-RtMyaWi9.js (deflated 60%)
  adding: assets/message-square-BK2Ytu1I.js (deflated 29%)
  adding: assets/tooltip-CVAlxfxZ.js (deflated 62%)
  adding: assets/square-pen-lo11s6SF.js (deflated 35%)
  adding: assets/rotate-ccw-Dyw_Tyj7.js (deflated 28%)
  adding: assets/chevron-left-D8XPTS8p.js (deflated 23%)
  adding: assets/checkbox-CZvYTu5U.js (deflated 57%)
  adding: assets/plus-RJhzI_dv.js (deflated 28%)
  adding: assets/file-text-D7jhxnvp.js (deflated 40%)
  adding: assets/businessProposalCard-hwZ_fPSt.js (deflated 67%)
  adding: assets/GetMoreDetailsModal-CO9-TUzh.js (deflated 54%)
  adding: assets/Tabs-LD5ymFPW.js (deflated 49%)
  adding: assets/circle-x-B9wOSPjp.js (deflated 31%)
  adding: assets/target-BIb4XNqm.js (deflated 38%)
  adding: assets/Stepper-TWqBFGxe.js (deflated 57%)
  adding: assets/package-S66teKSR.js (deflated 61%)
  adding: assets/ContactSupportModal-CIBqAIMT.js (deflated 51%)
  adding: assets/index-BIuED2oc.js (deflated 52%)
  adding: assets/index-DjTJhRdx.js (deflated 60%)
  adding: assets/Dashboard-apvGcApp.js (deflated 66%)
  adding: assets/index-DVVZg9lG.js (deflated 73%)
  adding: assets/index-ClxmYbhg.js (deflated 63%)
  adding: assets/index-BaxVyMuB.js (deflated 52%)
  adding: assets/xlsx-DGuHH-KN.js (deflated 67%)
  adding: index.html (deflated 52%)
Saving Lightsail SSH key...
Uploading build to Lightsail...
Warning: Permanently added '15.207.22.250' (ED25519) to the list of known hosts.
Deploying build to /var/www/html ...
Archive:  /home/ubuntu/react-build.zip
  inflating: /var/www/html/favicon.ico  
   creating: /var/www/html/assets/
  inflating: /var/www/html/assets/irfanMalikBg-D4osmO_C.jpg  
  inflating: /var/www/html/assets/meerGreenJacket-ykCKR2uN.png  
  inflating: /var/www/html/assets/meerShinyDress-C8scZpYx.webp  
  inflating: /var/www/html/assets/akhtar-qLBVRLf-.jpg  
  inflating: /var/www/html/assets/arabic-BElshnQY.jpg  
  inflating: /var/www/html/assets/shakeelBg-NX99JDrP.jpg  
  inflating: /var/www/html/assets/handShake-Dk1DoagP.webp  
  inflating: /var/www/html/assets/fahad-CnovJc60.jpg  
  inflating: /var/www/html/assets/wasimAkramBg-D4BFEYu1.png  
  inflating: /var/www/html/assets/dubai-Bmqq4ymj.jpg  
  inflating: /var/www/html/assets/placeholderMan-BvremNML.png  
  inflating: /var/www/html/assets/salman-DD3Zraly.jpg  
  inflating: /var/www/html/assets/tech-BdWyL5Pa.jpg  
  inflating: /var/www/html/assets/MainLogo-DJpFhlQE.png  
  inflating: /var/www/html/assets/Fav-BPcykgsi.png  
 extracting: /var/www/html/assets/goldenCheck-CnSHOmXW.webp  
  inflating: /var/www/html/assets/tower-gldBe0jJ.webp  
  inflating: /var/www/html/assets/tower2-LuqAcWCu.jpg  
  inflating: /var/www/html/assets/tower3-DpFzgoGy.jpg  
  inflating: /var/www/html/assets/verifiedBadge-CrcJq1tD.webp  
  inflating: /var/www/html/assets/rectanglePlaceholder-nCbViREl.png  
  inflating: /var/www/html/assets/wasim-ETjjiRaD.jpg  
  inflating: /var/www/html/assets/proposal5-DItum-r7.webp  
  inflating: /var/www/html/assets/proposal6-wLmvSjqd.webp  
  inflating: /var/www/html/assets/proposal2-B9XZZX50.webp  
  inflating: /var/www/html/assets/proposal3-fxAFZeku.webp  
  inflating: /var/www/html/assets/proposal1-D37fvLUu.webp  
  inflating: /var/www/html/assets/proposal4-CZk7QC75.webp  
  inflating: /var/www/html/assets/wasimAkram-CBOcRO9q.png  
  inflating: /var/www/html/assets/index-DPXWm63L.css  
  inflating: /var/www/html/assets/style-DpsRipQV.css  
  inflating: /var/www/html/assets/index-Blx7m5bT.js  
  inflating: /var/www/html/assets/Landing-DothWV8i.js  
  inflating: /var/www/html/assets/index-DIsnl-Lf.js  
  inflating: /var/www/html/assets/index-Cw-jmyOp.js  
  inflating: /var/www/html/assets/index-DjUaTYIx.js  
  inflating: /var/www/html/assets/index-LbOMeTkG.js  
  inflating: /var/www/html/assets/Header-CrfP9_DB.js  
  inflating: /var/www/html/assets/SignUp-BVXUxYeT.js  
  inflating: /var/www/html/assets/ForgotPassword-DNy6-lBf.js  
  inflating: /var/www/html/assets/VerifyUserEmail-E8VsP2Zx.js  
  inflating: /var/www/html/assets/ResetPassword-BhpNay9N.js  
  inflating: /var/www/html/assets/ContactSupport-BClFI8eS.js  
  inflating: /var/www/html/assets/AuthCallback-Cj5sWvUI.js  
  inflating: /var/www/html/assets/SelectRole-CVnPon_a.js  
  inflating: /var/www/html/assets/SignupThankYou-CZYkgV03.js  
  inflating: /var/www/html/assets/arrow-right-C8-uka6D.js  
  inflating: /var/www/html/assets/Login-BhqouwHK.js  
  inflating: /var/www/html/assets/index-BDfKSTno.js  
  inflating: /var/www/html/assets/index-BCSb42Wm.js  
  inflating: /var/www/html/assets/Profile-DT7G5rk2.js  
  inflating: /var/www/html/assets/index-DL9oVLVa.js  
  inflating: /var/www/html/assets/index-Lca1xOmY.js  
  inflating: /var/www/html/assets/EditInvestor-BirXX16p.js  
  inflating: /var/www/html/assets/index-B6zujX0l.js  
  inflating: /var/www/html/assets/globe-CXoz8loq.js  
  inflating: /var/www/html/assets/AssignAdminModal-CVZzUG3x.js  
  inflating: /var/www/html/assets/label-DaQ9dAyL.js  
  inflating: /var/www/html/assets/EditFounder-DCCcG0dF.js  
  inflating: /var/www/html/assets/index-DhrNghn9.js  
  inflating: /var/www/html/assets/index-BB3NlBvn.js  
  inflating: /var/www/html/assets/log-in-BkAdchtD.js  
  inflating: /var/www/html/assets/ban-C5zPOLkQ.js  
  inflating: /var/www/html/assets/user-plus-wqy5rKRk.js  
  inflating: /var/www/html/assets/phone-2My-0xma.js  
  inflating: /var/www/html/assets/pencil-C9PcdTiH.js  
  inflating: /var/www/html/assets/index-ZbkZFQ9v.js  
  inflating: /var/www/html/assets/ViewBusinessProposal-B4I4FR8Y.js  
  inflating: /var/www/html/assets/circle-check-DCfwTvg-.js  
  inflating: /var/www/html/assets/calendar-wKrTwDpY.js  
  inflating: /var/www/html/assets/index-DmM-vQOF.js  
  inflating: /var/www/html/assets/ToggleChips-CYr5SDei.js  
  inflating: /var/www/html/assets/index-DWUwwNvr.js  
  inflating: /var/www/html/assets/useDebounce-CqZfL87Q.js  
  inflating: /var/www/html/assets/CreateNewBatch-ByezILX0.js  
  inflating: /var/www/html/assets/message-circle-p6LM3NKm.js  
  inflating: /var/www/html/assets/sparkles-D6DO5df3.js  
  inflating: /var/www/html/assets/map-pin-apgeVy4M.js  
  inflating: /var/www/html/assets/shield-check-vU6-yA8b.js  
  inflating: /var/www/html/assets/supabase-bulk-emails-5TTdAA5v.js  
  inflating: /var/www/html/assets/mail-BohvW24C.js  
  inflating: /var/www/html/assets/table-DKThbs2x.js  
  inflating: /var/www/html/assets/Dashboard-Do4vH5Qk.js  
  inflating: /var/www/html/assets/SimplifiedProfile-Byzappfn.js  
  inflating: /var/www/html/assets/index-OaEnFMjP.js  
  inflating: /var/www/html/assets/trending-up-DgRWcYCS.js  
  inflating: /var/www/html/assets/LegalModal-Cja4O2R9.js  
  inflating: /var/www/html/assets/index-DKxlFTnV.js  
  inflating: /var/www/html/assets/input-CxSaxJaA.js  
  inflating: /var/www/html/assets/style-eZH1zO-7.js  
  inflating: /var/www/html/assets/dialog-BHE70B3m.js  
  inflating: /var/www/html/assets/download-94hsLTKd.js  
  inflating: /var/www/html/assets/popover-BYb8Bd-o.js  
  inflating: /var/www/html/assets/index-Coeil8mo.js  
  inflating: /var/www/html/assets/index-6KfttkbW.js  
  inflating: /var/www/html/assets/index-gPNXxIZ3.js  
  inflating: /var/www/html/assets/index-dpVKaFcY.js  
  inflating: /var/www/html/assets/index-BdQq_4o_.js  
  inflating: /var/www/html/assets/InfoBox-DpS5z7Iv.js  
  inflating: /var/www/html/assets/info-BiQEmVA7.js  
  inflating: /var/www/html/assets/circle-alert-DSWRezRo.js  
  inflating: /var/www/html/assets/select-Dd5oKD3j.js  
  inflating: /var/www/html/assets/chevron-down-BvVKcHkN.js  
  inflating: /var/www/html/assets/index-Ck2lMa2n.js  
  inflating: /var/www/html/assets/index-CEDKzEJ7.js  
  inflating: /var/www/html/assets/FileUploader-IiNhJdfo.js  
  inflating: /var/www/html/assets/textarea-Ze22R1KW.js  
  inflating: /var/www/html/assets/link-C3fqnE7N.js  
  inflating: /var/www/html/assets/eye-BOxGQWrm.js  
  inflating: /var/www/html/assets/trash-2-BqVh-WwG.js  
  inflating: /var/www/html/assets/topCards-Er7hajnd.js  
  inflating: /var/www/html/assets/card-CgID35jO.js  
  inflating: /var/www/html/assets/ImageUploader-J5farvpa.js  
  inflating: /var/www/html/assets/upload-qAvnMIEN.js  
  inflating: /var/www/html/assets/EmptyState-DILxwPOh.js  
  inflating: /var/www/html/assets/toolbar-RtMyaWi9.js  
  inflating: /var/www/html/assets/message-square-BK2Ytu1I.js  
  inflating: /var/www/html/assets/tooltip-CVAlxfxZ.js  
  inflating: /var/www/html/assets/square-pen-lo11s6SF.js  
  inflating: /var/www/html/assets/rotate-ccw-Dyw_Tyj7.js  
  inflating: /var/www/html/assets/chevron-left-D8XPTS8p.js  
  inflating: /var/www/html/assets/checkbox-CZvYTu5U.js  
  inflating: /var/www/html/assets/plus-RJhzI_dv.js  
  inflating: /var/www/html/assets/file-text-D7jhxnvp.js  
  inflating: /var/www/html/assets/businessProposalCard-hwZ_fPSt.js  
  inflating: /var/www/html/assets/GetMoreDetailsModal-CO9-TUzh.js  
  inflating: /var/www/html/assets/Tabs-LD5ymFPW.js  
  inflating: /var/www/html/assets/circle-x-B9wOSPjp.js  
  inflating: /var/www/html/assets/target-BIb4XNqm.js  
  inflating: /var/www/html/assets/Stepper-TWqBFGxe.js  
  inflating: /var/www/html/assets/package-S66teKSR.js  
  inflating: /var/www/html/assets/ContactSupportModal-CIBqAIMT.js  
  inflating: /var/www/html/assets/index-BIuED2oc.js  
  inflating: /var/www/html/assets/index-DjTJhRdx.js  
  inflating: /var/www/html/assets/Dashboard-apvGcApp.js  
  inflating: /var/www/html/assets/index-DVVZg9lG.js  
  inflating: /var/www/html/assets/index-ClxmYbhg.js  
  inflating: /var/www/html/assets/index-BaxVyMuB.js  
  inflating: /var/www/html/assets/xlsx-DGuHH-KN.js  
  inflating: /var/www/html/index.html  
Saving Git logs repo SSH key...
Testing GitHub SSH key...
Cloning deployment-logs repo...
Cloning into 'logs-repo'...
