Installing dependencies...
npm warn deprecated w3c-hr-time@1.0.2: Use your platform's native performance.now() and performance.timeOrigin.
npm warn deprecated domexception@2.0.1: Use your platform's native DOMException instead
npm warn deprecated abab@2.0.6: Use your platform's native atob() and btoa() methods instead

> the-business-hub-pakistan@0.0.0 prepare
> husky

.git can't be found
added 1810 packages, and audited 1811 packages in 5m

253 packages are looking for funding
  run `npm fund` for details

80 vulnerabilities (71 moderate, 9 high)

To address issues that do not require attention, run:
  npm audit fix

To address all issues possible (including breaking changes), run:
  npm audit fix --force

Some issues need review, and may require choosing
a different dependency.

Run `npm audit` for details.
Building React app...

> the-business-hub-pakistan@0.0.0 build
> vite build

vite v7.1.11 building for production...
transforming...
✓ 3106 modules transformed.
rendering chunks...
computing gzip size...
dist/index.html                                    2.18 kB │ gzip:   1.05 kB
dist/assets/verifiedBadge-CrcJq1tD.webp           10.83 kB
dist/assets/rectanglePlaceholder-nCbViREl.png     11.85 kB
dist/assets/goldenCheck-CnSHOmXW.webp             13.45 kB
dist/assets/irfanMalikBg-D4osmO_C.jpg             24.66 kB
dist/assets/proposal6-wLmvSjqd.webp               28.15 kB
dist/assets/placeholderMan-BvremNML.png           36.64 kB
dist/assets/handShake-Dk1DoagP.webp               65.18 kB
dist/assets/tower-gldBe0jJ.webp                   66.16 kB
dist/assets/tower2-LuqAcWCu.jpg                   72.52 kB
dist/assets/shakeelBg-NX99JDrP.jpg               143.15 kB
dist/assets/MainLogo-DJpFhlQE.png                144.86 kB
dist/assets/Fav-BPcykgsi.png                     147.34 kB
dist/assets/akhtar-qLBVRLf-.jpg                  173.92 kB
dist/assets/proposal5-DItum-r7.webp              174.24 kB
dist/assets/tower3-DpFzgoGy.jpg                  175.56 kB
dist/assets/proposal2-B9XZZX50.webp              192.62 kB
dist/assets/meerShinyDress-C8scZpYx.webp         229.68 kB
dist/assets/meerGreenJacket-ykCKR2uN.png         230.19 kB
dist/assets/arabic-BElshnQY.jpg                  238.42 kB
dist/assets/wasim-ETjjiRaD.jpg                   242.26 kB
dist/assets/salman-DD3Zraly.jpg                  255.18 kB
dist/assets/fahad-CnovJc60.jpg                   278.62 kB
dist/assets/tech-BdWyL5Pa.jpg                    281.71 kB
dist/assets/dubai-Bmqq4ymj.jpg                   311.77 kB
dist/assets/wasimAkramBg-D4BFEYu1.png            313.57 kB
dist/assets/proposal3-fxAFZeku.webp              445.47 kB
dist/assets/proposal4-CZk7QC75.webp              542.86 kB
dist/assets/proposal1-D37fvLUu.webp              779.05 kB
dist/assets/wasimAkram-CBOcRO9q.png            4,488.96 kB
dist/assets/BlogDetail-oNXnMkFG.css                0.63 kB │ gzip:   0.26 kB
dist/assets/style-DpsRipQV.css                     3.23 kB │ gzip:   0.73 kB
dist/assets/index-VEC6csTg.css                   154.74 kB │ gzip:  21.06 kB
dist/assets/blogs-ChqPogSE.js                      0.04 kB │ gzip:   0.06 kB
dist/assets/webinarBanner-XLbHXaFF.js              0.17 kB │ gzip:   0.15 kB
dist/assets/useDebounce-RYBK0Xe5.js                0.19 kB │ gzip:   0.17 kB
dist/assets/plus-DyF-CVDM.js                       0.33 kB │ gzip:   0.25 kB
dist/assets/arrow-left-Tmg6xvDY.js                 0.34 kB │ gzip:   0.27 kB
dist/assets/circle-check-B1iV1ZnK.js               0.35 kB │ gzip:   0.27 kB
dist/assets/trending-up-DSWO0_CT.js                0.35 kB │ gzip:   0.27 kB
dist/assets/ban-CCSzsP2l.js                        0.35 kB │ gzip:   0.27 kB
dist/assets/info-zCGQY_Zb.js                       0.37 kB │ gzip:   0.28 kB
dist/assets/rotate-ccw-S5IXU_v0.js                 0.37 kB │ gzip:   0.29 kB
dist/assets/circle-x-0eOUo5Pn.js                   0.38 kB │ gzip:   0.28 kB
dist/assets/Dashboard-DXIXKidC.js                  0.39 kB │ gzip:   0.27 kB
dist/assets/Dashboard-D6EIH1wO.js                  0.39 kB │ gzip:   0.27 kB
dist/assets/upload-BPRYuzLZ.js                     0.40 kB │ gzip:   0.30 kB
dist/assets/message-square-B8ngFeHj.js             0.41 kB │ gzip:   0.31 kB
dist/assets/globe-B-5180Fj.js                      0.41 kB │ gzip:   0.29 kB
dist/assets/message-circle-BRu9Mx9C.js             0.41 kB │ gzip:   0.31 kB
dist/assets/circle-alert-CQBBMSNe.js               0.42 kB │ gzip:   0.29 kB
dist/assets/external-link--Yv1H3EP.js              0.42 kB │ gzip:   0.30 kB
dist/assets/funnel-DZALgP3S.js                     0.42 kB │ gzip:   0.31 kB
dist/assets/calendar-DjkXjMBo.js                   0.43 kB │ gzip:   0.31 kB
dist/assets/pencil-DABIKf0k.js                     0.45 kB │ gzip:   0.33 kB
dist/assets/bookmark-plus-DaDHV-qX.js              0.45 kB │ gzip:   0.32 kB
dist/assets/shield-check-C0P37IvO.js               0.49 kB │ gzip:   0.35 kB
dist/assets/sparkles-DnusYJo7.js                   0.67 kB │ gzip:   0.39 kB
dist/assets/CkEditor-BV7nIeP6.js                   0.85 kB │ gzip:   0.53 kB
dist/assets/InfoBox-CYTlwrji.js                    0.86 kB │ gzip:   0.43 kB
dist/assets/CurrencyWithApprox-BEIIOOVJ.js         0.91 kB │ gzip:   0.52 kB
dist/assets/Tabs-DMp8sGMi.js                       1.23 kB │ gzip:   0.65 kB
dist/assets/ToggleChips-CZOlOPnR.js                1.68 kB │ gzip:   0.83 kB
dist/assets/topCards-Dc3M0txT.js                   1.71 kB │ gzip:   0.74 kB
dist/assets/ForgotPassword-BCfQQ224.js             2.11 kB │ gzip:   1.06 kB
dist/assets/FounderThankYou-ClnJj3nT.js            2.22 kB │ gzip:   1.08 kB
dist/assets/FilterDrawer-D_IJFDtx.js               2.26 kB │ gzip:   0.96 kB
dist/assets/shortlistUtils-D4oKsl24.js             2.31 kB │ gzip:   0.90 kB
dist/assets/ResetPassword-BNLMD_lE.js              2.34 kB │ gzip:   1.04 kB
dist/assets/InvestorThankYou-D9FJGUbx.js           2.35 kB │ gzip:   1.15 kB
dist/assets/MultipleImageUploader-FxLskbqu.js      2.61 kB │ gzip:   1.14 kB
dist/assets/toolbar-CUi1z2YS.js                    2.69 kB │ gzip:   1.15 kB
dist/assets/AuthCallback-WEzf7rKk.js               2.71 kB │ gzip:   1.29 kB
dist/assets/ImageUploader-Be53PV8l.js              2.74 kB │ gzip:   1.19 kB
dist/assets/index-DeAryxUX.js                      2.86 kB │ gzip:   1.36 kB
dist/assets/index-CnSYWaW-.js                      2.99 kB │ gzip:   1.50 kB
dist/assets/index-c4fWJvRD.js                      3.06 kB │ gzip:   1.48 kB
dist/assets/supabase-bulk-emails-CGC7V8j1.js       3.14 kB │ gzip:   1.12 kB
dist/assets/index-wOBo0NbU.js                      3.19 kB │ gzip:   1.52 kB
dist/assets/index-D1_NQQjR.js                      3.48 kB │ gzip:   1.67 kB
dist/assets/index-GsvhNcnR.js                      3.51 kB │ gzip:   1.61 kB
dist/assets/index-BmWZOBVc.js                      3.67 kB │ gzip:   1.85 kB
dist/assets/index-BOiKWgP_.js                      3.84 kB │ gzip:   1.89 kB
dist/assets/index-BwaGOZG4.js                      3.85 kB │ gzip:   1.89 kB
dist/assets/index-CO1RWjJK.js                      4.39 kB │ gzip:   1.99 kB
dist/assets/index-C_zOJE_x.js                      4.49 kB │ gzip:   2.04 kB
dist/assets/ContactSupport-DlxaZEeI.js             4.63 kB │ gzip:   1.93 kB
dist/assets/Stepper-B-84nl-y.js                    4.66 kB │ gzip:   2.02 kB
dist/assets/Login-BeSHeZCu.js                      4.74 kB │ gzip:   1.95 kB
dist/assets/index-B1q5to5b.js                      5.04 kB │ gzip:   2.16 kB
dist/assets/CreateBlog-B1g6GYVx.js                 5.16 kB │ gzip:   2.20 kB
dist/assets/AllBlogs-B8KLKcyt.js                   5.17 kB │ gzip:   2.07 kB
dist/assets/SelectRole-DuXmEenE.js                 5.64 kB │ gzip:   2.38 kB
dist/assets/VerifyUserEmail-wHqBa1pR.js            5.82 kB │ gzip:   2.08 kB
dist/assets/EditBlog-D1qvW1GM.js                   6.02 kB │ gzip:   2.58 kB
dist/assets/SignUp-Dq_mcYET.js                     6.83 kB │ gzip:   2.58 kB
dist/assets/Profile-C9_0AghS.js                    6.86 kB │ gzip:   2.19 kB
dist/assets/ViewRemindersModal-DMWMpY9P.js         6.92 kB │ gzip:   2.55 kB
dist/assets/index-JLUE0_Nt.js                      7.76 kB │ gzip:   3.16 kB
dist/assets/index-IWLw5mot.js                      8.01 kB │ gzip:   2.95 kB
dist/assets/index-YF0FtZ4V.js                      9.20 kB │ gzip:   3.80 kB
dist/assets/businessProposalCard-KgbfkA5F.js       9.66 kB │ gzip:   3.29 kB
dist/assets/index-CZ7v2QIB.js                      9.81 kB │ gzip:   3.62 kB
dist/assets/index-ChjL5wes.js                      9.94 kB │ gzip:   3.22 kB
dist/assets/table-DG-cz6LZ.js                     11.89 kB │ gzip:   3.72 kB
dist/assets/SimplifiedProfile-BWckfrlV.js         13.76 kB │ gzip:   3.64 kB
dist/assets/index-D8Mm_Q2E.js                     15.62 kB │ gzip:   4.81 kB
dist/assets/CreateNewBatch-CNlu20hW.js            16.75 kB │ gzip:   4.53 kB
dist/assets/EditFounder-Ic3Lurk1.js               18.01 kB │ gzip:   4.37 kB
dist/assets/index---7W6mYy.js                     18.47 kB │ gzip:   5.95 kB
dist/assets/EditInvestor-5GjPHKq9.js              18.98 kB │ gzip:   4.65 kB
dist/assets/index-D34L9obg.js                     20.05 kB │ gzip:   6.59 kB
dist/assets/index-CHOm7wkE.js                     20.29 kB │ gzip:   6.52 kB
dist/assets/index-DPdJYhUb.js                     21.30 kB │ gzip:   5.60 kB
dist/assets/BlogDetail-CxEBjFhj.js                21.83 kB │ gzip:   8.94 kB
dist/assets/index-CgCoGKuc.js                     22.52 kB │ gzip:   6.67 kB
dist/assets/ViewBusinessProposal-2xWmq76L.js      25.92 kB │ gzip:   6.37 kB
dist/assets/index-DP90bOOG.js                     26.80 kB │ gzip:   8.51 kB
dist/assets/Landing-DKwRYRM3.js                  151.91 kB │ gzip:  53.56 kB
dist/assets/xlsx-DGuHH-KN.js                     429.49 kB │ gzip: 143.07 kB
dist/assets/index-BRIRLo8_.js                    629.11 kB │ gzip: 168.27 kB
dist/assets/index-Cxs9va7i.js                  2,828.63 kB │ gzip: 755.74 kB

(!) Some chunks are larger than 1500 kB after minification. Consider:
- Using dynamic import() to code-split the application
- Use build.rollupOptions.output.manualChunks to improve chunking: https://rollupjs.org/configuration-options/#output-manualchunks
- Adjust chunk size limit for this warning via build.chunkSizeWarningLimit.
✓ built in 18.67s
Packaging build...
  adding: favicon.ico (deflated 13%)
  adding: robots.txt (deflated 3%)
  adding: sitemap.xml (deflated 60%)
  adding: assets/ (stored 0%)
  adding: assets/irfanMalikBg-D4osmO_C.jpg (deflated 1%)
  adding: assets/meerGreenJacket-ykCKR2uN.png (deflated 0%)
  adding: assets/shakeelBg-NX99JDrP.jpg (deflated 0%)
  adding: assets/wasimAkramBg-D4BFEYu1.png (deflated 0%)
  adding: assets/arabic-BElshnQY.jpg (deflated 0%)
  adding: assets/dubai-Bmqq4ymj.jpg (deflated 0%)
  adding: assets/handShake-Dk1DoagP.webp (deflated 0%)
  adding: assets/salman-DD3Zraly.jpg (deflated 0%)
  adding: assets/fahad-CnovJc60.jpg (deflated 0%)
  adding: assets/wasim-ETjjiRaD.jpg (deflated 0%)
  adding: assets/tech-BdWyL5Pa.jpg (deflated 0%)
  adding: assets/placeholderMan-BvremNML.png (deflated 3%)
  adding: assets/rectanglePlaceholder-nCbViREl.png (deflated 31%)
  adding: assets/Fav-BPcykgsi.png (deflated 5%)
  adding: assets/MainLogo-DJpFhlQE.png (deflated 4%)
  adding: assets/goldenCheck-CnSHOmXW.webp (stored 0%)
  adding: assets/verifiedBadge-CrcJq1tD.webp (deflated 1%)
  adding: assets/meerShinyDress-C8scZpYx.webp (deflated 0%)
  adding: assets/akhtar-qLBVRLf-.jpg (deflated 1%)
  adding: assets/tower3-DpFzgoGy.jpg (deflated 0%)
  adding: assets/proposal2-B9XZZX50.webp (deflated 3%)
  adding: assets/proposal3-fxAFZeku.webp (deflated 1%)
  adding: assets/proposal6-wLmvSjqd.webp (deflated 0%)
  adding: assets/proposal5-DItum-r7.webp (deflated 4%)
  adding: assets/tower2-LuqAcWCu.jpg (deflated 2%)
  adding: assets/tower-gldBe0jJ.webp (deflated 0%)
  adding: assets/proposal1-D37fvLUu.webp (deflated 1%)
  adding: assets/proposal4-CZk7QC75.webp (deflated 1%)
  adding: assets/wasimAkram-CBOcRO9q.png (deflated 1%)
  adding: assets/index-VEC6csTg.css (deflated 86%)
  adding: assets/BlogDetail-oNXnMkFG.css (deflated 62%)
  adding: assets/style-DpsRipQV.css (deflated 78%)
  adding: assets/index-Cxs9va7i.js (deflated 73%)
  adding: assets/xlsx-DGuHH-KN.js (deflated 67%)
  adding: assets/Landing-DKwRYRM3.js (deflated 65%)
  adding: assets/BlogDetail-CxEBjFhj.js (deflated 59%)
  adding: assets/AllBlogs-B8KLKcyt.js (deflated 60%)
  adding: assets/index-CnSYWaW-.js (deflated 50%)
  adding: assets/index-DeAryxUX.js (deflated 53%)
  adding: assets/index-wOBo0NbU.js (deflated 53%)
  adding: assets/index-c4fWJvRD.js (deflated 52%)
  adding: assets/index-GsvhNcnR.js (deflated 54%)
  adding: assets/SignUp-Dq_mcYET.js (deflated 63%)
  adding: assets/ForgotPassword-BCfQQ224.js (deflated 51%)
  adding: assets/VerifyUserEmail-wHqBa1pR.js (deflated 64%)
  adding: assets/ResetPassword-BNLMD_lE.js (deflated 56%)
  adding: assets/ContactSupport-DlxaZEeI.js (deflated 59%)
  adding: assets/AuthCallback-WEzf7rKk.js (deflated 53%)
  adding: assets/SelectRole-DuXmEenE.js (deflated 58%)
  adding: assets/InvestorThankYou-D9FJGUbx.js (deflated 51%)
  adding: assets/FounderThankYou-ClnJj3nT.js (deflated 52%)
  adding: assets/Login-BeSHeZCu.js (deflated 59%)
  adding: assets/Profile-C9_0AghS.js (deflated 68%)
  adding: assets/index-JLUE0_Nt.js (deflated 59%)
  adding: assets/index-DP90bOOG.js (deflated 68%)
  adding: assets/EditInvestor-5GjPHKq9.js (deflated 76%)
  adding: assets/index-CHOm7wkE.js (deflated 68%)
  adding: assets/ViewRemindersModal-DMWMpY9P.js (deflated 63%)
  adding: assets/EditFounder-Ic3Lurk1.js (deflated 76%)
  adding: assets/index-YF0FtZ4V.js (deflated 59%)
  adding: assets/index-D34L9obg.js (deflated 67%)
  adding: assets/pencil-DABIKf0k.js (deflated 31%)
  adding: assets/index---7W6mYy.js (deflated 68%)
  adding: assets/ViewBusinessProposal-2xWmq76L.js (deflated 75%)
  adding: assets/circle-check-B1iV1ZnK.js (deflated 28%)
  adding: assets/index-CgCoGKuc.js (deflated 70%)
  adding: assets/shield-check-C0P37IvO.js (deflated 32%)
  adding: assets/sparkles-DnusYJo7.js (deflated 45%)
  adding: assets/trending-up-DSWO0_CT.js (deflated 26%)
  adding: assets/globe-B-5180Fj.js (deflated 33%)
  adding: assets/blogs-ChqPogSE.js (stored 0%)
  adding: assets/calendar-DjkXjMBo.js (deflated 33%)
  adding: assets/index-D1_NQQjR.js (deflated 53%)
  adding: assets/message-circle-BRu9Mx9C.js (deflated 29%)
  adding: assets/arrow-left-Tmg6xvDY.js (deflated 26%)
  adding: assets/InfoBox-CYTlwrji.js (deflated 51%)
  adding: assets/info-zCGQY_Zb.js (deflated 30%)
  adding: assets/circle-alert-CQBBMSNe.js (deflated 36%)
  adding: assets/index-BRIRLo8_.js (deflated 73%)
  adding: assets/topCards-Dc3M0txT.js (deflated 58%)
  adding: assets/webinarBanner-XLbHXaFF.js (deflated 25%)
  adding: assets/CurrencyWithApprox-BEIIOOVJ.js (deflated 45%)
  adding: assets/ImageUploader-Be53PV8l.js (deflated 57%)
  adding: assets/external-link--Yv1H3EP.js (deflated 33%)
  adding: assets/upload-BPRYuzLZ.js (deflated 31%)
  adding: assets/table-DG-cz6LZ.js (deflated 69%)
  adding: assets/toolbar-CUi1z2YS.js (deflated 58%)
  adding: assets/useDebounce-RYBK0Xe5.js (deflated 22%)
  adding: assets/message-square-B8ngFeHj.js (deflated 29%)
  adding: assets/funnel-DZALgP3S.js (deflated 31%)
  adding: assets/FilterDrawer-D_IJFDtx.js (deflated 58%)
  adding: assets/rotate-ccw-S5IXU_v0.js (deflated 28%)
  adding: assets/ToggleChips-CZOlOPnR.js (deflated 52%)
  adding: assets/circle-x-0eOUo5Pn.js (deflated 31%)
  adding: assets/businessProposalCard-KgbfkA5F.js (deflated 66%)
  adding: assets/ban-CCSzsP2l.js (deflated 27%)
  adding: assets/plus-DyF-CVDM.js (deflated 28%)
  adding: assets/Tabs-DMp8sGMi.js (deflated 49%)
  adding: assets/Stepper-B-84nl-y.js (deflated 57%)
  adding: assets/MultipleImageUploader-FxLskbqu.js (deflated 57%)
  adding: assets/index-ChjL5wes.js (deflated 68%)
  adding: assets/supabase-bulk-emails-CGC7V8j1.js (deflated 65%)
  adding: assets/CreateNewBatch-CNlu20hW.js (deflated 73%)
  adding: assets/CkEditor-BV7nIeP6.js (deflated 40%)
  adding: assets/index-B1q5to5b.js (deflated 58%)
  adding: assets/CreateBlog-B1g6GYVx.js (deflated 58%)
  adding: assets/EditBlog-D1qvW1GM.js (deflated 57%)
  adding: assets/index-D8Mm_Q2E.js (deflated 69%)
  adding: assets/index-IWLw5mot.js (deflated 63%)
  adding: assets/Dashboard-D6EIH1wO.js (deflated 36%)
  adding: assets/SimplifiedProfile-BWckfrlV.js (deflated 74%)
  adding: assets/index-BOiKWgP_.js (deflated 51%)
  adding: assets/index-C_zOJE_x.js (deflated 55%)
  adding: assets/shortlistUtils-D4oKsl24.js (deflated 62%)
  adding: assets/bookmark-plus-DaDHV-qX.js (deflated 33%)
  adding: assets/index-BmWZOBVc.js (deflated 50%)
  adding: assets/index-CO1RWjJK.js (deflated 55%)
  adding: assets/Dashboard-DXIXKidC.js (deflated 36%)
  adding: assets/index-DPdJYhUb.js (deflated 74%)
  adding: assets/index-CZ7v2QIB.js (deflated 63%)
  adding: assets/index-BwaGOZG4.js (deflated 51%)
  adding: index.html (deflated 52%)
Saving Lightsail SSH key...
Uploading build to Lightsail...
Warning: Permanently added '15.207.22.250' (ED25519) to the list of known hosts.
Deploying build to /var/www/html ...
Archive:  /home/ubuntu/react-build.zip
  inflating: /var/www/html/favicon.ico  
  inflating: /var/www/html/robots.txt  
  inflating: /var/www/html/sitemap.xml  
   creating: /var/www/html/assets/
  inflating: /var/www/html/assets/irfanMalikBg-D4osmO_C.jpg  
  inflating: /var/www/html/assets/meerGreenJacket-ykCKR2uN.png  
  inflating: /var/www/html/assets/shakeelBg-NX99JDrP.jpg  
  inflating: /var/www/html/assets/wasimAkramBg-D4BFEYu1.png  
  inflating: /var/www/html/assets/arabic-BElshnQY.jpg  
  inflating: /var/www/html/assets/dubai-Bmqq4ymj.jpg  
  inflating: /var/www/html/assets/handShake-Dk1DoagP.webp  
  inflating: /var/www/html/assets/salman-DD3Zraly.jpg  
  inflating: /var/www/html/assets/fahad-CnovJc60.jpg  
  inflating: /var/www/html/assets/wasim-ETjjiRaD.jpg  
  inflating: /var/www/html/assets/tech-BdWyL5Pa.jpg  
  inflating: /var/www/html/assets/placeholderMan-BvremNML.png  
  inflating: /var/www/html/assets/rectanglePlaceholder-nCbViREl.png  
  inflating: /var/www/html/assets/Fav-BPcykgsi.png  
  inflating: /var/www/html/assets/MainLogo-DJpFhlQE.png  
 extracting: /var/www/html/assets/goldenCheck-CnSHOmXW.webp  
  inflating: /var/www/html/assets/verifiedBadge-CrcJq1tD.webp  
  inflating: /var/www/html/assets/meerShinyDress-C8scZpYx.webp  
  inflating: /var/www/html/assets/akhtar-qLBVRLf-.jpg  
  inflating: /var/www/html/assets/tower3-DpFzgoGy.jpg  
  inflating: /var/www/html/assets/proposal2-B9XZZX50.webp  
  inflating: /var/www/html/assets/proposal3-fxAFZeku.webp  
  inflating: /var/www/html/assets/proposal6-wLmvSjqd.webp  
  inflating: /var/www/html/assets/proposal5-DItum-r7.webp  
  inflating: /var/www/html/assets/tower2-LuqAcWCu.jpg  
  inflating: /var/www/html/assets/tower-gldBe0jJ.webp  
  inflating: /var/www/html/assets/proposal1-D37fvLUu.webp  
  inflating: /var/www/html/assets/proposal4-CZk7QC75.webp  
  inflating: /var/www/html/assets/wasimAkram-CBOcRO9q.png  
  inflating: /var/www/html/assets/index-VEC6csTg.css  
  inflating: /var/www/html/assets/BlogDetail-oNXnMkFG.css  
  inflating: /var/www/html/assets/style-DpsRipQV.css  
  inflating: /var/www/html/assets/index-Cxs9va7i.js  
  inflating: /var/www/html/assets/xlsx-DGuHH-KN.js  
  inflating: /var/www/html/assets/Landing-DKwRYRM3.js  
  inflating: /var/www/html/assets/BlogDetail-CxEBjFhj.js  
  inflating: /var/www/html/assets/AllBlogs-B8KLKcyt.js  
  inflating: /var/www/html/assets/index-CnSYWaW-.js  
  inflating: /var/www/html/assets/index-DeAryxUX.js  
  inflating: /var/www/html/assets/index-wOBo0NbU.js  
  inflating: /var/www/html/assets/index-c4fWJvRD.js  
  inflating: /var/www/html/assets/index-GsvhNcnR.js  
  inflating: /var/www/html/assets/SignUp-Dq_mcYET.js  
  inflating: /var/www/html/assets/ForgotPassword-BCfQQ224.js  
  inflating: /var/www/html/assets/VerifyUserEmail-wHqBa1pR.js  
  inflating: /var/www/html/assets/ResetPassword-BNLMD_lE.js  
  inflating: /var/www/html/assets/ContactSupport-DlxaZEeI.js  
  inflating: /var/www/html/assets/AuthCallback-WEzf7rKk.js  
  inflating: /var/www/html/assets/SelectRole-DuXmEenE.js  
  inflating: /var/www/html/assets/InvestorThankYou-D9FJGUbx.js  
  inflating: /var/www/html/assets/FounderThankYou-ClnJj3nT.js  
  inflating: /var/www/html/assets/Login-BeSHeZCu.js  
  inflating: /var/www/html/assets/Profile-C9_0AghS.js  
  inflating: /var/www/html/assets/index-JLUE0_Nt.js  
  inflating: /var/www/html/assets/index-DP90bOOG.js  
  inflating: /var/www/html/assets/EditInvestor-5GjPHKq9.js  
  inflating: /var/www/html/assets/index-CHOm7wkE.js  
  inflating: /var/www/html/assets/ViewRemindersModal-DMWMpY9P.js  
  inflating: /var/www/html/assets/EditFounder-Ic3Lurk1.js  
  inflating: /var/www/html/assets/index-YF0FtZ4V.js  
  inflating: /var/www/html/assets/index-D34L9obg.js  
  inflating: /var/www/html/assets/pencil-DABIKf0k.js  
  inflating: /var/www/html/assets/index---7W6mYy.js  
  inflating: /var/www/html/assets/ViewBusinessProposal-2xWmq76L.js  
  inflating: /var/www/html/assets/circle-check-B1iV1ZnK.js  
  inflating: /var/www/html/assets/index-CgCoGKuc.js  
  inflating: /var/www/html/assets/shield-check-C0P37IvO.js  
  inflating: /var/www/html/assets/sparkles-DnusYJo7.js  
  inflating: /var/www/html/assets/trending-up-DSWO0_CT.js  
  inflating: /var/www/html/assets/globe-B-5180Fj.js  
 extracting: /var/www/html/assets/blogs-ChqPogSE.js  
  inflating: /var/www/html/assets/calendar-DjkXjMBo.js  
  inflating: /var/www/html/assets/index-D1_NQQjR.js  
  inflating: /var/www/html/assets/message-circle-BRu9Mx9C.js  
  inflating: /var/www/html/assets/arrow-left-Tmg6xvDY.js  
  inflating: /var/www/html/assets/InfoBox-CYTlwrji.js  
  inflating: /var/www/html/assets/info-zCGQY_Zb.js  
  inflating: /var/www/html/assets/circle-alert-CQBBMSNe.js  
  inflating: /var/www/html/assets/index-BRIRLo8_.js  
  inflating: /var/www/html/assets/topCards-Dc3M0txT.js  
  inflating: /var/www/html/assets/webinarBanner-XLbHXaFF.js  
  inflating: /var/www/html/assets/CurrencyWithApprox-BEIIOOVJ.js  
  inflating: /var/www/html/assets/ImageUploader-Be53PV8l.js  
  inflating: /var/www/html/assets/external-link--Yv1H3EP.js  
  inflating: /var/www/html/assets/upload-BPRYuzLZ.js  
  inflating: /var/www/html/assets/table-DG-cz6LZ.js  
  inflating: /var/www/html/assets/toolbar-CUi1z2YS.js  
  inflating: /var/www/html/assets/useDebounce-RYBK0Xe5.js  
  inflating: /var/www/html/assets/message-square-B8ngFeHj.js  
  inflating: /var/www/html/assets/funnel-DZALgP3S.js  
  inflating: /var/www/html/assets/FilterDrawer-D_IJFDtx.js  
  inflating: /var/www/html/assets/rotate-ccw-S5IXU_v0.js  
  inflating: /var/www/html/assets/ToggleChips-CZOlOPnR.js  
  inflating: /var/www/html/assets/circle-x-0eOUo5Pn.js  
  inflating: /var/www/html/assets/businessProposalCard-KgbfkA5F.js  
  inflating: /var/www/html/assets/ban-CCSzsP2l.js  
  inflating: /var/www/html/assets/plus-DyF-CVDM.js  
  inflating: /var/www/html/assets/Tabs-DMp8sGMi.js  
  inflating: /var/www/html/assets/Stepper-B-84nl-y.js  
  inflating: /var/www/html/assets/MultipleImageUploader-FxLskbqu.js  
  inflating: /var/www/html/assets/index-ChjL5wes.js  
  inflating: /var/www/html/assets/supabase-bulk-emails-CGC7V8j1.js  
  inflating: /var/www/html/assets/CreateNewBatch-CNlu20hW.js  
  inflating: /var/www/html/assets/CkEditor-BV7nIeP6.js  
  inflating: /var/www/html/assets/index-B1q5to5b.js  
  inflating: /var/www/html/assets/CreateBlog-B1g6GYVx.js  
  inflating: /var/www/html/assets/EditBlog-D1qvW1GM.js  
  inflating: /var/www/html/assets/index-D8Mm_Q2E.js  
  inflating: /var/www/html/assets/index-IWLw5mot.js  
  inflating: /var/www/html/assets/Dashboard-D6EIH1wO.js  
  inflating: /var/www/html/assets/SimplifiedProfile-BWckfrlV.js  
  inflating: /var/www/html/assets/index-BOiKWgP_.js  
  inflating: /var/www/html/assets/index-C_zOJE_x.js  
  inflating: /var/www/html/assets/shortlistUtils-D4oKsl24.js  
  inflating: /var/www/html/assets/bookmark-plus-DaDHV-qX.js  
  inflating: /var/www/html/assets/index-BmWZOBVc.js  
  inflating: /var/www/html/assets/index-CO1RWjJK.js  
  inflating: /var/www/html/assets/Dashboard-DXIXKidC.js  
  inflating: /var/www/html/assets/index-DPdJYhUb.js  
  inflating: /var/www/html/assets/index-CZ7v2QIB.js  
  inflating: /var/www/html/assets/index-BwaGOZG4.js  
  inflating: /var/www/html/index.html  
Saving Git logs repo SSH key...
Testing GitHub SSH key...
Cloning deployment-logs repo...
Cloning into 'logs-repo'...
