Installing dependencies...
npm warn deprecated w3c-hr-time@1.0.2: Use your platform's native performance.now() and performance.timeOrigin.
npm warn deprecated domexception@2.0.1: Use your platform's native DOMException instead
npm warn deprecated abab@2.0.6: Use your platform's native atob() and btoa() methods instead

> the-business-hub-pakistan@0.0.0 prepare
> husky

.git can't be found
added 1810 packages, and audited 1811 packages in 6m

253 packages are looking for funding
  run `npm fund` for details

79 vulnerabilities (3 low, 71 moderate, 5 high)

To address issues that do not require attention, run:
  npm audit fix

To address all issues possible (including breaking changes), run:
  npm audit fix --force

Some issues need review, and may require choosing
a different dependency.

Run `npm audit` for details.
Building React app...

> the-business-hub-pakistan@0.0.0 build
> vite build

vite v7.1.11 building for production...
transforming...
✓ 3132 modules transformed.
rendering chunks...
computing gzip size...
dist/index.html                                    2.18 kB │ gzip:   1.05 kB
dist/assets/verifiedBadge-CrcJq1tD.webp           10.83 kB
dist/assets/rectanglePlaceholder-nCbViREl.png     11.85 kB
dist/assets/goldenCheck-CnSHOmXW.webp             13.45 kB
dist/assets/irfanMalikBg-D4osmO_C.jpg             24.66 kB
dist/assets/proposal6-wLmvSjqd.webp               28.15 kB
dist/assets/placeholderMan-BvremNML.png           36.64 kB
dist/assets/handShake-Dk1DoagP.webp               65.18 kB
dist/assets/tower-gldBe0jJ.webp                   66.16 kB
dist/assets/tower2-LuqAcWCu.jpg                   72.52 kB
dist/assets/shakeelBg-NX99JDrP.jpg               143.15 kB
dist/assets/MainLogo-DJpFhlQE.png                144.86 kB
dist/assets/Fav-BPcykgsi.png                     147.34 kB
dist/assets/akhtar-qLBVRLf-.jpg                  173.92 kB
dist/assets/proposal5-DItum-r7.webp              174.24 kB
dist/assets/tower3-DpFzgoGy.jpg                  175.56 kB
dist/assets/proposal2-B9XZZX50.webp              192.62 kB
dist/assets/meerShinyDress-C8scZpYx.webp         229.68 kB
dist/assets/meerGreenJacket-ykCKR2uN.png         230.19 kB
dist/assets/arabic-BElshnQY.jpg                  238.42 kB
dist/assets/wasim-ETjjiRaD.jpg                   242.26 kB
dist/assets/salman-DD3Zraly.jpg                  255.18 kB
dist/assets/fahad-CnovJc60.jpg                   278.62 kB
dist/assets/tech-BdWyL5Pa.jpg                    281.71 kB
dist/assets/dubai-Bmqq4ymj.jpg                   311.77 kB
dist/assets/wasimAkramBg-D4BFEYu1.png            313.57 kB
dist/assets/video-poster-DrQklN8e.png            367.51 kB
dist/assets/proposal3-fxAFZeku.webp              445.47 kB
dist/assets/proposal4-CZk7QC75.webp              542.86 kB
dist/assets/proposal1-D37fvLUu.webp              779.05 kB
dist/assets/wasimAkram-CBOcRO9q.png            4,488.96 kB
dist/assets/BlogDetail-oNXnMkFG.css                0.63 kB │ gzip:   0.26 kB
dist/assets/style-DpsRipQV.css                     3.23 kB │ gzip:   0.73 kB
dist/assets/index-zK91gRZH.css                   158.30 kB │ gzip:  21.58 kB
dist/assets/blogs-ChqPogSE.js                      0.04 kB │ gzip:   0.06 kB
dist/assets/webinarBanner-XLbHXaFF.js              0.17 kB │ gzip:   0.15 kB
dist/assets/useDebounce-DX7PQCXU.js                0.19 kB │ gzip:   0.17 kB
dist/assets/plus-DFCNTS96.js                       0.33 kB │ gzip:   0.25 kB
dist/assets/arrow-left-Dq1R1YxX.js                 0.34 kB │ gzip:   0.27 kB
dist/assets/circle-check-BhptEdfJ.js               0.35 kB │ gzip:   0.27 kB
dist/assets/trending-up-DobPKV-d.js                0.35 kB │ gzip:   0.27 kB
dist/assets/ban-SXpoXhfb.js                        0.35 kB │ gzip:   0.27 kB
dist/assets/info-Cvj9yjKj.js                       0.37 kB │ gzip:   0.28 kB
dist/assets/rotate-ccw-2h9sgQpI.js                 0.37 kB │ gzip:   0.29 kB
dist/assets/circle-x-Cy6BMYzI.js                   0.38 kB │ gzip:   0.28 kB
dist/assets/upload-DIUmvVK3.js                     0.40 kB │ gzip:   0.30 kB
dist/assets/index-D3XPW3Mo.js                      0.41 kB │ gzip:   0.30 kB
dist/assets/index-DmJbNk1N.js                      0.41 kB │ gzip:   0.30 kB
dist/assets/globe-CuDpiqzZ.js                      0.41 kB │ gzip:   0.29 kB
dist/assets/headphones-CuqKPXtS.js                 0.41 kB │ gzip:   0.29 kB
dist/assets/message-circle-CU6da1C0.js             0.41 kB │ gzip:   0.31 kB
dist/assets/Dashboard-BZw1QxS5.js                  0.42 kB │ gzip:   0.28 kB
dist/assets/Dashboard-BJfEd54U.js                  0.42 kB │ gzip:   0.28 kB
dist/assets/circle-alert-B3JZPhJp.js               0.42 kB │ gzip:   0.29 kB
dist/assets/external-link-BcsfLLBN.js              0.42 kB │ gzip:   0.30 kB
dist/assets/funnel-Lai-9Gj_.js                     0.42 kB │ gzip:   0.31 kB
dist/assets/user-minus-C-AiHK-I.js                 0.43 kB │ gzip:   0.32 kB
dist/assets/calendar-CqLlAC5w.js                   0.43 kB │ gzip:   0.30 kB
dist/assets/pencil-DwqcytQp.js                     0.45 kB │ gzip:   0.33 kB
dist/assets/bookmark-plus-Cj4AwDRD.js              0.45 kB │ gzip:   0.32 kB
dist/assets/hash-BhDm5muZ.js                       0.47 kB │ gzip:   0.30 kB
dist/assets/shield-check-BPBlexHf.js               0.49 kB │ gzip:   0.35 kB
dist/assets/tag-BS--PPEv.js                        0.49 kB │ gzip:   0.35 kB
dist/assets/support-ticket-events-C7DKvEZj.js      0.50 kB │ gzip:   0.37 kB
dist/assets/sparkles-Dge6G73y.js                   0.67 kB │ gzip:   0.39 kB
dist/assets/meta-pixel-CAHtMBtr.js                 0.82 kB │ gzip:   0.37 kB
dist/assets/CkEditor-DB-xnPA8.js                   0.85 kB │ gzip:   0.53 kB
dist/assets/InfoBox-CVb4ayFw.js                    0.86 kB │ gzip:   0.43 kB
dist/assets/CurrencyWithApprox-suowD97L.js         0.91 kB │ gzip:   0.52 kB
dist/assets/Tabs-Ymwf95jt.js                       1.23 kB │ gzip:   0.65 kB
dist/assets/Pagination-BSrHAm4V.js                 1.32 kB │ gzip:   0.72 kB
dist/assets/ToggleChips-CAIKUBZU.js                1.68 kB │ gzip:   0.83 kB
dist/assets/topCards-LrAkyikm.js                   1.71 kB │ gzip:   0.74 kB
dist/assets/ForgotPassword-B3rBzHIg.js             2.11 kB │ gzip:   1.06 kB
dist/assets/FounderThankYou-BnB9eZjm.js            2.22 kB │ gzip:   1.08 kB
dist/assets/FilterDrawer-DFa5H4-A.js               2.25 kB │ gzip:   0.96 kB
dist/assets/ResetPassword-ChcYm66O.js              2.34 kB │ gzip:   1.05 kB
dist/assets/InvestorThankYou-BbkyGPUF.js           2.35 kB │ gzip:   1.15 kB
dist/assets/recipientFiltersState-DZVUxl1K.js      2.50 kB │ gzip:   0.93 kB
dist/assets/MultipleImageUploader-qTFmzDwn.js      2.61 kB │ gzip:   1.14 kB
dist/assets/toolbar-NvUVtL_K.js                    2.70 kB │ gzip:   1.15 kB
dist/assets/AuthCallback-CaaCI0Ml.js               2.71 kB │ gzip:   1.29 kB
dist/assets/ImageUploader-DquVFd3B.js              2.74 kB │ gzip:   1.19 kB
dist/assets/index-BW6XK6pH.js                      2.86 kB │ gzip:   1.36 kB
dist/assets/index-UpYQ-Kd2.js                      2.99 kB │ gzip:   1.50 kB
dist/assets/index-DL3FAKfF.js                      3.06 kB │ gzip:   1.48 kB
dist/assets/index-DHfs7EXD.js                      3.19 kB │ gzip:   1.52 kB
dist/assets/supabase-bulk-emails-B93tNJgj.js       3.26 kB │ gzip:   1.20 kB
dist/assets/index-Q6PeMtcH.js                      3.48 kB │ gzip:   1.67 kB
dist/assets/index-D_PIra-s.js                      3.51 kB │ gzip:   1.61 kB
dist/assets/index-C0YthL7E.js                      3.80 kB │ gzip:   1.82 kB
dist/assets/target-audience-C0zmVtsa.js            4.02 kB │ gzip:   1.16 kB
dist/assets/index-CXOHreAg.js                      4.35 kB │ gzip:   1.98 kB
dist/assets/index-CTGxG2NO.js                      4.47 kB │ gzip:   2.02 kB
dist/assets/index-DUgWYTIs.js                      4.51 kB │ gzip:   2.06 kB
dist/assets/ContactSupport-pVHbTbrN.js             4.63 kB │ gzip:   1.93 kB
dist/assets/Stepper-Bo5HBfLe.js                    4.66 kB │ gzip:   2.02 kB
dist/assets/Login-D9RIZiKO.js                      4.74 kB │ gzip:   1.96 kB
dist/assets/CreateBlog-B4jcpgSt.js                 5.28 kB │ gzip:   2.26 kB
dist/assets/index-C224DbRy.js                      5.29 kB │ gzip:   2.25 kB
dist/assets/index-C3kiYSAj.js                      5.30 kB │ gzip:   2.42 kB
dist/assets/SelectRole-C3BfbxPn.js                 5.41 kB │ gzip:   2.29 kB
dist/assets/HelpPageContent-CVUjLYHG.js            5.51 kB │ gzip:   2.01 kB
dist/assets/AllBlogs-uZUd2-8v.js                   5.78 kB │ gzip:   2.31 kB
dist/assets/VerifyUserEmail-DNfpvSxb.js            5.82 kB │ gzip:   2.08 kB
dist/assets/ViewRemindersModal-Bme162Cj.js         5.84 kB │ gzip:   2.27 kB
dist/assets/EditBlog-DlrBg6wy.js                   6.14 kB │ gzip:   2.64 kB
dist/assets/Profile-oeN9Fox_.js                    6.86 kB │ gzip:   2.19 kB
dist/assets/CreateTargetAudience-DJQ7S3ET.js       6.98 kB │ gzip:   2.65 kB
dist/assets/SignUp-DWMrJk2X.js                     7.08 kB │ gzip:   2.67 kB
dist/assets/index-CgWPuXBN.js                      8.01 kB │ gzip:   2.95 kB
dist/assets/EditTargetAudience-BXQqOOn1.js         8.36 kB │ gzip:   2.94 kB
dist/assets/index-CY4HuNEk.js                      9.24 kB │ gzip:   3.82 kB
dist/assets/index-MTl9g6Kr.js                      9.77 kB │ gzip:   3.61 kB
dist/assets/index-BuOCVYAj.js                      9.93 kB │ gzip:   3.22 kB
dist/assets/businessProposalCard-CSFYHNmC.js      10.05 kB │ gzip:   3.50 kB
dist/assets/table-Pgggfuue.js                     10.99 kB │ gzip:   3.44 kB
dist/assets/TicketDetailPage-TcUe9PiF.js          12.69 kB │ gzip:   4.01 kB
dist/assets/SimplifiedProfile-BVrohVRs.js         13.75 kB │ gzip:   3.64 kB
dist/assets/index-B1Ezj-uF.js                     15.99 kB │ gzip:   4.96 kB
dist/assets/CreateNewBatch-CIGAInGo.js            17.64 kB │ gzip:   4.68 kB
dist/assets/EditFounder-C_Mo11pT.js               17.78 kB │ gzip:   4.31 kB
dist/assets/index-DNpEcA67.js                     18.57 kB │ gzip:   5.99 kB
dist/assets/EditInvestor-BqtlwzcJ.js              18.75 kB │ gzip:   4.57 kB
dist/assets/index-Dfq4-m7R.js                     20.13 kB │ gzip:   5.41 kB
dist/assets/BlogDetail-CPUoHWlw.js                21.52 kB │ gzip:   8.71 kB
dist/assets/index-9gB6nEwS.js                     22.92 kB │ gzip:   6.81 kB
dist/assets/index-s5PZVAf6.js                     24.29 kB │ gzip:   7.49 kB
dist/assets/index-BsNGsAFy.js                     24.46 kB │ gzip:   7.64 kB
dist/assets/ViewBusinessProposal-WyPfO9ke.js      25.92 kB │ gzip:   6.38 kB
dist/assets/index-BpCx4mKl.js                     30.15 kB │ gzip:   9.17 kB
dist/assets/Landing-7fry8arZ.js                  152.14 kB │ gzip:  53.66 kB
dist/assets/xlsx-DGuHH-KN.js                     429.49 kB │ gzip: 143.07 kB
dist/assets/index-CtQ67ddu.js                    644.06 kB │ gzip: 172.36 kB
dist/assets/index-Bn1lj8Es.js                  2,838.47 kB │ gzip: 758.41 kB

(!) Some chunks are larger than 1500 kB after minification. Consider:
- Using dynamic import() to code-split the application
- Use build.rollupOptions.output.manualChunks to improve chunking: https://rollupjs.org/configuration-options/#output-manualchunks
- Adjust chunk size limit for this warning via build.chunkSizeWarningLimit.
✓ built in 18.08s
Packaging build...
  adding: .htaccess (deflated 36%)
  adding: favicon.ico (deflated 13%)
  adding: robots.txt (deflated 3%)
  adding: sitemap.xml (deflated 60%)
  adding: assets/ (stored 0%)
  adding: assets/video-poster-DrQklN8e.png (deflated 0%)
  adding: assets/irfanMalikBg-D4osmO_C.jpg (deflated 1%)
  adding: assets/meerGreenJacket-ykCKR2uN.png (deflated 0%)
  adding: assets/meerShinyDress-C8scZpYx.webp (deflated 0%)
  adding: assets/shakeelBg-NX99JDrP.jpg (deflated 0%)
  adding: assets/wasimAkramBg-D4BFEYu1.png (deflated 0%)
  adding: assets/akhtar-qLBVRLf-.jpg (deflated 1%)
  adding: assets/arabic-BElshnQY.jpg (deflated 0%)
  adding: assets/dubai-Bmqq4ymj.jpg (deflated 0%)
  adding: assets/fahad-CnovJc60.jpg (deflated 0%)
  adding: assets/handShake-Dk1DoagP.webp (deflated 0%)
  adding: assets/salman-DD3Zraly.jpg (deflated 0%)
  adding: assets/tech-BdWyL5Pa.jpg (deflated 0%)
  adding: assets/wasim-ETjjiRaD.jpg (deflated 0%)
  adding: assets/placeholderMan-BvremNML.png (deflated 3%)
  adding: assets/rectanglePlaceholder-nCbViREl.png (deflated 31%)
  adding: assets/Fav-BPcykgsi.png (deflated 5%)
  adding: assets/MainLogo-DJpFhlQE.png (deflated 4%)
  adding: assets/goldenCheck-CnSHOmXW.webp (stored 0%)
  adding: assets/verifiedBadge-CrcJq1tD.webp (deflated 1%)
  adding: assets/tower-gldBe0jJ.webp (deflated 0%)
  adding: assets/tower2-LuqAcWCu.jpg (deflated 2%)
  adding: assets/tower3-DpFzgoGy.jpg (deflated 0%)
  adding: assets/proposal2-B9XZZX50.webp (deflated 3%)
  adding: assets/proposal3-fxAFZeku.webp (deflated 1%)
  adding: assets/proposal5-DItum-r7.webp (deflated 4%)
  adding: assets/proposal6-wLmvSjqd.webp (deflated 0%)
  adding: assets/proposal1-D37fvLUu.webp (deflated 1%)
  adding: assets/proposal4-CZk7QC75.webp (deflated 1%)
  adding: assets/wasimAkram-CBOcRO9q.png (deflated 1%)
  adding: assets/index-zK91gRZH.css (deflated 86%)
  adding: assets/BlogDetail-oNXnMkFG.css (deflated 62%)
  adding: assets/style-DpsRipQV.css (deflated 78%)
  adding: assets/index-Bn1lj8Es.js (deflated 73%)
  adding: assets/xlsx-DGuHH-KN.js (deflated 67%)
  adding: assets/Landing-7fry8arZ.js (deflated 65%)
  adding: assets/BlogDetail-CPUoHWlw.js (deflated 60%)
  adding: assets/AllBlogs-uZUd2-8v.js (deflated 60%)
  adding: assets/index-UpYQ-Kd2.js (deflated 50%)
  adding: assets/index-BW6XK6pH.js (deflated 53%)
  adding: assets/index-DHfs7EXD.js (deflated 53%)
  adding: assets/index-DL3FAKfF.js (deflated 52%)
  adding: assets/index-D_PIra-s.js (deflated 54%)
  adding: assets/SignUp-DWMrJk2X.js (deflated 63%)
  adding: assets/ForgotPassword-B3rBzHIg.js (deflated 51%)
  adding: assets/VerifyUserEmail-DNfpvSxb.js (deflated 64%)
  adding: assets/ResetPassword-ChcYm66O.js (deflated 56%)
  adding: assets/ContactSupport-pVHbTbrN.js (deflated 59%)
  adding: assets/AuthCallback-CaaCI0Ml.js (deflated 53%)
  adding: assets/SelectRole-C3BfbxPn.js (deflated 58%)
  adding: assets/InvestorThankYou-BbkyGPUF.js (deflated 51%)
  adding: assets/FounderThankYou-BnB9eZjm.js (deflated 52%)
  adding: assets/Login-D9RIZiKO.js (deflated 59%)
  adding: assets/Profile-oeN9Fox_.js (deflated 68%)
  adding: assets/index-C3kiYSAj.js (deflated 55%)
  adding: assets/index-BpCx4mKl.js (deflated 70%)
  adding: assets/EditInvestor-BqtlwzcJ.js (deflated 76%)
  adding: assets/index-s5PZVAf6.js (deflated 69%)
  adding: assets/ViewRemindersModal-Bme162Cj.js (deflated 61%)
  adding: assets/EditFounder-C_Mo11pT.js (deflated 76%)
  adding: assets/index-CY4HuNEk.js (deflated 59%)
  adding: assets/index-BsNGsAFy.js (deflated 69%)
  adding: assets/user-minus-C-AiHK-I.js (deflated 30%)
  adding: assets/tag-BS--PPEv.js (deflated 34%)
  adding: assets/index-DNpEcA67.js (deflated 68%)
  adding: assets/ViewBusinessProposal-WyPfO9ke.js (deflated 75%)
  adding: assets/circle-check-BhptEdfJ.js (deflated 27%)
  adding: assets/index-9gB6nEwS.js (deflated 70%)
  adding: assets/meta-pixel-CAHtMBtr.js (deflated 57%)
  adding: assets/shield-check-BPBlexHf.js (deflated 32%)
  adding: assets/sparkles-Dge6G73y.js (deflated 45%)
  adding: assets/trending-up-DobPKV-d.js (deflated 26%)
  adding: assets/globe-CuDpiqzZ.js (deflated 33%)
  adding: assets/blogs-ChqPogSE.js (stored 0%)
  adding: assets/calendar-CqLlAC5w.js (deflated 33%)
  adding: assets/index-Q6PeMtcH.js (deflated 53%)
  adding: assets/message-circle-CU6da1C0.js (deflated 28%)
  adding: assets/arrow-left-Dq1R1YxX.js (deflated 26%)
  adding: assets/InfoBox-CVb4ayFw.js (deflated 51%)
  adding: assets/info-Cvj9yjKj.js (deflated 30%)
  adding: assets/circle-alert-B3JZPhJp.js (deflated 36%)
  adding: assets/index-CtQ67ddu.js (deflated 73%)
  adding: assets/topCards-LrAkyikm.js (deflated 58%)
  adding: assets/webinarBanner-XLbHXaFF.js (deflated 25%)
  adding: assets/CurrencyWithApprox-suowD97L.js (deflated 45%)
  adding: assets/ImageUploader-DquVFd3B.js (deflated 58%)
  adding: assets/external-link-BcsfLLBN.js (deflated 33%)
  adding: assets/upload-DIUmvVK3.js (deflated 31%)
  adding: assets/table-Pgggfuue.js (deflated 69%)
  adding: assets/toolbar-NvUVtL_K.js (deflated 58%)
  adding: assets/useDebounce-DX7PQCXU.js (deflated 22%)
  adding: assets/support-ticket-events-C7DKvEZj.js (deflated 29%)
  adding: assets/headphones-CuqKPXtS.js (deflated 34%)
  adding: assets/Pagination-BSrHAm4V.js (deflated 47%)
  adding: assets/funnel-Lai-9Gj_.js (deflated 31%)
  adding: assets/FilterDrawer-DFa5H4-A.js (deflated 58%)
  adding: assets/rotate-ccw-2h9sgQpI.js (deflated 28%)
  adding: assets/ToggleChips-CAIKUBZU.js (deflated 52%)
  adding: assets/circle-x-Cy6BMYzI.js (deflated 31%)
  adding: assets/businessProposalCard-CSFYHNmC.js (deflated 66%)
  adding: assets/pencil-DwqcytQp.js (deflated 31%)
  adding: assets/ban-SXpoXhfb.js (deflated 27%)
  adding: assets/plus-DFCNTS96.js (deflated 28%)
  adding: assets/Tabs-Ymwf95jt.js (deflated 49%)
  adding: assets/Stepper-Bo5HBfLe.js (deflated 57%)
  adding: assets/MultipleImageUploader-qTFmzDwn.js (deflated 57%)
  adding: assets/index-BuOCVYAj.js (deflated 68%)
  adding: assets/supabase-bulk-emails-B93tNJgj.js (deflated 64%)
  adding: assets/CreateNewBatch-CIGAInGo.js (deflated 73%)
  adding: assets/CkEditor-DB-xnPA8.js (deflated 40%)
  adding: assets/recipientFiltersState-DZVUxl1K.js (deflated 63%)
  adding: assets/target-audience-C0zmVtsa.js (deflated 72%)
  adding: assets/index-CTGxG2NO.js (deflated 55%)
  adding: assets/CreateTargetAudience-DJQ7S3ET.js (deflated 62%)
  adding: assets/EditTargetAudience-BXQqOOn1.js (deflated 65%)
  adding: assets/index-C224DbRy.js (deflated 58%)
  adding: assets/CreateBlog-B4jcpgSt.js (deflated 57%)
  adding: assets/EditBlog-DlrBg6wy.js (deflated 57%)
  adding: assets/index-B1Ezj-uF.js (deflated 69%)
  adding: assets/index-CgWPuXBN.js (deflated 64%)
  adding: assets/Dashboard-BJfEd54U.js (deflated 37%)
  adding: assets/SimplifiedProfile-BVrohVRs.js (deflated 74%)
  adding: assets/index-DmJbNk1N.js (deflated 32%)
  adding: assets/HelpPageContent-CVUjLYHG.js (deflated 64%)
  adding: assets/hash-BhDm5muZ.js (deflated 41%)
  adding: assets/index-DUgWYTIs.js (deflated 55%)
  adding: assets/bookmark-plus-Cj4AwDRD.js (deflated 33%)
  adding: assets/index-C0YthL7E.js (deflated 52%)
  adding: assets/index-CXOHreAg.js (deflated 55%)
  adding: assets/Dashboard-BZw1QxS5.js (deflated 38%)
  adding: assets/index-Dfq4-m7R.js (deflated 73%)
  adding: assets/index-MTl9g6Kr.js (deflated 63%)
  adding: assets/index-D3XPW3Mo.js (deflated 32%)
  adding: assets/TicketDetailPage-TcUe9PiF.js (deflated 69%)
  adding: index.html (deflated 52%)
Saving Lightsail SSH key...
Uploading build to Lightsail...
Warning: Permanently added '15.207.22.250' (ED25519) to the list of known hosts.
Deploying build to /var/www/html ...
Archive:  /home/ubuntu/react-build.zip
  inflating: /var/www/html/.htaccess  
  inflating: /var/www/html/favicon.ico  
  inflating: /var/www/html/robots.txt  
  inflating: /var/www/html/sitemap.xml  
   creating: /var/www/html/assets/
  inflating: /var/www/html/assets/video-poster-DrQklN8e.png  
  inflating: /var/www/html/assets/irfanMalikBg-D4osmO_C.jpg  
  inflating: /var/www/html/assets/meerGreenJacket-ykCKR2uN.png  
  inflating: /var/www/html/assets/meerShinyDress-C8scZpYx.webp  
  inflating: /var/www/html/assets/shakeelBg-NX99JDrP.jpg  
  inflating: /var/www/html/assets/wasimAkramBg-D4BFEYu1.png  
  inflating: /var/www/html/assets/akhtar-qLBVRLf-.jpg  
  inflating: /var/www/html/assets/arabic-BElshnQY.jpg  
  inflating: /var/www/html/assets/dubai-Bmqq4ymj.jpg  
  inflating: /var/www/html/assets/fahad-CnovJc60.jpg  
  inflating: /var/www/html/assets/handShake-Dk1DoagP.webp  
  inflating: /var/www/html/assets/salman-DD3Zraly.jpg  
  inflating: /var/www/html/assets/tech-BdWyL5Pa.jpg  
  inflating: /var/www/html/assets/wasim-ETjjiRaD.jpg  
  inflating: /var/www/html/assets/placeholderMan-BvremNML.png  
  inflating: /var/www/html/assets/rectanglePlaceholder-nCbViREl.png  
  inflating: /var/www/html/assets/Fav-BPcykgsi.png  
  inflating: /var/www/html/assets/MainLogo-DJpFhlQE.png  
 extracting: /var/www/html/assets/goldenCheck-CnSHOmXW.webp  
  inflating: /var/www/html/assets/verifiedBadge-CrcJq1tD.webp  
  inflating: /var/www/html/assets/tower-gldBe0jJ.webp  
  inflating: /var/www/html/assets/tower2-LuqAcWCu.jpg  
  inflating: /var/www/html/assets/tower3-DpFzgoGy.jpg  
  inflating: /var/www/html/assets/proposal2-B9XZZX50.webp  
  inflating: /var/www/html/assets/proposal3-fxAFZeku.webp  
  inflating: /var/www/html/assets/proposal5-DItum-r7.webp  
  inflating: /var/www/html/assets/proposal6-wLmvSjqd.webp  
  inflating: /var/www/html/assets/proposal1-D37fvLUu.webp  
  inflating: /var/www/html/assets/proposal4-CZk7QC75.webp  
  inflating: /var/www/html/assets/wasimAkram-CBOcRO9q.png  
  inflating: /var/www/html/assets/index-zK91gRZH.css  
  inflating: /var/www/html/assets/BlogDetail-oNXnMkFG.css  
  inflating: /var/www/html/assets/style-DpsRipQV.css  
  inflating: /var/www/html/assets/index-Bn1lj8Es.js  
  inflating: /var/www/html/assets/xlsx-DGuHH-KN.js  
  inflating: /var/www/html/assets/Landing-7fry8arZ.js  
  inflating: /var/www/html/assets/BlogDetail-CPUoHWlw.js  
  inflating: /var/www/html/assets/AllBlogs-uZUd2-8v.js  
  inflating: /var/www/html/assets/index-UpYQ-Kd2.js  
  inflating: /var/www/html/assets/index-BW6XK6pH.js  
  inflating: /var/www/html/assets/index-DHfs7EXD.js  
  inflating: /var/www/html/assets/index-DL3FAKfF.js  
  inflating: /var/www/html/assets/index-D_PIra-s.js  
  inflating: /var/www/html/assets/SignUp-DWMrJk2X.js  
  inflating: /var/www/html/assets/ForgotPassword-B3rBzHIg.js  
  inflating: /var/www/html/assets/VerifyUserEmail-DNfpvSxb.js  
  inflating: /var/www/html/assets/ResetPassword-ChcYm66O.js  
  inflating: /var/www/html/assets/ContactSupport-pVHbTbrN.js  
  inflating: /var/www/html/assets/AuthCallback-CaaCI0Ml.js  
  inflating: /var/www/html/assets/SelectRole-C3BfbxPn.js  
  inflating: /var/www/html/assets/InvestorThankYou-BbkyGPUF.js  
  inflating: /var/www/html/assets/FounderThankYou-BnB9eZjm.js  
  inflating: /var/www/html/assets/Login-D9RIZiKO.js  
  inflating: /var/www/html/assets/Profile-oeN9Fox_.js  
  inflating: /var/www/html/assets/index-C3kiYSAj.js  
  inflating: /var/www/html/assets/index-BpCx4mKl.js  
  inflating: /var/www/html/assets/EditInvestor-BqtlwzcJ.js  
  inflating: /var/www/html/assets/index-s5PZVAf6.js  
  inflating: /var/www/html/assets/ViewRemindersModal-Bme162Cj.js  
  inflating: /var/www/html/assets/EditFounder-C_Mo11pT.js  
  inflating: /var/www/html/assets/index-CY4HuNEk.js  
  inflating: /var/www/html/assets/index-BsNGsAFy.js  
  inflating: /var/www/html/assets/user-minus-C-AiHK-I.js  
  inflating: /var/www/html/assets/tag-BS--PPEv.js  
  inflating: /var/www/html/assets/index-DNpEcA67.js  
  inflating: /var/www/html/assets/ViewBusinessProposal-WyPfO9ke.js  
  inflating: /var/www/html/assets/circle-check-BhptEdfJ.js  
  inflating: /var/www/html/assets/index-9gB6nEwS.js  
  inflating: /var/www/html/assets/meta-pixel-CAHtMBtr.js  
  inflating: /var/www/html/assets/shield-check-BPBlexHf.js  
  inflating: /var/www/html/assets/sparkles-Dge6G73y.js  
  inflating: /var/www/html/assets/trending-up-DobPKV-d.js  
  inflating: /var/www/html/assets/globe-CuDpiqzZ.js  
 extracting: /var/www/html/assets/blogs-ChqPogSE.js  
  inflating: /var/www/html/assets/calendar-CqLlAC5w.js  
  inflating: /var/www/html/assets/index-Q6PeMtcH.js  
  inflating: /var/www/html/assets/message-circle-CU6da1C0.js  
  inflating: /var/www/html/assets/arrow-left-Dq1R1YxX.js  
  inflating: /var/www/html/assets/InfoBox-CVb4ayFw.js  
  inflating: /var/www/html/assets/info-Cvj9yjKj.js  
  inflating: /var/www/html/assets/circle-alert-B3JZPhJp.js  
  inflating: /var/www/html/assets/index-CtQ67ddu.js  
  inflating: /var/www/html/assets/topCards-LrAkyikm.js  
  inflating: /var/www/html/assets/webinarBanner-XLbHXaFF.js  
  inflating: /var/www/html/assets/CurrencyWithApprox-suowD97L.js  
  inflating: /var/www/html/assets/ImageUploader-DquVFd3B.js  
  inflating: /var/www/html/assets/external-link-BcsfLLBN.js  
  inflating: /var/www/html/assets/upload-DIUmvVK3.js  
  inflating: /var/www/html/assets/table-Pgggfuue.js  
  inflating: /var/www/html/assets/toolbar-NvUVtL_K.js  
  inflating: /var/www/html/assets/useDebounce-DX7PQCXU.js  
  inflating: /var/www/html/assets/support-ticket-events-C7DKvEZj.js  
  inflating: /var/www/html/assets/headphones-CuqKPXtS.js  
  inflating: /var/www/html/assets/Pagination-BSrHAm4V.js  
  inflating: /var/www/html/assets/funnel-Lai-9Gj_.js  
  inflating: /var/www/html/assets/FilterDrawer-DFa5H4-A.js  
  inflating: /var/www/html/assets/rotate-ccw-2h9sgQpI.js  
  inflating: /var/www/html/assets/ToggleChips-CAIKUBZU.js  
  inflating: /var/www/html/assets/circle-x-Cy6BMYzI.js  
  inflating: /var/www/html/assets/businessProposalCard-CSFYHNmC.js  
  inflating: /var/www/html/assets/pencil-DwqcytQp.js  
  inflating: /var/www/html/assets/ban-SXpoXhfb.js  
  inflating: /var/www/html/assets/plus-DFCNTS96.js  
  inflating: /var/www/html/assets/Tabs-Ymwf95jt.js  
  inflating: /var/www/html/assets/Stepper-Bo5HBfLe.js  
  inflating: /var/www/html/assets/MultipleImageUploader-qTFmzDwn.js  
  inflating: /var/www/html/assets/index-BuOCVYAj.js  
  inflating: /var/www/html/assets/supabase-bulk-emails-B93tNJgj.js  
  inflating: /var/www/html/assets/CreateNewBatch-CIGAInGo.js  
  inflating: /var/www/html/assets/CkEditor-DB-xnPA8.js  
  inflating: /var/www/html/assets/recipientFiltersState-DZVUxl1K.js  
  inflating: /var/www/html/assets/target-audience-C0zmVtsa.js  
  inflating: /var/www/html/assets/index-CTGxG2NO.js  
  inflating: /var/www/html/assets/CreateTargetAudience-DJQ7S3ET.js  
  inflating: /var/www/html/assets/EditTargetAudience-BXQqOOn1.js  
  inflating: /var/www/html/assets/index-C224DbRy.js  
  inflating: /var/www/html/assets/CreateBlog-B4jcpgSt.js  
  inflating: /var/www/html/assets/EditBlog-DlrBg6wy.js  
  inflating: /var/www/html/assets/index-B1Ezj-uF.js  
  inflating: /var/www/html/assets/index-CgWPuXBN.js  
  inflating: /var/www/html/assets/Dashboard-BJfEd54U.js  
  inflating: /var/www/html/assets/SimplifiedProfile-BVrohVRs.js  
  inflating: /var/www/html/assets/index-DmJbNk1N.js  
  inflating: /var/www/html/assets/HelpPageContent-CVUjLYHG.js  
  inflating: /var/www/html/assets/hash-BhDm5muZ.js  
  inflating: /var/www/html/assets/index-DUgWYTIs.js  
  inflating: /var/www/html/assets/bookmark-plus-Cj4AwDRD.js  
  inflating: /var/www/html/assets/index-C0YthL7E.js  
  inflating: /var/www/html/assets/index-CXOHreAg.js  
  inflating: /var/www/html/assets/Dashboard-BZw1QxS5.js  
  inflating: /var/www/html/assets/index-Dfq4-m7R.js  
  inflating: /var/www/html/assets/index-MTl9g6Kr.js  
  inflating: /var/www/html/assets/index-D3XPW3Mo.js  
  inflating: /var/www/html/assets/TicketDetailPage-TcUe9PiF.js  
  inflating: /var/www/html/index.html  
Saving Git logs repo SSH key...
Testing GitHub SSH key...
Cloning deployment-logs repo...
Cloning into 'logs-repo'...
