Installing dependencies...
npm warn deprecated w3c-hr-time@1.0.2: Use your platform's native performance.now() and performance.timeOrigin.
npm warn deprecated domexception@2.0.1: Use your platform's native DOMException instead
npm warn deprecated abab@2.0.6: Use your platform's native atob() and btoa() methods instead

> the-business-hub-pakistan@0.0.0 prepare
> husky

.git can't be found
added 1810 packages, and audited 1811 packages in 6m

253 packages are looking for funding
  run `npm fund` for details

79 vulnerabilities (3 low, 71 moderate, 5 high)

To address issues that do not require attention, run:
  npm audit fix

To address all issues possible (including breaking changes), run:
  npm audit fix --force

Some issues need review, and may require choosing
a different dependency.

Run `npm audit` for details.
Building React app...

> the-business-hub-pakistan@0.0.0 build
> vite build

vite v7.1.11 building for production...
transforming...
✓ 3126 modules transformed.
rendering chunks...
computing gzip size...
dist/index.html                                    2.18 kB │ gzip:   1.05 kB
dist/assets/verifiedBadge-CrcJq1tD.webp           10.83 kB
dist/assets/rectanglePlaceholder-nCbViREl.png     11.85 kB
dist/assets/goldenCheck-CnSHOmXW.webp             13.45 kB
dist/assets/irfanMalikBg-D4osmO_C.jpg             24.66 kB
dist/assets/proposal6-wLmvSjqd.webp               28.15 kB
dist/assets/placeholderMan-BvremNML.png           36.64 kB
dist/assets/handShake-Dk1DoagP.webp               65.18 kB
dist/assets/tower-gldBe0jJ.webp                   66.16 kB
dist/assets/tower2-LuqAcWCu.jpg                   72.52 kB
dist/assets/shakeelBg-NX99JDrP.jpg               143.15 kB
dist/assets/MainLogo-DJpFhlQE.png                144.86 kB
dist/assets/Fav-BPcykgsi.png                     147.34 kB
dist/assets/akhtar-qLBVRLf-.jpg                  173.92 kB
dist/assets/proposal5-DItum-r7.webp              174.24 kB
dist/assets/tower3-DpFzgoGy.jpg                  175.56 kB
dist/assets/proposal2-B9XZZX50.webp              192.62 kB
dist/assets/meerShinyDress-C8scZpYx.webp         229.68 kB
dist/assets/meerGreenJacket-ykCKR2uN.png         230.19 kB
dist/assets/arabic-BElshnQY.jpg                  238.42 kB
dist/assets/wasim-ETjjiRaD.jpg                   242.26 kB
dist/assets/salman-DD3Zraly.jpg                  255.18 kB
dist/assets/fahad-CnovJc60.jpg                   278.62 kB
dist/assets/tech-BdWyL5Pa.jpg                    281.71 kB
dist/assets/dubai-Bmqq4ymj.jpg                   311.77 kB
dist/assets/wasimAkramBg-D4BFEYu1.png            313.57 kB
dist/assets/video-poster-DrQklN8e.png            367.51 kB
dist/assets/proposal3-fxAFZeku.webp              445.47 kB
dist/assets/proposal4-CZk7QC75.webp              542.86 kB
dist/assets/proposal1-D37fvLUu.webp              779.05 kB
dist/assets/wasimAkram-CBOcRO9q.png            4,488.96 kB
dist/assets/BlogDetail-oNXnMkFG.css                0.63 kB │ gzip:   0.26 kB
dist/assets/style-DpsRipQV.css                     3.23 kB │ gzip:   0.73 kB
dist/assets/index-CLfW2zMP.css                   157.41 kB │ gzip:  21.48 kB
dist/assets/blogs-ChqPogSE.js                      0.04 kB │ gzip:   0.06 kB
dist/assets/webinarBanner-XLbHXaFF.js              0.17 kB │ gzip:   0.15 kB
dist/assets/useDebounce-DyRqaO3N.js                0.19 kB │ gzip:   0.17 kB
dist/assets/plus-CSyEGmLv.js                       0.33 kB │ gzip:   0.26 kB
dist/assets/arrow-left-B-lwtgjp.js                 0.34 kB │ gzip:   0.27 kB
dist/assets/circle-check-wjs09e3m.js               0.35 kB │ gzip:   0.27 kB
dist/assets/trending-up-DNnoooqR.js                0.35 kB │ gzip:   0.28 kB
dist/assets/ban-CS95PKB8.js                        0.35 kB │ gzip:   0.28 kB
dist/assets/info-DN5Y6opV.js                       0.37 kB │ gzip:   0.28 kB
dist/assets/rotate-ccw-Be7VFDEb.js                 0.37 kB │ gzip:   0.29 kB
dist/assets/circle-x-CgI9RFHm.js                   0.38 kB │ gzip:   0.28 kB
dist/assets/upload-oxFJbBsG.js                     0.40 kB │ gzip:   0.30 kB
dist/assets/index-BzbUo5yh.js                      0.41 kB │ gzip:   0.30 kB
dist/assets/index-BMYv_m2P.js                      0.41 kB │ gzip:   0.30 kB
dist/assets/globe-D-MTTIpz.js                      0.41 kB │ gzip:   0.30 kB
dist/assets/headphones-DsVPK2MB.js                 0.41 kB │ gzip:   0.29 kB
dist/assets/message-circle-6EKkGrn4.js             0.41 kB │ gzip:   0.32 kB
dist/assets/Dashboard-BxwFEzmx.js                  0.42 kB │ gzip:   0.29 kB
dist/assets/Dashboard-C1NAJ0CR.js                  0.42 kB │ gzip:   0.29 kB
dist/assets/circle-alert-fSYP2J2w.js               0.42 kB │ gzip:   0.30 kB
dist/assets/external-link--vne7MCb.js              0.42 kB │ gzip:   0.31 kB
dist/assets/funnel-Bk7cxsJ4.js                     0.42 kB │ gzip:   0.32 kB
dist/assets/calendar-CMf9mnsY.js                   0.43 kB │ gzip:   0.31 kB
dist/assets/pencil-DW6f1_kg.js                     0.45 kB │ gzip:   0.33 kB
dist/assets/bookmark-plus-GT_8JTfJ.js              0.45 kB │ gzip:   0.33 kB
dist/assets/hash-XjpIHMX-.js                       0.47 kB │ gzip:   0.30 kB
dist/assets/shield-check-D756mP2r.js               0.49 kB │ gzip:   0.36 kB
dist/assets/tag-NBUL-C_h.js                        0.49 kB │ gzip:   0.35 kB
dist/assets/support-ticket-events-BStecKgJ.js      0.50 kB │ gzip:   0.38 kB
dist/assets/sparkles-IP5Gcxon.js                   0.67 kB │ gzip:   0.39 kB
dist/assets/meta-pixel-CAHtMBtr.js                 0.82 kB │ gzip:   0.37 kB
dist/assets/CkEditor-SvlKOYrE.js                   0.85 kB │ gzip:   0.53 kB
dist/assets/InfoBox-CGb9mWr3.js                    0.86 kB │ gzip:   0.43 kB
dist/assets/CurrencyWithApprox-DzWLj9aC.js         0.91 kB │ gzip:   0.52 kB
dist/assets/Tabs-BGYId45b.js                       1.23 kB │ gzip:   0.65 kB
dist/assets/Pagination-CUKCOkxC.js                 1.32 kB │ gzip:   0.73 kB
dist/assets/ToggleChips-DrMIArLL.js                1.68 kB │ gzip:   0.83 kB
dist/assets/topCards-Cu-aI5OV.js                   1.71 kB │ gzip:   0.75 kB
dist/assets/ForgotPassword-BbVeJP7Y.js             2.11 kB │ gzip:   1.06 kB
dist/assets/FounderThankYou-Dpgy4kmZ.js            2.22 kB │ gzip:   1.08 kB
dist/assets/FilterDrawer-DGAwd_Kl.js               2.26 kB │ gzip:   0.96 kB
dist/assets/ResetPassword-DvY3A3_b.js              2.34 kB │ gzip:   1.05 kB
dist/assets/InvestorThankYou-14YlSyG8.js           2.35 kB │ gzip:   1.15 kB
dist/assets/MultipleImageUploader-D26iZWmm.js      2.61 kB │ gzip:   1.14 kB
dist/assets/toolbar-DyV5wX1S.js                    2.69 kB │ gzip:   1.15 kB
dist/assets/AuthCallback-BjBTRmSj.js               2.71 kB │ gzip:   1.29 kB
dist/assets/ImageUploader-BTIQxFqA.js              2.74 kB │ gzip:   1.19 kB
dist/assets/index-E3MfXbnN.js                      2.86 kB │ gzip:   1.36 kB
dist/assets/index-B2TJMp5p.js                      2.99 kB │ gzip:   1.50 kB
dist/assets/index-w8FVqS_V.js                      3.06 kB │ gzip:   1.49 kB
dist/assets/index-DuLhI5ZE.js                      3.19 kB │ gzip:   1.52 kB
dist/assets/supabase-bulk-emails-D53ijwNA.js       3.26 kB │ gzip:   1.20 kB
dist/assets/index-DcQiEQoa.js                      3.48 kB │ gzip:   1.68 kB
dist/assets/index-PNgO1tem.js                      3.51 kB │ gzip:   1.61 kB
dist/assets/index-GuhCGH2Q.js                      3.80 kB │ gzip:   1.82 kB
dist/assets/target-audience-CfAxVjdf.js            4.02 kB │ gzip:   1.16 kB
dist/assets/index-BD74-K8l.js                      4.34 kB │ gzip:   1.97 kB
dist/assets/index-BoQERCeW.js                      4.35 kB │ gzip:   1.98 kB
dist/assets/index-D6wGa4Dw.js                      4.51 kB │ gzip:   2.06 kB
dist/assets/ContactSupport-BGejAqij.js             4.63 kB │ gzip:   1.93 kB
dist/assets/Stepper-BH8R3UL0.js                    4.66 kB │ gzip:   2.02 kB
dist/assets/Login-Be7z-OKK.js                      4.74 kB │ gzip:   1.95 kB
dist/assets/index-BLtnlFHw.js                      5.07 kB │ gzip:   2.18 kB
dist/assets/CreateBlog-DzeyIcFn.js                 5.16 kB │ gzip:   2.20 kB
dist/assets/AllBlogs-CY3nNi1b.js                   5.17 kB │ gzip:   2.06 kB
dist/assets/SelectRole-CgCh9SuT.js                 5.41 kB │ gzip:   2.29 kB
dist/assets/HelpPageContent-DxqiKYBD.js            5.51 kB │ gzip:   2.01 kB
dist/assets/index-CegLKF4H.js                      5.53 kB │ gzip:   2.51 kB
dist/assets/VerifyUserEmail-BlZ0swvw.js            5.82 kB │ gzip:   2.08 kB
dist/assets/EditBlog-wWCVpCuS.js                   6.02 kB │ gzip:   2.57 kB
dist/assets/ViewRemindersModal-CiK0wkt6.js         6.22 kB │ gzip:   2.35 kB
dist/assets/Profile-BbRD4CXP.js                    6.86 kB │ gzip:   2.19 kB
dist/assets/SignUp-D_pzEIrt.js                     7.08 kB │ gzip:   2.67 kB
dist/assets/CreateTargetAudience-CUrfqc9d.js       7.35 kB │ gzip:   2.67 kB
dist/assets/index-C9CswVjG.js                      8.01 kB │ gzip:   2.95 kB
dist/assets/EditTargetAudience-U9T1h2mm.js         8.76 kB │ gzip:   2.95 kB
dist/assets/index-DFAc55P_.js                      9.23 kB │ gzip:   3.81 kB
dist/assets/index-BB4P3YFv.js                      9.77 kB │ gzip:   3.61 kB
dist/assets/index-CqYQKX4Z.js                      9.93 kB │ gzip:   3.22 kB
dist/assets/businessProposalCard-DLe79iuo.js      10.05 kB │ gzip:   3.50 kB
dist/assets/table-DlG0e0Gg.js                     10.99 kB │ gzip:   3.44 kB
dist/assets/TicketDetailPage-BT0SAKqF.js          12.90 kB │ gzip:   4.06 kB
dist/assets/SimplifiedProfile-B8p5trse.js         13.76 kB │ gzip:   3.64 kB
dist/assets/index-lgeEh_k2.js                     15.62 kB │ gzip:   4.81 kB
dist/assets/EditFounder-BF_DpkSv.js               18.01 kB │ gzip:   4.38 kB
dist/assets/index-CHWJG6pz.js                     18.43 kB │ gzip:   5.94 kB
dist/assets/EditInvestor-vMiO2wTQ.js              18.98 kB │ gzip:   4.65 kB
dist/assets/CreateNewBatch-CsO3nlLI.js            20.01 kB │ gzip:   5.13 kB
dist/assets/index-D4Jongy7.js                     20.08 kB │ gzip:   6.61 kB
dist/assets/index-CWtp3ufm.js                     20.13 kB │ gzip:   5.41 kB
dist/assets/BlogDetail-CAFspRIr.js                21.41 kB │ gzip:   8.68 kB
dist/assets/index-D5BOUroT.js                     22.92 kB │ gzip:   6.81 kB
dist/assets/index-D-5L93MY.js                     23.59 kB │ gzip:   7.35 kB
dist/assets/ViewBusinessProposal-CjnIF2pS.js      25.92 kB │ gzip:   6.38 kB
dist/assets/index-eoFoMhb5.js                     29.46 kB │ gzip:   9.03 kB
dist/assets/Landing-Dqr8unHy.js                  152.11 kB │ gzip:  53.64 kB
dist/assets/xlsx-DGuHH-KN.js                     429.49 kB │ gzip: 143.07 kB
dist/assets/index-DZF1LNPd.js                    637.97 kB │ gzip: 171.15 kB
dist/assets/index-D_IQZUgB.js                  2,836.81 kB │ gzip: 757.98 kB

(!) Some chunks are larger than 1500 kB after minification. Consider:
- Using dynamic import() to code-split the application
- Use build.rollupOptions.output.manualChunks to improve chunking: https://rollupjs.org/configuration-options/#output-manualchunks
- Adjust chunk size limit for this warning via build.chunkSizeWarningLimit.
✓ built in 18.71s
Packaging build...
  adding: favicon.ico (deflated 13%)
  adding: robots.txt (deflated 3%)
  adding: sitemap.xml (deflated 60%)
  adding: assets/ (stored 0%)
  adding: assets/video-poster-DrQklN8e.png (deflated 0%)
  adding: assets/irfanMalikBg-D4osmO_C.jpg (deflated 1%)
  adding: assets/meerGreenJacket-ykCKR2uN.png (deflated 0%)
  adding: assets/meerShinyDress-C8scZpYx.webp (deflated 0%)
  adding: assets/shakeelBg-NX99JDrP.jpg (deflated 0%)
  adding: assets/wasimAkramBg-D4BFEYu1.png (deflated 0%)
  adding: assets/dubai-Bmqq4ymj.jpg (deflated 0%)
  adding: assets/fahad-CnovJc60.jpg (deflated 0%)
  adding: assets/salman-DD3Zraly.jpg (deflated 0%)
  adding: assets/tech-BdWyL5Pa.jpg (deflated 0%)
  adding: assets/wasim-ETjjiRaD.jpg (deflated 0%)
  adding: assets/placeholderMan-BvremNML.png (deflated 3%)
  adding: assets/rectanglePlaceholder-nCbViREl.png (deflated 31%)
  adding: assets/Fav-BPcykgsi.png (deflated 5%)
  adding: assets/MainLogo-DJpFhlQE.png (deflated 4%)
  adding: assets/goldenCheck-CnSHOmXW.webp (stored 0%)
  adding: assets/akhtar-qLBVRLf-.jpg (deflated 1%)
  adding: assets/arabic-BElshnQY.jpg (deflated 0%)
  adding: assets/tower2-LuqAcWCu.jpg (deflated 2%)
  adding: assets/tower3-DpFzgoGy.jpg (deflated 0%)
  adding: assets/proposal2-B9XZZX50.webp (deflated 3%)
  adding: assets/proposal3-fxAFZeku.webp (deflated 1%)
  adding: assets/proposal5-DItum-r7.webp (deflated 4%)
  adding: assets/proposal6-wLmvSjqd.webp (deflated 0%)
  adding: assets/handShake-Dk1DoagP.webp (deflated 0%)
  adding: assets/verifiedBadge-CrcJq1tD.webp (deflated 1%)
  adding: assets/tower-gldBe0jJ.webp (deflated 0%)
  adding: assets/proposal1-D37fvLUu.webp (deflated 1%)
  adding: assets/proposal4-CZk7QC75.webp (deflated 1%)
  adding: assets/wasimAkram-CBOcRO9q.png (deflated 1%)
  adding: assets/index-CLfW2zMP.css (deflated 86%)
  adding: assets/BlogDetail-oNXnMkFG.css (deflated 62%)
  adding: assets/style-DpsRipQV.css (deflated 78%)
  adding: assets/index-D_IQZUgB.js (deflated 73%)
  adding: assets/xlsx-DGuHH-KN.js (deflated 67%)
  adding: assets/Landing-Dqr8unHy.js (deflated 65%)
  adding: assets/BlogDetail-CAFspRIr.js (deflated 60%)
  adding: assets/AllBlogs-CY3nNi1b.js (deflated 60%)
  adding: assets/index-B2TJMp5p.js (deflated 50%)
  adding: assets/index-E3MfXbnN.js (deflated 53%)
  adding: assets/index-DuLhI5ZE.js (deflated 53%)
  adding: assets/index-w8FVqS_V.js (deflated 52%)
  adding: assets/index-PNgO1tem.js (deflated 54%)
  adding: assets/SignUp-D_pzEIrt.js (deflated 63%)
  adding: assets/ForgotPassword-BbVeJP7Y.js (deflated 51%)
  adding: assets/VerifyUserEmail-BlZ0swvw.js (deflated 64%)
  adding: assets/ResetPassword-DvY3A3_b.js (deflated 56%)
  adding: assets/ContactSupport-BGejAqij.js (deflated 59%)
  adding: assets/AuthCallback-BjBTRmSj.js (deflated 53%)
  adding: assets/SelectRole-CgCh9SuT.js (deflated 58%)
  adding: assets/InvestorThankYou-14YlSyG8.js (deflated 51%)
  adding: assets/FounderThankYou-Dpgy4kmZ.js (deflated 52%)
  adding: assets/Login-Be7z-OKK.js (deflated 59%)
  adding: assets/Profile-BbRD4CXP.js (deflated 68%)
  adding: assets/index-CegLKF4H.js (deflated 55%)
  adding: assets/index-eoFoMhb5.js (deflated 70%)
  adding: assets/EditInvestor-vMiO2wTQ.js (deflated 76%)
  adding: assets/index-D-5L93MY.js (deflated 69%)
  adding: assets/ViewRemindersModal-CiK0wkt6.js (deflated 63%)
  adding: assets/tag-NBUL-C_h.js (deflated 33%)
  adding: assets/EditFounder-BF_DpkSv.js (deflated 76%)
  adding: assets/index-DFAc55P_.js (deflated 59%)
  adding: assets/index-D4Jongy7.js (deflated 67%)
  adding: assets/index-CHWJG6pz.js (deflated 68%)
  adding: assets/ViewBusinessProposal-CjnIF2pS.js (deflated 75%)
  adding: assets/circle-check-wjs09e3m.js (deflated 27%)
  adding: assets/index-D5BOUroT.js (deflated 70%)
  adding: assets/meta-pixel-CAHtMBtr.js (deflated 57%)
  adding: assets/shield-check-D756mP2r.js (deflated 31%)
  adding: assets/sparkles-IP5Gcxon.js (deflated 45%)
  adding: assets/trending-up-DNnoooqR.js (deflated 25%)
  adding: assets/globe-D-MTTIpz.js (deflated 32%)
  adding: assets/blogs-ChqPogSE.js (stored 0%)
  adding: assets/calendar-CMf9mnsY.js (deflated 33%)
  adding: assets/index-DcQiEQoa.js (deflated 53%)
  adding: assets/message-circle-6EKkGrn4.js (deflated 27%)
  adding: assets/arrow-left-B-lwtgjp.js (deflated 25%)
  adding: assets/InfoBox-CGb9mWr3.js (deflated 51%)
  adding: assets/info-DN5Y6opV.js (deflated 29%)
  adding: assets/circle-alert-fSYP2J2w.js (deflated 35%)
  adding: assets/index-DZF1LNPd.js (deflated 73%)
  adding: assets/topCards-Cu-aI5OV.js (deflated 57%)
  adding: assets/webinarBanner-XLbHXaFF.js (deflated 25%)
  adding: assets/CurrencyWithApprox-DzWLj9aC.js (deflated 45%)
  adding: assets/ImageUploader-BTIQxFqA.js (deflated 58%)
  adding: assets/external-link--vne7MCb.js (deflated 32%)
  adding: assets/upload-oxFJbBsG.js (deflated 30%)
  adding: assets/table-DlG0e0Gg.js (deflated 69%)
  adding: assets/toolbar-DyV5wX1S.js (deflated 58%)
  adding: assets/useDebounce-DyRqaO3N.js (deflated 21%)
  adding: assets/support-ticket-events-BStecKgJ.js (deflated 29%)
  adding: assets/headphones-DsVPK2MB.js (deflated 33%)
  adding: assets/Pagination-CUKCOkxC.js (deflated 47%)
  adding: assets/funnel-Bk7cxsJ4.js (deflated 30%)
  adding: assets/FilterDrawer-DGAwd_Kl.js (deflated 58%)
  adding: assets/rotate-ccw-Be7VFDEb.js (deflated 27%)
  adding: assets/ToggleChips-DrMIArLL.js (deflated 51%)
  adding: assets/circle-x-CgI9RFHm.js (deflated 30%)
  adding: assets/businessProposalCard-DLe79iuo.js (deflated 66%)
  adding: assets/pencil-DW6f1_kg.js (deflated 30%)
  adding: assets/ban-CS95PKB8.js (deflated 26%)
  adding: assets/plus-CSyEGmLv.js (deflated 27%)
  adding: assets/Tabs-BGYId45b.js (deflated 49%)
  adding: assets/Stepper-BH8R3UL0.js (deflated 57%)
  adding: assets/MultipleImageUploader-D26iZWmm.js (deflated 57%)
  adding: assets/index-CqYQKX4Z.js (deflated 68%)
  adding: assets/supabase-bulk-emails-D53ijwNA.js (deflated 64%)
  adding: assets/CreateNewBatch-CsO3nlLI.js (deflated 74%)
  adding: assets/CkEditor-SvlKOYrE.js (deflated 40%)
  adding: assets/target-audience-CfAxVjdf.js (deflated 72%)
  adding: assets/index-BD74-K8l.js (deflated 55%)
  adding: assets/CreateTargetAudience-CUrfqc9d.js (deflated 64%)
  adding: assets/EditTargetAudience-U9T1h2mm.js (deflated 67%)
  adding: assets/index-BLtnlFHw.js (deflated 57%)
  adding: assets/CreateBlog-DzeyIcFn.js (deflated 58%)
  adding: assets/EditBlog-wWCVpCuS.js (deflated 57%)
  adding: assets/index-lgeEh_k2.js (deflated 69%)
  adding: assets/index-C9CswVjG.js (deflated 63%)
  adding: assets/Dashboard-C1NAJ0CR.js (deflated 37%)
  adding: assets/SimplifiedProfile-B8p5trse.js (deflated 74%)
  adding: assets/index-BMYv_m2P.js (deflated 32%)
  adding: assets/HelpPageContent-DxqiKYBD.js (deflated 64%)
  adding: assets/hash-XjpIHMX-.js (deflated 40%)
  adding: assets/index-D6wGa4Dw.js (deflated 55%)
  adding: assets/bookmark-plus-GT_8JTfJ.js (deflated 32%)
  adding: assets/index-GuhCGH2Q.js (deflated 52%)
  adding: assets/index-BoQERCeW.js (deflated 55%)
  adding: assets/Dashboard-BxwFEzmx.js (deflated 37%)
  adding: assets/index-CWtp3ufm.js (deflated 73%)
  adding: assets/index-BB4P3YFv.js (deflated 63%)
  adding: assets/index-BzbUo5yh.js (deflated 32%)
  adding: assets/TicketDetailPage-BT0SAKqF.js (deflated 69%)
  adding: index.html (deflated 52%)
Saving Lightsail SSH key...
Uploading build to Lightsail...
Warning: Permanently added '15.207.22.250' (ED25519) to the list of known hosts.
Deploying build to /var/www/html ...
Archive:  /home/ubuntu/react-build.zip
  inflating: /var/www/html/favicon.ico  
  inflating: /var/www/html/robots.txt  
  inflating: /var/www/html/sitemap.xml  
   creating: /var/www/html/assets/
  inflating: /var/www/html/assets/video-poster-DrQklN8e.png  
  inflating: /var/www/html/assets/irfanMalikBg-D4osmO_C.jpg  
  inflating: /var/www/html/assets/meerGreenJacket-ykCKR2uN.png  
  inflating: /var/www/html/assets/meerShinyDress-C8scZpYx.webp  
  inflating: /var/www/html/assets/shakeelBg-NX99JDrP.jpg  
  inflating: /var/www/html/assets/wasimAkramBg-D4BFEYu1.png  
  inflating: /var/www/html/assets/dubai-Bmqq4ymj.jpg  
  inflating: /var/www/html/assets/fahad-CnovJc60.jpg  
  inflating: /var/www/html/assets/salman-DD3Zraly.jpg  
  inflating: /var/www/html/assets/tech-BdWyL5Pa.jpg  
  inflating: /var/www/html/assets/wasim-ETjjiRaD.jpg  
  inflating: /var/www/html/assets/placeholderMan-BvremNML.png  
  inflating: /var/www/html/assets/rectanglePlaceholder-nCbViREl.png  
  inflating: /var/www/html/assets/Fav-BPcykgsi.png  
  inflating: /var/www/html/assets/MainLogo-DJpFhlQE.png  
 extracting: /var/www/html/assets/goldenCheck-CnSHOmXW.webp  
  inflating: /var/www/html/assets/akhtar-qLBVRLf-.jpg  
  inflating: /var/www/html/assets/arabic-BElshnQY.jpg  
  inflating: /var/www/html/assets/tower2-LuqAcWCu.jpg  
  inflating: /var/www/html/assets/tower3-DpFzgoGy.jpg  
  inflating: /var/www/html/assets/proposal2-B9XZZX50.webp  
  inflating: /var/www/html/assets/proposal3-fxAFZeku.webp  
  inflating: /var/www/html/assets/proposal5-DItum-r7.webp  
  inflating: /var/www/html/assets/proposal6-wLmvSjqd.webp  
  inflating: /var/www/html/assets/handShake-Dk1DoagP.webp  
  inflating: /var/www/html/assets/verifiedBadge-CrcJq1tD.webp  
  inflating: /var/www/html/assets/tower-gldBe0jJ.webp  
  inflating: /var/www/html/assets/proposal1-D37fvLUu.webp  
  inflating: /var/www/html/assets/proposal4-CZk7QC75.webp  
  inflating: /var/www/html/assets/wasimAkram-CBOcRO9q.png  
  inflating: /var/www/html/assets/index-CLfW2zMP.css  
  inflating: /var/www/html/assets/BlogDetail-oNXnMkFG.css  
  inflating: /var/www/html/assets/style-DpsRipQV.css  
  inflating: /var/www/html/assets/index-D_IQZUgB.js  
  inflating: /var/www/html/assets/xlsx-DGuHH-KN.js  
  inflating: /var/www/html/assets/Landing-Dqr8unHy.js  
  inflating: /var/www/html/assets/BlogDetail-CAFspRIr.js  
  inflating: /var/www/html/assets/AllBlogs-CY3nNi1b.js  
  inflating: /var/www/html/assets/index-B2TJMp5p.js  
  inflating: /var/www/html/assets/index-E3MfXbnN.js  
  inflating: /var/www/html/assets/index-DuLhI5ZE.js  
  inflating: /var/www/html/assets/index-w8FVqS_V.js  
  inflating: /var/www/html/assets/index-PNgO1tem.js  
  inflating: /var/www/html/assets/SignUp-D_pzEIrt.js  
  inflating: /var/www/html/assets/ForgotPassword-BbVeJP7Y.js  
  inflating: /var/www/html/assets/VerifyUserEmail-BlZ0swvw.js  
  inflating: /var/www/html/assets/ResetPassword-DvY3A3_b.js  
  inflating: /var/www/html/assets/ContactSupport-BGejAqij.js  
  inflating: /var/www/html/assets/AuthCallback-BjBTRmSj.js  
  inflating: /var/www/html/assets/SelectRole-CgCh9SuT.js  
  inflating: /var/www/html/assets/InvestorThankYou-14YlSyG8.js  
  inflating: /var/www/html/assets/FounderThankYou-Dpgy4kmZ.js  
  inflating: /var/www/html/assets/Login-Be7z-OKK.js  
  inflating: /var/www/html/assets/Profile-BbRD4CXP.js  
  inflating: /var/www/html/assets/index-CegLKF4H.js  
  inflating: /var/www/html/assets/index-eoFoMhb5.js  
  inflating: /var/www/html/assets/EditInvestor-vMiO2wTQ.js  
  inflating: /var/www/html/assets/index-D-5L93MY.js  
  inflating: /var/www/html/assets/ViewRemindersModal-CiK0wkt6.js  
  inflating: /var/www/html/assets/tag-NBUL-C_h.js  
  inflating: /var/www/html/assets/EditFounder-BF_DpkSv.js  
  inflating: /var/www/html/assets/index-DFAc55P_.js  
  inflating: /var/www/html/assets/index-D4Jongy7.js  
  inflating: /var/www/html/assets/index-CHWJG6pz.js  
  inflating: /var/www/html/assets/ViewBusinessProposal-CjnIF2pS.js  
  inflating: /var/www/html/assets/circle-check-wjs09e3m.js  
  inflating: /var/www/html/assets/index-D5BOUroT.js  
  inflating: /var/www/html/assets/meta-pixel-CAHtMBtr.js  
  inflating: /var/www/html/assets/shield-check-D756mP2r.js  
  inflating: /var/www/html/assets/sparkles-IP5Gcxon.js  
  inflating: /var/www/html/assets/trending-up-DNnoooqR.js  
  inflating: /var/www/html/assets/globe-D-MTTIpz.js  
 extracting: /var/www/html/assets/blogs-ChqPogSE.js  
  inflating: /var/www/html/assets/calendar-CMf9mnsY.js  
  inflating: /var/www/html/assets/index-DcQiEQoa.js  
  inflating: /var/www/html/assets/message-circle-6EKkGrn4.js  
  inflating: /var/www/html/assets/arrow-left-B-lwtgjp.js  
  inflating: /var/www/html/assets/InfoBox-CGb9mWr3.js  
  inflating: /var/www/html/assets/info-DN5Y6opV.js  
  inflating: /var/www/html/assets/circle-alert-fSYP2J2w.js  
  inflating: /var/www/html/assets/index-DZF1LNPd.js  
  inflating: /var/www/html/assets/topCards-Cu-aI5OV.js  
  inflating: /var/www/html/assets/webinarBanner-XLbHXaFF.js  
  inflating: /var/www/html/assets/CurrencyWithApprox-DzWLj9aC.js  
  inflating: /var/www/html/assets/ImageUploader-BTIQxFqA.js  
  inflating: /var/www/html/assets/external-link--vne7MCb.js  
  inflating: /var/www/html/assets/upload-oxFJbBsG.js  
  inflating: /var/www/html/assets/table-DlG0e0Gg.js  
  inflating: /var/www/html/assets/toolbar-DyV5wX1S.js  
  inflating: /var/www/html/assets/useDebounce-DyRqaO3N.js  
  inflating: /var/www/html/assets/support-ticket-events-BStecKgJ.js  
  inflating: /var/www/html/assets/headphones-DsVPK2MB.js  
  inflating: /var/www/html/assets/Pagination-CUKCOkxC.js  
  inflating: /var/www/html/assets/funnel-Bk7cxsJ4.js  
  inflating: /var/www/html/assets/FilterDrawer-DGAwd_Kl.js  
  inflating: /var/www/html/assets/rotate-ccw-Be7VFDEb.js  
  inflating: /var/www/html/assets/ToggleChips-DrMIArLL.js  
  inflating: /var/www/html/assets/circle-x-CgI9RFHm.js  
  inflating: /var/www/html/assets/businessProposalCard-DLe79iuo.js  
  inflating: /var/www/html/assets/pencil-DW6f1_kg.js  
  inflating: /var/www/html/assets/ban-CS95PKB8.js  
  inflating: /var/www/html/assets/plus-CSyEGmLv.js  
  inflating: /var/www/html/assets/Tabs-BGYId45b.js  
  inflating: /var/www/html/assets/Stepper-BH8R3UL0.js  
  inflating: /var/www/html/assets/MultipleImageUploader-D26iZWmm.js  
  inflating: /var/www/html/assets/index-CqYQKX4Z.js  
  inflating: /var/www/html/assets/supabase-bulk-emails-D53ijwNA.js  
  inflating: /var/www/html/assets/CreateNewBatch-CsO3nlLI.js  
  inflating: /var/www/html/assets/CkEditor-SvlKOYrE.js  
  inflating: /var/www/html/assets/target-audience-CfAxVjdf.js  
  inflating: /var/www/html/assets/index-BD74-K8l.js  
  inflating: /var/www/html/assets/CreateTargetAudience-CUrfqc9d.js  
  inflating: /var/www/html/assets/EditTargetAudience-U9T1h2mm.js  
  inflating: /var/www/html/assets/index-BLtnlFHw.js  
  inflating: /var/www/html/assets/CreateBlog-DzeyIcFn.js  
  inflating: /var/www/html/assets/EditBlog-wWCVpCuS.js  
  inflating: /var/www/html/assets/index-lgeEh_k2.js  
  inflating: /var/www/html/assets/index-C9CswVjG.js  
  inflating: /var/www/html/assets/Dashboard-C1NAJ0CR.js  
  inflating: /var/www/html/assets/SimplifiedProfile-B8p5trse.js  
  inflating: /var/www/html/assets/index-BMYv_m2P.js  
  inflating: /var/www/html/assets/HelpPageContent-DxqiKYBD.js  
  inflating: /var/www/html/assets/hash-XjpIHMX-.js  
  inflating: /var/www/html/assets/index-D6wGa4Dw.js  
  inflating: /var/www/html/assets/bookmark-plus-GT_8JTfJ.js  
  inflating: /var/www/html/assets/index-GuhCGH2Q.js  
  inflating: /var/www/html/assets/index-BoQERCeW.js  
  inflating: /var/www/html/assets/Dashboard-BxwFEzmx.js  
  inflating: /var/www/html/assets/index-CWtp3ufm.js  
  inflating: /var/www/html/assets/index-BB4P3YFv.js  
  inflating: /var/www/html/assets/index-BzbUo5yh.js  
  inflating: /var/www/html/assets/TicketDetailPage-BT0SAKqF.js  
  inflating: /var/www/html/index.html  
Saving Git logs repo SSH key...
Testing GitHub SSH key...
Cloning deployment-logs repo...
Cloning into 'logs-repo'...
