Installing dependencies...
npm warn deprecated w3c-hr-time@1.0.2: Use your platform's native performance.now() and performance.timeOrigin.
npm warn deprecated domexception@2.0.1: Use your platform's native DOMException instead
npm warn deprecated abab@2.0.6: Use your platform's native atob() and btoa() methods instead

> the-business-hub-pakistan@0.0.0 prepare
> husky

.git can't be found
added 1810 packages, and audited 1811 packages in 6m

253 packages are looking for funding
  run `npm fund` for details

79 vulnerabilities (3 low, 71 moderate, 5 high)

To address issues that do not require attention, run:
  npm audit fix

To address all issues possible (including breaking changes), run:
  npm audit fix --force

Some issues need review, and may require choosing
a different dependency.

Run `npm audit` for details.
Building React app...

> the-business-hub-pakistan@0.0.0 build
> vite build

vite v7.1.11 building for production...
transforming...
✓ 3131 modules transformed.
rendering chunks...
computing gzip size...
dist/index.html                                    2.18 kB │ gzip:   1.05 kB
dist/assets/verifiedBadge-CrcJq1tD.webp           10.83 kB
dist/assets/rectanglePlaceholder-nCbViREl.png     11.85 kB
dist/assets/goldenCheck-CnSHOmXW.webp             13.45 kB
dist/assets/irfanMalikBg-D4osmO_C.jpg             24.66 kB
dist/assets/proposal6-wLmvSjqd.webp               28.15 kB
dist/assets/placeholderMan-BvremNML.png           36.64 kB
dist/assets/handShake-Dk1DoagP.webp               65.18 kB
dist/assets/tower-gldBe0jJ.webp                   66.16 kB
dist/assets/tower2-LuqAcWCu.jpg                   72.52 kB
dist/assets/shakeelBg-NX99JDrP.jpg               143.15 kB
dist/assets/MainLogo-DJpFhlQE.png                144.86 kB
dist/assets/Fav-BPcykgsi.png                     147.34 kB
dist/assets/akhtar-qLBVRLf-.jpg                  173.92 kB
dist/assets/proposal5-DItum-r7.webp              174.24 kB
dist/assets/tower3-DpFzgoGy.jpg                  175.56 kB
dist/assets/proposal2-B9XZZX50.webp              192.62 kB
dist/assets/meerShinyDress-C8scZpYx.webp         229.68 kB
dist/assets/meerGreenJacket-ykCKR2uN.png         230.19 kB
dist/assets/arabic-BElshnQY.jpg                  238.42 kB
dist/assets/wasim-ETjjiRaD.jpg                   242.26 kB
dist/assets/salman-DD3Zraly.jpg                  255.18 kB
dist/assets/fahad-CnovJc60.jpg                   278.62 kB
dist/assets/tech-BdWyL5Pa.jpg                    281.71 kB
dist/assets/dubai-Bmqq4ymj.jpg                   311.77 kB
dist/assets/wasimAkramBg-D4BFEYu1.png            313.57 kB
dist/assets/video-poster-DrQklN8e.png            367.51 kB
dist/assets/proposal3-fxAFZeku.webp              445.47 kB
dist/assets/proposal4-CZk7QC75.webp              542.86 kB
dist/assets/proposal1-D37fvLUu.webp              779.05 kB
dist/assets/wasimAkram-CBOcRO9q.png            4,488.96 kB
dist/assets/BlogDetail-oNXnMkFG.css                0.63 kB │ gzip:   0.26 kB
dist/assets/style-DpsRipQV.css                     3.23 kB │ gzip:   0.73 kB
dist/assets/index-CLfW2zMP.css                   157.41 kB │ gzip:  21.48 kB
dist/assets/blogs-ChqPogSE.js                      0.04 kB │ gzip:   0.06 kB
dist/assets/webinarBanner-XLbHXaFF.js              0.17 kB │ gzip:   0.15 kB
dist/assets/useDebounce-BMpYaqad.js                0.19 kB │ gzip:   0.17 kB
dist/assets/plus-Ctmm2CIy.js                       0.33 kB │ gzip:   0.25 kB
dist/assets/arrow-left-BGwQ7TEn.js                 0.34 kB │ gzip:   0.27 kB
dist/assets/circle-check-BpPm5R94.js               0.35 kB │ gzip:   0.27 kB
dist/assets/trending-up-C4e-SWob.js                0.35 kB │ gzip:   0.28 kB
dist/assets/ban-BL43EFFd.js                        0.35 kB │ gzip:   0.28 kB
dist/assets/info-Dz7z-QhS.js                       0.37 kB │ gzip:   0.28 kB
dist/assets/rotate-ccw-BqMhVnQt.js                 0.37 kB │ gzip:   0.29 kB
dist/assets/circle-x-BRDPZEy0.js                   0.38 kB │ gzip:   0.28 kB
dist/assets/upload-OPp_qGjK.js                     0.40 kB │ gzip:   0.30 kB
dist/assets/index-B1mAVTHs.js                      0.41 kB │ gzip:   0.30 kB
dist/assets/index-DICcDSBG.js                      0.41 kB │ gzip:   0.30 kB
dist/assets/globe-CTFS0CQm.js                      0.41 kB │ gzip:   0.30 kB
dist/assets/headphones-BGTKwuCh.js                 0.41 kB │ gzip:   0.29 kB
dist/assets/message-circle-b3z6TdVy.js             0.41 kB │ gzip:   0.32 kB
dist/assets/Dashboard-u7FyCH-o.js                  0.42 kB │ gzip:   0.28 kB
dist/assets/Dashboard-CKmTlZGy.js                  0.42 kB │ gzip:   0.28 kB
dist/assets/circle-alert-CKtplZ_b.js               0.42 kB │ gzip:   0.30 kB
dist/assets/external-link-CZXC2CKg.js              0.42 kB │ gzip:   0.30 kB
dist/assets/funnel-DMapIsC2.js                     0.42 kB │ gzip:   0.31 kB
dist/assets/calendar-D2mH_u5-.js                   0.43 kB │ gzip:   0.31 kB
dist/assets/pencil-Idy-TXj1.js                     0.45 kB │ gzip:   0.33 kB
dist/assets/bookmark-plus-BjUIKE_7.js              0.45 kB │ gzip:   0.33 kB
dist/assets/hash-D-S9DomB.js                       0.47 kB │ gzip:   0.30 kB
dist/assets/shield-check-CTUIEW4P.js               0.49 kB │ gzip:   0.35 kB
dist/assets/tag-DjY6lMYe.js                        0.49 kB │ gzip:   0.35 kB
dist/assets/support-ticket-events-BPcn3nB7.js      0.50 kB │ gzip:   0.37 kB
dist/assets/sparkles-ChaPoPAN.js                   0.67 kB │ gzip:   0.39 kB
dist/assets/meta-pixel-CAHtMBtr.js                 0.82 kB │ gzip:   0.37 kB
dist/assets/CkEditor-NYTtFEhm.js                   0.85 kB │ gzip:   0.53 kB
dist/assets/InfoBox-DcDa8KM0.js                    0.86 kB │ gzip:   0.43 kB
dist/assets/CurrencyWithApprox-CMUJb_Bi.js         0.91 kB │ gzip:   0.52 kB
dist/assets/Tabs-B-utq6Hw.js                       1.23 kB │ gzip:   0.65 kB
dist/assets/Pagination-CYnFX2An.js                 1.32 kB │ gzip:   0.73 kB
dist/assets/ToggleChips-BJrWDixY.js                1.68 kB │ gzip:   0.83 kB
dist/assets/topCards-ukwFDDNj.js                   1.71 kB │ gzip:   0.75 kB
dist/assets/ForgotPassword-aogpyroS.js             2.11 kB │ gzip:   1.06 kB
dist/assets/FounderThankYou-CCYFzEY1.js            2.22 kB │ gzip:   1.08 kB
dist/assets/FilterDrawer-fA3wBuY-.js               2.25 kB │ gzip:   0.96 kB
dist/assets/ResetPassword-aqngLYZL.js              2.34 kB │ gzip:   1.05 kB
dist/assets/InvestorThankYou-Bl5-F4Jk.js           2.35 kB │ gzip:   1.15 kB
dist/assets/recipientFiltersState-CWTAzA22.js      2.50 kB │ gzip:   0.93 kB
dist/assets/MultipleImageUploader-DAThWkrK.js      2.61 kB │ gzip:   1.14 kB
dist/assets/toolbar-CJY7m5_-.js                    2.70 kB │ gzip:   1.15 kB
dist/assets/AuthCallback-DlPSgmbT.js               2.71 kB │ gzip:   1.29 kB
dist/assets/ImageUploader-DX1sdxIU.js              2.74 kB │ gzip:   1.19 kB
dist/assets/index-BnY3mVZA.js                      2.86 kB │ gzip:   1.36 kB
dist/assets/index-Vk4465lM.js                      2.99 kB │ gzip:   1.50 kB
dist/assets/index-CpuF5Vz0.js                      3.06 kB │ gzip:   1.48 kB
dist/assets/index-DgAJBDMF.js                      3.19 kB │ gzip:   1.52 kB
dist/assets/supabase-bulk-emails-DoTx1lU8.js       3.26 kB │ gzip:   1.20 kB
dist/assets/index-3v03JOLI.js                      3.48 kB │ gzip:   1.67 kB
dist/assets/index-C98M3ZQQ.js                      3.51 kB │ gzip:   1.61 kB
dist/assets/index-doLtlv-q.js                      3.80 kB │ gzip:   1.82 kB
dist/assets/target-audience-B3pkj4FN.js            4.02 kB │ gzip:   1.16 kB
dist/assets/index-miFf47mp.js                      4.34 kB │ gzip:   1.97 kB
dist/assets/index-kEGaaInp.js                      4.35 kB │ gzip:   1.98 kB
dist/assets/index-BO5p5cm7.js                      4.51 kB │ gzip:   2.06 kB
dist/assets/ContactSupport-D_vnJmXh.js             4.63 kB │ gzip:   1.93 kB
dist/assets/Stepper-DTxbFSAD.js                    4.66 kB │ gzip:   2.02 kB
dist/assets/Login-BBPllI_v.js                      4.74 kB │ gzip:   1.96 kB
dist/assets/index-D-jdwdK4.js                      5.07 kB │ gzip:   2.18 kB
dist/assets/CreateBlog-CD0yAy6Z.js                 5.16 kB │ gzip:   2.20 kB
dist/assets/SelectRole-B_9hAqmT.js                 5.41 kB │ gzip:   2.29 kB
dist/assets/HelpPageContent-DSS4Fa_i.js            5.51 kB │ gzip:   2.01 kB
dist/assets/index-CMNeMclC.js                      5.53 kB │ gzip:   2.51 kB
dist/assets/AllBlogs-DxZ7YH1W.js                   5.78 kB │ gzip:   2.31 kB
dist/assets/VerifyUserEmail-CpwtPNFo.js            5.82 kB │ gzip:   2.09 kB
dist/assets/EditBlog-DrbQ5mWm.js                   6.02 kB │ gzip:   2.58 kB
dist/assets/ViewRemindersModal-CdBCj8jA.js         6.22 kB │ gzip:   2.35 kB
dist/assets/CreateTargetAudience-CcZ_TppG.js       6.84 kB │ gzip:   2.61 kB
dist/assets/Profile-HGj3zJbI.js                    6.86 kB │ gzip:   2.19 kB
dist/assets/SignUp-C-89AXl-.js                     7.08 kB │ gzip:   2.67 kB
dist/assets/index-CZ69qvnv.js                      8.01 kB │ gzip:   2.95 kB
dist/assets/EditTargetAudience-CGW7tCcK.js         8.23 kB │ gzip:   2.89 kB
dist/assets/index-CFqx3thG.js                      9.23 kB │ gzip:   3.81 kB
dist/assets/index-1aMyUXwk.js                      9.77 kB │ gzip:   3.60 kB
dist/assets/index-tMjyBKkq.js                      9.93 kB │ gzip:   3.22 kB
dist/assets/businessProposalCard-BF1AkXe3.js      10.05 kB │ gzip:   3.51 kB
dist/assets/table-ffIMHDQc.js                     10.99 kB │ gzip:   3.44 kB
dist/assets/TicketDetailPage-BrdzC7AP.js          12.90 kB │ gzip:   4.06 kB
dist/assets/SimplifiedProfile-gFMz9jhC.js         13.75 kB │ gzip:   3.64 kB
dist/assets/index-DK4nJsOs.js                     15.99 kB │ gzip:   4.95 kB
dist/assets/CreateNewBatch-CVqGYC0T.js            17.64 kB │ gzip:   4.69 kB
dist/assets/EditFounder-kmbVLeDG.js               18.01 kB │ gzip:   4.37 kB
dist/assets/index-BNqC9wpG.js                     18.43 kB │ gzip:   5.93 kB
dist/assets/EditInvestor-DWax-Awi.js              18.98 kB │ gzip:   4.65 kB
dist/assets/index-BTgVJp7R.js                     19.42 kB │ gzip:   6.47 kB
dist/assets/index-DP4zwKg3.js                     20.13 kB │ gzip:   5.41 kB
dist/assets/BlogDetail-Du-JkLzf.js                21.41 kB │ gzip:   8.68 kB
dist/assets/index-XUrXuYgu.js                     22.92 kB │ gzip:   6.81 kB
dist/assets/index-CiTnIPKc.js                     23.50 kB │ gzip:   7.33 kB
dist/assets/ViewBusinessProposal-DNtjjk8H.js      25.92 kB │ gzip:   6.38 kB
dist/assets/index-Bh56Frla.js                     29.35 kB │ gzip:   9.00 kB
dist/assets/Landing-Lb7ZPMo3.js                  152.14 kB │ gzip:  53.66 kB
dist/assets/xlsx-DGuHH-KN.js                     429.49 kB │ gzip: 143.07 kB
dist/assets/index-CsMeexPD.js                    644.06 kB │ gzip: 172.36 kB
dist/assets/index-eHWYVSyH.js                  2,837.47 kB │ gzip: 758.14 kB

(!) Some chunks are larger than 1500 kB after minification. Consider:
- Using dynamic import() to code-split the application
- Use build.rollupOptions.output.manualChunks to improve chunking: https://rollupjs.org/configuration-options/#output-manualchunks
- Adjust chunk size limit for this warning via build.chunkSizeWarningLimit.
✓ built in 19.93s
Packaging build...
  adding: .htaccess (deflated 36%)
  adding: favicon.ico (deflated 13%)
  adding: robots.txt (deflated 3%)
  adding: sitemap.xml (deflated 60%)
  adding: assets/ (stored 0%)
  adding: assets/irfanMalikBg-D4osmO_C.jpg (deflated 1%)
  adding: assets/meerShinyDress-C8scZpYx.webp (deflated 0%)
  adding: assets/meerGreenJacket-ykCKR2uN.png (deflated 0%)
  adding: assets/shakeelBg-NX99JDrP.jpg (deflated 0%)
  adding: assets/wasimAkramBg-D4BFEYu1.png (deflated 0%)
  adding: assets/akhtar-qLBVRLf-.jpg (deflated 1%)
  adding: assets/arabic-BElshnQY.jpg (deflated 0%)
  adding: assets/dubai-Bmqq4ymj.jpg (deflated 0%)
  adding: assets/fahad-CnovJc60.jpg (deflated 0%)
  adding: assets/handShake-Dk1DoagP.webp (deflated 0%)
  adding: assets/salman-DD3Zraly.jpg (deflated 0%)
  adding: assets/wasim-ETjjiRaD.jpg (deflated 0%)
  adding: assets/tech-BdWyL5Pa.jpg (deflated 0%)
  adding: assets/rectanglePlaceholder-nCbViREl.png (deflated 31%)
  adding: assets/placeholderMan-BvremNML.png (deflated 3%)
  adding: assets/Fav-BPcykgsi.png (deflated 5%)
  adding: assets/MainLogo-DJpFhlQE.png (deflated 4%)
  adding: assets/verifiedBadge-CrcJq1tD.webp (deflated 1%)
  adding: assets/goldenCheck-CnSHOmXW.webp (stored 0%)
  adding: assets/tower-gldBe0jJ.webp (deflated 0%)
  adding: assets/tower2-LuqAcWCu.jpg (deflated 2%)
  adding: assets/tower3-DpFzgoGy.jpg (deflated 0%)
  adding: assets/proposal2-B9XZZX50.webp (deflated 3%)
  adding: assets/proposal3-fxAFZeku.webp (deflated 1%)
  adding: assets/proposal5-DItum-r7.webp (deflated 4%)
  adding: assets/proposal6-wLmvSjqd.webp (deflated 0%)
  adding: assets/proposal4-CZk7QC75.webp (deflated 1%)
  adding: assets/proposal1-D37fvLUu.webp (deflated 1%)
  adding: assets/video-poster-DrQklN8e.png (deflated 0%)
  adding: assets/wasimAkram-CBOcRO9q.png (deflated 1%)
  adding: assets/index-CLfW2zMP.css (deflated 86%)
  adding: assets/BlogDetail-oNXnMkFG.css (deflated 62%)
  adding: assets/style-DpsRipQV.css (deflated 78%)
  adding: assets/index-eHWYVSyH.js (deflated 73%)
  adding: assets/xlsx-DGuHH-KN.js (deflated 67%)
  adding: assets/Landing-Lb7ZPMo3.js (deflated 65%)
  adding: assets/BlogDetail-Du-JkLzf.js (deflated 60%)
  adding: assets/AllBlogs-DxZ7YH1W.js (deflated 60%)
  adding: assets/index-Vk4465lM.js (deflated 50%)
  adding: assets/index-BnY3mVZA.js (deflated 53%)
  adding: assets/index-DgAJBDMF.js (deflated 53%)
  adding: assets/index-CpuF5Vz0.js (deflated 52%)
  adding: assets/index-C98M3ZQQ.js (deflated 54%)
  adding: assets/SignUp-C-89AXl-.js (deflated 63%)
  adding: assets/ForgotPassword-aogpyroS.js (deflated 51%)
  adding: assets/VerifyUserEmail-CpwtPNFo.js (deflated 64%)
  adding: assets/ResetPassword-aqngLYZL.js (deflated 56%)
  adding: assets/ContactSupport-D_vnJmXh.js (deflated 59%)
  adding: assets/AuthCallback-DlPSgmbT.js (deflated 53%)
  adding: assets/SelectRole-B_9hAqmT.js (deflated 58%)
  adding: assets/InvestorThankYou-Bl5-F4Jk.js (deflated 51%)
  adding: assets/FounderThankYou-CCYFzEY1.js (deflated 52%)
  adding: assets/Login-BBPllI_v.js (deflated 59%)
  adding: assets/Profile-HGj3zJbI.js (deflated 68%)
  adding: assets/index-CMNeMclC.js (deflated 55%)
  adding: assets/index-Bh56Frla.js (deflated 70%)
  adding: assets/EditInvestor-DWax-Awi.js (deflated 76%)
  adding: assets/index-CiTnIPKc.js (deflated 69%)
  adding: assets/ViewRemindersModal-CdBCj8jA.js (deflated 63%)
  adding: assets/tag-DjY6lMYe.js (deflated 34%)
  adding: assets/EditFounder-kmbVLeDG.js (deflated 76%)
  adding: assets/index-CFqx3thG.js (deflated 59%)
  adding: assets/index-BTgVJp7R.js (deflated 67%)
  adding: assets/index-BNqC9wpG.js (deflated 68%)
  adding: assets/ViewBusinessProposal-DNtjjk8H.js (deflated 75%)
  adding: assets/circle-check-BpPm5R94.js (deflated 27%)
  adding: assets/index-XUrXuYgu.js (deflated 70%)
  adding: assets/meta-pixel-CAHtMBtr.js (deflated 57%)
  adding: assets/shield-check-CTUIEW4P.js (deflated 32%)
  adding: assets/sparkles-ChaPoPAN.js (deflated 45%)
  adding: assets/trending-up-C4e-SWob.js (deflated 26%)
  adding: assets/globe-CTFS0CQm.js (deflated 33%)
  adding: assets/blogs-ChqPogSE.js (stored 0%)
  adding: assets/calendar-D2mH_u5-.js (deflated 33%)
  adding: assets/index-3v03JOLI.js (deflated 53%)
  adding: assets/message-circle-b3z6TdVy.js (deflated 28%)
  adding: assets/arrow-left-BGwQ7TEn.js (deflated 26%)
  adding: assets/InfoBox-DcDa8KM0.js (deflated 51%)
  adding: assets/info-Dz7z-QhS.js (deflated 30%)
  adding: assets/circle-alert-CKtplZ_b.js (deflated 35%)
  adding: assets/index-CsMeexPD.js (deflated 73%)
  adding: assets/topCards-ukwFDDNj.js (deflated 58%)
  adding: assets/webinarBanner-XLbHXaFF.js (deflated 25%)
  adding: assets/CurrencyWithApprox-CMUJb_Bi.js (deflated 45%)
  adding: assets/ImageUploader-DX1sdxIU.js (deflated 57%)
  adding: assets/external-link-CZXC2CKg.js (deflated 32%)
  adding: assets/upload-OPp_qGjK.js (deflated 31%)
  adding: assets/table-ffIMHDQc.js (deflated 69%)
  adding: assets/toolbar-CJY7m5_-.js (deflated 58%)
  adding: assets/useDebounce-BMpYaqad.js (deflated 22%)
  adding: assets/support-ticket-events-BPcn3nB7.js (deflated 29%)
  adding: assets/headphones-BGTKwuCh.js (deflated 34%)
  adding: assets/Pagination-CYnFX2An.js (deflated 47%)
  adding: assets/funnel-DMapIsC2.js (deflated 30%)
  adding: assets/FilterDrawer-fA3wBuY-.js (deflated 58%)
  adding: assets/rotate-ccw-BqMhVnQt.js (deflated 27%)
  adding: assets/ToggleChips-BJrWDixY.js (deflated 51%)
  adding: assets/circle-x-BRDPZEy0.js (deflated 30%)
  adding: assets/businessProposalCard-BF1AkXe3.js (deflated 66%)
  adding: assets/pencil-Idy-TXj1.js (deflated 31%)
  adding: assets/ban-BL43EFFd.js (deflated 26%)
  adding: assets/plus-Ctmm2CIy.js (deflated 28%)
  adding: assets/Tabs-B-utq6Hw.js (deflated 49%)
  adding: assets/Stepper-DTxbFSAD.js (deflated 57%)
  adding: assets/MultipleImageUploader-DAThWkrK.js (deflated 57%)
  adding: assets/index-tMjyBKkq.js (deflated 68%)
  adding: assets/supabase-bulk-emails-DoTx1lU8.js (deflated 64%)
  adding: assets/CreateNewBatch-CVqGYC0T.js (deflated 73%)
  adding: assets/CkEditor-NYTtFEhm.js (deflated 40%)
  adding: assets/recipientFiltersState-CWTAzA22.js (deflated 63%)
  adding: assets/target-audience-B3pkj4FN.js (deflated 71%)
  adding: assets/index-miFf47mp.js (deflated 55%)
  adding: assets/CreateTargetAudience-CcZ_TppG.js (deflated 62%)
  adding: assets/EditTargetAudience-CGW7tCcK.js (deflated 65%)
  adding: assets/index-D-jdwdK4.js (deflated 57%)
  adding: assets/CreateBlog-CD0yAy6Z.js (deflated 58%)
  adding: assets/EditBlog-DrbQ5mWm.js (deflated 57%)
  adding: assets/index-DK4nJsOs.js (deflated 69%)
  adding: assets/index-CZ69qvnv.js (deflated 63%)
  adding: assets/Dashboard-CKmTlZGy.js (deflated 38%)
  adding: assets/SimplifiedProfile-gFMz9jhC.js (deflated 74%)
  adding: assets/index-DICcDSBG.js (deflated 33%)
  adding: assets/HelpPageContent-DSS4Fa_i.js (deflated 64%)
  adding: assets/hash-D-S9DomB.js (deflated 40%)
  adding: assets/index-BO5p5cm7.js (deflated 55%)
  adding: assets/bookmark-plus-BjUIKE_7.js (deflated 32%)
  adding: assets/index-doLtlv-q.js (deflated 52%)
  adding: assets/index-kEGaaInp.js (deflated 55%)
  adding: assets/Dashboard-u7FyCH-o.js (deflated 38%)
  adding: assets/index-DP4zwKg3.js (deflated 73%)
  adding: assets/index-1aMyUXwk.js (deflated 63%)
  adding: assets/index-B1mAVTHs.js (deflated 33%)
  adding: assets/TicketDetailPage-BrdzC7AP.js (deflated 69%)
  adding: index.html (deflated 52%)
Saving Lightsail SSH key...
Uploading build to Lightsail...
Warning: Permanently added '15.207.22.250' (ED25519) to the list of known hosts.
Deploying build to /var/www/html ...
Archive:  /home/ubuntu/react-build.zip
  inflating: /var/www/html/.htaccess  
  inflating: /var/www/html/favicon.ico  
  inflating: /var/www/html/robots.txt  
  inflating: /var/www/html/sitemap.xml  
   creating: /var/www/html/assets/
  inflating: /var/www/html/assets/irfanMalikBg-D4osmO_C.jpg  
  inflating: /var/www/html/assets/meerShinyDress-C8scZpYx.webp  
  inflating: /var/www/html/assets/meerGreenJacket-ykCKR2uN.png  
  inflating: /var/www/html/assets/shakeelBg-NX99JDrP.jpg  
  inflating: /var/www/html/assets/wasimAkramBg-D4BFEYu1.png  
  inflating: /var/www/html/assets/akhtar-qLBVRLf-.jpg  
  inflating: /var/www/html/assets/arabic-BElshnQY.jpg  
  inflating: /var/www/html/assets/dubai-Bmqq4ymj.jpg  
  inflating: /var/www/html/assets/fahad-CnovJc60.jpg  
  inflating: /var/www/html/assets/handShake-Dk1DoagP.webp  
  inflating: /var/www/html/assets/salman-DD3Zraly.jpg  
  inflating: /var/www/html/assets/wasim-ETjjiRaD.jpg  
  inflating: /var/www/html/assets/tech-BdWyL5Pa.jpg  
  inflating: /var/www/html/assets/rectanglePlaceholder-nCbViREl.png  
  inflating: /var/www/html/assets/placeholderMan-BvremNML.png  
  inflating: /var/www/html/assets/Fav-BPcykgsi.png  
  inflating: /var/www/html/assets/MainLogo-DJpFhlQE.png  
  inflating: /var/www/html/assets/verifiedBadge-CrcJq1tD.webp  
 extracting: /var/www/html/assets/goldenCheck-CnSHOmXW.webp  
  inflating: /var/www/html/assets/tower-gldBe0jJ.webp  
  inflating: /var/www/html/assets/tower2-LuqAcWCu.jpg  
  inflating: /var/www/html/assets/tower3-DpFzgoGy.jpg  
  inflating: /var/www/html/assets/proposal2-B9XZZX50.webp  
  inflating: /var/www/html/assets/proposal3-fxAFZeku.webp  
  inflating: /var/www/html/assets/proposal5-DItum-r7.webp  
  inflating: /var/www/html/assets/proposal6-wLmvSjqd.webp  
  inflating: /var/www/html/assets/proposal4-CZk7QC75.webp  
  inflating: /var/www/html/assets/proposal1-D37fvLUu.webp  
  inflating: /var/www/html/assets/video-poster-DrQklN8e.png  
  inflating: /var/www/html/assets/wasimAkram-CBOcRO9q.png  
  inflating: /var/www/html/assets/index-CLfW2zMP.css  
  inflating: /var/www/html/assets/BlogDetail-oNXnMkFG.css  
  inflating: /var/www/html/assets/style-DpsRipQV.css  
  inflating: /var/www/html/assets/index-eHWYVSyH.js  
  inflating: /var/www/html/assets/xlsx-DGuHH-KN.js  
  inflating: /var/www/html/assets/Landing-Lb7ZPMo3.js  
  inflating: /var/www/html/assets/BlogDetail-Du-JkLzf.js  
  inflating: /var/www/html/assets/AllBlogs-DxZ7YH1W.js  
  inflating: /var/www/html/assets/index-Vk4465lM.js  
  inflating: /var/www/html/assets/index-BnY3mVZA.js  
  inflating: /var/www/html/assets/index-DgAJBDMF.js  
  inflating: /var/www/html/assets/index-CpuF5Vz0.js  
  inflating: /var/www/html/assets/index-C98M3ZQQ.js  
  inflating: /var/www/html/assets/SignUp-C-89AXl-.js  
  inflating: /var/www/html/assets/ForgotPassword-aogpyroS.js  
  inflating: /var/www/html/assets/VerifyUserEmail-CpwtPNFo.js  
  inflating: /var/www/html/assets/ResetPassword-aqngLYZL.js  
  inflating: /var/www/html/assets/ContactSupport-D_vnJmXh.js  
  inflating: /var/www/html/assets/AuthCallback-DlPSgmbT.js  
  inflating: /var/www/html/assets/SelectRole-B_9hAqmT.js  
  inflating: /var/www/html/assets/InvestorThankYou-Bl5-F4Jk.js  
  inflating: /var/www/html/assets/FounderThankYou-CCYFzEY1.js  
  inflating: /var/www/html/assets/Login-BBPllI_v.js  
  inflating: /var/www/html/assets/Profile-HGj3zJbI.js  
  inflating: /var/www/html/assets/index-CMNeMclC.js  
  inflating: /var/www/html/assets/index-Bh56Frla.js  
  inflating: /var/www/html/assets/EditInvestor-DWax-Awi.js  
  inflating: /var/www/html/assets/index-CiTnIPKc.js  
  inflating: /var/www/html/assets/ViewRemindersModal-CdBCj8jA.js  
  inflating: /var/www/html/assets/tag-DjY6lMYe.js  
  inflating: /var/www/html/assets/EditFounder-kmbVLeDG.js  
  inflating: /var/www/html/assets/index-CFqx3thG.js  
  inflating: /var/www/html/assets/index-BTgVJp7R.js  
  inflating: /var/www/html/assets/index-BNqC9wpG.js  
  inflating: /var/www/html/assets/ViewBusinessProposal-DNtjjk8H.js  
  inflating: /var/www/html/assets/circle-check-BpPm5R94.js  
  inflating: /var/www/html/assets/index-XUrXuYgu.js  
  inflating: /var/www/html/assets/meta-pixel-CAHtMBtr.js  
  inflating: /var/www/html/assets/shield-check-CTUIEW4P.js  
  inflating: /var/www/html/assets/sparkles-ChaPoPAN.js  
  inflating: /var/www/html/assets/trending-up-C4e-SWob.js  
  inflating: /var/www/html/assets/globe-CTFS0CQm.js  
 extracting: /var/www/html/assets/blogs-ChqPogSE.js  
  inflating: /var/www/html/assets/calendar-D2mH_u5-.js  
  inflating: /var/www/html/assets/index-3v03JOLI.js  
  inflating: /var/www/html/assets/message-circle-b3z6TdVy.js  
  inflating: /var/www/html/assets/arrow-left-BGwQ7TEn.js  
  inflating: /var/www/html/assets/InfoBox-DcDa8KM0.js  
  inflating: /var/www/html/assets/info-Dz7z-QhS.js  
  inflating: /var/www/html/assets/circle-alert-CKtplZ_b.js  
  inflating: /var/www/html/assets/index-CsMeexPD.js  
  inflating: /var/www/html/assets/topCards-ukwFDDNj.js  
  inflating: /var/www/html/assets/webinarBanner-XLbHXaFF.js  
  inflating: /var/www/html/assets/CurrencyWithApprox-CMUJb_Bi.js  
  inflating: /var/www/html/assets/ImageUploader-DX1sdxIU.js  
  inflating: /var/www/html/assets/external-link-CZXC2CKg.js  
  inflating: /var/www/html/assets/upload-OPp_qGjK.js  
  inflating: /var/www/html/assets/table-ffIMHDQc.js  
  inflating: /var/www/html/assets/toolbar-CJY7m5_-.js  
  inflating: /var/www/html/assets/useDebounce-BMpYaqad.js  
  inflating: /var/www/html/assets/support-ticket-events-BPcn3nB7.js  
  inflating: /var/www/html/assets/headphones-BGTKwuCh.js  
  inflating: /var/www/html/assets/Pagination-CYnFX2An.js  
  inflating: /var/www/html/assets/funnel-DMapIsC2.js  
  inflating: /var/www/html/assets/FilterDrawer-fA3wBuY-.js  
  inflating: /var/www/html/assets/rotate-ccw-BqMhVnQt.js  
  inflating: /var/www/html/assets/ToggleChips-BJrWDixY.js  
  inflating: /var/www/html/assets/circle-x-BRDPZEy0.js  
  inflating: /var/www/html/assets/businessProposalCard-BF1AkXe3.js  
  inflating: /var/www/html/assets/pencil-Idy-TXj1.js  
  inflating: /var/www/html/assets/ban-BL43EFFd.js  
  inflating: /var/www/html/assets/plus-Ctmm2CIy.js  
  inflating: /var/www/html/assets/Tabs-B-utq6Hw.js  
  inflating: /var/www/html/assets/Stepper-DTxbFSAD.js  
  inflating: /var/www/html/assets/MultipleImageUploader-DAThWkrK.js  
  inflating: /var/www/html/assets/index-tMjyBKkq.js  
  inflating: /var/www/html/assets/supabase-bulk-emails-DoTx1lU8.js  
  inflating: /var/www/html/assets/CreateNewBatch-CVqGYC0T.js  
  inflating: /var/www/html/assets/CkEditor-NYTtFEhm.js  
  inflating: /var/www/html/assets/recipientFiltersState-CWTAzA22.js  
  inflating: /var/www/html/assets/target-audience-B3pkj4FN.js  
  inflating: /var/www/html/assets/index-miFf47mp.js  
  inflating: /var/www/html/assets/CreateTargetAudience-CcZ_TppG.js  
  inflating: /var/www/html/assets/EditTargetAudience-CGW7tCcK.js  
  inflating: /var/www/html/assets/index-D-jdwdK4.js  
  inflating: /var/www/html/assets/CreateBlog-CD0yAy6Z.js  
  inflating: /var/www/html/assets/EditBlog-DrbQ5mWm.js  
  inflating: /var/www/html/assets/index-DK4nJsOs.js  
  inflating: /var/www/html/assets/index-CZ69qvnv.js  
  inflating: /var/www/html/assets/Dashboard-CKmTlZGy.js  
  inflating: /var/www/html/assets/SimplifiedProfile-gFMz9jhC.js  
  inflating: /var/www/html/assets/index-DICcDSBG.js  
  inflating: /var/www/html/assets/HelpPageContent-DSS4Fa_i.js  
  inflating: /var/www/html/assets/hash-D-S9DomB.js  
  inflating: /var/www/html/assets/index-BO5p5cm7.js  
  inflating: /var/www/html/assets/bookmark-plus-BjUIKE_7.js  
  inflating: /var/www/html/assets/index-doLtlv-q.js  
  inflating: /var/www/html/assets/index-kEGaaInp.js  
  inflating: /var/www/html/assets/Dashboard-u7FyCH-o.js  
  inflating: /var/www/html/assets/index-DP4zwKg3.js  
  inflating: /var/www/html/assets/index-1aMyUXwk.js  
  inflating: /var/www/html/assets/index-B1mAVTHs.js  
  inflating: /var/www/html/assets/TicketDetailPage-BrdzC7AP.js  
  inflating: /var/www/html/index.html  
Saving Git logs repo SSH key...
Testing GitHub SSH key...
Cloning deployment-logs repo...
Cloning into 'logs-repo'...
