Installing dependencies...
npm warn deprecated w3c-hr-time@1.0.2: Use your platform's native performance.now() and performance.timeOrigin.
npm warn deprecated domexception@2.0.1: Use your platform's native DOMException instead
npm warn deprecated abab@2.0.6: Use your platform's native atob() and btoa() methods instead

> the-business-hub-pakistan@0.0.0 prepare
> husky

.git can't be found
added 1810 packages, and audited 1811 packages in 6m

253 packages are looking for funding
  run `npm fund` for details

80 vulnerabilities (3 low, 71 moderate, 6 high)

To address issues that do not require attention, run:
  npm audit fix

To address all issues possible (including breaking changes), run:
  npm audit fix --force

Some issues need review, and may require choosing
a different dependency.

Run `npm audit` for details.
Building React app...

> the-business-hub-pakistan@0.0.0 build
> vite build

vite v7.1.11 building for production...
transforming...
✓ 3147 modules transformed.
rendering chunks...
computing gzip size...
dist/index.html                                       2.18 kB │ gzip:   1.05 kB
dist/assets/verifiedBadge-CrcJq1tD.webp              10.83 kB
dist/assets/rectanglePlaceholder-nCbViREl.png        11.85 kB
dist/assets/goldenCheck-CnSHOmXW.webp                13.45 kB
dist/assets/irfanMalikBg-D4osmO_C.jpg                24.66 kB
dist/assets/proposal6-wLmvSjqd.webp                  28.15 kB
dist/assets/placeholderMan-BvremNML.png              36.64 kB
dist/assets/handShake-Dk1DoagP.webp                  65.18 kB
dist/assets/tower-gldBe0jJ.webp                      66.16 kB
dist/assets/tower2-LuqAcWCu.jpg                      72.52 kB
dist/assets/shakeelBg-NX99JDrP.jpg                  143.15 kB
dist/assets/MainLogo-DJpFhlQE.png                   144.86 kB
dist/assets/Fav-BPcykgsi.png                        147.34 kB
dist/assets/akhtar-qLBVRLf-.jpg                     173.92 kB
dist/assets/proposal5-DItum-r7.webp                 174.24 kB
dist/assets/tower3-DpFzgoGy.jpg                     175.56 kB
dist/assets/proposal2-B9XZZX50.webp                 192.62 kB
dist/assets/meerShinyDress-C8scZpYx.webp            229.68 kB
dist/assets/meerGreenJacket-ykCKR2uN.png            230.19 kB
dist/assets/arabic-BElshnQY.jpg                     238.42 kB
dist/assets/wasim-ETjjiRaD.jpg                      242.26 kB
dist/assets/salman-DD3Zraly.jpg                     255.18 kB
dist/assets/fahad-CnovJc60.jpg                      278.62 kB
dist/assets/tech-BdWyL5Pa.jpg                       281.71 kB
dist/assets/dubai-Bmqq4ymj.jpg                      311.77 kB
dist/assets/wasimAkramBg-D4BFEYu1.png               313.57 kB
dist/assets/video-poster-DrQklN8e.png               367.51 kB
dist/assets/proposal3-fxAFZeku.webp                 445.47 kB
dist/assets/proposal4-CZk7QC75.webp                 542.86 kB
dist/assets/proposal1-D37fvLUu.webp                 779.05 kB
dist/assets/wasimAkram-CBOcRO9q.png               4,488.96 kB
dist/assets/BlogDetail-oNXnMkFG.css                   0.63 kB │ gzip:   0.26 kB
dist/assets/style-DpsRipQV.css                        3.23 kB │ gzip:   0.73 kB
dist/assets/index-ggLNrt0T.css                      159.74 kB │ gzip:  21.72 kB
dist/assets/blogs-ChqPogSE.js                         0.04 kB │ gzip:   0.06 kB
dist/assets/webinarBanner-XLbHXaFF.js                 0.17 kB │ gzip:   0.15 kB
dist/assets/useDebounce-Ba2zDJTp.js                   0.19 kB │ gzip:   0.17 kB
dist/assets/plus-DMk-WwQs.js                          0.33 kB │ gzip:   0.25 kB
dist/assets/arrow-left-C4DN9jYZ.js                    0.34 kB │ gzip:   0.27 kB
dist/assets/circle-check-Bi5J8TS9.js                  0.35 kB │ gzip:   0.27 kB
dist/assets/trending-up-BWm7tF_x.js                   0.35 kB │ gzip:   0.27 kB
dist/assets/ban-Brjmy0rH.js                           0.35 kB │ gzip:   0.28 kB
dist/assets/info-DJDnyJnF.js                          0.37 kB │ gzip:   0.28 kB
dist/assets/rotate-ccw-Da0UDXbY.js                    0.37 kB │ gzip:   0.29 kB
dist/assets/circle-x-5Ry1mIJb.js                      0.38 kB │ gzip:   0.28 kB
dist/assets/ellipsis-DXHpTNZA.js                      0.39 kB │ gzip:   0.26 kB
dist/assets/upload-CSY5FAeP.js                        0.40 kB │ gzip:   0.30 kB
dist/assets/index-Ck5SPXrU.js                         0.41 kB │ gzip:   0.30 kB
dist/assets/index-DAnNk5Pt.js                         0.41 kB │ gzip:   0.30 kB
dist/assets/globe-C3tkkx2p.js                         0.41 kB │ gzip:   0.29 kB
dist/assets/headphones-Bpg4iC81.js                    0.41 kB │ gzip:   0.29 kB
dist/assets/message-circle-BEAj6Q5C.js                0.41 kB │ gzip:   0.31 kB
dist/assets/circle-alert-C9xQFszk.js                  0.42 kB │ gzip:   0.29 kB
dist/assets/external-link-DPSzx8m6.js                 0.42 kB │ gzip:   0.30 kB
dist/assets/funnel-D24NVnn-.js                        0.42 kB │ gzip:   0.31 kB
dist/assets/user-minus-CdBwy2nX.js                    0.43 kB │ gzip:   0.32 kB
dist/assets/calendar-BlV3NZPa.js                      0.43 kB │ gzip:   0.31 kB
dist/assets/pencil-CwEct8AI.js                        0.45 kB │ gzip:   0.33 kB
dist/assets/hash-TwEPAhcl.js                          0.47 kB │ gzip:   0.30 kB
dist/assets/shield-check-BxGq5Kj1.js                  0.49 kB │ gzip:   0.35 kB
dist/assets/tag-Dtq3Pnu6.js                           0.49 kB │ gzip:   0.35 kB
dist/assets/Dashboard-BbEJP5kd.js                     0.50 kB │ gzip:   0.32 kB
dist/assets/Dashboard-CLQKsLFv.js                     0.50 kB │ gzip:   0.32 kB
dist/assets/support-ticket-events-BTJKxQ4s.js         0.50 kB │ gzip:   0.37 kB
dist/assets/sparkles-nuVhbKsD.js                      0.67 kB │ gzip:   0.39 kB
dist/assets/meta-pixel-CAHtMBtr.js                    0.82 kB │ gzip:   0.37 kB
dist/assets/CkEditor-Bcfh0zi2.js                      0.85 kB │ gzip:   0.53 kB
dist/assets/InfoBox-GQ3n3VY9.js                       0.86 kB │ gzip:   0.43 kB
dist/assets/CurrencyWithApprox-CH02wgp3.js            0.91 kB │ gzip:   0.52 kB
dist/assets/arrow-up-CiNvec77.js                      0.99 kB │ gzip:   0.39 kB
dist/assets/Tabs-nXKY-QCg.js                          1.23 kB │ gzip:   0.65 kB
dist/assets/Pagination-Cfdum620.js                    1.32 kB │ gzip:   0.72 kB
dist/assets/ProposalPopup-Lyl7H58N.js                 1.64 kB │ gzip:   0.83 kB
dist/assets/ToggleChips-DE0pSKVh.js                   1.68 kB │ gzip:   0.83 kB
dist/assets/topCards-DbfLJ28z.js                      1.71 kB │ gzip:   0.74 kB
dist/assets/ForgotPassword-6FfdFi4Q.js                2.11 kB │ gzip:   1.06 kB
dist/assets/FounderThankYou-CzxSZId_.js               2.22 kB │ gzip:   1.08 kB
dist/assets/FilterDrawer-9gUbFTvN.js                  2.26 kB │ gzip:   0.96 kB
dist/assets/ResetPassword-BH4dxhx7.js                 2.34 kB │ gzip:   1.05 kB
dist/assets/InvestorThankYou-NPPKmqlM.js              2.35 kB │ gzip:   1.15 kB
dist/assets/recipientFiltersState-CjjgiMSZ.js         2.50 kB │ gzip:   0.93 kB
dist/assets/supabase-bulk-emails-D8JxNued.js          2.54 kB │ gzip:   1.01 kB
dist/assets/MultipleImageUploader-BpRgffI4.js         2.61 kB │ gzip:   1.14 kB
dist/assets/toolbar-CVM596X4.js                       2.70 kB │ gzip:   1.15 kB
dist/assets/AuthCallback-CiF1lQLy.js                  2.71 kB │ gzip:   1.29 kB
dist/assets/ImageUploader-9xpnHKmG.js                 2.74 kB │ gzip:   1.19 kB
dist/assets/parseISO-DNXPrHzD.js                      2.79 kB │ gzip:   1.26 kB
dist/assets/index-BfJhNmDu.js                         2.86 kB │ gzip:   1.36 kB
dist/assets/index-iDccQERS.js                         2.99 kB │ gzip:   1.50 kB
dist/assets/index-CzKhovkN.js                         3.06 kB │ gzip:   1.48 kB
dist/assets/index-BlpasUph.js                         3.19 kB │ gzip:   1.52 kB
dist/assets/index-htS4msGa.js                         3.41 kB │ gzip:   1.73 kB
dist/assets/index-DY5Io9x-.js                         3.48 kB │ gzip:   1.67 kB
dist/assets/index-DOt1Cx8F.js                         3.51 kB │ gzip:   1.61 kB
dist/assets/index-BAbATZPF.js                         3.57 kB │ gzip:   1.79 kB
dist/assets/index-9E4wxaGw.js                         3.80 kB │ gzip:   1.82 kB
dist/assets/BulkActionsBar-B98tL9vl.js                3.86 kB │ gzip:   1.61 kB
dist/assets/target-audience-BhLzGVb9.js               4.02 kB │ gzip:   1.16 kB
dist/assets/index-Be2IpAro.js                         4.53 kB │ gzip:   2.05 kB
dist/assets/Stepper-B1zY-6ID.js                       4.66 kB │ gzip:   2.01 kB
dist/assets/Login-Cka_EjAk.js                         4.74 kB │ gzip:   1.96 kB
dist/assets/ContactSupport-D_Acygvo.js                4.81 kB │ gzip:   1.98 kB
dist/assets/ViewRemindersModal-BqBza3ip.js            4.87 kB │ gzip:   1.85 kB
dist/assets/ActivityLogsModal.utils-BbnL_w51.js       5.10 kB │ gzip:   1.46 kB
dist/assets/CreateBlog-FFCLEbY5.js                    5.28 kB │ gzip:   2.26 kB
dist/assets/index-DjCArbUq.js                         5.36 kB │ gzip:   2.45 kB
dist/assets/index-CWmMPe-H.js                         5.37 kB │ gzip:   2.27 kB
dist/assets/SelectRole-DCvyBx7r.js                    5.41 kB │ gzip:   2.29 kB
dist/assets/HelpPageContent-D918ypT2.js               5.51 kB │ gzip:   2.00 kB
dist/assets/AllBlogs-BwR0meVf.js                      5.78 kB │ gzip:   2.31 kB
dist/assets/VerifyUserEmail-D6mE1FjB.js               5.82 kB │ gzip:   2.08 kB
dist/assets/EditBlog-CXEEdeDe.js                      6.15 kB │ gzip:   2.64 kB
dist/assets/Profile-B-hPkWnQ.js                       6.86 kB │ gzip:   2.19 kB
dist/assets/CreateTargetAudience-C5RIKbnf.js          7.04 kB │ gzip:   2.69 kB
dist/assets/SignUp-RrAOQwOE.js                        7.08 kB │ gzip:   2.67 kB
dist/assets/index-DEBqS384.js                         8.01 kB │ gzip:   2.95 kB
dist/assets/index-ObtUnECG.js                         8.03 kB │ gzip:   2.89 kB
dist/assets/EditTargetAudience-SeZGGVZK.js            8.42 kB │ gzip:   2.97 kB
dist/assets/MiniAdminAnalyticsDetail-Mrib6OhU.js      9.28 kB │ gzip:   2.98 kB
dist/assets/index-BubI5KH5.js                         9.30 kB │ gzip:   3.85 kB
dist/assets/index-BZ0fmJif.js                         9.77 kB │ gzip:   3.61 kB
dist/assets/table-xQ5o739H.js                         9.82 kB │ gzip:   3.24 kB
dist/assets/businessProposalCard-naumDebp.js         10.05 kB │ gzip:   3.50 kB
dist/assets/mini-admin-analytics-BgnLe1e_.js         12.59 kB │ gzip:   3.62 kB
dist/assets/TicketDetailPage-DvEzp6XQ.js             13.46 kB │ gzip:   4.12 kB
dist/assets/SimplifiedProfile-BNwlRPn_.js            13.75 kB │ gzip:   3.64 kB
dist/assets/index-Co9NCxlR.js                        15.99 kB │ gzip:   4.95 kB
dist/assets/CreateNewBatch-BtJonIO0.js               17.70 kB │ gzip:   4.72 kB
dist/assets/index-DWkLFNqE.js                        18.57 kB │ gzip:   5.99 kB
dist/assets/index-C7ZqCd2Z.js                        19.96 kB │ gzip:   6.63 kB
dist/assets/index-DISEoeiO.js                        20.13 kB │ gzip:   5.41 kB
dist/assets/BlogDetail-C0dvWXBE.js                   21.52 kB │ gzip:   8.71 kB
dist/assets/index-Jx18_ji5.js                        21.55 kB │ gzip:   6.97 kB
dist/assets/index-CUmrtwYi.js                        22.84 kB │ gzip:   6.77 kB
dist/assets/EditFounder-Bdhsu2CI.js                  23.52 kB │ gzip:   5.86 kB
dist/assets/EditInvestor-B74sdnpV.js                 24.49 kB │ gzip:   6.13 kB
dist/assets/ViewBusinessProposal-7FYDGkiY.js         25.92 kB │ gzip:   6.38 kB
dist/assets/index-Cat40Rq9.js                        27.29 kB │ gzip:   8.59 kB
dist/assets/index-BHMUfdBS.js                        28.38 kB │ gzip:   7.28 kB
dist/assets/index-Boom7K8d.js                        54.82 kB │ gzip:  12.04 kB
dist/assets/Landing-C5vPlpme.js                     152.14 kB │ gzip:  53.66 kB
dist/assets/xlsx-DGuHH-KN.js                        429.49 kB │ gzip: 143.07 kB
dist/assets/react-apexcharts.min-hCZnyYCp.js        584.37 kB │ gzip: 159.18 kB
dist/assets/index-DPerixLt.js                     2,842.72 kB │ gzip: 759.94 kB

(!) Some chunks are larger than 1500 kB after minification. Consider:
- Using dynamic import() to code-split the application
- Use build.rollupOptions.output.manualChunks to improve chunking: https://rollupjs.org/configuration-options/#output-manualchunks
- Adjust chunk size limit for this warning via build.chunkSizeWarningLimit.
✓ built in 18.79s
Packaging build...
  adding: .htaccess (deflated 36%)
  adding: favicon.ico (deflated 13%)
  adding: robots.txt (deflated 3%)
  adding: sitemap.xml (deflated 60%)
  adding: assets/ (stored 0%)
  adding: assets/meerGreenJacket-ykCKR2uN.png (deflated 0%)
  adding: assets/shakeelBg-NX99JDrP.jpg (deflated 0%)
  adding: assets/meerShinyDress-C8scZpYx.webp (deflated 0%)
  adding: assets/akhtar-qLBVRLf-.jpg (deflated 1%)
  adding: assets/wasimAkramBg-D4BFEYu1.png (deflated 0%)
  adding: assets/arabic-BElshnQY.jpg (deflated 0%)
  adding: assets/dubai-Bmqq4ymj.jpg (deflated 0%)
  adding: assets/fahad-CnovJc60.jpg (deflated 0%)
  adding: assets/salman-DD3Zraly.jpg (deflated 0%)
  adding: assets/irfanMalikBg-D4osmO_C.jpg (deflated 1%)
  adding: assets/wasim-ETjjiRaD.jpg (deflated 0%)
  adding: assets/placeholderMan-BvremNML.png (deflated 3%)
  adding: assets/handShake-Dk1DoagP.webp (deflated 0%)
  adding: assets/tech-BdWyL5Pa.jpg (deflated 0%)
  adding: assets/rectanglePlaceholder-nCbViREl.png (deflated 31%)
  adding: assets/MainLogo-DJpFhlQE.png (deflated 4%)
  adding: assets/goldenCheck-CnSHOmXW.webp (stored 0%)
  adding: assets/tower-gldBe0jJ.webp (deflated 0%)
  adding: assets/Fav-BPcykgsi.png (deflated 5%)
  adding: assets/tower2-LuqAcWCu.jpg (deflated 2%)
  adding: assets/tower3-DpFzgoGy.jpg (deflated 0%)
  adding: assets/proposal2-B9XZZX50.webp (deflated 3%)
  adding: assets/proposal5-DItum-r7.webp (deflated 4%)
  adding: assets/proposal3-fxAFZeku.webp (deflated 1%)
  adding: assets/proposal6-wLmvSjqd.webp (deflated 0%)
  adding: assets/verifiedBadge-CrcJq1tD.webp (deflated 1%)
  adding: assets/proposal1-D37fvLUu.webp (deflated 1%)
  adding: assets/proposal4-CZk7QC75.webp (deflated 1%)
  adding: assets/video-poster-DrQklN8e.png (deflated 0%)
  adding: assets/wasimAkram-CBOcRO9q.png (deflated 1%)
  adding: assets/index-ggLNrt0T.css (deflated 87%)
  adding: assets/BlogDetail-oNXnMkFG.css (deflated 62%)
  adding: assets/style-DpsRipQV.css (deflated 78%)
  adding: assets/index-DPerixLt.js (deflated 73%)
  adding: assets/xlsx-DGuHH-KN.js (deflated 67%)
  adding: assets/Landing-C5vPlpme.js (deflated 65%)
  adding: assets/BlogDetail-C0dvWXBE.js (deflated 60%)
  adding: assets/AllBlogs-BwR0meVf.js (deflated 60%)
  adding: assets/index-iDccQERS.js (deflated 50%)
  adding: assets/index-BfJhNmDu.js (deflated 53%)
  adding: assets/index-BlpasUph.js (deflated 53%)
  adding: assets/index-CzKhovkN.js (deflated 52%)
  adding: assets/index-DOt1Cx8F.js (deflated 54%)
  adding: assets/SignUp-RrAOQwOE.js (deflated 63%)
  adding: assets/ForgotPassword-6FfdFi4Q.js (deflated 51%)
  adding: assets/VerifyUserEmail-D6mE1FjB.js (deflated 64%)
  adding: assets/ResetPassword-BH4dxhx7.js (deflated 56%)
  adding: assets/ContactSupport-D_Acygvo.js (deflated 59%)
  adding: assets/AuthCallback-CiF1lQLy.js (deflated 53%)
  adding: assets/SelectRole-DCvyBx7r.js (deflated 58%)
  adding: assets/InvestorThankYou-NPPKmqlM.js (deflated 51%)
  adding: assets/FounderThankYou-CzxSZId_.js (deflated 52%)
  adding: assets/Login-Cka_EjAk.js (deflated 59%)
  adding: assets/Profile-B-hPkWnQ.js (deflated 68%)
  adding: assets/index-DjCArbUq.js (deflated 55%)
  adding: assets/index-Cat40Rq9.js (deflated 69%)
  adding: assets/EditInvestor-B74sdnpV.js (deflated 75%)
  adding: assets/index-Jx18_ji5.js (deflated 68%)
  adding: assets/BulkActionsBar-B98tL9vl.js (deflated 59%)
  adding: assets/EditFounder-Bdhsu2CI.js (deflated 75%)
  adding: assets/ViewRemindersModal-BqBza3ip.js (deflated 62%)
  adding: assets/index-BubI5KH5.js (deflated 59%)
  adding: assets/index-C7ZqCd2Z.js (deflated 67%)
  adding: assets/index-DWkLFNqE.js (deflated 68%)
  adding: assets/ViewBusinessProposal-7FYDGkiY.js (deflated 75%)
  adding: assets/circle-check-Bi5J8TS9.js (deflated 27%)
  adding: assets/index-CUmrtwYi.js (deflated 70%)
  adding: assets/meta-pixel-CAHtMBtr.js (deflated 57%)
  adding: assets/shield-check-BxGq5Kj1.js (deflated 31%)
  adding: assets/sparkles-nuVhbKsD.js (deflated 45%)
  adding: assets/trending-up-BWm7tF_x.js (deflated 26%)
  adding: assets/globe-C3tkkx2p.js (deflated 33%)
  adding: assets/blogs-ChqPogSE.js (stored 0%)
  adding: assets/calendar-BlV3NZPa.js (deflated 33%)
  adding: assets/index-DY5Io9x-.js (deflated 53%)
  adding: assets/message-circle-BEAj6Q5C.js (deflated 28%)
  adding: assets/tag-Dtq3Pnu6.js (deflated 34%)
  adding: assets/arrow-left-C4DN9jYZ.js (deflated 26%)
  adding: assets/InfoBox-GQ3n3VY9.js (deflated 52%)
  adding: assets/info-DJDnyJnF.js (deflated 30%)
  adding: assets/circle-alert-C9xQFszk.js (deflated 36%)
  adding: assets/index-Boom7K8d.js (deflated 78%)
  adding: assets/topCards-DbfLJ28z.js (deflated 58%)
  adding: assets/parseISO-DNXPrHzD.js (deflated 56%)
  adding: assets/webinarBanner-XLbHXaFF.js (deflated 25%)
  adding: assets/react-apexcharts.min-hCZnyYCp.js (deflated 73%)
  adding: assets/CurrencyWithApprox-CH02wgp3.js (deflated 45%)
  adding: assets/ImageUploader-9xpnHKmG.js (deflated 58%)
  adding: assets/external-link-DPSzx8m6.js (deflated 33%)
  adding: assets/upload-CSY5FAeP.js (deflated 31%)
  adding: assets/table-xQ5o739H.js (deflated 67%)
  adding: assets/toolbar-CVM596X4.js (deflated 58%)
  adding: assets/useDebounce-Ba2zDJTp.js (deflated 23%)
  adding: assets/support-ticket-events-BTJKxQ4s.js (deflated 30%)
  adding: assets/headphones-Bpg4iC81.js (deflated 34%)
  adding: assets/Pagination-Cfdum620.js (deflated 47%)
  adding: assets/arrow-up-CiNvec77.js (deflated 62%)
  adding: assets/ellipsis-DXHpTNZA.js (deflated 38%)
  adding: assets/funnel-D24NVnn-.js (deflated 30%)
  adding: assets/FilterDrawer-9gUbFTvN.js (deflated 58%)
  adding: assets/rotate-ccw-Da0UDXbY.js (deflated 28%)
  adding: assets/ToggleChips-DE0pSKVh.js (deflated 52%)
  adding: assets/circle-x-5Ry1mIJb.js (deflated 31%)
  adding: assets/businessProposalCard-naumDebp.js (deflated 66%)
  adding: assets/user-minus-CdBwy2nX.js (deflated 30%)
  adding: assets/pencil-CwEct8AI.js (deflated 31%)
  adding: assets/ban-Brjmy0rH.js (deflated 27%)
  adding: assets/plus-DMk-WwQs.js (deflated 28%)
  adding: assets/ActivityLogsModal.utils-BbnL_w51.js (deflated 72%)
  adding: assets/Tabs-nXKY-QCg.js (deflated 49%)
  adding: assets/Stepper-B1zY-6ID.js (deflated 57%)
  adding: assets/MultipleImageUploader-BpRgffI4.js (deflated 57%)
  adding: assets/index-ObtUnECG.js (deflated 64%)
  adding: assets/supabase-bulk-emails-D8JxNued.js (deflated 61%)
  adding: assets/CreateNewBatch-BtJonIO0.js (deflated 73%)
  adding: assets/CkEditor-Bcfh0zi2.js (deflated 40%)
  adding: assets/recipientFiltersState-CjjgiMSZ.js (deflated 64%)
  adding: assets/target-audience-BhLzGVb9.js (deflated 72%)
  adding: assets/index-Be2IpAro.js (deflated 55%)
  adding: assets/CreateTargetAudience-C5RIKbnf.js (deflated 62%)
  adding: assets/EditTargetAudience-SeZGGVZK.js (deflated 65%)
  adding: assets/index-CWmMPe-H.js (deflated 58%)
  adding: assets/CreateBlog-FFCLEbY5.js (deflated 58%)
  adding: assets/EditBlog-CXEEdeDe.js (deflated 57%)
  adding: assets/index-Co9NCxlR.js (deflated 69%)
  adding: assets/index-DEBqS384.js (deflated 64%)
  adding: assets/index-BHMUfdBS.js (deflated 74%)
  adding: assets/mini-admin-analytics-BgnLe1e_.js (deflated 71%)
  adding: assets/MiniAdminAnalyticsDetail-Mrib6OhU.js (deflated 68%)
  adding: assets/Dashboard-CLQKsLFv.js (deflated 39%)
  adding: assets/SimplifiedProfile-BNwlRPn_.js (deflated 74%)
  adding: assets/index-DAnNk5Pt.js (deflated 32%)
  adding: assets/HelpPageContent-D918ypT2.js (deflated 64%)
  adding: assets/hash-TwEPAhcl.js (deflated 41%)
  adding: assets/index-BAbATZPF.js (deflated 50%)
  adding: assets/ProposalPopup-Lyl7H58N.js (deflated 51%)
  adding: assets/index-9E4wxaGw.js (deflated 52%)
  adding: assets/index-htS4msGa.js (deflated 50%)
  adding: assets/Dashboard-BbEJP5kd.js (deflated 39%)
  adding: assets/index-DISEoeiO.js (deflated 73%)
  adding: assets/index-BZ0fmJif.js (deflated 63%)
  adding: assets/index-Ck5SPXrU.js (deflated 32%)
  adding: assets/TicketDetailPage-DvEzp6XQ.js (deflated 70%)
  adding: index.html (deflated 52%)
Saving Lightsail SSH key...
Uploading build to Lightsail...
Warning: Permanently added '15.207.22.250' (ED25519) to the list of known hosts.
Deploying build to /var/www/html ...
Archive:  /home/ubuntu/react-build.zip
  inflating: /var/www/html/.htaccess  
  inflating: /var/www/html/favicon.ico  
  inflating: /var/www/html/robots.txt  
  inflating: /var/www/html/sitemap.xml  
   creating: /var/www/html/assets/
  inflating: /var/www/html/assets/meerGreenJacket-ykCKR2uN.png  
  inflating: /var/www/html/assets/shakeelBg-NX99JDrP.jpg  
  inflating: /var/www/html/assets/meerShinyDress-C8scZpYx.webp  
  inflating: /var/www/html/assets/akhtar-qLBVRLf-.jpg  
  inflating: /var/www/html/assets/wasimAkramBg-D4BFEYu1.png  
  inflating: /var/www/html/assets/arabic-BElshnQY.jpg  
  inflating: /var/www/html/assets/dubai-Bmqq4ymj.jpg  
  inflating: /var/www/html/assets/fahad-CnovJc60.jpg  
  inflating: /var/www/html/assets/salman-DD3Zraly.jpg  
  inflating: /var/www/html/assets/irfanMalikBg-D4osmO_C.jpg  
  inflating: /var/www/html/assets/wasim-ETjjiRaD.jpg  
  inflating: /var/www/html/assets/placeholderMan-BvremNML.png  
  inflating: /var/www/html/assets/handShake-Dk1DoagP.webp  
  inflating: /var/www/html/assets/tech-BdWyL5Pa.jpg  
  inflating: /var/www/html/assets/rectanglePlaceholder-nCbViREl.png  
  inflating: /var/www/html/assets/MainLogo-DJpFhlQE.png  
 extracting: /var/www/html/assets/goldenCheck-CnSHOmXW.webp  
  inflating: /var/www/html/assets/tower-gldBe0jJ.webp  
  inflating: /var/www/html/assets/Fav-BPcykgsi.png  
  inflating: /var/www/html/assets/tower2-LuqAcWCu.jpg  
  inflating: /var/www/html/assets/tower3-DpFzgoGy.jpg  
  inflating: /var/www/html/assets/proposal2-B9XZZX50.webp  
  inflating: /var/www/html/assets/proposal5-DItum-r7.webp  
  inflating: /var/www/html/assets/proposal3-fxAFZeku.webp  
  inflating: /var/www/html/assets/proposal6-wLmvSjqd.webp  
  inflating: /var/www/html/assets/verifiedBadge-CrcJq1tD.webp  
  inflating: /var/www/html/assets/proposal1-D37fvLUu.webp  
  inflating: /var/www/html/assets/proposal4-CZk7QC75.webp  
  inflating: /var/www/html/assets/video-poster-DrQklN8e.png  
  inflating: /var/www/html/assets/wasimAkram-CBOcRO9q.png  
  inflating: /var/www/html/assets/index-ggLNrt0T.css  
  inflating: /var/www/html/assets/BlogDetail-oNXnMkFG.css  
  inflating: /var/www/html/assets/style-DpsRipQV.css  
  inflating: /var/www/html/assets/index-DPerixLt.js  
  inflating: /var/www/html/assets/xlsx-DGuHH-KN.js  
  inflating: /var/www/html/assets/Landing-C5vPlpme.js  
  inflating: /var/www/html/assets/BlogDetail-C0dvWXBE.js  
  inflating: /var/www/html/assets/AllBlogs-BwR0meVf.js  
  inflating: /var/www/html/assets/index-iDccQERS.js  
  inflating: /var/www/html/assets/index-BfJhNmDu.js  
  inflating: /var/www/html/assets/index-BlpasUph.js  
  inflating: /var/www/html/assets/index-CzKhovkN.js  
  inflating: /var/www/html/assets/index-DOt1Cx8F.js  
  inflating: /var/www/html/assets/SignUp-RrAOQwOE.js  
  inflating: /var/www/html/assets/ForgotPassword-6FfdFi4Q.js  
  inflating: /var/www/html/assets/VerifyUserEmail-D6mE1FjB.js  
  inflating: /var/www/html/assets/ResetPassword-BH4dxhx7.js  
  inflating: /var/www/html/assets/ContactSupport-D_Acygvo.js  
  inflating: /var/www/html/assets/AuthCallback-CiF1lQLy.js  
  inflating: /var/www/html/assets/SelectRole-DCvyBx7r.js  
  inflating: /var/www/html/assets/InvestorThankYou-NPPKmqlM.js  
  inflating: /var/www/html/assets/FounderThankYou-CzxSZId_.js  
  inflating: /var/www/html/assets/Login-Cka_EjAk.js  
  inflating: /var/www/html/assets/Profile-B-hPkWnQ.js  
  inflating: /var/www/html/assets/index-DjCArbUq.js  
  inflating: /var/www/html/assets/index-Cat40Rq9.js  
  inflating: /var/www/html/assets/EditInvestor-B74sdnpV.js  
  inflating: /var/www/html/assets/index-Jx18_ji5.js  
  inflating: /var/www/html/assets/BulkActionsBar-B98tL9vl.js  
  inflating: /var/www/html/assets/EditFounder-Bdhsu2CI.js  
  inflating: /var/www/html/assets/ViewRemindersModal-BqBza3ip.js  
  inflating: /var/www/html/assets/index-BubI5KH5.js  
  inflating: /var/www/html/assets/index-C7ZqCd2Z.js  
  inflating: /var/www/html/assets/index-DWkLFNqE.js  
  inflating: /var/www/html/assets/ViewBusinessProposal-7FYDGkiY.js  
  inflating: /var/www/html/assets/circle-check-Bi5J8TS9.js  
  inflating: /var/www/html/assets/index-CUmrtwYi.js  
  inflating: /var/www/html/assets/meta-pixel-CAHtMBtr.js  
  inflating: /var/www/html/assets/shield-check-BxGq5Kj1.js  
  inflating: /var/www/html/assets/sparkles-nuVhbKsD.js  
  inflating: /var/www/html/assets/trending-up-BWm7tF_x.js  
  inflating: /var/www/html/assets/globe-C3tkkx2p.js  
 extracting: /var/www/html/assets/blogs-ChqPogSE.js  
  inflating: /var/www/html/assets/calendar-BlV3NZPa.js  
  inflating: /var/www/html/assets/index-DY5Io9x-.js  
  inflating: /var/www/html/assets/message-circle-BEAj6Q5C.js  
  inflating: /var/www/html/assets/tag-Dtq3Pnu6.js  
  inflating: /var/www/html/assets/arrow-left-C4DN9jYZ.js  
  inflating: /var/www/html/assets/InfoBox-GQ3n3VY9.js  
  inflating: /var/www/html/assets/info-DJDnyJnF.js  
  inflating: /var/www/html/assets/circle-alert-C9xQFszk.js  
  inflating: /var/www/html/assets/index-Boom7K8d.js  
  inflating: /var/www/html/assets/topCards-DbfLJ28z.js  
  inflating: /var/www/html/assets/parseISO-DNXPrHzD.js  
  inflating: /var/www/html/assets/webinarBanner-XLbHXaFF.js  
  inflating: /var/www/html/assets/react-apexcharts.min-hCZnyYCp.js  
  inflating: /var/www/html/assets/CurrencyWithApprox-CH02wgp3.js  
  inflating: /var/www/html/assets/ImageUploader-9xpnHKmG.js  
  inflating: /var/www/html/assets/external-link-DPSzx8m6.js  
  inflating: /var/www/html/assets/upload-CSY5FAeP.js  
  inflating: /var/www/html/assets/table-xQ5o739H.js  
  inflating: /var/www/html/assets/toolbar-CVM596X4.js  
  inflating: /var/www/html/assets/useDebounce-Ba2zDJTp.js  
  inflating: /var/www/html/assets/support-ticket-events-BTJKxQ4s.js  
  inflating: /var/www/html/assets/headphones-Bpg4iC81.js  
  inflating: /var/www/html/assets/Pagination-Cfdum620.js  
  inflating: /var/www/html/assets/arrow-up-CiNvec77.js  
  inflating: /var/www/html/assets/ellipsis-DXHpTNZA.js  
  inflating: /var/www/html/assets/funnel-D24NVnn-.js  
  inflating: /var/www/html/assets/FilterDrawer-9gUbFTvN.js  
  inflating: /var/www/html/assets/rotate-ccw-Da0UDXbY.js  
  inflating: /var/www/html/assets/ToggleChips-DE0pSKVh.js  
  inflating: /var/www/html/assets/circle-x-5Ry1mIJb.js  
  inflating: /var/www/html/assets/businessProposalCard-naumDebp.js  
  inflating: /var/www/html/assets/user-minus-CdBwy2nX.js  
  inflating: /var/www/html/assets/pencil-CwEct8AI.js  
  inflating: /var/www/html/assets/ban-Brjmy0rH.js  
  inflating: /var/www/html/assets/plus-DMk-WwQs.js  
  inflating: /var/www/html/assets/ActivityLogsModal.utils-BbnL_w51.js  
  inflating: /var/www/html/assets/Tabs-nXKY-QCg.js  
  inflating: /var/www/html/assets/Stepper-B1zY-6ID.js  
  inflating: /var/www/html/assets/MultipleImageUploader-BpRgffI4.js  
  inflating: /var/www/html/assets/index-ObtUnECG.js  
  inflating: /var/www/html/assets/supabase-bulk-emails-D8JxNued.js  
  inflating: /var/www/html/assets/CreateNewBatch-BtJonIO0.js  
  inflating: /var/www/html/assets/CkEditor-Bcfh0zi2.js  
  inflating: /var/www/html/assets/recipientFiltersState-CjjgiMSZ.js  
  inflating: /var/www/html/assets/target-audience-BhLzGVb9.js  
  inflating: /var/www/html/assets/index-Be2IpAro.js  
  inflating: /var/www/html/assets/CreateTargetAudience-C5RIKbnf.js  
  inflating: /var/www/html/assets/EditTargetAudience-SeZGGVZK.js  
  inflating: /var/www/html/assets/index-CWmMPe-H.js  
  inflating: /var/www/html/assets/CreateBlog-FFCLEbY5.js  
  inflating: /var/www/html/assets/EditBlog-CXEEdeDe.js  
  inflating: /var/www/html/assets/index-Co9NCxlR.js  
  inflating: /var/www/html/assets/index-DEBqS384.js  
  inflating: /var/www/html/assets/index-BHMUfdBS.js  
  inflating: /var/www/html/assets/mini-admin-analytics-BgnLe1e_.js  
  inflating: /var/www/html/assets/MiniAdminAnalyticsDetail-Mrib6OhU.js  
  inflating: /var/www/html/assets/Dashboard-CLQKsLFv.js  
  inflating: /var/www/html/assets/SimplifiedProfile-BNwlRPn_.js  
  inflating: /var/www/html/assets/index-DAnNk5Pt.js  
  inflating: /var/www/html/assets/HelpPageContent-D918ypT2.js  
  inflating: /var/www/html/assets/hash-TwEPAhcl.js  
  inflating: /var/www/html/assets/index-BAbATZPF.js  
  inflating: /var/www/html/assets/ProposalPopup-Lyl7H58N.js  
  inflating: /var/www/html/assets/index-9E4wxaGw.js  
  inflating: /var/www/html/assets/index-htS4msGa.js  
  inflating: /var/www/html/assets/Dashboard-BbEJP5kd.js  
  inflating: /var/www/html/assets/index-DISEoeiO.js  
  inflating: /var/www/html/assets/index-BZ0fmJif.js  
  inflating: /var/www/html/assets/index-Ck5SPXrU.js  
  inflating: /var/www/html/assets/TicketDetailPage-DvEzp6XQ.js  
  inflating: /var/www/html/index.html  
Saving Git logs repo SSH key...
Testing GitHub SSH key...
Cloning deployment-logs repo...
Cloning into 'logs-repo'...
