Installing dependencies...
npm warn deprecated w3c-hr-time@1.0.2: Use your platform's native performance.now() and performance.timeOrigin.
npm warn deprecated domexception@2.0.1: Use your platform's native DOMException instead
npm warn deprecated abab@2.0.6: Use your platform's native atob() and btoa() methods instead

added 1750 packages, and audited 1751 packages in 4m

222 packages are looking for funding
  run `npm fund` for details

52 vulnerabilities (51 moderate, 1 high)

To address issues that do not require attention, run:
  npm audit fix

To address all issues possible (including breaking changes), run:
  npm audit fix --force

Some issues need review, and may require choosing
a different dependency.

Run `npm audit` for details.
Building React app...

> boilerplate-code-react-js@0.0.0 build
> vite build

vite v7.1.11 building for production...
transforming...
✓ 2933 modules transformed.
rendering chunks...
computing gzip size...
dist/index.html                                    2.18 kB │ gzip:   1.05 kB
dist/assets/verifiedBadge-CrcJq1tD.webp           10.83 kB
dist/assets/rectanglePlaceholder-nCbViREl.png     11.85 kB
dist/assets/goldenCheck-CnSHOmXW.webp             13.45 kB
dist/assets/irfanMalikBg-D4osmO_C.jpg             24.66 kB
dist/assets/proposal6-wLmvSjqd.webp               28.15 kB
dist/assets/placeholderMan-BvremNML.png           36.64 kB
dist/assets/handShake-Dk1DoagP.webp               65.18 kB
dist/assets/tower-gldBe0jJ.webp                   66.16 kB
dist/assets/tower2-LuqAcWCu.jpg                   72.52 kB
dist/assets/shakeelBg-NX99JDrP.jpg               143.15 kB
dist/assets/MainLogo-DJpFhlQE.png                144.86 kB
dist/assets/Fav-BPcykgsi.png                     147.34 kB
dist/assets/akhtar-qLBVRLf-.jpg                  173.92 kB
dist/assets/proposal5-DItum-r7.webp              174.24 kB
dist/assets/tower3-DpFzgoGy.jpg                  175.56 kB
dist/assets/proposal2-B9XZZX50.webp              192.62 kB
dist/assets/meerShinyDress-C8scZpYx.webp         229.68 kB
dist/assets/meerGreenJacket-ykCKR2uN.png         230.19 kB
dist/assets/arabic-BElshnQY.jpg                  238.42 kB
dist/assets/wasim-ETjjiRaD.jpg                   242.26 kB
dist/assets/salman-DD3Zraly.jpg                  255.18 kB
dist/assets/fahad-CnovJc60.jpg                   278.62 kB
dist/assets/tech-BdWyL5Pa.jpg                    281.71 kB
dist/assets/dubai-Bmqq4ymj.jpg                   311.77 kB
dist/assets/wasimAkramBg-D4BFEYu1.png            313.57 kB
dist/assets/proposal3-fxAFZeku.webp              445.47 kB
dist/assets/proposal4-CZk7QC75.webp              542.86 kB
dist/assets/proposal1-D37fvLUu.webp              779.05 kB
dist/assets/wasimAkram-CBOcRO9q.png            4,488.96 kB
dist/assets/index-BiTqy95M.css                   136.68 kB │ gzip:  18.67 kB
dist/assets/useDebounce-7hx-eqAg.js                0.19 kB │ gzip:   0.17 kB
dist/assets/chevron-left-wNgfrEoY.js               0.30 kB │ gzip:   0.25 kB
dist/assets/plus-BKdRo-S2.js                       0.33 kB │ gzip:   0.25 kB
dist/assets/trending-up-C7jIAKXH.js                0.35 kB │ gzip:   0.27 kB
dist/assets/ban-HUCPDcFn.js                        0.35 kB │ gzip:   0.28 kB
dist/assets/info-BWu4_tbW.js                       0.37 kB │ gzip:   0.28 kB
dist/assets/circle-x-kSh4fPgo.js                   0.38 kB │ gzip:   0.28 kB
dist/assets/mail-BOiGT1XB.js                       0.39 kB │ gzip:   0.31 kB
dist/assets/target-DiJpwhF0.js                     0.39 kB │ gzip:   0.27 kB
dist/assets/upload-uFepR-9Q.js                     0.40 kB │ gzip:   0.30 kB
dist/assets/log-in-BIK62pcf.js                     0.40 kB │ gzip:   0.29 kB
dist/assets/download-BPBmU6vJ.js                   0.41 kB │ gzip:   0.30 kB
dist/assets/message-square-CVdIijss.js             0.41 kB │ gzip:   0.31 kB
dist/assets/globe-BSchrOcb.js                      0.41 kB │ gzip:   0.30 kB
dist/assets/circle-alert-DbpCx8Q9.js               0.42 kB │ gzip:   0.29 kB
dist/assets/eye-qns7Xn9N.js                        0.42 kB │ gzip:   0.30 kB
dist/assets/map-pin-GszL8_Xa.js                    0.43 kB │ gzip:   0.33 kB
dist/assets/link-C8lthx6S.js                       0.43 kB │ gzip:   0.30 kB
dist/assets/pencil-C1jiVirH.js                     0.45 kB │ gzip:   0.33 kB
dist/assets/user-plus-Dbz1BrMK.js                  0.48 kB │ gzip:   0.34 kB
dist/assets/shield-check-B8MkIzrj.js               0.49 kB │ gzip:   0.35 kB
dist/assets/square-pen-Dp9nXSGW.js                 0.49 kB │ gzip:   0.34 kB
dist/assets/phone-CvT1mTIP.js                      0.50 kB │ gzip:   0.33 kB
dist/assets/trash-2-D5mbvvRb.js                    0.50 kB │ gzip:   0.32 kB
dist/assets/file-text-Bq437iXy.js                  0.51 kB │ gzip:   0.32 kB
dist/assets/LegalModal-Cq2EQWlY.js                 0.66 kB │ gzip:   0.46 kB
dist/assets/sparkles-DiQ9Vj3U.js                   0.67 kB │ gzip:   0.39 kB
dist/assets/InfoBox-DJbvsIQ0.js                    0.86 kB │ gzip:   0.43 kB
dist/assets/label-BIMsZPuX.js                      0.89 kB │ gzip:   0.55 kB
dist/assets/card-DJ4rwNK8.js                       1.18 kB │ gzip:   0.46 kB
dist/assets/package-CLl2mY3f.js                    1.21 kB │ gzip:   0.50 kB
dist/assets/Tabs-CRftfNIK.js                       1.23 kB │ gzip:   0.65 kB
dist/assets/GetMoreDetailsModal-DZET79He.js        1.27 kB │ gzip:   0.61 kB
dist/assets/EmptyState-zTNMwJUV.js                 1.47 kB │ gzip:   0.61 kB
dist/assets/textarea-Cn_Qr7SN.js                   1.49 kB │ gzip:   0.74 kB
dist/assets/ToggleChips-Bv5tjoRp.js                1.66 kB │ gzip:   0.82 kB
dist/assets/input-DzkvLREA.js                      1.68 kB │ gzip:   0.86 kB
dist/assets/topCards-DkVT2gfm.js                   1.71 kB │ gzip:   0.75 kB
dist/assets/ImageUploader-D6ctLtyy.js              1.95 kB │ gzip:   0.94 kB
dist/assets/index-Be01p0C7.js                      2.07 kB │ gzip:   0.92 kB
dist/assets/ForgotPassword-CsA-UIJ0.js             2.17 kB │ gzip:   1.09 kB
dist/assets/ContactSupportModal-C_XTVu-h.js        2.37 kB │ gzip:   1.18 kB
dist/assets/ResetPassword-DNZlXRN7.js              2.40 kB │ gzip:   1.07 kB
dist/assets/AuthCallback-Dp-_iEjC.js               2.67 kB │ gzip:   1.27 kB
dist/assets/index-BPIW2C3_.js                      2.67 kB │ gzip:   1.20 kB
dist/assets/index-D7y_7ctZ.js                      2.72 kB │ gzip:   1.22 kB
dist/assets/toolbar-Q-6k4ESq.js                    2.99 kB │ gzip:   1.22 kB
dist/assets/FileUploader-QwSQBE62.js               3.02 kB │ gzip:   1.35 kB
dist/assets/index-BHLAUvUg.js                      3.07 kB │ gzip:   1.47 kB
dist/assets/index-BdY1PO81.js                      3.21 kB │ gzip:   1.60 kB
dist/assets/index-DJa7f7fq.js                      3.27 kB │ gzip:   1.59 kB
dist/assets/index-CZ0usmvY.js                      3.40 kB │ gzip:   1.62 kB
dist/assets/index-DS3sgc0z.js                      3.48 kB │ gzip:   1.67 kB
dist/assets/index-D2bsrQlk.js                      3.62 kB │ gzip:   1.39 kB
dist/assets/checkbox-Cf4IHNlH.js                   4.08 kB │ gzip:   1.78 kB
dist/assets/index-B1ziATlU.js                      4.20 kB │ gzip:   2.05 kB
dist/assets/index-HDTBhZaK.js                      4.21 kB │ gzip:   2.05 kB
dist/assets/index-BRYGxrA_.js                      4.25 kB │ gzip:   1.68 kB
dist/assets/Dashboard-CzfP5ULS.js                  4.28 kB │ gzip:   1.46 kB
dist/assets/Dashboard-DEKXOKP0.js                  4.30 kB │ gzip:   1.47 kB
dist/assets/Stepper-C0oX0aD_.js                    4.66 kB │ gzip:   2.02 kB
dist/assets/ContactSupport-Cjwjt0JU.js             4.93 kB │ gzip:   2.04 kB
dist/assets/Login-BW4j5EGA.js                      5.05 kB │ gzip:   2.13 kB
dist/assets/SelectRole-Bjjyvrvi.js                 5.30 kB │ gzip:   2.22 kB
dist/assets/SignUp-CziUrJmO.js                     5.50 kB │ gzip:   2.12 kB
dist/assets/VerifyUserEmail-DlGnOtLn.js            6.17 kB │ gzip:   2.29 kB
dist/assets/businessProposalCard-DVuIdXCC.js       6.18 kB │ gzip:   2.09 kB
dist/assets/Profile-B-fdOg_A.js                    7.10 kB │ gzip:   2.25 kB
dist/assets/index-DLnMAeZm.js                      8.15 kB │ gzip:   3.31 kB
dist/assets/index-Dlv--exM.js                      8.16 kB │ gzip:   3.08 kB
dist/assets/index-CUixyh0H.js                      8.31 kB │ gzip:   3.19 kB
dist/assets/dialog-Dw8y3k-t.js                     8.50 kB │ gzip:   3.27 kB
dist/assets/tooltip-DXUMdCc4.js                    8.77 kB │ gzip:   3.34 kB
dist/assets/index-OnS2zMhP.js                      9.54 kB │ gzip:   3.91 kB
dist/assets/index-CcbcxthO.js                     10.02 kB │ gzip:   3.23 kB
dist/assets/Header-DKfvroxI.js                    11.52 kB │ gzip:   3.53 kB
dist/assets/index-B3Y_TAOK.js                     12.34 kB │ gzip:   4.28 kB
dist/assets/SimplifiedProfile-D_WMGU3y.js         13.76 kB │ gzip:   3.71 kB
dist/assets/ViewBusinessProposal-BflSmqWZ.js      14.01 kB │ gzip:   4.05 kB
dist/assets/index-CiiyaqjG.js                     14.13 kB │ gzip:   4.98 kB
dist/assets/index-3P2Of0sd.js                     14.43 kB │ gzip:   4.93 kB
dist/assets/CreateNewBatch-DAtS_faw.js            14.89 kB │ gzip:   3.97 kB
dist/assets/index-BeiQb6am.js                     16.50 kB │ gzip:   6.24 kB
dist/assets/EditFounder-DUjtSCvO.js               18.08 kB │ gzip:   4.38 kB
dist/assets/EditInvestor-BPPBrNrA.js              19.03 kB │ gzip:   4.64 kB
dist/assets/index-CNSZZECi.js                     20.02 kB │ gzip:   6.52 kB
dist/assets/index-DeksinXb.js                     21.67 kB │ gzip:   5.74 kB
dist/assets/index-YDu3Koxr.js                     21.86 kB │ gzip:   6.69 kB
dist/assets/select-B3_BeEc3.js                    22.08 kB │ gzip:   7.95 kB
dist/assets/index-CuO7sg7e.js                     27.84 kB │ gzip:  10.83 kB
dist/assets/table-D4pnnNVb.js                     37.18 kB │ gzip:  10.86 kB
dist/assets/FilterDrawer-BO4waZ2f.js              86.57 kB │ gzip:  25.94 kB
dist/assets/Landing-CdEEzgay.js                  136.55 kB │ gzip:  48.81 kB
dist/assets/xlsx-DGuHH-KN.js                     429.49 kB │ gzip: 143.07 kB
dist/assets/index-DnPywlBq.js                    603.90 kB │ gzip: 164.36 kB
dist/assets/index-Cs6MWziq.js                    761.38 kB │ gzip: 229.30 kB
dist/assets/CkEditor-D0-3uFdP.js               1,318.06 kB │ gzip: 325.94 kB

(!) Some chunks are larger than 500 kB after minification. Consider:
- Using dynamic import() to code-split the application
- Use build.rollupOptions.output.manualChunks to improve chunking: https://rollupjs.org/configuration-options/#output-manualchunks
- Adjust chunk size limit for this warning via build.chunkSizeWarningLimit.
✓ built in 16.71s
Packaging build...
  adding: favicon.ico (deflated 13%)
  adding: assets/ (stored 0%)
  adding: assets/meerGreenJacket-ykCKR2uN.png (deflated 0%)
  adding: assets/shakeelBg-NX99JDrP.jpg (deflated 0%)
  adding: assets/meerShinyDress-C8scZpYx.webp (deflated 0%)
  adding: assets/akhtar-qLBVRLf-.jpg (deflated 1%)
  adding: assets/wasimAkramBg-D4BFEYu1.png (deflated 0%)
  adding: assets/arabic-BElshnQY.jpg (deflated 0%)
  adding: assets/irfanMalikBg-D4osmO_C.jpg (deflated 1%)
  adding: assets/handShake-Dk1DoagP.webp (deflated 0%)
  adding: assets/tech-BdWyL5Pa.jpg (deflated 0%)
  adding: assets/salman-DD3Zraly.jpg (deflated 0%)
  adding: assets/dubai-Bmqq4ymj.jpg (deflated 0%)
  adding: assets/rectanglePlaceholder-nCbViREl.png (deflated 31%)
  adding: assets/fahad-CnovJc60.jpg (deflated 0%)
  adding: assets/MainLogo-DJpFhlQE.png (deflated 4%)
  adding: assets/goldenCheck-CnSHOmXW.webp (stored 0%)
  adding: assets/verifiedBadge-CrcJq1tD.webp (deflated 1%)
  adding: assets/tower-gldBe0jJ.webp (deflated 0%)
  adding: assets/tower2-LuqAcWCu.jpg (deflated 2%)
  adding: assets/tower3-DpFzgoGy.jpg (deflated 0%)
  adding: assets/placeholderMan-BvremNML.png (deflated 3%)
  adding: assets/Fav-BPcykgsi.png (deflated 5%)
  adding: assets/wasim-ETjjiRaD.jpg (deflated 0%)
  adding: assets/proposal3-fxAFZeku.webp (deflated 1%)
  adding: assets/proposal2-B9XZZX50.webp (deflated 3%)
  adding: assets/proposal5-DItum-r7.webp (deflated 4%)
  adding: assets/proposal6-wLmvSjqd.webp (deflated 0%)
  adding: assets/proposal1-D37fvLUu.webp (deflated 1%)
  adding: assets/proposal4-CZk7QC75.webp (deflated 1%)
  adding: assets/wasimAkram-CBOcRO9q.png (deflated 1%)
  adding: assets/index-BiTqy95M.css (deflated 86%)
  adding: assets/index-Cs6MWziq.js (deflated 70%)
  adding: assets/Landing-CdEEzgay.js (deflated 64%)
  adding: assets/index-BdY1PO81.js (deflated 50%)
  adding: assets/index-BHLAUvUg.js (deflated 53%)
  adding: assets/index-CZ0usmvY.js (deflated 53%)
  adding: assets/index-DJa7f7fq.js (deflated 52%)
  adding: assets/Header-DKfvroxI.js (deflated 70%)
  adding: assets/SignUp-CziUrJmO.js (deflated 62%)
  adding: assets/ForgotPassword-CsA-UIJ0.js (deflated 51%)
  adding: assets/VerifyUserEmail-DlGnOtLn.js (deflated 63%)
  adding: assets/ResetPassword-DNZlXRN7.js (deflated 56%)
  adding: assets/ContactSupport-Cjwjt0JU.js (deflated 59%)
  adding: assets/AuthCallback-Dp-_iEjC.js (deflated 53%)
  adding: assets/SelectRole-Bjjyvrvi.js (deflated 58%)
  adding: assets/Login-BW4j5EGA.js (deflated 58%)
  adding: assets/index-D7y_7ctZ.js (deflated 54%)
  adding: assets/index-DnPywlBq.js (deflated 73%)
  adding: assets/Profile-B-fdOg_A.js (deflated 69%)
  adding: assets/index-DLnMAeZm.js (deflated 60%)
  adding: assets/index-CiiyaqjG.js (deflated 65%)
  adding: assets/EditInvestor-BPPBrNrA.js (deflated 76%)
  adding: assets/index-3P2Of0sd.js (deflated 66%)
  adding: assets/globe-BSchrOcb.js (deflated 33%)
  adding: assets/FilterDrawer-BO4waZ2f.js (deflated 70%)
  adding: assets/label-BIMsZPuX.js (deflated 40%)
  adding: assets/EditFounder-DUjtSCvO.js (deflated 76%)
  adding: assets/index-OnS2zMhP.js (deflated 59%)
  adding: assets/index-CNSZZECi.js (deflated 68%)
  adding: assets/user-plus-Dbz1BrMK.js (deflated 34%)
  adding: assets/log-in-BIK62pcf.js (deflated 31%)
  adding: assets/ban-HUCPDcFn.js (deflated 26%)
  adding: assets/phone-CvT1mTIP.js (deflated 36%)
  adding: assets/pencil-C1jiVirH.js (deflated 31%)
  adding: assets/index-B3Y_TAOK.js (deflated 65%)
  adding: assets/ViewBusinessProposal-BflSmqWZ.js (deflated 71%)
  adding: assets/index-YDu3Koxr.js (deflated 69%)
  adding: assets/ToggleChips-Bv5tjoRp.js (deflated 52%)
  adding: assets/index-CcbcxthO.js (deflated 68%)
  adding: assets/useDebounce-7hx-eqAg.js (deflated 22%)
  adding: assets/CreateNewBatch-DAtS_faw.js (deflated 73%)
  adding: assets/sparkles-DiQ9Vj3U.js (deflated 45%)
  adding: assets/map-pin-GszL8_Xa.js (deflated 28%)
  adding: assets/shield-check-B8MkIzrj.js (deflated 32%)
  adding: assets/CkEditor-D0-3uFdP.js (deflated 75%)
  adding: assets/mail-BOiGT1XB.js (deflated 26%)
  adding: assets/table-D4pnnNVb.js (deflated 71%)
  adding: assets/Dashboard-CzfP5ULS.js (deflated 66%)
  adding: assets/SimplifiedProfile-D_WMGU3y.js (deflated 73%)
  adding: assets/index-B1ziATlU.js (deflated 52%)
  adding: assets/index-D2bsrQlk.js (deflated 62%)
  adding: assets/GetMoreDetailsModal-DZET79He.js (deflated 54%)
  adding: assets/trending-up-C7jIAKXH.js (deflated 26%)
  adding: assets/LegalModal-Cq2EQWlY.js (deflated 33%)
  adding: assets/index-DS3sgc0z.js (deflated 53%)
  adding: assets/dialog-Dw8y3k-t.js (deflated 62%)
  adding: assets/download-BPBmU6vJ.js (deflated 31%)
  adding: assets/index-CUixyh0H.js (deflated 62%)
  adding: assets/index-BeiQb6am.js (deflated 62%)
  adding: assets/index-Be01p0C7.js (deflated 56%)
  adding: assets/InfoBox-DJbvsIQ0.js (deflated 52%)
  adding: assets/input-DzkvLREA.js (deflated 50%)
  adding: assets/info-BWu4_tbW.js (deflated 30%)
  adding: assets/circle-alert-DbpCx8Q9.js (deflated 35%)
  adding: assets/select-B3_BeEc3.js (deflated 64%)
  adding: assets/index-CuO7sg7e.js (deflated 61%)
  adding: assets/index-BPIW2C3_.js (deflated 56%)
  adding: assets/FileUploader-QwSQBE62.js (deflated 56%)
  adding: assets/textarea-Cn_Qr7SN.js (deflated 52%)
  adding: assets/link-C8lthx6S.js (deflated 35%)
  adding: assets/eye-qns7Xn9N.js (deflated 33%)
  adding: assets/trash-2-D5mbvvRb.js (deflated 40%)
  adding: assets/topCards-DkVT2gfm.js (deflated 58%)
  adding: assets/card-DJ4rwNK8.js (deflated 62%)
  adding: assets/ImageUploader-D6ctLtyy.js (deflated 53%)
  adding: assets/upload-uFepR-9Q.js (deflated 31%)
  adding: assets/EmptyState-zTNMwJUV.js (deflated 60%)
  adding: assets/toolbar-Q-6k4ESq.js (deflated 60%)
  adding: assets/message-square-CVdIijss.js (deflated 29%)
  adding: assets/tooltip-DXUMdCc4.js (deflated 62%)
  adding: assets/square-pen-Dp9nXSGW.js (deflated 35%)
  adding: assets/chevron-left-wNgfrEoY.js (deflated 22%)
  adding: assets/checkbox-Cf4IHNlH.js (deflated 57%)
  adding: assets/plus-BKdRo-S2.js (deflated 28%)
  adding: assets/file-text-Bq437iXy.js (deflated 40%)
  adding: assets/businessProposalCard-DVuIdXCC.js (deflated 67%)
  adding: assets/Tabs-CRftfNIK.js (deflated 49%)
  adding: assets/circle-x-kSh4fPgo.js (deflated 31%)
  adding: assets/target-DiJpwhF0.js (deflated 37%)
  adding: assets/Stepper-C0oX0aD_.js (deflated 57%)
  adding: assets/package-CLl2mY3f.js (deflated 61%)
  adding: assets/ContactSupportModal-C_XTVu-h.js (deflated 51%)
  adding: assets/index-BRYGxrA_.js (deflated 61%)
  adding: assets/Dashboard-DEKXOKP0.js (deflated 66%)
  adding: assets/index-DeksinXb.js (deflated 74%)
  adding: assets/index-Dlv--exM.js (deflated 62%)
  adding: assets/index-HDTBhZaK.js (deflated 52%)
  adding: assets/xlsx-DGuHH-KN.js (deflated 67%)
  adding: index.html (deflated 52%)
Saving Lightsail SSH key...
Uploading build to Lightsail...
Warning: Permanently added '15.207.22.250' (ED25519) to the list of known hosts.
Deploying build to /var/www/html ...
Archive:  /home/ubuntu/react-build.zip
  inflating: /var/www/html/favicon.ico  
   creating: /var/www/html/assets/
  inflating: /var/www/html/assets/meerGreenJacket-ykCKR2uN.png  
  inflating: /var/www/html/assets/shakeelBg-NX99JDrP.jpg  
  inflating: /var/www/html/assets/meerShinyDress-C8scZpYx.webp  
  inflating: /var/www/html/assets/akhtar-qLBVRLf-.jpg  
  inflating: /var/www/html/assets/wasimAkramBg-D4BFEYu1.png  
  inflating: /var/www/html/assets/arabic-BElshnQY.jpg  
  inflating: /var/www/html/assets/irfanMalikBg-D4osmO_C.jpg  
  inflating: /var/www/html/assets/handShake-Dk1DoagP.webp  
  inflating: /var/www/html/assets/tech-BdWyL5Pa.jpg  
  inflating: /var/www/html/assets/salman-DD3Zraly.jpg  
  inflating: /var/www/html/assets/dubai-Bmqq4ymj.jpg  
  inflating: /var/www/html/assets/rectanglePlaceholder-nCbViREl.png  
  inflating: /var/www/html/assets/fahad-CnovJc60.jpg  
  inflating: /var/www/html/assets/MainLogo-DJpFhlQE.png  
 extracting: /var/www/html/assets/goldenCheck-CnSHOmXW.webp  
  inflating: /var/www/html/assets/verifiedBadge-CrcJq1tD.webp  
  inflating: /var/www/html/assets/tower-gldBe0jJ.webp  
  inflating: /var/www/html/assets/tower2-LuqAcWCu.jpg  
  inflating: /var/www/html/assets/tower3-DpFzgoGy.jpg  
  inflating: /var/www/html/assets/placeholderMan-BvremNML.png  
  inflating: /var/www/html/assets/Fav-BPcykgsi.png  
  inflating: /var/www/html/assets/wasim-ETjjiRaD.jpg  
  inflating: /var/www/html/assets/proposal3-fxAFZeku.webp  
  inflating: /var/www/html/assets/proposal2-B9XZZX50.webp  
  inflating: /var/www/html/assets/proposal5-DItum-r7.webp  
  inflating: /var/www/html/assets/proposal6-wLmvSjqd.webp  
  inflating: /var/www/html/assets/proposal1-D37fvLUu.webp  
  inflating: /var/www/html/assets/proposal4-CZk7QC75.webp  
  inflating: /var/www/html/assets/wasimAkram-CBOcRO9q.png  
  inflating: /var/www/html/assets/index-BiTqy95M.css  
  inflating: /var/www/html/assets/index-Cs6MWziq.js  
  inflating: /var/www/html/assets/Landing-CdEEzgay.js  
  inflating: /var/www/html/assets/index-BdY1PO81.js  
  inflating: /var/www/html/assets/index-BHLAUvUg.js  
  inflating: /var/www/html/assets/index-CZ0usmvY.js  
  inflating: /var/www/html/assets/index-DJa7f7fq.js  
  inflating: /var/www/html/assets/Header-DKfvroxI.js  
  inflating: /var/www/html/assets/SignUp-CziUrJmO.js  
  inflating: /var/www/html/assets/ForgotPassword-CsA-UIJ0.js  
  inflating: /var/www/html/assets/VerifyUserEmail-DlGnOtLn.js  
  inflating: /var/www/html/assets/ResetPassword-DNZlXRN7.js  
  inflating: /var/www/html/assets/ContactSupport-Cjwjt0JU.js  
  inflating: /var/www/html/assets/AuthCallback-Dp-_iEjC.js  
  inflating: /var/www/html/assets/SelectRole-Bjjyvrvi.js  
  inflating: /var/www/html/assets/Login-BW4j5EGA.js  
  inflating: /var/www/html/assets/index-D7y_7ctZ.js  
  inflating: /var/www/html/assets/index-DnPywlBq.js  
  inflating: /var/www/html/assets/Profile-B-fdOg_A.js  
  inflating: /var/www/html/assets/index-DLnMAeZm.js  
  inflating: /var/www/html/assets/index-CiiyaqjG.js  
  inflating: /var/www/html/assets/EditInvestor-BPPBrNrA.js  
  inflating: /var/www/html/assets/index-3P2Of0sd.js  
  inflating: /var/www/html/assets/globe-BSchrOcb.js  
  inflating: /var/www/html/assets/FilterDrawer-BO4waZ2f.js  
  inflating: /var/www/html/assets/label-BIMsZPuX.js  
  inflating: /var/www/html/assets/EditFounder-DUjtSCvO.js  
  inflating: /var/www/html/assets/index-OnS2zMhP.js  
  inflating: /var/www/html/assets/index-CNSZZECi.js  
  inflating: /var/www/html/assets/user-plus-Dbz1BrMK.js  
  inflating: /var/www/html/assets/log-in-BIK62pcf.js  
  inflating: /var/www/html/assets/ban-HUCPDcFn.js  
  inflating: /var/www/html/assets/phone-CvT1mTIP.js  
  inflating: /var/www/html/assets/pencil-C1jiVirH.js  
  inflating: /var/www/html/assets/index-B3Y_TAOK.js  
  inflating: /var/www/html/assets/ViewBusinessProposal-BflSmqWZ.js  
  inflating: /var/www/html/assets/index-YDu3Koxr.js  
  inflating: /var/www/html/assets/ToggleChips-Bv5tjoRp.js  
  inflating: /var/www/html/assets/index-CcbcxthO.js  
  inflating: /var/www/html/assets/useDebounce-7hx-eqAg.js  
  inflating: /var/www/html/assets/CreateNewBatch-DAtS_faw.js  
  inflating: /var/www/html/assets/sparkles-DiQ9Vj3U.js  
  inflating: /var/www/html/assets/map-pin-GszL8_Xa.js  
  inflating: /var/www/html/assets/shield-check-B8MkIzrj.js  
  inflating: /var/www/html/assets/CkEditor-D0-3uFdP.js  
  inflating: /var/www/html/assets/mail-BOiGT1XB.js  
  inflating: /var/www/html/assets/table-D4pnnNVb.js  
  inflating: /var/www/html/assets/Dashboard-CzfP5ULS.js  
  inflating: /var/www/html/assets/SimplifiedProfile-D_WMGU3y.js  
  inflating: /var/www/html/assets/index-B1ziATlU.js  
  inflating: /var/www/html/assets/index-D2bsrQlk.js  
  inflating: /var/www/html/assets/GetMoreDetailsModal-DZET79He.js  
  inflating: /var/www/html/assets/trending-up-C7jIAKXH.js  
  inflating: /var/www/html/assets/LegalModal-Cq2EQWlY.js  
  inflating: /var/www/html/assets/index-DS3sgc0z.js  
  inflating: /var/www/html/assets/dialog-Dw8y3k-t.js  
  inflating: /var/www/html/assets/download-BPBmU6vJ.js  
  inflating: /var/www/html/assets/index-CUixyh0H.js  
  inflating: /var/www/html/assets/index-BeiQb6am.js  
  inflating: /var/www/html/assets/index-Be01p0C7.js  
  inflating: /var/www/html/assets/InfoBox-DJbvsIQ0.js  
  inflating: /var/www/html/assets/input-DzkvLREA.js  
  inflating: /var/www/html/assets/info-BWu4_tbW.js  
  inflating: /var/www/html/assets/circle-alert-DbpCx8Q9.js  
  inflating: /var/www/html/assets/select-B3_BeEc3.js  
  inflating: /var/www/html/assets/index-CuO7sg7e.js  
  inflating: /var/www/html/assets/index-BPIW2C3_.js  
  inflating: /var/www/html/assets/FileUploader-QwSQBE62.js  
  inflating: /var/www/html/assets/textarea-Cn_Qr7SN.js  
  inflating: /var/www/html/assets/link-C8lthx6S.js  
  inflating: /var/www/html/assets/eye-qns7Xn9N.js  
  inflating: /var/www/html/assets/trash-2-D5mbvvRb.js  
  inflating: /var/www/html/assets/topCards-DkVT2gfm.js  
  inflating: /var/www/html/assets/card-DJ4rwNK8.js  
  inflating: /var/www/html/assets/ImageUploader-D6ctLtyy.js  
  inflating: /var/www/html/assets/upload-uFepR-9Q.js  
  inflating: /var/www/html/assets/EmptyState-zTNMwJUV.js  
  inflating: /var/www/html/assets/toolbar-Q-6k4ESq.js  
  inflating: /var/www/html/assets/message-square-CVdIijss.js  
  inflating: /var/www/html/assets/tooltip-DXUMdCc4.js  
  inflating: /var/www/html/assets/square-pen-Dp9nXSGW.js  
  inflating: /var/www/html/assets/chevron-left-wNgfrEoY.js  
  inflating: /var/www/html/assets/checkbox-Cf4IHNlH.js  
  inflating: /var/www/html/assets/plus-BKdRo-S2.js  
  inflating: /var/www/html/assets/file-text-Bq437iXy.js  
  inflating: /var/www/html/assets/businessProposalCard-DVuIdXCC.js  
  inflating: /var/www/html/assets/Tabs-CRftfNIK.js  
  inflating: /var/www/html/assets/circle-x-kSh4fPgo.js  
  inflating: /var/www/html/assets/target-DiJpwhF0.js  
  inflating: /var/www/html/assets/Stepper-C0oX0aD_.js  
  inflating: /var/www/html/assets/package-CLl2mY3f.js  
  inflating: /var/www/html/assets/ContactSupportModal-C_XTVu-h.js  
  inflating: /var/www/html/assets/index-BRYGxrA_.js  
  inflating: /var/www/html/assets/Dashboard-DEKXOKP0.js  
  inflating: /var/www/html/assets/index-DeksinXb.js  
  inflating: /var/www/html/assets/index-Dlv--exM.js  
  inflating: /var/www/html/assets/index-HDTBhZaK.js  
  inflating: /var/www/html/assets/xlsx-DGuHH-KN.js  
  inflating: /var/www/html/index.html  
Saving Git logs repo SSH key...
Testing GitHub SSH key...
Cloning deployment-logs repo...
Cloning into 'logs-repo'...
