Installing dependencies...
npm warn deprecated w3c-hr-time@1.0.2: Use your platform's native performance.now() and performance.timeOrigin.
npm warn deprecated domexception@2.0.1: Use your platform's native DOMException instead
npm warn deprecated abab@2.0.6: Use your platform's native atob() and btoa() methods instead

> the-business-hub-pakistan@0.0.0 prepare
> husky

.git can't be found
added 1807 packages, and audited 1808 packages in 5m

253 packages are looking for funding
  run `npm fund` for details

70 vulnerabilities (67 moderate, 3 high)

To address issues that do not require attention, run:
  npm audit fix

To address all issues possible (including breaking changes), run:
  npm audit fix --force

Some issues need review, and may require choosing
a different dependency.

Run `npm audit` for details.
Building React app...

> the-business-hub-pakistan@0.0.0 build
> vite build

vite v7.1.11 building for production...
transforming...
✓ 3087 modules transformed.
rendering chunks...
computing gzip size...
dist/index.html                                    2.18 kB │ gzip:   1.05 kB
dist/assets/verifiedBadge-CrcJq1tD.webp           10.83 kB
dist/assets/rectanglePlaceholder-nCbViREl.png     11.85 kB
dist/assets/goldenCheck-CnSHOmXW.webp             13.45 kB
dist/assets/irfanMalikBg-D4osmO_C.jpg             24.66 kB
dist/assets/proposal6-wLmvSjqd.webp               28.15 kB
dist/assets/placeholderMan-BvremNML.png           36.64 kB
dist/assets/handShake-Dk1DoagP.webp               65.18 kB
dist/assets/tower-gldBe0jJ.webp                   66.16 kB
dist/assets/tower2-LuqAcWCu.jpg                   72.52 kB
dist/assets/shakeelBg-NX99JDrP.jpg               143.15 kB
dist/assets/MainLogo-DJpFhlQE.png                144.86 kB
dist/assets/Fav-BPcykgsi.png                     147.34 kB
dist/assets/akhtar-qLBVRLf-.jpg                  173.92 kB
dist/assets/proposal5-DItum-r7.webp              174.24 kB
dist/assets/tower3-DpFzgoGy.jpg                  175.56 kB
dist/assets/proposal2-B9XZZX50.webp              192.62 kB
dist/assets/meerShinyDress-C8scZpYx.webp         229.68 kB
dist/assets/meerGreenJacket-ykCKR2uN.png         230.19 kB
dist/assets/arabic-BElshnQY.jpg                  238.42 kB
dist/assets/wasim-ETjjiRaD.jpg                   242.26 kB
dist/assets/salman-DD3Zraly.jpg                  255.18 kB
dist/assets/fahad-CnovJc60.jpg                   278.62 kB
dist/assets/tech-BdWyL5Pa.jpg                    281.71 kB
dist/assets/dubai-Bmqq4ymj.jpg                   311.77 kB
dist/assets/wasimAkramBg-D4BFEYu1.png            313.57 kB
dist/assets/bhp-webinar-banner-4Y66DNfq.webp     380.92 kB
dist/assets/proposal3-fxAFZeku.webp              445.47 kB
dist/assets/proposal4-CZk7QC75.webp              542.86 kB
dist/assets/proposal1-D37fvLUu.webp              779.05 kB
dist/assets/wasimAkram-CBOcRO9q.png            4,488.96 kB
dist/assets/BlogDetail-oNXnMkFG.css                0.63 kB │ gzip:   0.26 kB
dist/assets/style-DpsRipQV.css                     3.23 kB │ gzip:   0.73 kB
dist/assets/index-CM1GpfZO.css                   152.84 kB │ gzip:  20.82 kB
dist/assets/blogs-ChqPogSE.js                      0.04 kB │ gzip:   0.06 kB
dist/assets/useDebounce-D0T1_urx.js                0.19 kB │ gzip:   0.17 kB
dist/assets/plus-9X2TGfOc.js                       0.33 kB │ gzip:   0.25 kB
dist/assets/arrow-right-DQ1yMSpD.js                0.34 kB │ gzip:   0.26 kB
dist/assets/arrow-left-BEVduQiK.js                 0.34 kB │ gzip:   0.27 kB
dist/assets/circle-check-DzQRUoDH.js               0.35 kB │ gzip:   0.27 kB
dist/assets/trending-up-CCJeN0T2.js                0.35 kB │ gzip:   0.27 kB
dist/assets/ban-B8x4SKqV.js                        0.35 kB │ gzip:   0.28 kB
dist/assets/info-8LcyflZs.js                       0.37 kB │ gzip:   0.28 kB
dist/assets/rotate-ccw-DuPAnFQw.js                 0.37 kB │ gzip:   0.29 kB
dist/assets/circle-x-B-wQxznk.js                   0.38 kB │ gzip:   0.28 kB
dist/assets/Dashboard-Cgjn7WhV.js                  0.38 kB │ gzip:   0.26 kB
dist/assets/Dashboard-OA7QTZqu.js                  0.38 kB │ gzip:   0.26 kB
dist/assets/mail-BKZVfsPH.js                       0.39 kB │ gzip:   0.31 kB
dist/assets/upload-s7QfIIUV.js                     0.40 kB │ gzip:   0.30 kB
dist/assets/log-in-BdEks7Ii.js                     0.40 kB │ gzip:   0.29 kB
dist/assets/message-square-DPCJt_8Y.js             0.41 kB │ gzip:   0.31 kB
dist/assets/globe-C2XhrAwx.js                      0.41 kB │ gzip:   0.30 kB
dist/assets/message-circle-B_SWuc22.js             0.41 kB │ gzip:   0.32 kB
dist/assets/circle-alert-CSW_yRa2.js               0.42 kB │ gzip:   0.30 kB
dist/assets/funnel-CROXQaHX.js                     0.42 kB │ gzip:   0.31 kB
dist/assets/map-pin-DIItl0gf.js                    0.43 kB │ gzip:   0.33 kB
dist/assets/calendar-Bdn-hrTg.js                   0.43 kB │ gzip:   0.31 kB
dist/assets/pencil-BFRnTAuR.js                     0.45 kB │ gzip:   0.33 kB
dist/assets/shield-check-D_HV17I9.js               0.49 kB │ gzip:   0.35 kB
dist/assets/phone-mOK-u_Cg.js                      0.50 kB │ gzip:   0.33 kB
dist/assets/sparkles-D1eZQC4H.js                   0.67 kB │ gzip:   0.39 kB
dist/assets/CkEditor-2OXMArAn.js                   0.85 kB │ gzip:   0.53 kB
dist/assets/InfoBox-B_eAx-Tj.js                    0.86 kB │ gzip:   0.43 kB
dist/assets/Tabs-B84WYS6x.js                       1.23 kB │ gzip:   0.65 kB
dist/assets/ToggleChips-BlUsZxs8.js                1.68 kB │ gzip:   0.83 kB
dist/assets/topCards-DEcK6zjd.js                   1.71 kB │ gzip:   0.75 kB
dist/assets/ImageUploader-BzD2OvRo.js              1.92 kB │ gzip:   0.92 kB
dist/assets/ForgotPassword-D7xfbFjb.js             2.14 kB │ gzip:   1.08 kB
dist/assets/FilterDrawer-DB0cNBcx.js               2.26 kB │ gzip:   0.96 kB
dist/assets/FounderThankYou-C7j8r7sI.js            2.29 kB │ gzip:   1.11 kB
dist/assets/ResetPassword-CfAGZDar.js              2.37 kB │ gzip:   1.06 kB
dist/assets/InvestorThankYou-QvEdK1Qo.js           2.42 kB │ gzip:   1.18 kB
dist/assets/WebinarBanner-BqXK2X2Y.js              2.58 kB │ gzip:   1.11 kB
dist/assets/MultipleImageUploader-Du8fO1Lg.js      2.61 kB │ gzip:   1.14 kB
dist/assets/index-CAy6HSeI.js                      2.72 kB │ gzip:   1.23 kB
dist/assets/AuthCallback-ii_hWfXT.js               2.73 kB │ gzip:   1.30 kB
dist/assets/toolbar-K-ZvYjoD.js                    2.92 kB │ gzip:   1.20 kB
dist/assets/index-Bz1tLFOh.js                      3.11 kB │ gzip:   1.49 kB
dist/assets/supabase-bulk-emails-CRxjdMRU.js       3.14 kB │ gzip:   1.12 kB
dist/assets/index-D9IqFQdN.js                      3.24 kB │ gzip:   1.62 kB
dist/assets/index-BvmZM--x.js                      3.31 kB │ gzip:   1.61 kB
dist/assets/index-CWrvHUZS.js                      3.44 kB │ gzip:   1.64 kB
dist/assets/index-CAyW9QVs.js                      3.48 kB │ gzip:   1.67 kB
dist/assets/index-CyZCkgPH.js                      3.84 kB │ gzip:   1.89 kB
dist/assets/index-D-usQZXg.js                      3.85 kB │ gzip:   1.89 kB
dist/assets/index-Dfud-_qp.js                      3.97 kB │ gzip:   1.57 kB
dist/assets/index-yen3_NPq.js                      4.16 kB │ gzip:   1.86 kB
dist/assets/index-DjrHAHvs.js                      4.35 kB │ gzip:   1.93 kB
dist/assets/ContactSupport-BPI1Tzm3.js             4.66 kB │ gzip:   1.94 kB
dist/assets/Stepper-DyvBwImp.js                    4.66 kB │ gzip:   2.02 kB
dist/assets/Login-c54E2MgO.js                      4.77 kB │ gzip:   1.96 kB
dist/assets/index-DzE2glFi.js                      5.04 kB │ gzip:   2.16 kB
dist/assets/CreateBlog-o78q3jia.js                 5.16 kB │ gzip:   2.20 kB
dist/assets/AllBlogs-gjdR8LPB.js                   5.18 kB │ gzip:   2.09 kB
dist/assets/SelectRole-CKogAXIK.js                 5.69 kB │ gzip:   2.40 kB
dist/assets/VerifyUserEmail-Briv1pwl.js            5.88 kB │ gzip:   2.11 kB
dist/assets/EditBlog-B-Byw-0b.js                   6.04 kB │ gzip:   2.59 kB
dist/assets/Profile-8B0RJ3fD.js                    6.82 kB │ gzip:   2.17 kB
dist/assets/SignUp-DOtgV_sl.js                     6.88 kB │ gzip:   2.60 kB
dist/assets/ViewRemindersModal-DL1bRZbJ.js         6.92 kB │ gzip:   2.55 kB
dist/assets/index-Cdkpy1Js.js                      7.82 kB │ gzip:   3.19 kB
dist/assets/businessProposalCard-DeZkRQto.js       8.93 kB │ gzip:   3.02 kB
dist/assets/index-sq0idmHV.js                      9.20 kB │ gzip:   3.80 kB
dist/assets/index-CQqmod0J.js                      9.78 kB │ gzip:   3.62 kB
dist/assets/index-Yg8kdLej.js                      9.97 kB │ gzip:   3.23 kB
dist/assets/Header-DRuIzTXL.js                    11.34 kB │ gzip:   3.43 kB
dist/assets/table-CfcXzH-U.js                     12.01 kB │ gzip:   3.74 kB
dist/assets/SimplifiedProfile-hPK9_Lpd.js         13.43 kB │ gzip:   3.56 kB
dist/assets/index-BgczeNH5.js                     15.68 kB │ gzip:   4.83 kB
dist/assets/CreateNewBatch-DZncww-9.js            16.81 kB │ gzip:   4.55 kB
dist/assets/EditFounder-lJN_IGOb.js               17.95 kB │ gzip:   4.35 kB
dist/assets/index-Byk1xWDJ.js                     18.44 kB │ gzip:   5.96 kB
dist/assets/EditInvestor-CErw_K5V.js              18.97 kB │ gzip:   4.64 kB
dist/assets/index-B1vvn4Fk.js                     20.15 kB │ gzip:   6.63 kB
dist/assets/index-twDUBaAR.js                     20.39 kB │ gzip:   6.55 kB
dist/assets/index-DvNZ8bjF.js                     21.25 kB │ gzip:   5.58 kB
dist/assets/BlogDetail-BkSj9yyy.js                22.13 kB │ gzip:   9.02 kB
dist/assets/index-bFcZHENq.js                     22.33 kB │ gzip:   6.61 kB
dist/assets/index--YdwOYMS.js                     23.49 kB │ gzip:   7.46 kB
dist/assets/ViewBusinessProposal-B-Vi6ki4.js      24.81 kB │ gzip:   6.03 kB
dist/assets/Landing-hqxPdT7v.js                  151.03 kB │ gzip:  53.08 kB
dist/assets/xlsx-DGuHH-KN.js                     429.49 kB │ gzip: 143.07 kB
dist/assets/index-DeBGt5kS.js                    616.12 kB │ gzip: 165.76 kB
dist/assets/index-1RnlUJAM.js                  2,791.61 kB │ gzip: 745.11 kB

(!) Some chunks are larger than 1500 kB after minification. Consider:
- Using dynamic import() to code-split the application
- Use build.rollupOptions.output.manualChunks to improve chunking: https://rollupjs.org/configuration-options/#output-manualchunks
- Adjust chunk size limit for this warning via build.chunkSizeWarningLimit.
✓ built in 18.05s
Packaging build...
  adding: favicon.ico (deflated 13%)
  adding: assets/ (stored 0%)
  adding: assets/irfanMalikBg-D4osmO_C.jpg (deflated 1%)
  adding: assets/meerShinyDress-C8scZpYx.webp (deflated 0%)
  adding: assets/shakeelBg-NX99JDrP.jpg (deflated 0%)
  adding: assets/wasimAkramBg-D4BFEYu1.png (deflated 0%)
  adding: assets/akhtar-qLBVRLf-.jpg (deflated 1%)
  adding: assets/arabic-BElshnQY.jpg (deflated 0%)
  adding: assets/dubai-Bmqq4ymj.jpg (deflated 0%)
  adding: assets/handShake-Dk1DoagP.webp (deflated 0%)
  adding: assets/meerGreenJacket-ykCKR2uN.png (deflated 0%)
  adding: assets/wasim-ETjjiRaD.jpg (deflated 0%)
  adding: assets/salman-DD3Zraly.jpg (deflated 0%)
  adding: assets/tech-BdWyL5Pa.jpg (deflated 0%)
  adding: assets/fahad-CnovJc60.jpg (deflated 0%)
  adding: assets/rectanglePlaceholder-nCbViREl.png (deflated 31%)
  adding: assets/Fav-BPcykgsi.png (deflated 5%)
  adding: assets/goldenCheck-CnSHOmXW.webp (stored 0%)
  adding: assets/bhp-webinar-banner-4Y66DNfq.webp (deflated 1%)
  adding: assets/verifiedBadge-CrcJq1tD.webp (deflated 1%)
  adding: assets/tower2-LuqAcWCu.jpg (deflated 2%)
  adding: assets/tower3-DpFzgoGy.jpg (deflated 0%)
  adding: assets/MainLogo-DJpFhlQE.png (deflated 4%)
  adding: assets/proposal2-B9XZZX50.webp (deflated 3%)
  adding: assets/proposal3-fxAFZeku.webp (deflated 1%)
  adding: assets/proposal6-wLmvSjqd.webp (deflated 0%)
  adding: assets/proposal5-DItum-r7.webp (deflated 4%)
  adding: assets/placeholderMan-BvremNML.png (deflated 3%)
  adding: assets/tower-gldBe0jJ.webp (deflated 0%)
  adding: assets/proposal1-D37fvLUu.webp (deflated 1%)
  adding: assets/proposal4-CZk7QC75.webp (deflated 1%)
  adding: assets/wasimAkram-CBOcRO9q.png (deflated 1%)
  adding: assets/index-CM1GpfZO.css (deflated 86%)
  adding: assets/BlogDetail-oNXnMkFG.css (deflated 62%)
  adding: assets/style-DpsRipQV.css (deflated 78%)
  adding: assets/index-1RnlUJAM.js (deflated 73%)
  adding: assets/xlsx-DGuHH-KN.js (deflated 67%)
  adding: assets/Landing-hqxPdT7v.js (deflated 65%)
  adding: assets/BlogDetail-BkSj9yyy.js (deflated 60%)
  adding: assets/AllBlogs-gjdR8LPB.js (deflated 60%)
  adding: assets/index-D9IqFQdN.js (deflated 50%)
  adding: assets/index-Bz1tLFOh.js (deflated 53%)
  adding: assets/index-CWrvHUZS.js (deflated 53%)
  adding: assets/index-BvmZM--x.js (deflated 52%)
  adding: assets/Header-DRuIzTXL.js (deflated 70%)
  adding: assets/SignUp-DOtgV_sl.js (deflated 63%)
  adding: assets/ForgotPassword-D7xfbFjb.js (deflated 51%)
  adding: assets/VerifyUserEmail-Briv1pwl.js (deflated 64%)
  adding: assets/ResetPassword-CfAGZDar.js (deflated 56%)
  adding: assets/ContactSupport-BPI1Tzm3.js (deflated 59%)
  adding: assets/AuthCallback-ii_hWfXT.js (deflated 53%)
  adding: assets/SelectRole-CKogAXIK.js (deflated 58%)
  adding: assets/InvestorThankYou-QvEdK1Qo.js (deflated 51%)
  adding: assets/FounderThankYou-C7j8r7sI.js (deflated 52%)
  adding: assets/arrow-right-DQ1yMSpD.js (deflated 27%)
  adding: assets/Login-c54E2MgO.js (deflated 59%)
  adding: assets/Profile-8B0RJ3fD.js (deflated 68%)
  adding: assets/index-Cdkpy1Js.js (deflated 60%)
  adding: assets/index--YdwOYMS.js (deflated 68%)
  adding: assets/EditInvestor-CErw_K5V.js (deflated 76%)
  adding: assets/index-twDUBaAR.js (deflated 68%)
  adding: assets/ViewRemindersModal-DL1bRZbJ.js (deflated 63%)
  adding: assets/EditFounder-lJN_IGOb.js (deflated 76%)
  adding: assets/index-sq0idmHV.js (deflated 59%)
  adding: assets/index-B1vvn4Fk.js (deflated 67%)
  adding: assets/log-in-BdEks7Ii.js (deflated 31%)
  adding: assets/pencil-BFRnTAuR.js (deflated 31%)
  adding: assets/index-Byk1xWDJ.js (deflated 68%)
  adding: assets/ViewBusinessProposal-B-Vi6ki4.js (deflated 76%)
  adding: assets/circle-check-DzQRUoDH.js (deflated 27%)
  adding: assets/index-bFcZHENq.js (deflated 70%)
  adding: assets/index-Yg8kdLej.js (deflated 68%)
  adding: assets/index-CAy6HSeI.js (deflated 54%)
  adding: assets/mail-BKZVfsPH.js (deflated 26%)
  adding: assets/phone-mOK-u_Cg.js (deflated 37%)
  adding: assets/map-pin-DIItl0gf.js (deflated 28%)
  adding: assets/shield-check-D_HV17I9.js (deflated 31%)
  adding: assets/sparkles-D1eZQC4H.js (deflated 45%)
  adding: assets/trending-up-CCJeN0T2.js (deflated 26%)
  adding: assets/globe-C2XhrAwx.js (deflated 33%)
  adding: assets/blogs-ChqPogSE.js (stored 0%)
  adding: assets/calendar-Bdn-hrTg.js (deflated 33%)
  adding: assets/index-CAyW9QVs.js (deflated 53%)
  adding: assets/message-circle-B_SWuc22.js (deflated 28%)
  adding: assets/arrow-left-BEVduQiK.js (deflated 26%)
  adding: assets/InfoBox-B_eAx-Tj.js (deflated 51%)
  adding: assets/info-8LcyflZs.js (deflated 30%)
  adding: assets/circle-alert-CSW_yRa2.js (deflated 35%)
  adding: assets/index-DeBGt5kS.js (deflated 73%)
  adding: assets/topCards-DEcK6zjd.js (deflated 57%)
  adding: assets/WebinarBanner-BqXK2X2Y.js (deflated 58%)
  adding: assets/ImageUploader-BzD2OvRo.js (deflated 53%)
  adding: assets/upload-s7QfIIUV.js (deflated 31%)
  adding: assets/table-CfcXzH-U.js (deflated 69%)
  adding: assets/toolbar-K-ZvYjoD.js (deflated 60%)
  adding: assets/useDebounce-D0T1_urx.js (deflated 21%)
  adding: assets/message-square-DPCJt_8Y.js (deflated 29%)
  adding: assets/funnel-CROXQaHX.js (deflated 30%)
  adding: assets/FilterDrawer-DB0cNBcx.js (deflated 58%)
  adding: assets/rotate-ccw-DuPAnFQw.js (deflated 28%)
  adding: assets/ToggleChips-BlUsZxs8.js (deflated 51%)
  adding: assets/circle-x-B-wQxznk.js (deflated 30%)
  adding: assets/ban-B8x4SKqV.js (deflated 26%)
  adding: assets/plus-9X2TGfOc.js (deflated 28%)
  adding: assets/Tabs-B84WYS6x.js (deflated 49%)
  adding: assets/businessProposalCard-DeZkRQto.js (deflated 67%)
  adding: assets/Stepper-DyvBwImp.js (deflated 57%)
  adding: assets/MultipleImageUploader-Du8fO1Lg.js (deflated 57%)
  adding: assets/supabase-bulk-emails-CRxjdMRU.js (deflated 65%)
  adding: assets/CreateNewBatch-DZncww-9.js (deflated 73%)
  adding: assets/CkEditor-2OXMArAn.js (deflated 40%)
  adding: assets/index-DzE2glFi.js (deflated 57%)
  adding: assets/CreateBlog-o78q3jia.js (deflated 58%)
  adding: assets/EditBlog-B-Byw-0b.js (deflated 57%)
  adding: assets/index-BgczeNH5.js (deflated 69%)
  adding: assets/Dashboard-OA7QTZqu.js (deflated 36%)
  adding: assets/SimplifiedProfile-hPK9_Lpd.js (deflated 74%)
  adding: assets/index-CyZCkgPH.js (deflated 51%)
  adding: assets/index-DjrHAHvs.js (deflated 56%)
  adding: assets/index-Dfud-_qp.js (deflated 61%)
  adding: assets/index-yen3_NPq.js (deflated 56%)
  adding: assets/Dashboard-Cgjn7WhV.js (deflated 36%)
  adding: assets/index-DvNZ8bjF.js (deflated 74%)
  adding: assets/index-CQqmod0J.js (deflated 63%)
  adding: assets/index-D-usQZXg.js (deflated 51%)
  adding: index.html (deflated 52%)
Saving Lightsail SSH key...
Uploading build to Lightsail...
Warning: Permanently added '15.207.22.250' (ED25519) to the list of known hosts.
Deploying build to /var/www/html ...
Archive:  /home/ubuntu/react-build.zip
  inflating: /var/www/html/favicon.ico  
   creating: /var/www/html/assets/
  inflating: /var/www/html/assets/irfanMalikBg-D4osmO_C.jpg  
  inflating: /var/www/html/assets/meerShinyDress-C8scZpYx.webp  
  inflating: /var/www/html/assets/shakeelBg-NX99JDrP.jpg  
  inflating: /var/www/html/assets/wasimAkramBg-D4BFEYu1.png  
  inflating: /var/www/html/assets/akhtar-qLBVRLf-.jpg  
  inflating: /var/www/html/assets/arabic-BElshnQY.jpg  
  inflating: /var/www/html/assets/dubai-Bmqq4ymj.jpg  
  inflating: /var/www/html/assets/handShake-Dk1DoagP.webp  
  inflating: /var/www/html/assets/meerGreenJacket-ykCKR2uN.png  
  inflating: /var/www/html/assets/wasim-ETjjiRaD.jpg  
  inflating: /var/www/html/assets/salman-DD3Zraly.jpg  
  inflating: /var/www/html/assets/tech-BdWyL5Pa.jpg  
  inflating: /var/www/html/assets/fahad-CnovJc60.jpg  
  inflating: /var/www/html/assets/rectanglePlaceholder-nCbViREl.png  
  inflating: /var/www/html/assets/Fav-BPcykgsi.png  
 extracting: /var/www/html/assets/goldenCheck-CnSHOmXW.webp  
  inflating: /var/www/html/assets/bhp-webinar-banner-4Y66DNfq.webp  
  inflating: /var/www/html/assets/verifiedBadge-CrcJq1tD.webp  
  inflating: /var/www/html/assets/tower2-LuqAcWCu.jpg  
  inflating: /var/www/html/assets/tower3-DpFzgoGy.jpg  
  inflating: /var/www/html/assets/MainLogo-DJpFhlQE.png  
  inflating: /var/www/html/assets/proposal2-B9XZZX50.webp  
  inflating: /var/www/html/assets/proposal3-fxAFZeku.webp  
  inflating: /var/www/html/assets/proposal6-wLmvSjqd.webp  
  inflating: /var/www/html/assets/proposal5-DItum-r7.webp  
  inflating: /var/www/html/assets/placeholderMan-BvremNML.png  
  inflating: /var/www/html/assets/tower-gldBe0jJ.webp  
  inflating: /var/www/html/assets/proposal1-D37fvLUu.webp  
  inflating: /var/www/html/assets/proposal4-CZk7QC75.webp  
  inflating: /var/www/html/assets/wasimAkram-CBOcRO9q.png  
  inflating: /var/www/html/assets/index-CM1GpfZO.css  
  inflating: /var/www/html/assets/BlogDetail-oNXnMkFG.css  
  inflating: /var/www/html/assets/style-DpsRipQV.css  
  inflating: /var/www/html/assets/index-1RnlUJAM.js  
  inflating: /var/www/html/assets/xlsx-DGuHH-KN.js  
  inflating: /var/www/html/assets/Landing-hqxPdT7v.js  
  inflating: /var/www/html/assets/BlogDetail-BkSj9yyy.js  
  inflating: /var/www/html/assets/AllBlogs-gjdR8LPB.js  
  inflating: /var/www/html/assets/index-D9IqFQdN.js  
  inflating: /var/www/html/assets/index-Bz1tLFOh.js  
  inflating: /var/www/html/assets/index-CWrvHUZS.js  
  inflating: /var/www/html/assets/index-BvmZM--x.js  
  inflating: /var/www/html/assets/Header-DRuIzTXL.js  
  inflating: /var/www/html/assets/SignUp-DOtgV_sl.js  
  inflating: /var/www/html/assets/ForgotPassword-D7xfbFjb.js  
  inflating: /var/www/html/assets/VerifyUserEmail-Briv1pwl.js  
  inflating: /var/www/html/assets/ResetPassword-CfAGZDar.js  
  inflating: /var/www/html/assets/ContactSupport-BPI1Tzm3.js  
  inflating: /var/www/html/assets/AuthCallback-ii_hWfXT.js  
  inflating: /var/www/html/assets/SelectRole-CKogAXIK.js  
  inflating: /var/www/html/assets/InvestorThankYou-QvEdK1Qo.js  
  inflating: /var/www/html/assets/FounderThankYou-C7j8r7sI.js  
  inflating: /var/www/html/assets/arrow-right-DQ1yMSpD.js  
  inflating: /var/www/html/assets/Login-c54E2MgO.js  
  inflating: /var/www/html/assets/Profile-8B0RJ3fD.js  
  inflating: /var/www/html/assets/index-Cdkpy1Js.js  
  inflating: /var/www/html/assets/index--YdwOYMS.js  
  inflating: /var/www/html/assets/EditInvestor-CErw_K5V.js  
  inflating: /var/www/html/assets/index-twDUBaAR.js  
  inflating: /var/www/html/assets/ViewRemindersModal-DL1bRZbJ.js  
  inflating: /var/www/html/assets/EditFounder-lJN_IGOb.js  
  inflating: /var/www/html/assets/index-sq0idmHV.js  
  inflating: /var/www/html/assets/index-B1vvn4Fk.js  
  inflating: /var/www/html/assets/log-in-BdEks7Ii.js  
  inflating: /var/www/html/assets/pencil-BFRnTAuR.js  
  inflating: /var/www/html/assets/index-Byk1xWDJ.js  
  inflating: /var/www/html/assets/ViewBusinessProposal-B-Vi6ki4.js  
  inflating: /var/www/html/assets/circle-check-DzQRUoDH.js  
  inflating: /var/www/html/assets/index-bFcZHENq.js  
  inflating: /var/www/html/assets/index-Yg8kdLej.js  
  inflating: /var/www/html/assets/index-CAy6HSeI.js  
  inflating: /var/www/html/assets/mail-BKZVfsPH.js  
  inflating: /var/www/html/assets/phone-mOK-u_Cg.js  
  inflating: /var/www/html/assets/map-pin-DIItl0gf.js  
  inflating: /var/www/html/assets/shield-check-D_HV17I9.js  
  inflating: /var/www/html/assets/sparkles-D1eZQC4H.js  
  inflating: /var/www/html/assets/trending-up-CCJeN0T2.js  
  inflating: /var/www/html/assets/globe-C2XhrAwx.js  
 extracting: /var/www/html/assets/blogs-ChqPogSE.js  
  inflating: /var/www/html/assets/calendar-Bdn-hrTg.js  
  inflating: /var/www/html/assets/index-CAyW9QVs.js  
  inflating: /var/www/html/assets/message-circle-B_SWuc22.js  
  inflating: /var/www/html/assets/arrow-left-BEVduQiK.js  
  inflating: /var/www/html/assets/InfoBox-B_eAx-Tj.js  
  inflating: /var/www/html/assets/info-8LcyflZs.js  
  inflating: /var/www/html/assets/circle-alert-CSW_yRa2.js  
  inflating: /var/www/html/assets/index-DeBGt5kS.js  
  inflating: /var/www/html/assets/topCards-DEcK6zjd.js  
  inflating: /var/www/html/assets/WebinarBanner-BqXK2X2Y.js  
  inflating: /var/www/html/assets/ImageUploader-BzD2OvRo.js  
  inflating: /var/www/html/assets/upload-s7QfIIUV.js  
  inflating: /var/www/html/assets/table-CfcXzH-U.js  
  inflating: /var/www/html/assets/toolbar-K-ZvYjoD.js  
  inflating: /var/www/html/assets/useDebounce-D0T1_urx.js  
  inflating: /var/www/html/assets/message-square-DPCJt_8Y.js  
  inflating: /var/www/html/assets/funnel-CROXQaHX.js  
  inflating: /var/www/html/assets/FilterDrawer-DB0cNBcx.js  
  inflating: /var/www/html/assets/rotate-ccw-DuPAnFQw.js  
  inflating: /var/www/html/assets/ToggleChips-BlUsZxs8.js  
  inflating: /var/www/html/assets/circle-x-B-wQxznk.js  
  inflating: /var/www/html/assets/ban-B8x4SKqV.js  
  inflating: /var/www/html/assets/plus-9X2TGfOc.js  
  inflating: /var/www/html/assets/Tabs-B84WYS6x.js  
  inflating: /var/www/html/assets/businessProposalCard-DeZkRQto.js  
  inflating: /var/www/html/assets/Stepper-DyvBwImp.js  
  inflating: /var/www/html/assets/MultipleImageUploader-Du8fO1Lg.js  
  inflating: /var/www/html/assets/supabase-bulk-emails-CRxjdMRU.js  
  inflating: /var/www/html/assets/CreateNewBatch-DZncww-9.js  
  inflating: /var/www/html/assets/CkEditor-2OXMArAn.js  
  inflating: /var/www/html/assets/index-DzE2glFi.js  
  inflating: /var/www/html/assets/CreateBlog-o78q3jia.js  
  inflating: /var/www/html/assets/EditBlog-B-Byw-0b.js  
  inflating: /var/www/html/assets/index-BgczeNH5.js  
  inflating: /var/www/html/assets/Dashboard-OA7QTZqu.js  
  inflating: /var/www/html/assets/SimplifiedProfile-hPK9_Lpd.js  
  inflating: /var/www/html/assets/index-CyZCkgPH.js  
  inflating: /var/www/html/assets/index-DjrHAHvs.js  
  inflating: /var/www/html/assets/index-Dfud-_qp.js  
  inflating: /var/www/html/assets/index-yen3_NPq.js  
  inflating: /var/www/html/assets/Dashboard-Cgjn7WhV.js  
  inflating: /var/www/html/assets/index-DvNZ8bjF.js  
  inflating: /var/www/html/assets/index-CQqmod0J.js  
  inflating: /var/www/html/assets/index-D-usQZXg.js  
  inflating: /var/www/html/index.html  
Saving Git logs repo SSH key...
Testing GitHub SSH key...
Cloning deployment-logs repo...
Cloning into 'logs-repo'...
