Installing dependencies...
npm warn deprecated w3c-hr-time@1.0.2: Use your platform's native performance.now() and performance.timeOrigin.
npm warn deprecated domexception@2.0.1: Use your platform's native DOMException instead
npm warn deprecated abab@2.0.6: Use your platform's native atob() and btoa() methods instead

> the-business-hub-pakistan@0.0.0 prepare
> husky

.git can't be found
added 1810 packages, and audited 1811 packages in 5m

253 packages are looking for funding
  run `npm fund` for details

72 vulnerabilities (68 moderate, 4 high)

To address issues that do not require attention, run:
  npm audit fix

To address all issues possible (including breaking changes), run:
  npm audit fix --force

Some issues need review, and may require choosing
a different dependency.

Run `npm audit` for details.
Building React app...

> the-business-hub-pakistan@0.0.0 build
> vite build

vite v7.1.11 building for production...
transforming...
✓ 3111 modules transformed.
rendering chunks...
computing gzip size...
dist/index.html                                    2.18 kB │ gzip:   1.05 kB
dist/assets/verifiedBadge-CrcJq1tD.webp           10.83 kB
dist/assets/rectanglePlaceholder-nCbViREl.png     11.85 kB
dist/assets/goldenCheck-CnSHOmXW.webp             13.45 kB
dist/assets/irfanMalikBg-D4osmO_C.jpg             24.66 kB
dist/assets/proposal6-wLmvSjqd.webp               28.15 kB
dist/assets/placeholderMan-BvremNML.png           36.64 kB
dist/assets/handShake-Dk1DoagP.webp               65.18 kB
dist/assets/tower-gldBe0jJ.webp                   66.16 kB
dist/assets/tower2-LuqAcWCu.jpg                   72.52 kB
dist/assets/shakeelBg-NX99JDrP.jpg               143.15 kB
dist/assets/MainLogo-DJpFhlQE.png                144.86 kB
dist/assets/Fav-BPcykgsi.png                     147.34 kB
dist/assets/akhtar-qLBVRLf-.jpg                  173.92 kB
dist/assets/proposal5-DItum-r7.webp              174.24 kB
dist/assets/tower3-DpFzgoGy.jpg                  175.56 kB
dist/assets/proposal2-B9XZZX50.webp              192.62 kB
dist/assets/meerShinyDress-C8scZpYx.webp         229.68 kB
dist/assets/meerGreenJacket-ykCKR2uN.png         230.19 kB
dist/assets/arabic-BElshnQY.jpg                  238.42 kB
dist/assets/wasim-ETjjiRaD.jpg                   242.26 kB
dist/assets/salman-DD3Zraly.jpg                  255.18 kB
dist/assets/fahad-CnovJc60.jpg                   278.62 kB
dist/assets/tech-BdWyL5Pa.jpg                    281.71 kB
dist/assets/dubai-Bmqq4ymj.jpg                   311.77 kB
dist/assets/wasimAkramBg-D4BFEYu1.png            313.57 kB
dist/assets/video-poster-DrQklN8e.png            367.51 kB
dist/assets/proposal3-fxAFZeku.webp              445.47 kB
dist/assets/proposal4-CZk7QC75.webp              542.86 kB
dist/assets/proposal1-D37fvLUu.webp              779.05 kB
dist/assets/wasimAkram-CBOcRO9q.png            4,488.96 kB
dist/assets/BlogDetail-oNXnMkFG.css                0.63 kB │ gzip:   0.26 kB
dist/assets/style-DpsRipQV.css                     3.23 kB │ gzip:   0.73 kB
dist/assets/index-CmWcPI7Q.css                   155.79 kB │ gzip:  21.30 kB
dist/assets/blogs-ChqPogSE.js                      0.04 kB │ gzip:   0.06 kB
dist/assets/webinarBanner-XLbHXaFF.js              0.17 kB │ gzip:   0.15 kB
dist/assets/useDebounce-ZWCzg8wc.js                0.19 kB │ gzip:   0.17 kB
dist/assets/plus-Cm6NVAoO.js                       0.33 kB │ gzip:   0.25 kB
dist/assets/arrow-left-BKe2Qe3o.js                 0.34 kB │ gzip:   0.27 kB
dist/assets/circle-check-BAoyfEOe.js               0.35 kB │ gzip:   0.27 kB
dist/assets/trending-up-CPHCfzrH.js                0.35 kB │ gzip:   0.27 kB
dist/assets/ban-BKIm8qko.js                        0.35 kB │ gzip:   0.28 kB
dist/assets/info-DFUuRBHy.js                       0.37 kB │ gzip:   0.28 kB
dist/assets/rotate-ccw-D1fGYRn6.js                 0.37 kB │ gzip:   0.29 kB
dist/assets/circle-x-CVQdK0Hw.js                   0.38 kB │ gzip:   0.28 kB
dist/assets/Dashboard-BEgcvZCh.js                  0.39 kB │ gzip:   0.27 kB
dist/assets/Dashboard-CDl6WD7r.js                  0.39 kB │ gzip:   0.27 kB
dist/assets/upload-BfBqagh7.js                     0.40 kB │ gzip:   0.30 kB
dist/assets/message-square-BSxRWQPz.js             0.41 kB │ gzip:   0.31 kB
dist/assets/globe-CbHGUDXR.js                      0.41 kB │ gzip:   0.29 kB
dist/assets/headphones-DASKvDLW.js                 0.41 kB │ gzip:   0.29 kB
dist/assets/message-circle-_AF1EeDa.js             0.41 kB │ gzip:   0.32 kB
dist/assets/circle-alert-B9wGenXQ.js               0.42 kB │ gzip:   0.30 kB
dist/assets/external-link-CS3vFX3M.js              0.42 kB │ gzip:   0.30 kB
dist/assets/funnel-D8TyKSKd.js                     0.42 kB │ gzip:   0.31 kB
dist/assets/calendar-B0zvfcbu.js                   0.43 kB │ gzip:   0.31 kB
dist/assets/index-Df_luCuu.js                      0.44 kB │ gzip:   0.31 kB
dist/assets/index-DDRxjFtx.js                      0.44 kB │ gzip:   0.31 kB
dist/assets/pencil-DBX-rEUL.js                     0.45 kB │ gzip:   0.33 kB
dist/assets/bookmark-plus-Cj-d80Ij.js              0.45 kB │ gzip:   0.33 kB
dist/assets/hash-xvn-bAJW.js                       0.47 kB │ gzip:   0.30 kB
dist/assets/shield-check-DZmC17nS.js               0.49 kB │ gzip:   0.36 kB
dist/assets/support-ticket-events-B34KMD4H.js      0.50 kB │ gzip:   0.37 kB
dist/assets/sparkles-CMv09xQM.js                   0.67 kB │ gzip:   0.39 kB
dist/assets/CkEditor-BQPwOv_u.js                   0.85 kB │ gzip:   0.53 kB
dist/assets/InfoBox-C7WOkdWU.js                    0.86 kB │ gzip:   0.43 kB
dist/assets/CurrencyWithApprox-Ys_hoYZY.js         0.91 kB │ gzip:   0.52 kB
dist/assets/Tabs-M27QIh8Z.js                       1.23 kB │ gzip:   0.65 kB
dist/assets/Pagination-CXiciH76.js                 1.32 kB │ gzip:   0.72 kB
dist/assets/ToggleChips-CWBTyrE1.js                1.68 kB │ gzip:   0.83 kB
dist/assets/topCards-B7Uf3Fvz.js                   1.71 kB │ gzip:   0.75 kB
dist/assets/ForgotPassword-6tCcgI3N.js             2.11 kB │ gzip:   1.06 kB
dist/assets/FounderThankYou-B4CQtgJH.js            2.22 kB │ gzip:   1.08 kB
dist/assets/FilterDrawer-CB3lYNDF.js               2.26 kB │ gzip:   0.96 kB
dist/assets/ResetPassword-DveMjAFU.js              2.34 kB │ gzip:   1.05 kB
dist/assets/InvestorThankYou-NquKg6a6.js           2.35 kB │ gzip:   1.15 kB
dist/assets/MultipleImageUploader-Dnuy_pps.js      2.61 kB │ gzip:   1.14 kB
dist/assets/toolbar-RDh3PTWV.js                    2.69 kB │ gzip:   1.15 kB
dist/assets/AuthCallback-D84LRQWG.js               2.71 kB │ gzip:   1.29 kB
dist/assets/ImageUploader-CGkzkTZf.js              2.74 kB │ gzip:   1.19 kB
dist/assets/index-CObReHyR.js                      2.86 kB │ gzip:   1.36 kB
dist/assets/index-DSyFcSjA.js                      2.99 kB │ gzip:   1.50 kB
dist/assets/index-Dm-RyNyW.js                      3.06 kB │ gzip:   1.49 kB
dist/assets/supabase-bulk-emails-BHj-phzv.js       3.14 kB │ gzip:   1.12 kB
dist/assets/index-DF_fXgJO.js                      3.19 kB │ gzip:   1.52 kB
dist/assets/index-EVpUMDkV.js                      3.48 kB │ gzip:   1.67 kB
dist/assets/index-Aqi3eXxj.js                      3.51 kB │ gzip:   1.61 kB
dist/assets/index-VgU6FMM6.js                      3.63 kB │ gzip:   1.84 kB
dist/assets/index-DdPH_vq_.js                      4.35 kB │ gzip:   1.98 kB
dist/assets/index-CSgpxWjt.js                      4.46 kB │ gzip:   2.02 kB
dist/assets/ContactSupport-BOnaMAsB.js             4.63 kB │ gzip:   1.93 kB
dist/assets/Stepper-CpQFgTFw.js                    4.66 kB │ gzip:   2.02 kB
dist/assets/Login-CzHXojmv.js                      4.74 kB │ gzip:   1.95 kB
dist/assets/index-CIYKXS7g.js                      5.07 kB │ gzip:   2.18 kB
dist/assets/CreateBlog-FTaiwR8O.js                 5.16 kB │ gzip:   2.20 kB
dist/assets/AllBlogs-DGYL7ks1.js                   5.17 kB │ gzip:   2.07 kB
dist/assets/SelectRole-nV-617vd.js                 5.45 kB │ gzip:   2.32 kB
dist/assets/HelpPageContent-CZMJlGV1.js            5.55 kB │ gzip:   2.03 kB
dist/assets/index-CRqgRRVp.js                      5.57 kB │ gzip:   2.53 kB
dist/assets/VerifyUserEmail-DaiRLIrm.js            5.82 kB │ gzip:   2.08 kB
dist/assets/EditBlog-CxHZidkI.js                   6.02 kB │ gzip:   2.57 kB
dist/assets/SignUp-B2iHW9XE.js                     6.64 kB │ gzip:   2.52 kB
dist/assets/Profile-DJ63Lfgk.js                    6.86 kB │ gzip:   2.19 kB
dist/assets/ViewRemindersModal-CGkOMx9g.js         7.30 kB │ gzip:   2.62 kB
dist/assets/index-sRldfnik.js                      8.01 kB │ gzip:   2.95 kB
dist/assets/index-DhdTjnDE.js                      9.23 kB │ gzip:   3.81 kB
dist/assets/businessProposalCard-DOYgkFUX.js       9.66 kB │ gzip:   3.29 kB
dist/assets/index-By5ACBEL.js                      9.81 kB │ gzip:   3.63 kB
dist/assets/index-QfGy9NK5.js                      9.97 kB │ gzip:   3.24 kB
dist/assets/table-j6bHbV60.js                     10.99 kB │ gzip:   3.44 kB
dist/assets/TicketDetailPage-BHGmVZq2.js          12.62 kB │ gzip:   3.95 kB
dist/assets/SimplifiedProfile-Km1mpnDs.js         13.76 kB │ gzip:   3.64 kB
dist/assets/index-cOtc8P3P.js                     15.62 kB │ gzip:   4.81 kB
dist/assets/CreateNewBatch-Bg5iFiUe.js            16.78 kB │ gzip:   4.55 kB
dist/assets/EditFounder-CjqYbW7y.js               18.01 kB │ gzip:   4.38 kB
dist/assets/index-DlXPDbdz.js                     18.47 kB │ gzip:   5.96 kB
dist/assets/EditInvestor-Bdy7udO-.js              18.98 kB │ gzip:   4.65 kB
dist/assets/index-DJLOJt7a.js                     20.08 kB │ gzip:   6.61 kB
dist/assets/index-CsQX-9J8.js                     20.13 kB │ gzip:   5.41 kB
dist/assets/index-BUoAbggi.js                     20.94 kB │ gzip:   6.66 kB
dist/assets/BlogDetail-CCxx2ExW.js                21.83 kB │ gzip:   8.94 kB
dist/assets/index-CSit7V70.js                     22.98 kB │ gzip:   6.85 kB
dist/assets/ViewBusinessProposal-BvgFx532.js      25.92 kB │ gzip:   6.38 kB
dist/assets/index-NcfbN7SF.js                     27.46 kB │ gzip:   8.65 kB
dist/assets/Landing-aO3ppTNM.js                  151.91 kB │ gzip:  53.56 kB
dist/assets/xlsx-DGuHH-KN.js                     429.49 kB │ gzip: 143.07 kB
dist/assets/index-Bkp8sZJI.js                    630.99 kB │ gzip: 168.86 kB
dist/assets/index-BFrOb-KF.js                  2,832.92 kB │ gzip: 756.84 kB

(!) Some chunks are larger than 1500 kB after minification. Consider:
- Using dynamic import() to code-split the application
- Use build.rollupOptions.output.manualChunks to improve chunking: https://rollupjs.org/configuration-options/#output-manualchunks
- Adjust chunk size limit for this warning via build.chunkSizeWarningLimit.
✓ built in 18.60s
Packaging build...
  adding: favicon.ico (deflated 13%)
  adding: robots.txt (deflated 3%)
  adding: sitemap.xml (deflated 60%)
  adding: assets/ (stored 0%)
  adding: assets/irfanMalikBg-D4osmO_C.jpg (deflated 1%)
  adding: assets/meerGreenJacket-ykCKR2uN.png (deflated 0%)
  adding: assets/shakeelBg-NX99JDrP.jpg (deflated 0%)
  adding: assets/wasimAkramBg-D4BFEYu1.png (deflated 0%)
  adding: assets/arabic-BElshnQY.jpg (deflated 0%)
  adding: assets/dubai-Bmqq4ymj.jpg (deflated 0%)
  adding: assets/handShake-Dk1DoagP.webp (deflated 0%)
  adding: assets/fahad-CnovJc60.jpg (deflated 0%)
  adding: assets/salman-DD3Zraly.jpg (deflated 0%)
  adding: assets/tech-BdWyL5Pa.jpg (deflated 0%)
  adding: assets/wasim-ETjjiRaD.jpg (deflated 0%)
  adding: assets/placeholderMan-BvremNML.png (deflated 3%)
  adding: assets/rectanglePlaceholder-nCbViREl.png (deflated 31%)
  adding: assets/Fav-BPcykgsi.png (deflated 5%)
  adding: assets/MainLogo-DJpFhlQE.png (deflated 4%)
  adding: assets/goldenCheck-CnSHOmXW.webp (stored 0%)
  adding: assets/verifiedBadge-CrcJq1tD.webp (deflated 1%)
  adding: assets/tower2-LuqAcWCu.jpg (deflated 2%)
  adding: assets/tower3-DpFzgoGy.jpg (deflated 0%)
  adding: assets/proposal2-B9XZZX50.webp (deflated 3%)
  adding: assets/proposal3-fxAFZeku.webp (deflated 1%)
  adding: assets/proposal5-DItum-r7.webp (deflated 4%)
  adding: assets/proposal6-wLmvSjqd.webp (deflated 0%)
  adding: assets/akhtar-qLBVRLf-.jpg (deflated 1%)
  adding: assets/meerShinyDress-C8scZpYx.webp (deflated 0%)
  adding: assets/tower-gldBe0jJ.webp (deflated 0%)
  adding: assets/proposal1-D37fvLUu.webp (deflated 1%)
  adding: assets/proposal4-CZk7QC75.webp (deflated 1%)
  adding: assets/video-poster-DrQklN8e.png (deflated 0%)
  adding: assets/wasimAkram-CBOcRO9q.png (deflated 1%)
  adding: assets/index-CmWcPI7Q.css (deflated 86%)
  adding: assets/BlogDetail-oNXnMkFG.css (deflated 62%)
  adding: assets/style-DpsRipQV.css (deflated 78%)
  adding: assets/index-BFrOb-KF.js (deflated 73%)
  adding: assets/xlsx-DGuHH-KN.js (deflated 67%)
  adding: assets/Landing-aO3ppTNM.js (deflated 65%)
  adding: assets/BlogDetail-CCxx2ExW.js (deflated 59%)
  adding: assets/AllBlogs-DGYL7ks1.js (deflated 60%)
  adding: assets/index-DSyFcSjA.js (deflated 50%)
  adding: assets/index-CObReHyR.js (deflated 53%)
  adding: assets/index-DF_fXgJO.js (deflated 53%)
  adding: assets/index-Dm-RyNyW.js (deflated 52%)
  adding: assets/index-Aqi3eXxj.js (deflated 54%)
  adding: assets/SignUp-B2iHW9XE.js (deflated 62%)
  adding: assets/ForgotPassword-6tCcgI3N.js (deflated 51%)
  adding: assets/VerifyUserEmail-DaiRLIrm.js (deflated 64%)
  adding: assets/ResetPassword-DveMjAFU.js (deflated 56%)
  adding: assets/ContactSupport-BOnaMAsB.js (deflated 59%)
  adding: assets/AuthCallback-D84LRQWG.js (deflated 53%)
  adding: assets/SelectRole-nV-617vd.js (deflated 58%)
  adding: assets/InvestorThankYou-NquKg6a6.js (deflated 51%)
  adding: assets/FounderThankYou-B4CQtgJH.js (deflated 52%)
  adding: assets/Login-CzHXojmv.js (deflated 59%)
  adding: assets/Profile-DJ63Lfgk.js (deflated 68%)
  adding: assets/index-CRqgRRVp.js (deflated 55%)
  adding: assets/index-NcfbN7SF.js (deflated 69%)
  adding: assets/EditInvestor-Bdy7udO-.js (deflated 76%)
  adding: assets/index-BUoAbggi.js (deflated 68%)
  adding: assets/ViewRemindersModal-CGkOMx9g.js (deflated 64%)
  adding: assets/EditFounder-CjqYbW7y.js (deflated 76%)
  adding: assets/index-DhdTjnDE.js (deflated 59%)
  adding: assets/index-DJLOJt7a.js (deflated 67%)
  adding: assets/pencil-DBX-rEUL.js (deflated 31%)
  adding: assets/index-DlXPDbdz.js (deflated 68%)
  adding: assets/ViewBusinessProposal-BvgFx532.js (deflated 75%)
  adding: assets/circle-check-BAoyfEOe.js (deflated 27%)
  adding: assets/index-CSit7V70.js (deflated 70%)
  adding: assets/shield-check-DZmC17nS.js (deflated 32%)
  adding: assets/sparkles-CMv09xQM.js (deflated 45%)
  adding: assets/trending-up-CPHCfzrH.js (deflated 26%)
  adding: assets/globe-CbHGUDXR.js (deflated 33%)
  adding: assets/blogs-ChqPogSE.js (stored 0%)
  adding: assets/calendar-B0zvfcbu.js (deflated 33%)
  adding: assets/index-EVpUMDkV.js (deflated 53%)
  adding: assets/message-circle-_AF1EeDa.js (deflated 28%)
  adding: assets/arrow-left-BKe2Qe3o.js (deflated 25%)
  adding: assets/InfoBox-C7WOkdWU.js (deflated 51%)
  adding: assets/info-DFUuRBHy.js (deflated 30%)
  adding: assets/circle-alert-B9wGenXQ.js (deflated 35%)
  adding: assets/index-Bkp8sZJI.js (deflated 73%)
  adding: assets/topCards-B7Uf3Fvz.js (deflated 57%)
  adding: assets/webinarBanner-XLbHXaFF.js (deflated 25%)
  adding: assets/CurrencyWithApprox-Ys_hoYZY.js (deflated 45%)
  adding: assets/ImageUploader-CGkzkTZf.js (deflated 58%)
  adding: assets/external-link-CS3vFX3M.js (deflated 32%)
  adding: assets/upload-BfBqagh7.js (deflated 31%)
  adding: assets/table-j6bHbV60.js (deflated 69%)
  adding: assets/toolbar-RDh3PTWV.js (deflated 58%)
  adding: assets/useDebounce-ZWCzg8wc.js (deflated 21%)
  adding: assets/support-ticket-events-B34KMD4H.js (deflated 30%)
  adding: assets/headphones-DASKvDLW.js (deflated 34%)
  adding: assets/message-square-BSxRWQPz.js (deflated 29%)
  adding: assets/Pagination-CXiciH76.js (deflated 47%)
  adding: assets/funnel-D8TyKSKd.js (deflated 30%)
  adding: assets/FilterDrawer-CB3lYNDF.js (deflated 58%)
  adding: assets/rotate-ccw-D1fGYRn6.js (deflated 27%)
  adding: assets/ToggleChips-CWBTyrE1.js (deflated 51%)
  adding: assets/circle-x-CVQdK0Hw.js (deflated 31%)
  adding: assets/businessProposalCard-DOYgkFUX.js (deflated 66%)
  adding: assets/ban-BKIm8qko.js (deflated 26%)
  adding: assets/plus-Cm6NVAoO.js (deflated 28%)
  adding: assets/Tabs-M27QIh8Z.js (deflated 49%)
  adding: assets/Stepper-CpQFgTFw.js (deflated 57%)
  adding: assets/MultipleImageUploader-Dnuy_pps.js (deflated 57%)
  adding: assets/index-QfGy9NK5.js (deflated 68%)
  adding: assets/supabase-bulk-emails-BHj-phzv.js (deflated 65%)
  adding: assets/CreateNewBatch-Bg5iFiUe.js (deflated 73%)
  adding: assets/CkEditor-BQPwOv_u.js (deflated 40%)
  adding: assets/index-CIYKXS7g.js (deflated 57%)
  adding: assets/CreateBlog-FTaiwR8O.js (deflated 58%)
  adding: assets/EditBlog-CxHZidkI.js (deflated 58%)
  adding: assets/index-cOtc8P3P.js (deflated 69%)
  adding: assets/index-sRldfnik.js (deflated 63%)
  adding: assets/Dashboard-CDl6WD7r.js (deflated 35%)
  adding: assets/SimplifiedProfile-Km1mpnDs.js (deflated 74%)
  adding: assets/index-DDRxjFtx.js (deflated 34%)
  adding: assets/HelpPageContent-CZMJlGV1.js (deflated 64%)
  adding: assets/hash-xvn-bAJW.js (deflated 40%)
  adding: assets/index-CSgpxWjt.js (deflated 55%)
  adding: assets/bookmark-plus-Cj-d80Ij.js (deflated 32%)
  adding: assets/index-VgU6FMM6.js (deflated 50%)
  adding: assets/index-DdPH_vq_.js (deflated 55%)
  adding: assets/Dashboard-BEgcvZCh.js (deflated 36%)
  adding: assets/index-CsQX-9J8.js (deflated 73%)
  adding: assets/index-By5ACBEL.js (deflated 63%)
  adding: assets/index-Df_luCuu.js (deflated 34%)
  adding: assets/TicketDetailPage-BHGmVZq2.js (deflated 69%)
  adding: index.html (deflated 52%)
Saving Lightsail SSH key...
Uploading build to Lightsail...
Warning: Permanently added '15.207.22.250' (ED25519) to the list of known hosts.
Deploying build to /var/www/html ...
Archive:  /home/ubuntu/react-build.zip
  inflating: /var/www/html/favicon.ico  
  inflating: /var/www/html/robots.txt  
  inflating: /var/www/html/sitemap.xml  
   creating: /var/www/html/assets/
  inflating: /var/www/html/assets/irfanMalikBg-D4osmO_C.jpg  
  inflating: /var/www/html/assets/meerGreenJacket-ykCKR2uN.png  
  inflating: /var/www/html/assets/shakeelBg-NX99JDrP.jpg  
  inflating: /var/www/html/assets/wasimAkramBg-D4BFEYu1.png  
  inflating: /var/www/html/assets/arabic-BElshnQY.jpg  
  inflating: /var/www/html/assets/dubai-Bmqq4ymj.jpg  
  inflating: /var/www/html/assets/handShake-Dk1DoagP.webp  
  inflating: /var/www/html/assets/fahad-CnovJc60.jpg  
  inflating: /var/www/html/assets/salman-DD3Zraly.jpg  
  inflating: /var/www/html/assets/tech-BdWyL5Pa.jpg  
  inflating: /var/www/html/assets/wasim-ETjjiRaD.jpg  
  inflating: /var/www/html/assets/placeholderMan-BvremNML.png  
  inflating: /var/www/html/assets/rectanglePlaceholder-nCbViREl.png  
  inflating: /var/www/html/assets/Fav-BPcykgsi.png  
  inflating: /var/www/html/assets/MainLogo-DJpFhlQE.png  
 extracting: /var/www/html/assets/goldenCheck-CnSHOmXW.webp  
  inflating: /var/www/html/assets/verifiedBadge-CrcJq1tD.webp  
  inflating: /var/www/html/assets/tower2-LuqAcWCu.jpg  
  inflating: /var/www/html/assets/tower3-DpFzgoGy.jpg  
  inflating: /var/www/html/assets/proposal2-B9XZZX50.webp  
  inflating: /var/www/html/assets/proposal3-fxAFZeku.webp  
  inflating: /var/www/html/assets/proposal5-DItum-r7.webp  
  inflating: /var/www/html/assets/proposal6-wLmvSjqd.webp  
  inflating: /var/www/html/assets/akhtar-qLBVRLf-.jpg  
  inflating: /var/www/html/assets/meerShinyDress-C8scZpYx.webp  
  inflating: /var/www/html/assets/tower-gldBe0jJ.webp  
  inflating: /var/www/html/assets/proposal1-D37fvLUu.webp  
  inflating: /var/www/html/assets/proposal4-CZk7QC75.webp  
  inflating: /var/www/html/assets/video-poster-DrQklN8e.png  
  inflating: /var/www/html/assets/wasimAkram-CBOcRO9q.png  
  inflating: /var/www/html/assets/index-CmWcPI7Q.css  
  inflating: /var/www/html/assets/BlogDetail-oNXnMkFG.css  
  inflating: /var/www/html/assets/style-DpsRipQV.css  
  inflating: /var/www/html/assets/index-BFrOb-KF.js  
  inflating: /var/www/html/assets/xlsx-DGuHH-KN.js  
  inflating: /var/www/html/assets/Landing-aO3ppTNM.js  
  inflating: /var/www/html/assets/BlogDetail-CCxx2ExW.js  
  inflating: /var/www/html/assets/AllBlogs-DGYL7ks1.js  
  inflating: /var/www/html/assets/index-DSyFcSjA.js  
  inflating: /var/www/html/assets/index-CObReHyR.js  
  inflating: /var/www/html/assets/index-DF_fXgJO.js  
  inflating: /var/www/html/assets/index-Dm-RyNyW.js  
  inflating: /var/www/html/assets/index-Aqi3eXxj.js  
  inflating: /var/www/html/assets/SignUp-B2iHW9XE.js  
  inflating: /var/www/html/assets/ForgotPassword-6tCcgI3N.js  
  inflating: /var/www/html/assets/VerifyUserEmail-DaiRLIrm.js  
  inflating: /var/www/html/assets/ResetPassword-DveMjAFU.js  
  inflating: /var/www/html/assets/ContactSupport-BOnaMAsB.js  
  inflating: /var/www/html/assets/AuthCallback-D84LRQWG.js  
  inflating: /var/www/html/assets/SelectRole-nV-617vd.js  
  inflating: /var/www/html/assets/InvestorThankYou-NquKg6a6.js  
  inflating: /var/www/html/assets/FounderThankYou-B4CQtgJH.js  
  inflating: /var/www/html/assets/Login-CzHXojmv.js  
  inflating: /var/www/html/assets/Profile-DJ63Lfgk.js  
  inflating: /var/www/html/assets/index-CRqgRRVp.js  
  inflating: /var/www/html/assets/index-NcfbN7SF.js  
  inflating: /var/www/html/assets/EditInvestor-Bdy7udO-.js  
  inflating: /var/www/html/assets/index-BUoAbggi.js  
  inflating: /var/www/html/assets/ViewRemindersModal-CGkOMx9g.js  
  inflating: /var/www/html/assets/EditFounder-CjqYbW7y.js  
  inflating: /var/www/html/assets/index-DhdTjnDE.js  
  inflating: /var/www/html/assets/index-DJLOJt7a.js  
  inflating: /var/www/html/assets/pencil-DBX-rEUL.js  
  inflating: /var/www/html/assets/index-DlXPDbdz.js  
  inflating: /var/www/html/assets/ViewBusinessProposal-BvgFx532.js  
  inflating: /var/www/html/assets/circle-check-BAoyfEOe.js  
  inflating: /var/www/html/assets/index-CSit7V70.js  
  inflating: /var/www/html/assets/shield-check-DZmC17nS.js  
  inflating: /var/www/html/assets/sparkles-CMv09xQM.js  
  inflating: /var/www/html/assets/trending-up-CPHCfzrH.js  
  inflating: /var/www/html/assets/globe-CbHGUDXR.js  
 extracting: /var/www/html/assets/blogs-ChqPogSE.js  
  inflating: /var/www/html/assets/calendar-B0zvfcbu.js  
  inflating: /var/www/html/assets/index-EVpUMDkV.js  
  inflating: /var/www/html/assets/message-circle-_AF1EeDa.js  
  inflating: /var/www/html/assets/arrow-left-BKe2Qe3o.js  
  inflating: /var/www/html/assets/InfoBox-C7WOkdWU.js  
  inflating: /var/www/html/assets/info-DFUuRBHy.js  
  inflating: /var/www/html/assets/circle-alert-B9wGenXQ.js  
  inflating: /var/www/html/assets/index-Bkp8sZJI.js  
  inflating: /var/www/html/assets/topCards-B7Uf3Fvz.js  
  inflating: /var/www/html/assets/webinarBanner-XLbHXaFF.js  
  inflating: /var/www/html/assets/CurrencyWithApprox-Ys_hoYZY.js  
  inflating: /var/www/html/assets/ImageUploader-CGkzkTZf.js  
  inflating: /var/www/html/assets/external-link-CS3vFX3M.js  
  inflating: /var/www/html/assets/upload-BfBqagh7.js  
  inflating: /var/www/html/assets/table-j6bHbV60.js  
  inflating: /var/www/html/assets/toolbar-RDh3PTWV.js  
  inflating: /var/www/html/assets/useDebounce-ZWCzg8wc.js  
  inflating: /var/www/html/assets/support-ticket-events-B34KMD4H.js  
  inflating: /var/www/html/assets/headphones-DASKvDLW.js  
  inflating: /var/www/html/assets/message-square-BSxRWQPz.js  
  inflating: /var/www/html/assets/Pagination-CXiciH76.js  
  inflating: /var/www/html/assets/funnel-D8TyKSKd.js  
  inflating: /var/www/html/assets/FilterDrawer-CB3lYNDF.js  
  inflating: /var/www/html/assets/rotate-ccw-D1fGYRn6.js  
  inflating: /var/www/html/assets/ToggleChips-CWBTyrE1.js  
  inflating: /var/www/html/assets/circle-x-CVQdK0Hw.js  
  inflating: /var/www/html/assets/businessProposalCard-DOYgkFUX.js  
  inflating: /var/www/html/assets/ban-BKIm8qko.js  
  inflating: /var/www/html/assets/plus-Cm6NVAoO.js  
  inflating: /var/www/html/assets/Tabs-M27QIh8Z.js  
  inflating: /var/www/html/assets/Stepper-CpQFgTFw.js  
  inflating: /var/www/html/assets/MultipleImageUploader-Dnuy_pps.js  
  inflating: /var/www/html/assets/index-QfGy9NK5.js  
  inflating: /var/www/html/assets/supabase-bulk-emails-BHj-phzv.js  
  inflating: /var/www/html/assets/CreateNewBatch-Bg5iFiUe.js  
  inflating: /var/www/html/assets/CkEditor-BQPwOv_u.js  
  inflating: /var/www/html/assets/index-CIYKXS7g.js  
  inflating: /var/www/html/assets/CreateBlog-FTaiwR8O.js  
  inflating: /var/www/html/assets/EditBlog-CxHZidkI.js  
  inflating: /var/www/html/assets/index-cOtc8P3P.js  
  inflating: /var/www/html/assets/index-sRldfnik.js  
  inflating: /var/www/html/assets/Dashboard-CDl6WD7r.js  
  inflating: /var/www/html/assets/SimplifiedProfile-Km1mpnDs.js  
  inflating: /var/www/html/assets/index-DDRxjFtx.js  
  inflating: /var/www/html/assets/HelpPageContent-CZMJlGV1.js  
  inflating: /var/www/html/assets/hash-xvn-bAJW.js  
  inflating: /var/www/html/assets/index-CSgpxWjt.js  
  inflating: /var/www/html/assets/bookmark-plus-Cj-d80Ij.js  
  inflating: /var/www/html/assets/index-VgU6FMM6.js  
  inflating: /var/www/html/assets/index-DdPH_vq_.js  
  inflating: /var/www/html/assets/Dashboard-BEgcvZCh.js  
  inflating: /var/www/html/assets/index-CsQX-9J8.js  
  inflating: /var/www/html/assets/index-By5ACBEL.js  
  inflating: /var/www/html/assets/index-Df_luCuu.js  
  inflating: /var/www/html/assets/TicketDetailPage-BHGmVZq2.js  
  inflating: /var/www/html/index.html  
Saving Git logs repo SSH key...
Testing GitHub SSH key...
Cloning deployment-logs repo...
Cloning into 'logs-repo'...
