Installing dependencies...
npm warn deprecated w3c-hr-time@1.0.2: Use your platform's native performance.now() and performance.timeOrigin.
npm warn deprecated domexception@2.0.1: Use your platform's native DOMException instead
npm warn deprecated abab@2.0.6: Use your platform's native atob() and btoa() methods instead

added 1756 packages, and audited 1757 packages in 4m

222 packages are looking for funding
  run `npm fund` for details

54 vulnerabilities (52 moderate, 2 high)

To address issues that do not require attention, run:
  npm audit fix

To address all issues possible (including breaking changes), run:
  npm audit fix --force

Some issues need review, and may require choosing
a different dependency.

Run `npm audit` for details.
Building React app...

> boilerplate-code-react-js@0.0.0 build
> vite build

vite v7.1.11 building for production...
transforming...
✓ 3051 modules transformed.
rendering chunks...
computing gzip size...
dist/index.html                                    2.18 kB │ gzip:   1.05 kB
dist/assets/verifiedBadge-CrcJq1tD.webp           10.83 kB
dist/assets/rectanglePlaceholder-nCbViREl.png     11.85 kB
dist/assets/goldenCheck-CnSHOmXW.webp             13.45 kB
dist/assets/irfanMalikBg-D4osmO_C.jpg             24.66 kB
dist/assets/proposal6-wLmvSjqd.webp               28.15 kB
dist/assets/placeholderMan-BvremNML.png           36.64 kB
dist/assets/handShake-Dk1DoagP.webp               65.18 kB
dist/assets/tower-gldBe0jJ.webp                   66.16 kB
dist/assets/tower2-LuqAcWCu.jpg                   72.52 kB
dist/assets/shakeelBg-NX99JDrP.jpg               143.15 kB
dist/assets/MainLogo-DJpFhlQE.png                144.86 kB
dist/assets/Fav-BPcykgsi.png                     147.34 kB
dist/assets/akhtar-qLBVRLf-.jpg                  173.92 kB
dist/assets/proposal5-DItum-r7.webp              174.24 kB
dist/assets/tower3-DpFzgoGy.jpg                  175.56 kB
dist/assets/proposal2-B9XZZX50.webp              192.62 kB
dist/assets/meerShinyDress-C8scZpYx.webp         229.68 kB
dist/assets/meerGreenJacket-ykCKR2uN.png         230.19 kB
dist/assets/arabic-BElshnQY.jpg                  238.42 kB
dist/assets/wasim-ETjjiRaD.jpg                   242.26 kB
dist/assets/salman-DD3Zraly.jpg                  255.18 kB
dist/assets/fahad-CnovJc60.jpg                   278.62 kB
dist/assets/tech-BdWyL5Pa.jpg                    281.71 kB
dist/assets/dubai-Bmqq4ymj.jpg                   311.77 kB
dist/assets/wasimAkramBg-D4BFEYu1.png            313.57 kB
dist/assets/proposal3-fxAFZeku.webp              445.47 kB
dist/assets/proposal4-CZk7QC75.webp              542.86 kB
dist/assets/proposal1-D37fvLUu.webp              779.05 kB
dist/assets/wasimAkram-CBOcRO9q.png            4,488.96 kB
dist/assets/style-DpsRipQV.css                     3.23 kB │ gzip:   0.73 kB
dist/assets/index-D-JDPNMU.css                   139.86 kB │ gzip:  19.29 kB
dist/assets/index-BdQq_4o_.js                      0.06 kB │ gzip:   0.08 kB
dist/assets/index-Cb61D2ON.js                      0.14 kB │ gzip:   0.14 kB
dist/assets/useDebounce-BndAtm_P.js                0.19 kB │ gzip:   0.17 kB
dist/assets/chevron-down-CkNIkJJP.js               0.30 kB │ gzip:   0.25 kB
dist/assets/chevron-left-VFIDpfJW.js               0.30 kB │ gzip:   0.25 kB
dist/assets/plus-DhXUQgG7.js                       0.33 kB │ gzip:   0.25 kB
dist/assets/arrow-right-Ct1CU-IC.js                0.34 kB │ gzip:   0.27 kB
dist/assets/circle-check-CYSHWQGe.js               0.35 kB │ gzip:   0.27 kB
dist/assets/trending-up-LHkJRfr0.js                0.35 kB │ gzip:   0.27 kB
dist/assets/ban-CeB5aJaW.js                        0.35 kB │ gzip:   0.28 kB
dist/assets/info-DwMK7FK9.js                       0.37 kB │ gzip:   0.28 kB
dist/assets/rotate-ccw-CHr-myIV.js                 0.37 kB │ gzip:   0.29 kB
dist/assets/circle-x-D9Yy7MlV.js                   0.38 kB │ gzip:   0.28 kB
dist/assets/mail-CpEKp947.js                       0.39 kB │ gzip:   0.31 kB
dist/assets/index-NoeO8fcL.js                      0.39 kB │ gzip:   0.30 kB
dist/assets/target-Bc3j3vOv.js                     0.39 kB │ gzip:   0.27 kB
dist/assets/upload-DPQsIFet.js                     0.40 kB │ gzip:   0.30 kB
dist/assets/log-in-gOArNhJj.js                     0.40 kB │ gzip:   0.29 kB
dist/assets/download-DaJhCLQk.js                   0.41 kB │ gzip:   0.30 kB
dist/assets/message-square-DDxzq_mr.js             0.41 kB │ gzip:   0.31 kB
dist/assets/globe-BJ8tF7YJ.js                      0.41 kB │ gzip:   0.29 kB
dist/assets/message-circle-BF0kDee9.js             0.41 kB │ gzip:   0.32 kB
dist/assets/circle-alert-B6bgfoh5.js               0.42 kB │ gzip:   0.29 kB
dist/assets/eye-C5Lz05Mg.js                        0.42 kB │ gzip:   0.30 kB
dist/assets/map-pin-Bo7msl9s.js                    0.43 kB │ gzip:   0.33 kB
dist/assets/link-ruLWYcO1.js                       0.43 kB │ gzip:   0.30 kB
dist/assets/calendar-C57r_T79.js                   0.43 kB │ gzip:   0.31 kB
dist/assets/pencil-nmQTed-U.js                     0.45 kB │ gzip:   0.33 kB
dist/assets/user-plus-CxCpiR0T.js                  0.48 kB │ gzip:   0.34 kB
dist/assets/shield-check-di4yA0nm.js               0.49 kB │ gzip:   0.36 kB
dist/assets/square-pen-BNICxK4u.js                 0.49 kB │ gzip:   0.34 kB
dist/assets/phone-BB4dpvVv.js                      0.50 kB │ gzip:   0.33 kB
dist/assets/trash-2-CFhHJBlT.js                    0.50 kB │ gzip:   0.32 kB
dist/assets/file-text-CRdMMQo1.js                  0.51 kB │ gzip:   0.32 kB
dist/assets/LegalModal-DCdpcbYf.js                 0.66 kB │ gzip:   0.46 kB
dist/assets/sparkles-Ci-xaX1Z.js                   0.67 kB │ gzip:   0.39 kB
dist/assets/InfoBox-BRtfRPCx.js                    0.86 kB │ gzip:   0.43 kB
dist/assets/label-ByhedI8V.js                      0.88 kB │ gzip:   0.55 kB
dist/assets/card-CwYsl9jt.js                       1.18 kB │ gzip:   0.46 kB
dist/assets/package-DLFhMbWu.js                    1.21 kB │ gzip:   0.50 kB
dist/assets/Tabs-BdwDn3Al.js                       1.23 kB │ gzip:   0.65 kB
dist/assets/GetMoreDetailsModal-BUVw72xk.js        1.27 kB │ gzip:   0.61 kB
dist/assets/EmptyState-DogCQ0Ts.js                 1.47 kB │ gzip:   0.61 kB
dist/assets/textarea-DwCKoSHA.js                   1.50 kB │ gzip:   0.74 kB
dist/assets/ToggleChips-J6fNFxLV.js                1.66 kB │ gzip:   0.82 kB
dist/assets/input-CxxF0FWa.js                      1.68 kB │ gzip:   0.87 kB
dist/assets/topCards-W1VFMEJ2.js                   1.71 kB │ gzip:   0.75 kB
dist/assets/ImageUploader-Cicnw7xw.js              1.95 kB │ gzip:   0.94 kB
dist/assets/index-CZ3gbUZ4.js                      2.07 kB │ gzip:   0.92 kB
dist/assets/ForgotPassword-shJ22NPg.js             2.17 kB │ gzip:   1.08 kB
dist/assets/ContactSupportModal-DYq9UK2k.js        2.36 kB │ gzip:   1.18 kB
dist/assets/ResetPassword-gX6j48-r.js              2.40 kB │ gzip:   1.06 kB
dist/assets/index-BmC3FHvj.js                      2.57 kB │ gzip:   1.16 kB
dist/assets/AuthCallback-CzmYAa88.js               2.67 kB │ gzip:   1.26 kB
dist/assets/index-BYla-0RP.js                      2.72 kB │ gzip:   1.23 kB
dist/assets/index-C-JNj1sP.js                      2.87 kB │ gzip:   1.41 kB
dist/assets/toolbar-C7Ct5eBo.js                    2.99 kB │ gzip:   1.22 kB
dist/assets/FileUploader-B24NXpGz.js               3.02 kB │ gzip:   1.35 kB
dist/assets/index-DEt9tiUM.js                      3.11 kB │ gzip:   1.48 kB
dist/assets/supabase-bulk-emails-6H1vwEpb.js       3.14 kB │ gzip:   1.12 kB
dist/assets/index-DGocM_32.js                      3.24 kB │ gzip:   1.62 kB
dist/assets/SignupThankYou-Bo4I94d6.js             3.29 kB │ gzip:   1.49 kB
dist/assets/index-C5AsHPDn.js                      3.31 kB │ gzip:   1.61 kB
dist/assets/index-CEsT_GDo.js                      3.44 kB │ gzip:   1.64 kB
dist/assets/index-B6EB2lgM.js                      3.48 kB │ gzip:   1.67 kB
dist/assets/checkbox-Bjs2kN9v.js                   4.04 kB │ gzip:   1.77 kB
dist/assets/Dashboard-D2utxLT-.js                  4.28 kB │ gzip:   1.46 kB
dist/assets/index-DF5zGyff.js                      4.29 kB │ gzip:   2.10 kB
dist/assets/Dashboard-CdYdWMFt.js                  4.30 kB │ gzip:   1.47 kB
dist/assets/index-BpREiMXB.js                      4.30 kB │ gzip:   2.10 kB
dist/assets/index-DA5LU5W-.js                      4.31 kB │ gzip:   1.72 kB
dist/assets/Stepper-CH-8l2ef.js                    4.65 kB │ gzip:   2.01 kB
dist/assets/ContactSupport-B8msYzca.js             5.04 kB │ gzip:   2.09 kB
dist/assets/Login-BRYfoUuc.js                      5.05 kB │ gzip:   2.13 kB
dist/assets/SelectRole-D3EqMcID.js                 5.63 kB │ gzip:   2.37 kB
dist/assets/VerifyUserEmail-BFkuPbKJ.js            5.87 kB │ gzip:   2.10 kB
dist/assets/popover-UAewQsYw.js                    6.81 kB │ gzip:   2.48 kB
dist/assets/SignUp-DCfKJSnn.js                     7.12 kB │ gzip:   2.66 kB
dist/assets/Profile-C-n5Rlbw.js                    7.24 kB │ gzip:   2.34 kB
dist/assets/businessProposalCard-90Ri62kE.js       7.88 kB │ gzip:   2.60 kB
dist/assets/index-BN56zbSR.js                      8.18 kB │ gzip:   3.33 kB
dist/assets/tooltip-CD3h-tqa.js                    8.77 kB │ gzip:   3.34 kB
dist/assets/dialog-Dl5DCq1W.js                     9.57 kB │ gzip:   3.57 kB
dist/assets/index-ZnjkcntC.js                      9.66 kB │ gzip:   3.97 kB
dist/assets/index-BxFbaWhr.js                     10.15 kB │ gzip:   3.79 kB
dist/assets/index-D5SaG3L1.js                     10.30 kB │ gzip:   3.36 kB
dist/assets/Header-BetzvWBk.js                    11.28 kB │ gzip:   3.37 kB
dist/assets/index-C1ed9rGC.js                     13.94 kB │ gzip:   4.84 kB
dist/assets/SimplifiedProfile-CKP0ZD3j.js         14.09 kB │ gzip:   3.85 kB
dist/assets/index-CRuUinFz.js                     16.50 kB │ gzip:   6.25 kB
dist/assets/EditFounder-BhO2BEji.js               18.37 kB │ gzip:   4.51 kB
dist/assets/ViewBusinessProposal-BRtgWhFI.js      18.69 kB │ gzip:   4.74 kB
dist/assets/index-uUMLyLjc.js                     19.11 kB │ gzip:   6.19 kB
dist/assets/index-Ca-WRT7E.js                     19.32 kB │ gzip:   6.26 kB
dist/assets/EditInvestor-CfBlrQPv.js              19.36 kB │ gzip:   4.79 kB
dist/assets/index-DPhDYU9G.js                     19.83 kB │ gzip:   6.52 kB
dist/assets/select-d-7K5gVQ.js                    21.88 kB │ gzip:   7.81 kB
dist/assets/index-C92CiniI.js                     21.92 kB │ gzip:   5.85 kB
dist/assets/index-BiMBg5Qi.js                     25.32 kB │ gzip:   7.62 kB
dist/assets/index-Csh3GeI9.js                     35.78 kB │ gzip:  13.52 kB
dist/assets/table-DIoIlbqd.js                     37.31 kB │ gzip:  10.95 kB
dist/assets/AssignAdminModal-hmIXyuNT.js          84.16 kB │ gzip:  25.28 kB
dist/assets/Landing-CFkjFpRW.js                  147.95 kB │ gzip:  52.38 kB
dist/assets/xlsx-DGuHH-KN.js                     429.49 kB │ gzip: 143.07 kB
dist/assets/style-cTxki_8H.js                    465.89 kB │ gzip: 112.59 kB
dist/assets/index-yXkCUNn9.js                    603.24 kB │ gzip: 163.50 kB
dist/assets/index-DriEq_JU.js                    762.34 kB │ gzip: 229.71 kB
dist/assets/CreateNewBatch-BypVEhjH.js         1,332.16 kB │ gzip: 329.43 kB

(!) Some chunks are larger than 500 kB after minification. Consider:
- Using dynamic import() to code-split the application
- Use build.rollupOptions.output.manualChunks to improve chunking: https://rollupjs.org/configuration-options/#output-manualchunks
- Adjust chunk size limit for this warning via build.chunkSizeWarningLimit.
✓ built in 16.35s
Packaging build...
  adding: favicon.ico (deflated 13%)
  adding: assets/ (stored 0%)
  adding: assets/irfanMalikBg-D4osmO_C.jpg (deflated 1%)
  adding: assets/wasimAkramBg-D4BFEYu1.png (deflated 0%)
  adding: assets/meerGreenJacket-ykCKR2uN.png (deflated 0%)
  adding: assets/meerShinyDress-C8scZpYx.webp (deflated 0%)
  adding: assets/akhtar-qLBVRLf-.jpg (deflated 1%)
  adding: assets/arabic-BElshnQY.jpg (deflated 0%)
  adding: assets/shakeelBg-NX99JDrP.jpg (deflated 0%)
  adding: assets/handShake-Dk1DoagP.webp (deflated 0%)
  adding: assets/tech-BdWyL5Pa.jpg (deflated 0%)
  adding: assets/salman-DD3Zraly.jpg (deflated 0%)
  adding: assets/placeholderMan-BvremNML.png (deflated 3%)
  adding: assets/dubai-Bmqq4ymj.jpg (deflated 0%)
  adding: assets/fahad-CnovJc60.jpg (deflated 0%)
  adding: assets/Fav-BPcykgsi.png (deflated 5%)
  adding: assets/goldenCheck-CnSHOmXW.webp (stored 0%)
  adding: assets/MainLogo-DJpFhlQE.png (deflated 4%)
  adding: assets/tower-gldBe0jJ.webp (deflated 0%)
  adding: assets/tower2-LuqAcWCu.jpg (deflated 2%)
  adding: assets/tower3-DpFzgoGy.jpg (deflated 0%)
  adding: assets/wasim-ETjjiRaD.jpg (deflated 0%)
  adding: assets/verifiedBadge-CrcJq1tD.webp (deflated 1%)
  adding: assets/rectanglePlaceholder-nCbViREl.png (deflated 31%)
  adding: assets/proposal2-B9XZZX50.webp (deflated 3%)
  adding: assets/proposal6-wLmvSjqd.webp (deflated 0%)
  adding: assets/proposal5-DItum-r7.webp (deflated 4%)
  adding: assets/proposal3-fxAFZeku.webp (deflated 1%)
  adding: assets/proposal1-D37fvLUu.webp (deflated 1%)
  adding: assets/proposal4-CZk7QC75.webp (deflated 1%)
  adding: assets/wasimAkram-CBOcRO9q.png (deflated 1%)
  adding: assets/index-D-JDPNMU.css (deflated 86%)
  adding: assets/style-DpsRipQV.css (deflated 78%)
  adding: assets/index-DriEq_JU.js (deflated 70%)
  adding: assets/Landing-CFkjFpRW.js (deflated 65%)
  adding: assets/index-DGocM_32.js (deflated 50%)
  adding: assets/index-DEt9tiUM.js (deflated 53%)
  adding: assets/index-CEsT_GDo.js (deflated 53%)
  adding: assets/index-C5AsHPDn.js (deflated 52%)
  adding: assets/Header-BetzvWBk.js (deflated 70%)
  adding: assets/SignUp-DCfKJSnn.js (deflated 63%)
  adding: assets/ForgotPassword-shJ22NPg.js (deflated 51%)
  adding: assets/VerifyUserEmail-BFkuPbKJ.js (deflated 64%)
  adding: assets/ResetPassword-gX6j48-r.js (deflated 56%)
  adding: assets/ContactSupport-B8msYzca.js (deflated 59%)
  adding: assets/AuthCallback-CzmYAa88.js (deflated 53%)
  adding: assets/SelectRole-D3EqMcID.js (deflated 58%)
  adding: assets/SignupThankYou-Bo4I94d6.js (deflated 55%)
  adding: assets/arrow-right-Ct1CU-IC.js (deflated 27%)
  adding: assets/Login-BRYfoUuc.js (deflated 58%)
  adding: assets/index-BYla-0RP.js (deflated 54%)
  adding: assets/index-yXkCUNn9.js (deflated 73%)
  adding: assets/Profile-C-n5Rlbw.js (deflated 68%)
  adding: assets/index-BN56zbSR.js (deflated 60%)
  adding: assets/index-Ca-WRT7E.js (deflated 68%)
  adding: assets/EditInvestor-CfBlrQPv.js (deflated 75%)
  adding: assets/index-uUMLyLjc.js (deflated 68%)
  adding: assets/globe-BJ8tF7YJ.js (deflated 33%)
  adding: assets/AssignAdminModal-hmIXyuNT.js (deflated 70%)
  adding: assets/label-ByhedI8V.js (deflated 40%)
  adding: assets/EditFounder-BhO2BEji.js (deflated 76%)
  adding: assets/index-ZnjkcntC.js (deflated 59%)
  adding: assets/index-DPhDYU9G.js (deflated 67%)
  adding: assets/log-in-gOArNhJj.js (deflated 31%)
  adding: assets/ban-CeB5aJaW.js (deflated 27%)
  adding: assets/user-plus-CxCpiR0T.js (deflated 34%)
  adding: assets/phone-BB4dpvVv.js (deflated 36%)
  adding: assets/pencil-nmQTed-U.js (deflated 31%)
  adding: assets/index-C1ed9rGC.js (deflated 65%)
  adding: assets/ViewBusinessProposal-BRtgWhFI.js (deflated 75%)
  adding: assets/circle-check-CYSHWQGe.js (deflated 27%)
  adding: assets/calendar-C57r_T79.js (deflated 33%)
  adding: assets/index-BiMBg5Qi.js (deflated 70%)
  adding: assets/ToggleChips-J6fNFxLV.js (deflated 51%)
  adding: assets/index-D5SaG3L1.js (deflated 68%)
  adding: assets/useDebounce-BndAtm_P.js (deflated 22%)
  adding: assets/CreateNewBatch-BypVEhjH.js (deflated 75%)
  adding: assets/message-circle-BF0kDee9.js (deflated 28%)
  adding: assets/sparkles-Ci-xaX1Z.js (deflated 45%)
  adding: assets/map-pin-Bo7msl9s.js (deflated 28%)
  adding: assets/shield-check-di4yA0nm.js (deflated 32%)
  adding: assets/supabase-bulk-emails-6H1vwEpb.js (deflated 65%)
  adding: assets/mail-CpEKp947.js (deflated 26%)
  adding: assets/table-DIoIlbqd.js (deflated 71%)
  adding: assets/Dashboard-D2utxLT-.js (deflated 66%)
  adding: assets/SimplifiedProfile-CKP0ZD3j.js (deflated 73%)
  adding: assets/index-DF5zGyff.js (deflated 52%)
  adding: assets/trending-up-LHkJRfr0.js (deflated 26%)
  adding: assets/LegalModal-DCdpcbYf.js (deflated 33%)
  adding: assets/index-B6EB2lgM.js (deflated 53%)
  adding: assets/input-CxxF0FWa.js (deflated 50%)
  adding: assets/style-cTxki_8H.js (deflated 76%)
  adding: assets/dialog-Dl5DCq1W.js (deflated 63%)
  adding: assets/download-DaJhCLQk.js (deflated 31%)
  adding: assets/popover-UAewQsYw.js (deflated 64%)
  adding: assets/index-Csh3GeI9.js (deflated 62%)
  adding: assets/index-CRuUinFz.js (deflated 62%)
  adding: assets/index-CZ3gbUZ4.js (deflated 56%)
  adding: assets/index-Cb61D2ON.js (deflated 15%)
  adding: assets/index-BdQq_4o_.js (deflated 5%)
  adding: assets/InfoBox-BRtfRPCx.js (deflated 51%)
  adding: assets/info-DwMK7FK9.js (deflated 30%)
  adding: assets/circle-alert-B6bgfoh5.js (deflated 36%)
  adding: assets/select-d-7K5gVQ.js (deflated 64%)
  adding: assets/chevron-down-CkNIkJJP.js (deflated 24%)
  adding: assets/index-BmC3FHvj.js (deflated 56%)
  adding: assets/index-NoeO8fcL.js (deflated 27%)
  adding: assets/FileUploader-B24NXpGz.js (deflated 56%)
  adding: assets/textarea-DwCKoSHA.js (deflated 52%)
  adding: assets/link-ruLWYcO1.js (deflated 34%)
  adding: assets/eye-C5Lz05Mg.js (deflated 33%)
  adding: assets/trash-2-CFhHJBlT.js (deflated 40%)
  adding: assets/topCards-W1VFMEJ2.js (deflated 58%)
  adding: assets/card-CwYsl9jt.js (deflated 62%)
  adding: assets/ImageUploader-Cicnw7xw.js (deflated 53%)
  adding: assets/upload-DPQsIFet.js (deflated 31%)
  adding: assets/EmptyState-DogCQ0Ts.js (deflated 60%)
  adding: assets/toolbar-C7Ct5eBo.js (deflated 60%)
  adding: assets/message-square-DDxzq_mr.js (deflated 29%)
  adding: assets/tooltip-CD3h-tqa.js (deflated 62%)
  adding: assets/square-pen-BNICxK4u.js (deflated 35%)
  adding: assets/rotate-ccw-CHr-myIV.js (deflated 28%)
  adding: assets/chevron-left-VFIDpfJW.js (deflated 22%)
  adding: assets/checkbox-Bjs2kN9v.js (deflated 56%)
  adding: assets/plus-DhXUQgG7.js (deflated 28%)
  adding: assets/file-text-CRdMMQo1.js (deflated 40%)
  adding: assets/businessProposalCard-90Ri62kE.js (deflated 67%)
  adding: assets/GetMoreDetailsModal-BUVw72xk.js (deflated 54%)
  adding: assets/Tabs-BdwDn3Al.js (deflated 49%)
  adding: assets/circle-x-D9Yy7MlV.js (deflated 30%)
  adding: assets/target-Bc3j3vOv.js (deflated 38%)
  adding: assets/Stepper-CH-8l2ef.js (deflated 57%)
  adding: assets/package-DLFhMbWu.js (deflated 60%)
  adding: assets/ContactSupportModal-DYq9UK2k.js (deflated 51%)
  adding: assets/index-C-JNj1sP.js (deflated 52%)
  adding: assets/index-DA5LU5W-.js (deflated 60%)
  adding: assets/Dashboard-CdYdWMFt.js (deflated 66%)
  adding: assets/index-C92CiniI.js (deflated 73%)
  adding: assets/index-BxFbaWhr.js (deflated 63%)
  adding: assets/index-BpREiMXB.js (deflated 52%)
  adding: assets/xlsx-DGuHH-KN.js (deflated 67%)
  adding: index.html (deflated 52%)
Saving Lightsail SSH key...
Uploading build to Lightsail...
Warning: Permanently added '15.207.22.250' (ED25519) to the list of known hosts.
Deploying build to /var/www/html ...
Archive:  /home/ubuntu/react-build.zip
  inflating: /var/www/html/favicon.ico  
   creating: /var/www/html/assets/
  inflating: /var/www/html/assets/irfanMalikBg-D4osmO_C.jpg  
  inflating: /var/www/html/assets/wasimAkramBg-D4BFEYu1.png  
  inflating: /var/www/html/assets/meerGreenJacket-ykCKR2uN.png  
  inflating: /var/www/html/assets/meerShinyDress-C8scZpYx.webp  
  inflating: /var/www/html/assets/akhtar-qLBVRLf-.jpg  
  inflating: /var/www/html/assets/arabic-BElshnQY.jpg  
  inflating: /var/www/html/assets/shakeelBg-NX99JDrP.jpg  
  inflating: /var/www/html/assets/handShake-Dk1DoagP.webp  
  inflating: /var/www/html/assets/tech-BdWyL5Pa.jpg  
  inflating: /var/www/html/assets/salman-DD3Zraly.jpg  
  inflating: /var/www/html/assets/placeholderMan-BvremNML.png  
  inflating: /var/www/html/assets/dubai-Bmqq4ymj.jpg  
  inflating: /var/www/html/assets/fahad-CnovJc60.jpg  
  inflating: /var/www/html/assets/Fav-BPcykgsi.png  
 extracting: /var/www/html/assets/goldenCheck-CnSHOmXW.webp  
  inflating: /var/www/html/assets/MainLogo-DJpFhlQE.png  
  inflating: /var/www/html/assets/tower-gldBe0jJ.webp  
  inflating: /var/www/html/assets/tower2-LuqAcWCu.jpg  
  inflating: /var/www/html/assets/tower3-DpFzgoGy.jpg  
  inflating: /var/www/html/assets/wasim-ETjjiRaD.jpg  
  inflating: /var/www/html/assets/verifiedBadge-CrcJq1tD.webp  
  inflating: /var/www/html/assets/rectanglePlaceholder-nCbViREl.png  
  inflating: /var/www/html/assets/proposal2-B9XZZX50.webp  
  inflating: /var/www/html/assets/proposal6-wLmvSjqd.webp  
  inflating: /var/www/html/assets/proposal5-DItum-r7.webp  
  inflating: /var/www/html/assets/proposal3-fxAFZeku.webp  
  inflating: /var/www/html/assets/proposal1-D37fvLUu.webp  
  inflating: /var/www/html/assets/proposal4-CZk7QC75.webp  
  inflating: /var/www/html/assets/wasimAkram-CBOcRO9q.png  
  inflating: /var/www/html/assets/index-D-JDPNMU.css  
  inflating: /var/www/html/assets/style-DpsRipQV.css  
  inflating: /var/www/html/assets/index-DriEq_JU.js  
  inflating: /var/www/html/assets/Landing-CFkjFpRW.js  
  inflating: /var/www/html/assets/index-DGocM_32.js  
  inflating: /var/www/html/assets/index-DEt9tiUM.js  
  inflating: /var/www/html/assets/index-CEsT_GDo.js  
  inflating: /var/www/html/assets/index-C5AsHPDn.js  
  inflating: /var/www/html/assets/Header-BetzvWBk.js  
  inflating: /var/www/html/assets/SignUp-DCfKJSnn.js  
  inflating: /var/www/html/assets/ForgotPassword-shJ22NPg.js  
  inflating: /var/www/html/assets/VerifyUserEmail-BFkuPbKJ.js  
  inflating: /var/www/html/assets/ResetPassword-gX6j48-r.js  
  inflating: /var/www/html/assets/ContactSupport-B8msYzca.js  
  inflating: /var/www/html/assets/AuthCallback-CzmYAa88.js  
  inflating: /var/www/html/assets/SelectRole-D3EqMcID.js  
  inflating: /var/www/html/assets/SignupThankYou-Bo4I94d6.js  
  inflating: /var/www/html/assets/arrow-right-Ct1CU-IC.js  
  inflating: /var/www/html/assets/Login-BRYfoUuc.js  
  inflating: /var/www/html/assets/index-BYla-0RP.js  
  inflating: /var/www/html/assets/index-yXkCUNn9.js  
  inflating: /var/www/html/assets/Profile-C-n5Rlbw.js  
  inflating: /var/www/html/assets/index-BN56zbSR.js  
  inflating: /var/www/html/assets/index-Ca-WRT7E.js  
  inflating: /var/www/html/assets/EditInvestor-CfBlrQPv.js  
  inflating: /var/www/html/assets/index-uUMLyLjc.js  
  inflating: /var/www/html/assets/globe-BJ8tF7YJ.js  
  inflating: /var/www/html/assets/AssignAdminModal-hmIXyuNT.js  
  inflating: /var/www/html/assets/label-ByhedI8V.js  
  inflating: /var/www/html/assets/EditFounder-BhO2BEji.js  
  inflating: /var/www/html/assets/index-ZnjkcntC.js  
  inflating: /var/www/html/assets/index-DPhDYU9G.js  
  inflating: /var/www/html/assets/log-in-gOArNhJj.js  
  inflating: /var/www/html/assets/ban-CeB5aJaW.js  
  inflating: /var/www/html/assets/user-plus-CxCpiR0T.js  
  inflating: /var/www/html/assets/phone-BB4dpvVv.js  
  inflating: /var/www/html/assets/pencil-nmQTed-U.js  
  inflating: /var/www/html/assets/index-C1ed9rGC.js  
  inflating: /var/www/html/assets/ViewBusinessProposal-BRtgWhFI.js  
  inflating: /var/www/html/assets/circle-check-CYSHWQGe.js  
  inflating: /var/www/html/assets/calendar-C57r_T79.js  
  inflating: /var/www/html/assets/index-BiMBg5Qi.js  
  inflating: /var/www/html/assets/ToggleChips-J6fNFxLV.js  
  inflating: /var/www/html/assets/index-D5SaG3L1.js  
  inflating: /var/www/html/assets/useDebounce-BndAtm_P.js  
  inflating: /var/www/html/assets/CreateNewBatch-BypVEhjH.js  
  inflating: /var/www/html/assets/message-circle-BF0kDee9.js  
  inflating: /var/www/html/assets/sparkles-Ci-xaX1Z.js  
  inflating: /var/www/html/assets/map-pin-Bo7msl9s.js  
  inflating: /var/www/html/assets/shield-check-di4yA0nm.js  
  inflating: /var/www/html/assets/supabase-bulk-emails-6H1vwEpb.js  
  inflating: /var/www/html/assets/mail-CpEKp947.js  
  inflating: /var/www/html/assets/table-DIoIlbqd.js  
  inflating: /var/www/html/assets/Dashboard-D2utxLT-.js  
  inflating: /var/www/html/assets/SimplifiedProfile-CKP0ZD3j.js  
  inflating: /var/www/html/assets/index-DF5zGyff.js  
  inflating: /var/www/html/assets/trending-up-LHkJRfr0.js  
  inflating: /var/www/html/assets/LegalModal-DCdpcbYf.js  
  inflating: /var/www/html/assets/index-B6EB2lgM.js  
  inflating: /var/www/html/assets/input-CxxF0FWa.js  
  inflating: /var/www/html/assets/style-cTxki_8H.js  
  inflating: /var/www/html/assets/dialog-Dl5DCq1W.js  
  inflating: /var/www/html/assets/download-DaJhCLQk.js  
  inflating: /var/www/html/assets/popover-UAewQsYw.js  
  inflating: /var/www/html/assets/index-Csh3GeI9.js  
  inflating: /var/www/html/assets/index-CRuUinFz.js  
  inflating: /var/www/html/assets/index-CZ3gbUZ4.js  
  inflating: /var/www/html/assets/index-Cb61D2ON.js  
  inflating: /var/www/html/assets/index-BdQq_4o_.js  
  inflating: /var/www/html/assets/InfoBox-BRtfRPCx.js  
  inflating: /var/www/html/assets/info-DwMK7FK9.js  
  inflating: /var/www/html/assets/circle-alert-B6bgfoh5.js  
  inflating: /var/www/html/assets/select-d-7K5gVQ.js  
  inflating: /var/www/html/assets/chevron-down-CkNIkJJP.js  
  inflating: /var/www/html/assets/index-BmC3FHvj.js  
  inflating: /var/www/html/assets/index-NoeO8fcL.js  
  inflating: /var/www/html/assets/FileUploader-B24NXpGz.js  
  inflating: /var/www/html/assets/textarea-DwCKoSHA.js  
  inflating: /var/www/html/assets/link-ruLWYcO1.js  
  inflating: /var/www/html/assets/eye-C5Lz05Mg.js  
  inflating: /var/www/html/assets/trash-2-CFhHJBlT.js  
  inflating: /var/www/html/assets/topCards-W1VFMEJ2.js  
  inflating: /var/www/html/assets/card-CwYsl9jt.js  
  inflating: /var/www/html/assets/ImageUploader-Cicnw7xw.js  
  inflating: /var/www/html/assets/upload-DPQsIFet.js  
  inflating: /var/www/html/assets/EmptyState-DogCQ0Ts.js  
  inflating: /var/www/html/assets/toolbar-C7Ct5eBo.js  
  inflating: /var/www/html/assets/message-square-DDxzq_mr.js  
  inflating: /var/www/html/assets/tooltip-CD3h-tqa.js  
  inflating: /var/www/html/assets/square-pen-BNICxK4u.js  
  inflating: /var/www/html/assets/rotate-ccw-CHr-myIV.js  
  inflating: /var/www/html/assets/chevron-left-VFIDpfJW.js  
  inflating: /var/www/html/assets/checkbox-Bjs2kN9v.js  
  inflating: /var/www/html/assets/plus-DhXUQgG7.js  
  inflating: /var/www/html/assets/file-text-CRdMMQo1.js  
  inflating: /var/www/html/assets/businessProposalCard-90Ri62kE.js  
  inflating: /var/www/html/assets/GetMoreDetailsModal-BUVw72xk.js  
  inflating: /var/www/html/assets/Tabs-BdwDn3Al.js  
  inflating: /var/www/html/assets/circle-x-D9Yy7MlV.js  
  inflating: /var/www/html/assets/target-Bc3j3vOv.js  
  inflating: /var/www/html/assets/Stepper-CH-8l2ef.js  
  inflating: /var/www/html/assets/package-DLFhMbWu.js  
  inflating: /var/www/html/assets/ContactSupportModal-DYq9UK2k.js  
  inflating: /var/www/html/assets/index-C-JNj1sP.js  
  inflating: /var/www/html/assets/index-DA5LU5W-.js  
  inflating: /var/www/html/assets/Dashboard-CdYdWMFt.js  
  inflating: /var/www/html/assets/index-C92CiniI.js  
  inflating: /var/www/html/assets/index-BxFbaWhr.js  
  inflating: /var/www/html/assets/index-BpREiMXB.js  
  inflating: /var/www/html/assets/xlsx-DGuHH-KN.js  
  inflating: /var/www/html/index.html  
Saving Git logs repo SSH key...
Testing GitHub SSH key...
Cloning deployment-logs repo...
Cloning into 'logs-repo'...
