Installing dependencies...
npm warn deprecated w3c-hr-time@1.0.2: Use your platform's native performance.now() and performance.timeOrigin.
npm warn deprecated domexception@2.0.1: Use your platform's native DOMException instead
npm warn deprecated abab@2.0.6: Use your platform's native atob() and btoa() methods instead

> the-business-hub-pakistan@0.0.0 prepare
> husky

.git can't be found
added 1810 packages, and audited 1811 packages in 5m

253 packages are looking for funding
  run `npm fund` for details

80 vulnerabilities (71 moderate, 9 high)

To address issues that do not require attention, run:
  npm audit fix

To address all issues possible (including breaking changes), run:
  npm audit fix --force

Some issues need review, and may require choosing
a different dependency.

Run `npm audit` for details.
Building React app...

> the-business-hub-pakistan@0.0.0 build
> vite build

vite v7.1.11 building for production...
transforming...
✓ 3106 modules transformed.
rendering chunks...
computing gzip size...
dist/index.html                                    2.18 kB │ gzip:   1.05 kB
dist/assets/verifiedBadge-CrcJq1tD.webp           10.83 kB
dist/assets/rectanglePlaceholder-nCbViREl.png     11.85 kB
dist/assets/goldenCheck-CnSHOmXW.webp             13.45 kB
dist/assets/irfanMalikBg-D4osmO_C.jpg             24.66 kB
dist/assets/proposal6-wLmvSjqd.webp               28.15 kB
dist/assets/placeholderMan-BvremNML.png           36.64 kB
dist/assets/handShake-Dk1DoagP.webp               65.18 kB
dist/assets/tower-gldBe0jJ.webp                   66.16 kB
dist/assets/tower2-LuqAcWCu.jpg                   72.52 kB
dist/assets/shakeelBg-NX99JDrP.jpg               143.15 kB
dist/assets/MainLogo-DJpFhlQE.png                144.86 kB
dist/assets/Fav-BPcykgsi.png                     147.34 kB
dist/assets/akhtar-qLBVRLf-.jpg                  173.92 kB
dist/assets/proposal5-DItum-r7.webp              174.24 kB
dist/assets/tower3-DpFzgoGy.jpg                  175.56 kB
dist/assets/proposal2-B9XZZX50.webp              192.62 kB
dist/assets/meerShinyDress-C8scZpYx.webp         229.68 kB
dist/assets/meerGreenJacket-ykCKR2uN.png         230.19 kB
dist/assets/arabic-BElshnQY.jpg                  238.42 kB
dist/assets/wasim-ETjjiRaD.jpg                   242.26 kB
dist/assets/salman-DD3Zraly.jpg                  255.18 kB
dist/assets/fahad-CnovJc60.jpg                   278.62 kB
dist/assets/tech-BdWyL5Pa.jpg                    281.71 kB
dist/assets/dubai-Bmqq4ymj.jpg                   311.77 kB
dist/assets/wasimAkramBg-D4BFEYu1.png            313.57 kB
dist/assets/proposal3-fxAFZeku.webp              445.47 kB
dist/assets/proposal4-CZk7QC75.webp              542.86 kB
dist/assets/proposal1-D37fvLUu.webp              779.05 kB
dist/assets/wasimAkram-CBOcRO9q.png            4,488.96 kB
dist/assets/BlogDetail-oNXnMkFG.css                0.63 kB │ gzip:   0.26 kB
dist/assets/style-DpsRipQV.css                     3.23 kB │ gzip:   0.73 kB
dist/assets/index-VEC6csTg.css                   154.74 kB │ gzip:  21.06 kB
dist/assets/blogs-ChqPogSE.js                      0.04 kB │ gzip:   0.06 kB
dist/assets/webinarBanner-XLbHXaFF.js              0.17 kB │ gzip:   0.15 kB
dist/assets/useDebounce-DX1N5n5d.js                0.19 kB │ gzip:   0.17 kB
dist/assets/plus-D0U8dWw5.js                       0.33 kB │ gzip:   0.25 kB
dist/assets/arrow-left-D27589Ou.js                 0.34 kB │ gzip:   0.27 kB
dist/assets/circle-check-B2Smz-e-.js               0.35 kB │ gzip:   0.27 kB
dist/assets/trending-up-fezvIxqi.js                0.35 kB │ gzip:   0.28 kB
dist/assets/ban-CBrmKG5p.js                        0.35 kB │ gzip:   0.28 kB
dist/assets/info-CYzhV9mI.js                       0.37 kB │ gzip:   0.28 kB
dist/assets/rotate-ccw-Cun3bodH.js                 0.37 kB │ gzip:   0.29 kB
dist/assets/circle-x-7a_-d1y3.js                   0.38 kB │ gzip:   0.28 kB
dist/assets/Dashboard-BHVIOO-O.js                  0.39 kB │ gzip:   0.27 kB
dist/assets/Dashboard-CL9fT3_-.js                  0.39 kB │ gzip:   0.27 kB
dist/assets/upload-DkEHJTR8.js                     0.40 kB │ gzip:   0.30 kB
dist/assets/message-square-47xITI_x.js             0.41 kB │ gzip:   0.31 kB
dist/assets/globe-DjIPf20l.js                      0.41 kB │ gzip:   0.30 kB
dist/assets/message-circle-BiXARcpn.js             0.41 kB │ gzip:   0.32 kB
dist/assets/circle-alert-BMUX0_Gs.js               0.42 kB │ gzip:   0.30 kB
dist/assets/external-link-F4Hgeq8u.js              0.42 kB │ gzip:   0.30 kB
dist/assets/funnel-91Qu9rrV.js                     0.42 kB │ gzip:   0.32 kB
dist/assets/calendar-BtiXDlpC.js                   0.43 kB │ gzip:   0.31 kB
dist/assets/pencil-BIlVXsal.js                     0.45 kB │ gzip:   0.33 kB
dist/assets/bookmark-plus-BzlypO0b.js              0.45 kB │ gzip:   0.33 kB
dist/assets/shield-check-Buuu0wGI.js               0.49 kB │ gzip:   0.35 kB
dist/assets/sparkles-BLDmYXrA.js                   0.67 kB │ gzip:   0.39 kB
dist/assets/CkEditor-CiVGUcnJ.js                   0.85 kB │ gzip:   0.53 kB
dist/assets/InfoBox-C9ybK7lM.js                    0.86 kB │ gzip:   0.43 kB
dist/assets/CurrencyWithApprox-w0fN0tYT.js         0.91 kB │ gzip:   0.52 kB
dist/assets/Tabs-C12OYMaO.js                       1.23 kB │ gzip:   0.65 kB
dist/assets/ToggleChips-DLHcLtvN.js                1.68 kB │ gzip:   0.83 kB
dist/assets/topCards-DVAl631l.js                   1.71 kB │ gzip:   0.75 kB
dist/assets/ForgotPassword-Cre32lhF.js             2.11 kB │ gzip:   1.06 kB
dist/assets/FounderThankYou-DlYORXCm.js            2.22 kB │ gzip:   1.08 kB
dist/assets/FilterDrawer-B1LU1wWc.js               2.26 kB │ gzip:   0.96 kB
dist/assets/ResetPassword-BrzMrSuj.js              2.34 kB │ gzip:   1.05 kB
dist/assets/InvestorThankYou-s4BjRG8j.js           2.35 kB │ gzip:   1.15 kB
dist/assets/MultipleImageUploader-Bfa9GgMu.js      2.61 kB │ gzip:   1.14 kB
dist/assets/toolbar-Dya0bVuY.js                    2.69 kB │ gzip:   1.15 kB
dist/assets/AuthCallback-C8waZpIP.js               2.71 kB │ gzip:   1.29 kB
dist/assets/ImageUploader-UGU-to3A.js              2.74 kB │ gzip:   1.19 kB
dist/assets/index-CKxE-CSi.js                      2.86 kB │ gzip:   1.36 kB
dist/assets/index-Dp6HVk9n.js                      2.99 kB │ gzip:   1.50 kB
dist/assets/index-D0A9EEt0.js                      3.06 kB │ gzip:   1.49 kB
dist/assets/supabase-bulk-emails-Db0Ner-A.js       3.14 kB │ gzip:   1.12 kB
dist/assets/index-xQU_3HvA.js                      3.19 kB │ gzip:   1.52 kB
dist/assets/index-B14M4LLD.js                      3.48 kB │ gzip:   1.67 kB
dist/assets/index-qHZ3uhhh.js                      3.51 kB │ gzip:   1.61 kB
dist/assets/index-2O5Y8waB.js                      3.63 kB │ gzip:   1.84 kB
dist/assets/index-DtIqbVU1.js                      3.84 kB │ gzip:   1.89 kB
dist/assets/index-BY6_pssq.js                      3.85 kB │ gzip:   1.89 kB
dist/assets/index-DdHTidn-.js                      4.35 kB │ gzip:   1.98 kB
dist/assets/index-BR0fDgP2.js                      4.46 kB │ gzip:   2.02 kB
dist/assets/ContactSupport-DvYMmzm1.js             4.63 kB │ gzip:   1.93 kB
dist/assets/Stepper-BGyPMcQY.js                    4.66 kB │ gzip:   2.02 kB
dist/assets/Login-CKyGyEab.js                      4.74 kB │ gzip:   1.96 kB
dist/assets/index-Dl2DCsG6.js                      5.04 kB │ gzip:   2.16 kB
dist/assets/CreateBlog-qOJ7CThD.js                 5.16 kB │ gzip:   2.20 kB
dist/assets/AllBlogs-Ct6Kplxf.js                   5.17 kB │ gzip:   2.07 kB
dist/assets/SelectRole-CC0W3j58.js                 5.64 kB │ gzip:   2.39 kB
dist/assets/VerifyUserEmail-88jIDkZD.js            5.82 kB │ gzip:   2.09 kB
dist/assets/EditBlog-zNuZXsFO.js                   6.02 kB │ gzip:   2.58 kB
dist/assets/SignUp-Bul_YVQv.js                     6.83 kB │ gzip:   2.58 kB
dist/assets/Profile-BIc2joOX.js                    6.86 kB │ gzip:   2.19 kB
dist/assets/ViewRemindersModal-lwj-1oZ2.js         6.92 kB │ gzip:   2.55 kB
dist/assets/index-xJWSmlyq.js                      7.76 kB │ gzip:   3.16 kB
dist/assets/index-CaCCfIW1.js                      8.01 kB │ gzip:   2.95 kB
dist/assets/index-CwAwJm5Q.js                      9.20 kB │ gzip:   3.79 kB
dist/assets/businessProposalCard-DqJAqdSx.js       9.66 kB │ gzip:   3.29 kB
dist/assets/index-8nnTuOmT.js                      9.81 kB │ gzip:   3.62 kB
dist/assets/index-DyopTypz.js                      9.94 kB │ gzip:   3.21 kB
dist/assets/table-BeEMQhna.js                     11.89 kB │ gzip:   3.72 kB
dist/assets/SimplifiedProfile-p_BGSu1G.js         13.76 kB │ gzip:   3.64 kB
dist/assets/index-CYpGlnnd.js                     15.62 kB │ gzip:   4.80 kB
dist/assets/CreateNewBatch-BfmCWQH1.js            16.75 kB │ gzip:   4.52 kB
dist/assets/EditFounder-BVNfOh_l.js               18.01 kB │ gzip:   4.38 kB
dist/assets/index-VfJZ4xtJ.js                     18.47 kB │ gzip:   5.95 kB
dist/assets/EditInvestor-BSkpcvUR.js              18.98 kB │ gzip:   4.65 kB
dist/assets/index-D9qQQ9aK.js                     20.05 kB │ gzip:   6.59 kB
dist/assets/index-DlsAzdy0.js                     20.29 kB │ gzip:   6.51 kB
dist/assets/index-BJTgO8nd.js                     21.30 kB │ gzip:   5.61 kB
dist/assets/BlogDetail-Vl-ZKcnj.js                21.83 kB │ gzip:   8.94 kB
dist/assets/index-B85dg26T.js                     22.52 kB │ gzip:   6.67 kB
dist/assets/ViewBusinessProposal-BI1iQd45.js      25.92 kB │ gzip:   6.37 kB
dist/assets/index-TDWiro4r.js                     26.80 kB │ gzip:   8.50 kB
dist/assets/Landing-BeTSc3jH.js                  151.91 kB │ gzip:  53.56 kB
dist/assets/xlsx-DGuHH-KN.js                     429.49 kB │ gzip: 143.07 kB
dist/assets/index-DVNCZ3qj.js                    629.11 kB │ gzip: 168.26 kB
dist/assets/index-rYbCxVDz.js                  2,831.04 kB │ gzip: 756.35 kB

(!) Some chunks are larger than 1500 kB after minification. Consider:
- Using dynamic import() to code-split the application
- Use build.rollupOptions.output.manualChunks to improve chunking: https://rollupjs.org/configuration-options/#output-manualchunks
- Adjust chunk size limit for this warning via build.chunkSizeWarningLimit.
✓ built in 18.30s
Packaging build...
  adding: favicon.ico (deflated 13%)
  adding: robots.txt (deflated 3%)
  adding: sitemap.xml (deflated 60%)
  adding: assets/ (stored 0%)
  adding: assets/irfanMalikBg-D4osmO_C.jpg (deflated 1%)
  adding: assets/meerGreenJacket-ykCKR2uN.png (deflated 0%)
  adding: assets/meerShinyDress-C8scZpYx.webp (deflated 0%)
  adding: assets/shakeelBg-NX99JDrP.jpg (deflated 0%)
  adding: assets/dubai-Bmqq4ymj.jpg (deflated 0%)
  adding: assets/fahad-CnovJc60.jpg (deflated 0%)
  adding: assets/handShake-Dk1DoagP.webp (deflated 0%)
  adding: assets/salman-DD3Zraly.jpg (deflated 0%)
  adding: assets/tech-BdWyL5Pa.jpg (deflated 0%)
  adding: assets/wasim-ETjjiRaD.jpg (deflated 0%)
  adding: assets/placeholderMan-BvremNML.png (deflated 3%)
  adding: assets/arabic-BElshnQY.jpg (deflated 0%)
  adding: assets/akhtar-qLBVRLf-.jpg (deflated 1%)
  adding: assets/Fav-BPcykgsi.png (deflated 5%)
  adding: assets/MainLogo-DJpFhlQE.png (deflated 4%)
  adding: assets/goldenCheck-CnSHOmXW.webp (stored 0%)
  adding: assets/wasimAkramBg-D4BFEYu1.png (deflated 0%)
  adding: assets/tower-gldBe0jJ.webp (deflated 0%)
  adding: assets/tower2-LuqAcWCu.jpg (deflated 2%)
  adding: assets/tower3-DpFzgoGy.jpg (deflated 0%)
  adding: assets/proposal2-B9XZZX50.webp (deflated 3%)
  adding: assets/proposal3-fxAFZeku.webp (deflated 1%)
  adding: assets/proposal5-DItum-r7.webp (deflated 4%)
  adding: assets/rectanglePlaceholder-nCbViREl.png (deflated 31%)
  adding: assets/proposal6-wLmvSjqd.webp (deflated 0%)
  adding: assets/verifiedBadge-CrcJq1tD.webp (deflated 1%)
  adding: assets/proposal4-CZk7QC75.webp (deflated 1%)
  adding: assets/proposal1-D37fvLUu.webp (deflated 1%)
  adding: assets/wasimAkram-CBOcRO9q.png (deflated 1%)
  adding: assets/index-VEC6csTg.css (deflated 86%)
  adding: assets/BlogDetail-oNXnMkFG.css (deflated 62%)
  adding: assets/style-DpsRipQV.css (deflated 78%)
  adding: assets/index-rYbCxVDz.js (deflated 73%)
  adding: assets/xlsx-DGuHH-KN.js (deflated 67%)
  adding: assets/Landing-BeTSc3jH.js (deflated 65%)
  adding: assets/BlogDetail-Vl-ZKcnj.js (deflated 59%)
  adding: assets/AllBlogs-Ct6Kplxf.js (deflated 60%)
  adding: assets/index-Dp6HVk9n.js (deflated 50%)
  adding: assets/index-CKxE-CSi.js (deflated 53%)
  adding: assets/index-xQU_3HvA.js (deflated 53%)
  adding: assets/index-D0A9EEt0.js (deflated 52%)
  adding: assets/index-qHZ3uhhh.js (deflated 54%)
  adding: assets/SignUp-Bul_YVQv.js (deflated 62%)
  adding: assets/ForgotPassword-Cre32lhF.js (deflated 51%)
  adding: assets/VerifyUserEmail-88jIDkZD.js (deflated 64%)
  adding: assets/ResetPassword-BrzMrSuj.js (deflated 56%)
  adding: assets/ContactSupport-DvYMmzm1.js (deflated 59%)
  adding: assets/AuthCallback-C8waZpIP.js (deflated 53%)
  adding: assets/SelectRole-CC0W3j58.js (deflated 58%)
  adding: assets/InvestorThankYou-s4BjRG8j.js (deflated 51%)
  adding: assets/FounderThankYou-DlYORXCm.js (deflated 52%)
  adding: assets/Login-CKyGyEab.js (deflated 59%)
  adding: assets/Profile-BIc2joOX.js (deflated 68%)
  adding: assets/index-xJWSmlyq.js (deflated 59%)
  adding: assets/index-TDWiro4r.js (deflated 68%)
  adding: assets/EditInvestor-BSkpcvUR.js (deflated 76%)
  adding: assets/index-DlsAzdy0.js (deflated 68%)
  adding: assets/ViewRemindersModal-lwj-1oZ2.js (deflated 63%)
  adding: assets/EditFounder-BVNfOh_l.js (deflated 76%)
  adding: assets/index-CwAwJm5Q.js (deflated 59%)
  adding: assets/index-D9qQQ9aK.js (deflated 67%)
  adding: assets/pencil-BIlVXsal.js (deflated 31%)
  adding: assets/index-VfJZ4xtJ.js (deflated 68%)
  adding: assets/ViewBusinessProposal-BI1iQd45.js (deflated 75%)
  adding: assets/circle-check-B2Smz-e-.js (deflated 27%)
  adding: assets/index-B85dg26T.js (deflated 70%)
  adding: assets/shield-check-Buuu0wGI.js (deflated 32%)
  adding: assets/sparkles-BLDmYXrA.js (deflated 45%)
  adding: assets/trending-up-fezvIxqi.js (deflated 26%)
  adding: assets/globe-DjIPf20l.js (deflated 33%)
  adding: assets/blogs-ChqPogSE.js (stored 0%)
  adding: assets/calendar-BtiXDlpC.js (deflated 33%)
  adding: assets/index-B14M4LLD.js (deflated 53%)
  adding: assets/message-circle-BiXARcpn.js (deflated 28%)
  adding: assets/arrow-left-D27589Ou.js (deflated 26%)
  adding: assets/InfoBox-C9ybK7lM.js (deflated 51%)
  adding: assets/info-CYzhV9mI.js (deflated 30%)
  adding: assets/circle-alert-BMUX0_Gs.js (deflated 35%)
  adding: assets/index-DVNCZ3qj.js (deflated 73%)
  adding: assets/topCards-DVAl631l.js (deflated 58%)
  adding: assets/webinarBanner-XLbHXaFF.js (deflated 25%)
  adding: assets/CurrencyWithApprox-w0fN0tYT.js (deflated 45%)
  adding: assets/ImageUploader-UGU-to3A.js (deflated 57%)
  adding: assets/external-link-F4Hgeq8u.js (deflated 32%)
  adding: assets/upload-DkEHJTR8.js (deflated 30%)
  adding: assets/table-BeEMQhna.js (deflated 69%)
  adding: assets/toolbar-Dya0bVuY.js (deflated 58%)
  adding: assets/useDebounce-DX1N5n5d.js (deflated 22%)
  adding: assets/message-square-47xITI_x.js (deflated 29%)
  adding: assets/funnel-91Qu9rrV.js (deflated 30%)
  adding: assets/FilterDrawer-B1LU1wWc.js (deflated 58%)
  adding: assets/rotate-ccw-Cun3bodH.js (deflated 27%)
  adding: assets/ToggleChips-DLHcLtvN.js (deflated 52%)
  adding: assets/circle-x-7a_-d1y3.js (deflated 31%)
  adding: assets/businessProposalCard-DqJAqdSx.js (deflated 66%)
  adding: assets/ban-CBrmKG5p.js (deflated 26%)
  adding: assets/plus-D0U8dWw5.js (deflated 27%)
  adding: assets/Tabs-C12OYMaO.js (deflated 49%)
  adding: assets/Stepper-BGyPMcQY.js (deflated 57%)
  adding: assets/MultipleImageUploader-Bfa9GgMu.js (deflated 57%)
  adding: assets/index-DyopTypz.js (deflated 68%)
  adding: assets/supabase-bulk-emails-Db0Ner-A.js (deflated 65%)
  adding: assets/CreateNewBatch-BfmCWQH1.js (deflated 73%)
  adding: assets/CkEditor-CiVGUcnJ.js (deflated 40%)
  adding: assets/index-Dl2DCsG6.js (deflated 58%)
  adding: assets/CreateBlog-qOJ7CThD.js (deflated 58%)
  adding: assets/EditBlog-zNuZXsFO.js (deflated 57%)
  adding: assets/index-CYpGlnnd.js (deflated 69%)
  adding: assets/index-CaCCfIW1.js (deflated 63%)
  adding: assets/Dashboard-CL9fT3_-.js (deflated 36%)
  adding: assets/SimplifiedProfile-p_BGSu1G.js (deflated 74%)
  adding: assets/index-DtIqbVU1.js (deflated 51%)
  adding: assets/index-BR0fDgP2.js (deflated 55%)
  adding: assets/bookmark-plus-BzlypO0b.js (deflated 32%)
  adding: assets/index-2O5Y8waB.js (deflated 50%)
  adding: assets/index-DdHTidn-.js (deflated 55%)
  adding: assets/Dashboard-BHVIOO-O.js (deflated 36%)
  adding: assets/index-BJTgO8nd.js (deflated 74%)
  adding: assets/index-8nnTuOmT.js (deflated 63%)
  adding: assets/index-BY6_pssq.js (deflated 51%)
  adding: index.html (deflated 52%)
Saving Lightsail SSH key...
Uploading build to Lightsail...
Warning: Permanently added '15.207.22.250' (ED25519) to the list of known hosts.
Deploying build to /var/www/html ...
Archive:  /home/ubuntu/react-build.zip
  inflating: /var/www/html/favicon.ico  
  inflating: /var/www/html/robots.txt  
  inflating: /var/www/html/sitemap.xml  
   creating: /var/www/html/assets/
  inflating: /var/www/html/assets/irfanMalikBg-D4osmO_C.jpg  
  inflating: /var/www/html/assets/meerGreenJacket-ykCKR2uN.png  
  inflating: /var/www/html/assets/meerShinyDress-C8scZpYx.webp  
  inflating: /var/www/html/assets/shakeelBg-NX99JDrP.jpg  
  inflating: /var/www/html/assets/dubai-Bmqq4ymj.jpg  
  inflating: /var/www/html/assets/fahad-CnovJc60.jpg  
  inflating: /var/www/html/assets/handShake-Dk1DoagP.webp  
  inflating: /var/www/html/assets/salman-DD3Zraly.jpg  
  inflating: /var/www/html/assets/tech-BdWyL5Pa.jpg  
  inflating: /var/www/html/assets/wasim-ETjjiRaD.jpg  
  inflating: /var/www/html/assets/placeholderMan-BvremNML.png  
  inflating: /var/www/html/assets/arabic-BElshnQY.jpg  
  inflating: /var/www/html/assets/akhtar-qLBVRLf-.jpg  
  inflating: /var/www/html/assets/Fav-BPcykgsi.png  
  inflating: /var/www/html/assets/MainLogo-DJpFhlQE.png  
 extracting: /var/www/html/assets/goldenCheck-CnSHOmXW.webp  
  inflating: /var/www/html/assets/wasimAkramBg-D4BFEYu1.png  
  inflating: /var/www/html/assets/tower-gldBe0jJ.webp  
  inflating: /var/www/html/assets/tower2-LuqAcWCu.jpg  
  inflating: /var/www/html/assets/tower3-DpFzgoGy.jpg  
  inflating: /var/www/html/assets/proposal2-B9XZZX50.webp  
  inflating: /var/www/html/assets/proposal3-fxAFZeku.webp  
  inflating: /var/www/html/assets/proposal5-DItum-r7.webp  
  inflating: /var/www/html/assets/rectanglePlaceholder-nCbViREl.png  
  inflating: /var/www/html/assets/proposal6-wLmvSjqd.webp  
  inflating: /var/www/html/assets/verifiedBadge-CrcJq1tD.webp  
  inflating: /var/www/html/assets/proposal4-CZk7QC75.webp  
  inflating: /var/www/html/assets/proposal1-D37fvLUu.webp  
  inflating: /var/www/html/assets/wasimAkram-CBOcRO9q.png  
  inflating: /var/www/html/assets/index-VEC6csTg.css  
  inflating: /var/www/html/assets/BlogDetail-oNXnMkFG.css  
  inflating: /var/www/html/assets/style-DpsRipQV.css  
  inflating: /var/www/html/assets/index-rYbCxVDz.js  
  inflating: /var/www/html/assets/xlsx-DGuHH-KN.js  
  inflating: /var/www/html/assets/Landing-BeTSc3jH.js  
  inflating: /var/www/html/assets/BlogDetail-Vl-ZKcnj.js  
  inflating: /var/www/html/assets/AllBlogs-Ct6Kplxf.js  
  inflating: /var/www/html/assets/index-Dp6HVk9n.js  
  inflating: /var/www/html/assets/index-CKxE-CSi.js  
  inflating: /var/www/html/assets/index-xQU_3HvA.js  
  inflating: /var/www/html/assets/index-D0A9EEt0.js  
  inflating: /var/www/html/assets/index-qHZ3uhhh.js  
  inflating: /var/www/html/assets/SignUp-Bul_YVQv.js  
  inflating: /var/www/html/assets/ForgotPassword-Cre32lhF.js  
  inflating: /var/www/html/assets/VerifyUserEmail-88jIDkZD.js  
  inflating: /var/www/html/assets/ResetPassword-BrzMrSuj.js  
  inflating: /var/www/html/assets/ContactSupport-DvYMmzm1.js  
  inflating: /var/www/html/assets/AuthCallback-C8waZpIP.js  
  inflating: /var/www/html/assets/SelectRole-CC0W3j58.js  
  inflating: /var/www/html/assets/InvestorThankYou-s4BjRG8j.js  
  inflating: /var/www/html/assets/FounderThankYou-DlYORXCm.js  
  inflating: /var/www/html/assets/Login-CKyGyEab.js  
  inflating: /var/www/html/assets/Profile-BIc2joOX.js  
  inflating: /var/www/html/assets/index-xJWSmlyq.js  
  inflating: /var/www/html/assets/index-TDWiro4r.js  
  inflating: /var/www/html/assets/EditInvestor-BSkpcvUR.js  
  inflating: /var/www/html/assets/index-DlsAzdy0.js  
  inflating: /var/www/html/assets/ViewRemindersModal-lwj-1oZ2.js  
  inflating: /var/www/html/assets/EditFounder-BVNfOh_l.js  
  inflating: /var/www/html/assets/index-CwAwJm5Q.js  
  inflating: /var/www/html/assets/index-D9qQQ9aK.js  
  inflating: /var/www/html/assets/pencil-BIlVXsal.js  
  inflating: /var/www/html/assets/index-VfJZ4xtJ.js  
  inflating: /var/www/html/assets/ViewBusinessProposal-BI1iQd45.js  
  inflating: /var/www/html/assets/circle-check-B2Smz-e-.js  
  inflating: /var/www/html/assets/index-B85dg26T.js  
  inflating: /var/www/html/assets/shield-check-Buuu0wGI.js  
  inflating: /var/www/html/assets/sparkles-BLDmYXrA.js  
  inflating: /var/www/html/assets/trending-up-fezvIxqi.js  
  inflating: /var/www/html/assets/globe-DjIPf20l.js  
 extracting: /var/www/html/assets/blogs-ChqPogSE.js  
  inflating: /var/www/html/assets/calendar-BtiXDlpC.js  
  inflating: /var/www/html/assets/index-B14M4LLD.js  
  inflating: /var/www/html/assets/message-circle-BiXARcpn.js  
  inflating: /var/www/html/assets/arrow-left-D27589Ou.js  
  inflating: /var/www/html/assets/InfoBox-C9ybK7lM.js  
  inflating: /var/www/html/assets/info-CYzhV9mI.js  
  inflating: /var/www/html/assets/circle-alert-BMUX0_Gs.js  
  inflating: /var/www/html/assets/index-DVNCZ3qj.js  
  inflating: /var/www/html/assets/topCards-DVAl631l.js  
  inflating: /var/www/html/assets/webinarBanner-XLbHXaFF.js  
  inflating: /var/www/html/assets/CurrencyWithApprox-w0fN0tYT.js  
  inflating: /var/www/html/assets/ImageUploader-UGU-to3A.js  
  inflating: /var/www/html/assets/external-link-F4Hgeq8u.js  
  inflating: /var/www/html/assets/upload-DkEHJTR8.js  
  inflating: /var/www/html/assets/table-BeEMQhna.js  
  inflating: /var/www/html/assets/toolbar-Dya0bVuY.js  
  inflating: /var/www/html/assets/useDebounce-DX1N5n5d.js  
  inflating: /var/www/html/assets/message-square-47xITI_x.js  
  inflating: /var/www/html/assets/funnel-91Qu9rrV.js  
  inflating: /var/www/html/assets/FilterDrawer-B1LU1wWc.js  
  inflating: /var/www/html/assets/rotate-ccw-Cun3bodH.js  
  inflating: /var/www/html/assets/ToggleChips-DLHcLtvN.js  
  inflating: /var/www/html/assets/circle-x-7a_-d1y3.js  
  inflating: /var/www/html/assets/businessProposalCard-DqJAqdSx.js  
  inflating: /var/www/html/assets/ban-CBrmKG5p.js  
  inflating: /var/www/html/assets/plus-D0U8dWw5.js  
  inflating: /var/www/html/assets/Tabs-C12OYMaO.js  
  inflating: /var/www/html/assets/Stepper-BGyPMcQY.js  
  inflating: /var/www/html/assets/MultipleImageUploader-Bfa9GgMu.js  
  inflating: /var/www/html/assets/index-DyopTypz.js  
  inflating: /var/www/html/assets/supabase-bulk-emails-Db0Ner-A.js  
  inflating: /var/www/html/assets/CreateNewBatch-BfmCWQH1.js  
  inflating: /var/www/html/assets/CkEditor-CiVGUcnJ.js  
  inflating: /var/www/html/assets/index-Dl2DCsG6.js  
  inflating: /var/www/html/assets/CreateBlog-qOJ7CThD.js  
  inflating: /var/www/html/assets/EditBlog-zNuZXsFO.js  
  inflating: /var/www/html/assets/index-CYpGlnnd.js  
  inflating: /var/www/html/assets/index-CaCCfIW1.js  
  inflating: /var/www/html/assets/Dashboard-CL9fT3_-.js  
  inflating: /var/www/html/assets/SimplifiedProfile-p_BGSu1G.js  
  inflating: /var/www/html/assets/index-DtIqbVU1.js  
  inflating: /var/www/html/assets/index-BR0fDgP2.js  
  inflating: /var/www/html/assets/bookmark-plus-BzlypO0b.js  
  inflating: /var/www/html/assets/index-2O5Y8waB.js  
  inflating: /var/www/html/assets/index-DdHTidn-.js  
  inflating: /var/www/html/assets/Dashboard-BHVIOO-O.js  
  inflating: /var/www/html/assets/index-BJTgO8nd.js  
  inflating: /var/www/html/assets/index-8nnTuOmT.js  
  inflating: /var/www/html/assets/index-BY6_pssq.js  
  inflating: /var/www/html/index.html  
Saving Git logs repo SSH key...
Testing GitHub SSH key...
Cloning deployment-logs repo...
Cloning into 'logs-repo'...
