Installing dependencies...
npm warn deprecated w3c-hr-time@1.0.2: Use your platform's native performance.now() and performance.timeOrigin.
npm warn deprecated domexception@2.0.1: Use your platform's native DOMException instead
npm warn deprecated abab@2.0.6: Use your platform's native atob() and btoa() methods instead

> the-business-hub-pakistan@0.0.0 prepare
> husky

.git can't be found
added 1810 packages, and audited 1811 packages in 6m

253 packages are looking for funding
  run `npm fund` for details

79 vulnerabilities (3 low, 71 moderate, 5 high)

To address issues that do not require attention, run:
  npm audit fix

To address all issues possible (including breaking changes), run:
  npm audit fix --force

Some issues need review, and may require choosing
a different dependency.

Run `npm audit` for details.
Building React app...

> the-business-hub-pakistan@0.0.0 build
> vite build

vite v7.1.11 building for production...
transforming...
✓ 3125 modules transformed.
rendering chunks...
computing gzip size...
dist/index.html                                    2.18 kB │ gzip:   1.05 kB
dist/assets/verifiedBadge-CrcJq1tD.webp           10.83 kB
dist/assets/rectanglePlaceholder-nCbViREl.png     11.85 kB
dist/assets/goldenCheck-CnSHOmXW.webp             13.45 kB
dist/assets/irfanMalikBg-D4osmO_C.jpg             24.66 kB
dist/assets/proposal6-wLmvSjqd.webp               28.15 kB
dist/assets/placeholderMan-BvremNML.png           36.64 kB
dist/assets/handShake-Dk1DoagP.webp               65.18 kB
dist/assets/tower-gldBe0jJ.webp                   66.16 kB
dist/assets/tower2-LuqAcWCu.jpg                   72.52 kB
dist/assets/shakeelBg-NX99JDrP.jpg               143.15 kB
dist/assets/MainLogo-DJpFhlQE.png                144.86 kB
dist/assets/Fav-BPcykgsi.png                     147.34 kB
dist/assets/akhtar-qLBVRLf-.jpg                  173.92 kB
dist/assets/proposal5-DItum-r7.webp              174.24 kB
dist/assets/tower3-DpFzgoGy.jpg                  175.56 kB
dist/assets/proposal2-B9XZZX50.webp              192.62 kB
dist/assets/meerShinyDress-C8scZpYx.webp         229.68 kB
dist/assets/meerGreenJacket-ykCKR2uN.png         230.19 kB
dist/assets/arabic-BElshnQY.jpg                  238.42 kB
dist/assets/wasim-ETjjiRaD.jpg                   242.26 kB
dist/assets/salman-DD3Zraly.jpg                  255.18 kB
dist/assets/fahad-CnovJc60.jpg                   278.62 kB
dist/assets/tech-BdWyL5Pa.jpg                    281.71 kB
dist/assets/dubai-Bmqq4ymj.jpg                   311.77 kB
dist/assets/wasimAkramBg-D4BFEYu1.png            313.57 kB
dist/assets/video-poster-DrQklN8e.png            367.51 kB
dist/assets/proposal3-fxAFZeku.webp              445.47 kB
dist/assets/proposal4-CZk7QC75.webp              542.86 kB
dist/assets/proposal1-D37fvLUu.webp              779.05 kB
dist/assets/wasimAkram-CBOcRO9q.png            4,488.96 kB
dist/assets/BlogDetail-oNXnMkFG.css                0.63 kB │ gzip:   0.26 kB
dist/assets/style-DpsRipQV.css                     3.23 kB │ gzip:   0.73 kB
dist/assets/index-CLfW2zMP.css                   157.41 kB │ gzip:  21.48 kB
dist/assets/blogs-ChqPogSE.js                      0.04 kB │ gzip:   0.06 kB
dist/assets/webinarBanner-XLbHXaFF.js              0.17 kB │ gzip:   0.15 kB
dist/assets/useDebounce-DRFbR0_E.js                0.19 kB │ gzip:   0.17 kB
dist/assets/plus-B0PLPZ0c.js                       0.33 kB │ gzip:   0.25 kB
dist/assets/arrow-left-DaA-0NvK.js                 0.34 kB │ gzip:   0.27 kB
dist/assets/circle-check-C0XA1YS_.js               0.35 kB │ gzip:   0.27 kB
dist/assets/trending-up-BEVES6_a.js                0.35 kB │ gzip:   0.27 kB
dist/assets/ban-C7I5RV2l.js                        0.35 kB │ gzip:   0.28 kB
dist/assets/info-knsInnTG.js                       0.37 kB │ gzip:   0.28 kB
dist/assets/rotate-ccw-do4OOgJm.js                 0.37 kB │ gzip:   0.29 kB
dist/assets/circle-x-C92BHd__.js                   0.38 kB │ gzip:   0.28 kB
dist/assets/Dashboard-hlbbN6qT.js                  0.39 kB │ gzip:   0.27 kB
dist/assets/Dashboard-CuDpPOYi.js                  0.39 kB │ gzip:   0.27 kB
dist/assets/upload-BjR032j4.js                     0.40 kB │ gzip:   0.30 kB
dist/assets/index-B6dhuWx7.js                      0.41 kB │ gzip:   0.30 kB
dist/assets/index-gKQD5reC.js                      0.41 kB │ gzip:   0.30 kB
dist/assets/globe-D0jpoNyA.js                      0.41 kB │ gzip:   0.29 kB
dist/assets/headphones-Du__Q27D.js                 0.41 kB │ gzip:   0.29 kB
dist/assets/message-circle-uVe-5ZR_.js             0.41 kB │ gzip:   0.32 kB
dist/assets/circle-alert-Bcv82j9o.js               0.42 kB │ gzip:   0.30 kB
dist/assets/external-link-KTaufzMW.js              0.42 kB │ gzip:   0.30 kB
dist/assets/funnel-DzV1Uu3f.js                     0.42 kB │ gzip:   0.31 kB
dist/assets/calendar-DCpSJQJA.js                   0.43 kB │ gzip:   0.31 kB
dist/assets/pencil-DVT3Slz4.js                     0.45 kB │ gzip:   0.33 kB
dist/assets/bookmark-plus-DOT0Xbmj.js              0.45 kB │ gzip:   0.33 kB
dist/assets/hash-CBsA40y1.js                       0.47 kB │ gzip:   0.30 kB
dist/assets/shield-check-DPIysqrf.js               0.49 kB │ gzip:   0.35 kB
dist/assets/tag-V-DjNZee.js                        0.49 kB │ gzip:   0.35 kB
dist/assets/support-ticket-events-DTsXWHt_.js      0.50 kB │ gzip:   0.38 kB
dist/assets/sparkles-DzErhYaA.js                   0.67 kB │ gzip:   0.39 kB
dist/assets/CkEditor-CQlTgYKT.js                   0.85 kB │ gzip:   0.53 kB
dist/assets/InfoBox-BBONZBfr.js                    0.86 kB │ gzip:   0.43 kB
dist/assets/CurrencyWithApprox-DEU51V4I.js         0.91 kB │ gzip:   0.52 kB
dist/assets/Tabs-25NT0Jt3.js                       1.23 kB │ gzip:   0.65 kB
dist/assets/Pagination-PBu9HFjv.js                 1.32 kB │ gzip:   0.73 kB
dist/assets/ToggleChips-p084tClF.js                1.68 kB │ gzip:   0.83 kB
dist/assets/topCards-_tSRqDLC.js                   1.71 kB │ gzip:   0.75 kB
dist/assets/ForgotPassword-DTcVoKQN.js             2.11 kB │ gzip:   1.06 kB
dist/assets/FounderThankYou-pFNAPVuu.js            2.22 kB │ gzip:   1.08 kB
dist/assets/FilterDrawer-CJB9JdIT.js               2.26 kB │ gzip:   0.96 kB
dist/assets/ResetPassword-DgOJLe9k.js              2.34 kB │ gzip:   1.04 kB
dist/assets/InvestorThankYou-ByT9FPFG.js           2.35 kB │ gzip:   1.15 kB
dist/assets/MultipleImageUploader-W6l4jauL.js      2.61 kB │ gzip:   1.14 kB
dist/assets/toolbar-Cnshob-4.js                    2.69 kB │ gzip:   1.15 kB
dist/assets/AuthCallback-drwTTfz1.js               2.71 kB │ gzip:   1.29 kB
dist/assets/ImageUploader-Cp9sLkMj.js              2.74 kB │ gzip:   1.19 kB
dist/assets/index-CJhiQnkI.js                      2.86 kB │ gzip:   1.36 kB
dist/assets/index-Dt4bNcAk.js                      2.99 kB │ gzip:   1.50 kB
dist/assets/index-ZLmXDmVL.js                      3.06 kB │ gzip:   1.49 kB
dist/assets/index-Csqlfq5a.js                      3.19 kB │ gzip:   1.52 kB
dist/assets/supabase-bulk-emails-CgaznDNX.js       3.26 kB │ gzip:   1.20 kB
dist/assets/index-BQ5Enk3d.js                      3.48 kB │ gzip:   1.68 kB
dist/assets/index-BKPz2kol.js                      3.51 kB │ gzip:   1.61 kB
dist/assets/index-mDvuINVH.js                      3.80 kB │ gzip:   1.82 kB
dist/assets/target-audience-smVPJM4Y.js            4.02 kB │ gzip:   1.16 kB
dist/assets/index-DprB4FkF.js                      4.34 kB │ gzip:   1.97 kB
dist/assets/index-BEokemUS.js                      4.35 kB │ gzip:   1.98 kB
dist/assets/index-DUi9wVuk.js                      4.51 kB │ gzip:   2.06 kB
dist/assets/ContactSupport-CA8YT5OF.js             4.63 kB │ gzip:   1.93 kB
dist/assets/Stepper-JCmmKIIO.js                    4.66 kB │ gzip:   2.02 kB
dist/assets/Login-4IdMUjC1.js                      4.74 kB │ gzip:   1.95 kB
dist/assets/index-e8tkISTS.js                      5.07 kB │ gzip:   2.18 kB
dist/assets/CreateBlog-Etj-TW0x.js                 5.16 kB │ gzip:   2.20 kB
dist/assets/AllBlogs-BoZftEk-.js                   5.17 kB │ gzip:   2.07 kB
dist/assets/SelectRole-Dd_ec0bC.js                 5.45 kB │ gzip:   2.32 kB
dist/assets/HelpPageContent-FoKTMlq_.js            5.51 kB │ gzip:   2.01 kB
dist/assets/index-LMXk_esH.js                      5.53 kB │ gzip:   2.51 kB
dist/assets/VerifyUserEmail-CM2rQ4cL.js            5.82 kB │ gzip:   2.09 kB
dist/assets/EditBlog-CSfbmUcI.js                   6.02 kB │ gzip:   2.58 kB
dist/assets/ViewRemindersModal-B48nQBvT.js         6.22 kB │ gzip:   2.35 kB
dist/assets/SignUp-Y_g2BFWj.js                     6.64 kB │ gzip:   2.52 kB
dist/assets/Profile-DcreHfdG.js                    6.86 kB │ gzip:   2.19 kB
dist/assets/CreateTargetAudience-Bl3BKe3-.js       7.35 kB │ gzip:   2.67 kB
dist/assets/index-CFKlSyMR.js                      8.01 kB │ gzip:   2.95 kB
dist/assets/EditTargetAudience-BPpB1Umr.js         8.76 kB │ gzip:   2.95 kB
dist/assets/index-BatUEP8o.js                      9.23 kB │ gzip:   3.81 kB
dist/assets/index-CgTQFXxr.js                      9.77 kB │ gzip:   3.61 kB
dist/assets/index-CMKZ-2Su.js                      9.93 kB │ gzip:   3.22 kB
dist/assets/businessProposalCard-DxMolEnW.js      10.05 kB │ gzip:   3.50 kB
dist/assets/table-DLzj-EDo.js                     10.99 kB │ gzip:   3.44 kB
dist/assets/TicketDetailPage-CWIsqsSr.js          12.90 kB │ gzip:   4.06 kB
dist/assets/SimplifiedProfile-CFN42_Sa.js         13.76 kB │ gzip:   3.64 kB
dist/assets/index-5usS5mph.js                     15.62 kB │ gzip:   4.81 kB
dist/assets/EditFounder-B7l3np3p.js               18.01 kB │ gzip:   4.38 kB
dist/assets/index-CbwZM2Od.js                     18.43 kB │ gzip:   5.93 kB
dist/assets/EditInvestor-7IfwsTNl.js              18.98 kB │ gzip:   4.65 kB
dist/assets/CreateNewBatch-BxI50vw4.js            20.01 kB │ gzip:   5.13 kB
dist/assets/index-LpXRA66a.js                     20.08 kB │ gzip:   6.61 kB
dist/assets/index-CGMtMPfW.js                     20.13 kB │ gzip:   5.41 kB
dist/assets/BlogDetail-CSwz9ZjY.js                21.41 kB │ gzip:   8.68 kB
dist/assets/index-B5Rz4F7s.js                     22.92 kB │ gzip:   6.81 kB
dist/assets/index-czh5kekf.js                     23.12 kB │ gzip:   7.23 kB
dist/assets/ViewBusinessProposal-CLX3Tuk_.js      25.92 kB │ gzip:   6.39 kB
dist/assets/index-ChS413r6.js                     28.98 kB │ gzip:   8.91 kB
dist/assets/Landing-Des7-1U9.js                  151.96 kB │ gzip:  53.58 kB
dist/assets/xlsx-DGuHH-KN.js                     429.49 kB │ gzip: 143.07 kB
dist/assets/index-Byj60MHK.js                    637.83 kB │ gzip: 171.06 kB
dist/assets/index-DTQ25M4U.js                  2,836.59 kB │ gzip: 757.90 kB

(!) Some chunks are larger than 1500 kB after minification. Consider:
- Using dynamic import() to code-split the application
- Use build.rollupOptions.output.manualChunks to improve chunking: https://rollupjs.org/configuration-options/#output-manualchunks
- Adjust chunk size limit for this warning via build.chunkSizeWarningLimit.
✓ built in 16.93s
Packaging build...
  adding: favicon.ico (deflated 13%)
  adding: robots.txt (deflated 3%)
  adding: sitemap.xml (deflated 60%)
  adding: assets/ (stored 0%)
  adding: assets/video-poster-DrQklN8e.png (deflated 0%)
  adding: assets/irfanMalikBg-D4osmO_C.jpg (deflated 1%)
  adding: assets/meerGreenJacket-ykCKR2uN.png (deflated 0%)
  adding: assets/meerShinyDress-C8scZpYx.webp (deflated 0%)
  adding: assets/shakeelBg-NX99JDrP.jpg (deflated 0%)
  adding: assets/wasimAkramBg-D4BFEYu1.png (deflated 0%)
  adding: assets/dubai-Bmqq4ymj.jpg (deflated 0%)
  adding: assets/fahad-CnovJc60.jpg (deflated 0%)
  adding: assets/handShake-Dk1DoagP.webp (deflated 0%)
  adding: assets/salman-DD3Zraly.jpg (deflated 0%)
  adding: assets/tech-BdWyL5Pa.jpg (deflated 0%)
  adding: assets/wasim-ETjjiRaD.jpg (deflated 0%)
  adding: assets/placeholderMan-BvremNML.png (deflated 3%)
  adding: assets/rectanglePlaceholder-nCbViREl.png (deflated 31%)
  adding: assets/Fav-BPcykgsi.png (deflated 5%)
  adding: assets/MainLogo-DJpFhlQE.png (deflated 4%)
  adding: assets/goldenCheck-CnSHOmXW.webp (stored 0%)
  adding: assets/verifiedBadge-CrcJq1tD.webp (deflated 1%)
  adding: assets/tower-gldBe0jJ.webp (deflated 0%)
  adding: assets/tower2-LuqAcWCu.jpg (deflated 2%)
  adding: assets/tower3-DpFzgoGy.jpg (deflated 0%)
  adding: assets/proposal2-B9XZZX50.webp (deflated 3%)
  adding: assets/proposal3-fxAFZeku.webp (deflated 1%)
  adding: assets/proposal5-DItum-r7.webp (deflated 4%)
  adding: assets/arabic-BElshnQY.jpg (deflated 0%)
  adding: assets/akhtar-qLBVRLf-.jpg (deflated 1%)
  adding: assets/proposal6-wLmvSjqd.webp (deflated 0%)
  adding: assets/proposal1-D37fvLUu.webp (deflated 1%)
  adding: assets/proposal4-CZk7QC75.webp (deflated 1%)
  adding: assets/wasimAkram-CBOcRO9q.png (deflated 1%)
  adding: assets/index-CLfW2zMP.css (deflated 86%)
  adding: assets/BlogDetail-oNXnMkFG.css (deflated 62%)
  adding: assets/style-DpsRipQV.css (deflated 78%)
  adding: assets/index-DTQ25M4U.js (deflated 73%)
  adding: assets/xlsx-DGuHH-KN.js (deflated 67%)
  adding: assets/Landing-Des7-1U9.js (deflated 65%)
  adding: assets/BlogDetail-CSwz9ZjY.js (deflated 60%)
  adding: assets/AllBlogs-BoZftEk-.js (deflated 60%)
  adding: assets/index-Dt4bNcAk.js (deflated 50%)
  adding: assets/index-CJhiQnkI.js (deflated 53%)
  adding: assets/index-Csqlfq5a.js (deflated 53%)
  adding: assets/index-ZLmXDmVL.js (deflated 52%)
  adding: assets/index-BKPz2kol.js (deflated 54%)
  adding: assets/SignUp-Y_g2BFWj.js (deflated 62%)
  adding: assets/ForgotPassword-DTcVoKQN.js (deflated 51%)
  adding: assets/VerifyUserEmail-CM2rQ4cL.js (deflated 64%)
  adding: assets/ResetPassword-DgOJLe9k.js (deflated 56%)
  adding: assets/ContactSupport-CA8YT5OF.js (deflated 59%)
  adding: assets/AuthCallback-drwTTfz1.js (deflated 53%)
  adding: assets/SelectRole-Dd_ec0bC.js (deflated 58%)
  adding: assets/InvestorThankYou-ByT9FPFG.js (deflated 51%)
  adding: assets/FounderThankYou-pFNAPVuu.js (deflated 52%)
  adding: assets/Login-4IdMUjC1.js (deflated 59%)
  adding: assets/Profile-DcreHfdG.js (deflated 68%)
  adding: assets/index-LMXk_esH.js (deflated 55%)
  adding: assets/index-ChS413r6.js (deflated 69%)
  adding: assets/EditInvestor-7IfwsTNl.js (deflated 76%)
  adding: assets/index-czh5kekf.js (deflated 69%)
  adding: assets/ViewRemindersModal-B48nQBvT.js (deflated 63%)
  adding: assets/tag-V-DjNZee.js (deflated 34%)
  adding: assets/EditFounder-B7l3np3p.js (deflated 76%)
  adding: assets/index-BatUEP8o.js (deflated 59%)
  adding: assets/index-LpXRA66a.js (deflated 67%)
  adding: assets/index-CbwZM2Od.js (deflated 68%)
  adding: assets/ViewBusinessProposal-CLX3Tuk_.js (deflated 75%)
  adding: assets/circle-check-C0XA1YS_.js (deflated 27%)
  adding: assets/index-B5Rz4F7s.js (deflated 70%)
  adding: assets/shield-check-DPIysqrf.js (deflated 31%)
  adding: assets/sparkles-DzErhYaA.js (deflated 45%)
  adding: assets/trending-up-BEVES6_a.js (deflated 26%)
  adding: assets/globe-D0jpoNyA.js (deflated 33%)
  adding: assets/blogs-ChqPogSE.js (stored 0%)
  adding: assets/calendar-DCpSJQJA.js (deflated 33%)
  adding: assets/index-BQ5Enk3d.js (deflated 53%)
  adding: assets/message-circle-uVe-5ZR_.js (deflated 28%)
  adding: assets/arrow-left-DaA-0NvK.js (deflated 26%)
  adding: assets/InfoBox-BBONZBfr.js (deflated 51%)
  adding: assets/info-knsInnTG.js (deflated 30%)
  adding: assets/circle-alert-Bcv82j9o.js (deflated 35%)
  adding: assets/index-Byj60MHK.js (deflated 73%)
  adding: assets/topCards-_tSRqDLC.js (deflated 58%)
  adding: assets/webinarBanner-XLbHXaFF.js (deflated 25%)
  adding: assets/CurrencyWithApprox-DEU51V4I.js (deflated 45%)
  adding: assets/ImageUploader-Cp9sLkMj.js (deflated 57%)
  adding: assets/external-link-KTaufzMW.js (deflated 32%)
  adding: assets/upload-BjR032j4.js (deflated 31%)
  adding: assets/table-DLzj-EDo.js (deflated 69%)
  adding: assets/toolbar-Cnshob-4.js (deflated 58%)
  adding: assets/useDebounce-DRFbR0_E.js (deflated 21%)
  adding: assets/support-ticket-events-DTsXWHt_.js (deflated 29%)
  adding: assets/headphones-Du__Q27D.js (deflated 34%)
  adding: assets/Pagination-PBu9HFjv.js (deflated 47%)
  adding: assets/funnel-DzV1Uu3f.js (deflated 30%)
  adding: assets/FilterDrawer-CJB9JdIT.js (deflated 58%)
  adding: assets/rotate-ccw-do4OOgJm.js (deflated 28%)
  adding: assets/ToggleChips-p084tClF.js (deflated 52%)
  adding: assets/circle-x-C92BHd__.js (deflated 30%)
  adding: assets/businessProposalCard-DxMolEnW.js (deflated 66%)
  adding: assets/pencil-DVT3Slz4.js (deflated 31%)
  adding: assets/ban-C7I5RV2l.js (deflated 26%)
  adding: assets/plus-B0PLPZ0c.js (deflated 28%)
  adding: assets/Tabs-25NT0Jt3.js (deflated 49%)
  adding: assets/Stepper-JCmmKIIO.js (deflated 57%)
  adding: assets/MultipleImageUploader-W6l4jauL.js (deflated 57%)
  adding: assets/index-CMKZ-2Su.js (deflated 68%)
  adding: assets/supabase-bulk-emails-CgaznDNX.js (deflated 64%)
  adding: assets/CreateNewBatch-BxI50vw4.js (deflated 74%)
  adding: assets/CkEditor-CQlTgYKT.js (deflated 40%)
  adding: assets/target-audience-smVPJM4Y.js (deflated 71%)
  adding: assets/index-DprB4FkF.js (deflated 55%)
  adding: assets/CreateTargetAudience-Bl3BKe3-.js (deflated 64%)
  adding: assets/EditTargetAudience-BPpB1Umr.js (deflated 67%)
  adding: assets/index-e8tkISTS.js (deflated 57%)
  adding: assets/CreateBlog-Etj-TW0x.js (deflated 58%)
  adding: assets/EditBlog-CSfbmUcI.js (deflated 57%)
  adding: assets/index-5usS5mph.js (deflated 69%)
  adding: assets/index-CFKlSyMR.js (deflated 63%)
  adding: assets/Dashboard-CuDpPOYi.js (deflated 34%)
  adding: assets/SimplifiedProfile-CFN42_Sa.js (deflated 74%)
  adding: assets/index-gKQD5reC.js (deflated 31%)
  adding: assets/HelpPageContent-FoKTMlq_.js (deflated 64%)
  adding: assets/hash-CBsA40y1.js (deflated 40%)
  adding: assets/index-DUi9wVuk.js (deflated 55%)
  adding: assets/bookmark-plus-DOT0Xbmj.js (deflated 32%)
  adding: assets/index-mDvuINVH.js (deflated 52%)
  adding: assets/index-BEokemUS.js (deflated 55%)
  adding: assets/Dashboard-hlbbN6qT.js (deflated 35%)
  adding: assets/index-CGMtMPfW.js (deflated 73%)
  adding: assets/index-CgTQFXxr.js (deflated 63%)
  adding: assets/index-B6dhuWx7.js (deflated 32%)
  adding: assets/TicketDetailPage-CWIsqsSr.js (deflated 69%)
  adding: index.html (deflated 52%)
Saving Lightsail SSH key...
Uploading build to Lightsail...
Warning: Permanently added '15.207.22.250' (ED25519) to the list of known hosts.
Deploying build to /var/www/html ...
Archive:  /home/ubuntu/react-build.zip
  inflating: /var/www/html/favicon.ico  
  inflating: /var/www/html/robots.txt  
  inflating: /var/www/html/sitemap.xml  
   creating: /var/www/html/assets/
  inflating: /var/www/html/assets/video-poster-DrQklN8e.png  
  inflating: /var/www/html/assets/irfanMalikBg-D4osmO_C.jpg  
  inflating: /var/www/html/assets/meerGreenJacket-ykCKR2uN.png  
  inflating: /var/www/html/assets/meerShinyDress-C8scZpYx.webp  
  inflating: /var/www/html/assets/shakeelBg-NX99JDrP.jpg  
  inflating: /var/www/html/assets/wasimAkramBg-D4BFEYu1.png  
  inflating: /var/www/html/assets/dubai-Bmqq4ymj.jpg  
  inflating: /var/www/html/assets/fahad-CnovJc60.jpg  
  inflating: /var/www/html/assets/handShake-Dk1DoagP.webp  
  inflating: /var/www/html/assets/salman-DD3Zraly.jpg  
  inflating: /var/www/html/assets/tech-BdWyL5Pa.jpg  
  inflating: /var/www/html/assets/wasim-ETjjiRaD.jpg  
  inflating: /var/www/html/assets/placeholderMan-BvremNML.png  
  inflating: /var/www/html/assets/rectanglePlaceholder-nCbViREl.png  
  inflating: /var/www/html/assets/Fav-BPcykgsi.png  
  inflating: /var/www/html/assets/MainLogo-DJpFhlQE.png  
 extracting: /var/www/html/assets/goldenCheck-CnSHOmXW.webp  
  inflating: /var/www/html/assets/verifiedBadge-CrcJq1tD.webp  
  inflating: /var/www/html/assets/tower-gldBe0jJ.webp  
  inflating: /var/www/html/assets/tower2-LuqAcWCu.jpg  
  inflating: /var/www/html/assets/tower3-DpFzgoGy.jpg  
  inflating: /var/www/html/assets/proposal2-B9XZZX50.webp  
  inflating: /var/www/html/assets/proposal3-fxAFZeku.webp  
  inflating: /var/www/html/assets/proposal5-DItum-r7.webp  
  inflating: /var/www/html/assets/arabic-BElshnQY.jpg  
  inflating: /var/www/html/assets/akhtar-qLBVRLf-.jpg  
  inflating: /var/www/html/assets/proposal6-wLmvSjqd.webp  
  inflating: /var/www/html/assets/proposal1-D37fvLUu.webp  
  inflating: /var/www/html/assets/proposal4-CZk7QC75.webp  
  inflating: /var/www/html/assets/wasimAkram-CBOcRO9q.png  
  inflating: /var/www/html/assets/index-CLfW2zMP.css  
  inflating: /var/www/html/assets/BlogDetail-oNXnMkFG.css  
  inflating: /var/www/html/assets/style-DpsRipQV.css  
  inflating: /var/www/html/assets/index-DTQ25M4U.js  
  inflating: /var/www/html/assets/xlsx-DGuHH-KN.js  
  inflating: /var/www/html/assets/Landing-Des7-1U9.js  
  inflating: /var/www/html/assets/BlogDetail-CSwz9ZjY.js  
  inflating: /var/www/html/assets/AllBlogs-BoZftEk-.js  
  inflating: /var/www/html/assets/index-Dt4bNcAk.js  
  inflating: /var/www/html/assets/index-CJhiQnkI.js  
  inflating: /var/www/html/assets/index-Csqlfq5a.js  
  inflating: /var/www/html/assets/index-ZLmXDmVL.js  
  inflating: /var/www/html/assets/index-BKPz2kol.js  
  inflating: /var/www/html/assets/SignUp-Y_g2BFWj.js  
  inflating: /var/www/html/assets/ForgotPassword-DTcVoKQN.js  
  inflating: /var/www/html/assets/VerifyUserEmail-CM2rQ4cL.js  
  inflating: /var/www/html/assets/ResetPassword-DgOJLe9k.js  
  inflating: /var/www/html/assets/ContactSupport-CA8YT5OF.js  
  inflating: /var/www/html/assets/AuthCallback-drwTTfz1.js  
  inflating: /var/www/html/assets/SelectRole-Dd_ec0bC.js  
  inflating: /var/www/html/assets/InvestorThankYou-ByT9FPFG.js  
  inflating: /var/www/html/assets/FounderThankYou-pFNAPVuu.js  
  inflating: /var/www/html/assets/Login-4IdMUjC1.js  
  inflating: /var/www/html/assets/Profile-DcreHfdG.js  
  inflating: /var/www/html/assets/index-LMXk_esH.js  
  inflating: /var/www/html/assets/index-ChS413r6.js  
  inflating: /var/www/html/assets/EditInvestor-7IfwsTNl.js  
  inflating: /var/www/html/assets/index-czh5kekf.js  
  inflating: /var/www/html/assets/ViewRemindersModal-B48nQBvT.js  
  inflating: /var/www/html/assets/tag-V-DjNZee.js  
  inflating: /var/www/html/assets/EditFounder-B7l3np3p.js  
  inflating: /var/www/html/assets/index-BatUEP8o.js  
  inflating: /var/www/html/assets/index-LpXRA66a.js  
  inflating: /var/www/html/assets/index-CbwZM2Od.js  
  inflating: /var/www/html/assets/ViewBusinessProposal-CLX3Tuk_.js  
  inflating: /var/www/html/assets/circle-check-C0XA1YS_.js  
  inflating: /var/www/html/assets/index-B5Rz4F7s.js  
  inflating: /var/www/html/assets/shield-check-DPIysqrf.js  
  inflating: /var/www/html/assets/sparkles-DzErhYaA.js  
  inflating: /var/www/html/assets/trending-up-BEVES6_a.js  
  inflating: /var/www/html/assets/globe-D0jpoNyA.js  
 extracting: /var/www/html/assets/blogs-ChqPogSE.js  
  inflating: /var/www/html/assets/calendar-DCpSJQJA.js  
  inflating: /var/www/html/assets/index-BQ5Enk3d.js  
  inflating: /var/www/html/assets/message-circle-uVe-5ZR_.js  
  inflating: /var/www/html/assets/arrow-left-DaA-0NvK.js  
  inflating: /var/www/html/assets/InfoBox-BBONZBfr.js  
  inflating: /var/www/html/assets/info-knsInnTG.js  
  inflating: /var/www/html/assets/circle-alert-Bcv82j9o.js  
  inflating: /var/www/html/assets/index-Byj60MHK.js  
  inflating: /var/www/html/assets/topCards-_tSRqDLC.js  
  inflating: /var/www/html/assets/webinarBanner-XLbHXaFF.js  
  inflating: /var/www/html/assets/CurrencyWithApprox-DEU51V4I.js  
  inflating: /var/www/html/assets/ImageUploader-Cp9sLkMj.js  
  inflating: /var/www/html/assets/external-link-KTaufzMW.js  
  inflating: /var/www/html/assets/upload-BjR032j4.js  
  inflating: /var/www/html/assets/table-DLzj-EDo.js  
  inflating: /var/www/html/assets/toolbar-Cnshob-4.js  
  inflating: /var/www/html/assets/useDebounce-DRFbR0_E.js  
  inflating: /var/www/html/assets/support-ticket-events-DTsXWHt_.js  
  inflating: /var/www/html/assets/headphones-Du__Q27D.js  
  inflating: /var/www/html/assets/Pagination-PBu9HFjv.js  
  inflating: /var/www/html/assets/funnel-DzV1Uu3f.js  
  inflating: /var/www/html/assets/FilterDrawer-CJB9JdIT.js  
  inflating: /var/www/html/assets/rotate-ccw-do4OOgJm.js  
  inflating: /var/www/html/assets/ToggleChips-p084tClF.js  
  inflating: /var/www/html/assets/circle-x-C92BHd__.js  
  inflating: /var/www/html/assets/businessProposalCard-DxMolEnW.js  
  inflating: /var/www/html/assets/pencil-DVT3Slz4.js  
  inflating: /var/www/html/assets/ban-C7I5RV2l.js  
  inflating: /var/www/html/assets/plus-B0PLPZ0c.js  
  inflating: /var/www/html/assets/Tabs-25NT0Jt3.js  
  inflating: /var/www/html/assets/Stepper-JCmmKIIO.js  
  inflating: /var/www/html/assets/MultipleImageUploader-W6l4jauL.js  
  inflating: /var/www/html/assets/index-CMKZ-2Su.js  
  inflating: /var/www/html/assets/supabase-bulk-emails-CgaznDNX.js  
  inflating: /var/www/html/assets/CreateNewBatch-BxI50vw4.js  
  inflating: /var/www/html/assets/CkEditor-CQlTgYKT.js  
  inflating: /var/www/html/assets/target-audience-smVPJM4Y.js  
  inflating: /var/www/html/assets/index-DprB4FkF.js  
  inflating: /var/www/html/assets/CreateTargetAudience-Bl3BKe3-.js  
  inflating: /var/www/html/assets/EditTargetAudience-BPpB1Umr.js  
  inflating: /var/www/html/assets/index-e8tkISTS.js  
  inflating: /var/www/html/assets/CreateBlog-Etj-TW0x.js  
  inflating: /var/www/html/assets/EditBlog-CSfbmUcI.js  
  inflating: /var/www/html/assets/index-5usS5mph.js  
  inflating: /var/www/html/assets/index-CFKlSyMR.js  
  inflating: /var/www/html/assets/Dashboard-CuDpPOYi.js  
  inflating: /var/www/html/assets/SimplifiedProfile-CFN42_Sa.js  
  inflating: /var/www/html/assets/index-gKQD5reC.js  
  inflating: /var/www/html/assets/HelpPageContent-FoKTMlq_.js  
  inflating: /var/www/html/assets/hash-CBsA40y1.js  
  inflating: /var/www/html/assets/index-DUi9wVuk.js  
  inflating: /var/www/html/assets/bookmark-plus-DOT0Xbmj.js  
  inflating: /var/www/html/assets/index-mDvuINVH.js  
  inflating: /var/www/html/assets/index-BEokemUS.js  
  inflating: /var/www/html/assets/Dashboard-hlbbN6qT.js  
  inflating: /var/www/html/assets/index-CGMtMPfW.js  
  inflating: /var/www/html/assets/index-CgTQFXxr.js  
  inflating: /var/www/html/assets/index-B6dhuWx7.js  
  inflating: /var/www/html/assets/TicketDetailPage-CWIsqsSr.js  
  inflating: /var/www/html/index.html  
Saving Git logs repo SSH key...
Testing GitHub SSH key...
Cloning deployment-logs repo...
Cloning into 'logs-repo'...
