Installing dependencies...
npm warn deprecated w3c-hr-time@1.0.2: Use your platform's native performance.now() and performance.timeOrigin.
npm warn deprecated domexception@2.0.1: Use your platform's native DOMException instead
npm warn deprecated abab@2.0.6: Use your platform's native atob() and btoa() methods instead

> the-business-hub-pakistan@0.0.0 prepare
> husky

.git can't be found
added 1810 packages, and audited 1811 packages in 5m

253 packages are looking for funding
  run `npm fund` for details

70 vulnerabilities (67 moderate, 3 high)

To address issues that do not require attention, run:
  npm audit fix

To address all issues possible (including breaking changes), run:
  npm audit fix --force

Some issues need review, and may require choosing
a different dependency.

Run `npm audit` for details.
Building React app...

> the-business-hub-pakistan@0.0.0 build
> vite build

vite v7.1.11 building for production...
transforming...
✓ 3100 modules transformed.
rendering chunks...
computing gzip size...
dist/index.html                                    2.18 kB │ gzip:   1.05 kB
dist/assets/verifiedBadge-CrcJq1tD.webp           10.83 kB
dist/assets/rectanglePlaceholder-nCbViREl.png     11.85 kB
dist/assets/goldenCheck-CnSHOmXW.webp             13.45 kB
dist/assets/irfanMalikBg-D4osmO_C.jpg             24.66 kB
dist/assets/proposal6-wLmvSjqd.webp               28.15 kB
dist/assets/placeholderMan-BvremNML.png           36.64 kB
dist/assets/handShake-Dk1DoagP.webp               65.18 kB
dist/assets/tower-gldBe0jJ.webp                   66.16 kB
dist/assets/tower2-LuqAcWCu.jpg                   72.52 kB
dist/assets/shakeelBg-NX99JDrP.jpg               143.15 kB
dist/assets/MainLogo-DJpFhlQE.png                144.86 kB
dist/assets/Fav-BPcykgsi.png                     147.34 kB
dist/assets/akhtar-qLBVRLf-.jpg                  173.92 kB
dist/assets/proposal5-DItum-r7.webp              174.24 kB
dist/assets/tower3-DpFzgoGy.jpg                  175.56 kB
dist/assets/proposal2-B9XZZX50.webp              192.62 kB
dist/assets/meerShinyDress-C8scZpYx.webp         229.68 kB
dist/assets/meerGreenJacket-ykCKR2uN.png         230.19 kB
dist/assets/arabic-BElshnQY.jpg                  238.42 kB
dist/assets/wasim-ETjjiRaD.jpg                   242.26 kB
dist/assets/salman-DD3Zraly.jpg                  255.18 kB
dist/assets/fahad-CnovJc60.jpg                   278.62 kB
dist/assets/tech-BdWyL5Pa.jpg                    281.71 kB
dist/assets/dubai-Bmqq4ymj.jpg                   311.77 kB
dist/assets/wasimAkramBg-D4BFEYu1.png            313.57 kB
dist/assets/proposal3-fxAFZeku.webp              445.47 kB
dist/assets/proposal4-CZk7QC75.webp              542.86 kB
dist/assets/proposal1-D37fvLUu.webp              779.05 kB
dist/assets/wasimAkram-CBOcRO9q.png            4,488.96 kB
dist/assets/BlogDetail-oNXnMkFG.css                0.63 kB │ gzip:   0.26 kB
dist/assets/style-DpsRipQV.css                     3.23 kB │ gzip:   0.73 kB
dist/assets/index-BztnkjVh.css                   154.66 kB │ gzip:  21.05 kB
dist/assets/blogs-ChqPogSE.js                      0.04 kB │ gzip:   0.06 kB
dist/assets/webinarBanner-XLbHXaFF.js              0.17 kB │ gzip:   0.15 kB
dist/assets/useDebounce-BL8Ab_NY.js                0.19 kB │ gzip:   0.17 kB
dist/assets/plus-DuYyHvJU.js                       0.33 kB │ gzip:   0.26 kB
dist/assets/arrow-right-BWcKHZcm.js                0.34 kB │ gzip:   0.27 kB
dist/assets/arrow-left-BfA-uvRe.js                 0.34 kB │ gzip:   0.27 kB
dist/assets/circle-check-DzRad2Fz.js               0.35 kB │ gzip:   0.27 kB
dist/assets/trending-up-CrZZuPxe.js                0.35 kB │ gzip:   0.28 kB
dist/assets/ban-FjaxExGy.js                        0.35 kB │ gzip:   0.28 kB
dist/assets/info-j39zyBXI.js                       0.37 kB │ gzip:   0.28 kB
dist/assets/rotate-ccw-f5oqFdrm.js                 0.37 kB │ gzip:   0.29 kB
dist/assets/circle-x-B2GGZYPZ.js                   0.38 kB │ gzip:   0.28 kB
dist/assets/Dashboard-CAko1Y7_.js                  0.38 kB │ gzip:   0.26 kB
dist/assets/Dashboard-BkleMVem.js                  0.38 kB │ gzip:   0.26 kB
dist/assets/mail-XtkLAs71.js                       0.39 kB │ gzip:   0.31 kB
dist/assets/upload-DYnyz2H6.js                     0.40 kB │ gzip:   0.30 kB
dist/assets/log-in-vcMJeuI8.js                     0.40 kB │ gzip:   0.29 kB
dist/assets/message-square-B32nrWCo.js             0.41 kB │ gzip:   0.31 kB
dist/assets/globe-aLv7tGwG.js                      0.41 kB │ gzip:   0.30 kB
dist/assets/message-circle-DdZc0bo4.js             0.41 kB │ gzip:   0.32 kB
dist/assets/circle-alert-DMy-R5SW.js               0.42 kB │ gzip:   0.30 kB
dist/assets/funnel-BFOZ2aiG.js                     0.42 kB │ gzip:   0.31 kB
dist/assets/map-pin-BgKQz_l9.js                    0.43 kB │ gzip:   0.33 kB
dist/assets/calendar-t2HoQm4p.js                   0.43 kB │ gzip:   0.31 kB
dist/assets/pencil-BURMx5oF.js                     0.45 kB │ gzip:   0.33 kB
dist/assets/shield-check-BWdun33m.js               0.49 kB │ gzip:   0.36 kB
dist/assets/phone-Bt7vFGW5.js                      0.50 kB │ gzip:   0.34 kB
dist/assets/sparkles-CPyqb5W5.js                   0.67 kB │ gzip:   0.39 kB
dist/assets/CkEditor-BqVcHxG5.js                   0.85 kB │ gzip:   0.53 kB
dist/assets/InfoBox-ItBvstCX.js                    0.86 kB │ gzip:   0.43 kB
dist/assets/Tabs-DWXlIUGL.js                       1.23 kB │ gzip:   0.65 kB
dist/assets/ToggleChips-Cz8xFeqq.js                1.68 kB │ gzip:   0.83 kB
dist/assets/topCards-BhRMucDQ.js                   1.71 kB │ gzip:   0.75 kB
dist/assets/ForgotPassword-CxgOvSGJ.js             2.14 kB │ gzip:   1.07 kB
dist/assets/FilterDrawer-D77BjzVi.js               2.26 kB │ gzip:   0.96 kB
dist/assets/FounderThankYou-C6CiuZVi.js            2.29 kB │ gzip:   1.11 kB
dist/assets/ResetPassword-DT0D0OCF.js              2.37 kB │ gzip:   1.05 kB
dist/assets/InvestorThankYou-CCjCJLJZ.js           2.42 kB │ gzip:   1.18 kB
dist/assets/MultipleImageUploader-BPNoj8tN.js      2.61 kB │ gzip:   1.14 kB
dist/assets/toolbar-B1U1-c3q.js                    2.70 kB │ gzip:   1.15 kB
dist/assets/index-xM2pd-4W.js                      2.72 kB │ gzip:   1.23 kB
dist/assets/AuthCallback-DSYNAh8M.js               2.73 kB │ gzip:   1.30 kB
dist/assets/ImageUploader-BHMmGTLy.js              3.06 kB │ gzip:   1.38 kB
dist/assets/index-DO5JCqw_.js                      3.11 kB │ gzip:   1.49 kB
dist/assets/supabase-bulk-emails-CsS2z_-c.js       3.14 kB │ gzip:   1.12 kB
dist/assets/index-CTxgTnC7.js                      3.24 kB │ gzip:   1.62 kB
dist/assets/index-BWXBnCh2.js                      3.31 kB │ gzip:   1.61 kB
dist/assets/index-DRvnipTE.js                      3.44 kB │ gzip:   1.64 kB
dist/assets/index-DprOqb7m.js                      3.48 kB │ gzip:   1.67 kB
dist/assets/index-rWrJ6t1o.js                      3.72 kB │ gzip:   1.71 kB
dist/assets/index-DIjDQkWr.js                      3.84 kB │ gzip:   1.89 kB
dist/assets/index-ChEN4qi_.js                      3.85 kB │ gzip:   1.90 kB
dist/assets/index-pHhfM-ry.js                      3.97 kB │ gzip:   1.57 kB
dist/assets/index-DN0qp5be.js                      4.03 kB │ gzip:   1.80 kB
dist/assets/index-SkupS46c.js                      4.23 kB │ gzip:   1.86 kB
dist/assets/ContactSupport-Bsvgq745.js             4.66 kB │ gzip:   1.94 kB
dist/assets/Stepper-Cr3XoMQp.js                    4.66 kB │ gzip:   2.02 kB
dist/assets/Login-BuDFr7rG.js                      4.77 kB │ gzip:   1.96 kB
dist/assets/index-CbeJUKRM.js                      5.04 kB │ gzip:   2.16 kB
dist/assets/CreateBlog-XohvuCXe.js                 5.16 kB │ gzip:   2.20 kB
dist/assets/AllBlogs-DL8OPDa6.js                   5.18 kB │ gzip:   2.09 kB
dist/assets/SelectRole-UePyjTux.js                 5.67 kB │ gzip:   2.39 kB
dist/assets/VerifyUserEmail-CbAW1Vkd.js            5.88 kB │ gzip:   2.11 kB
dist/assets/EditBlog-XR936d6M.js                   6.04 kB │ gzip:   2.59 kB
dist/assets/Profile-CakFkM43.js                    6.82 kB │ gzip:   2.17 kB
dist/assets/SignUp-fgQ1VUUV.js                     6.86 kB │ gzip:   2.59 kB
dist/assets/ViewRemindersModal-RgHJ8XJ_.js         6.92 kB │ gzip:   2.55 kB
dist/assets/index-BgpXs7dB.js                      7.82 kB │ gzip:   3.19 kB
dist/assets/index-CMDIBozB.js                      7.98 kB │ gzip:   2.93 kB
dist/assets/index-Cyd3ZG60.js                      9.20 kB │ gzip:   3.80 kB
dist/assets/index-DWGYeh7H.js                      9.81 kB │ gzip:   3.62 kB
dist/assets/businessProposalCard-BVovyVH3.js       9.95 kB │ gzip:   3.35 kB
dist/assets/index-CopdBuVs.js                      9.97 kB │ gzip:   3.23 kB
dist/assets/Header-DWa79UrL.js                    11.40 kB │ gzip:   3.46 kB
dist/assets/table-PsHGl3tM.js                     11.89 kB │ gzip:   3.72 kB
dist/assets/SimplifiedProfile-Dem9swmu.js         13.42 kB │ gzip:   3.56 kB
dist/assets/index-D4-t_GeE.js                     15.68 kB │ gzip:   4.84 kB
dist/assets/CreateNewBatch-CdVFJ4Ha.js            16.81 kB │ gzip:   4.55 kB
dist/assets/EditFounder-C4948rD3.js               18.00 kB │ gzip:   4.37 kB
dist/assets/index-CeyzBPTi.js                     18.47 kB │ gzip:   5.95 kB
dist/assets/EditInvestor-B00RgrNT.js              18.98 kB │ gzip:   4.65 kB
dist/assets/index-tuK0Cyrf.js                     20.15 kB │ gzip:   6.63 kB
dist/assets/index-oByO6vo1.js                     20.39 kB │ gzip:   6.56 kB
dist/assets/index-BzuYK8Nn.js                     21.26 kB │ gzip:   5.59 kB
dist/assets/BlogDetail-DaFC-vi7.js                22.13 kB │ gzip:   9.02 kB
dist/assets/index-0XxHPIMA.js                     22.32 kB │ gzip:   6.61 kB
dist/assets/index-CnT_ica8.js                     23.38 kB │ gzip:   7.40 kB
dist/assets/ViewBusinessProposal-B3BnI5M-.js      25.91 kB │ gzip:   6.37 kB
dist/assets/Landing-BYmNsFgZ.js                  151.03 kB │ gzip:  53.09 kB
dist/assets/xlsx-DGuHH-KN.js                     429.49 kB │ gzip: 143.07 kB
dist/assets/index-CmpymLey.js                    619.54 kB │ gzip: 167.04 kB
dist/assets/index-BYnUS9qU.js                  2,814.95 kB │ gzip: 752.20 kB

(!) Some chunks are larger than 1500 kB after minification. Consider:
- Using dynamic import() to code-split the application
- Use build.rollupOptions.output.manualChunks to improve chunking: https://rollupjs.org/configuration-options/#output-manualchunks
- Adjust chunk size limit for this warning via build.chunkSizeWarningLimit.
✓ built in 20.34s
Packaging build...
  adding: favicon.ico (deflated 13%)
  adding: assets/ (stored 0%)
  adding: assets/irfanMalikBg-D4osmO_C.jpg (deflated 1%)
  adding: assets/shakeelBg-NX99JDrP.jpg (deflated 0%)
  adding: assets/meerShinyDress-C8scZpYx.webp (deflated 0%)
  adding: assets/meerGreenJacket-ykCKR2uN.png (deflated 0%)
  adding: assets/dubai-Bmqq4ymj.jpg (deflated 0%)
  adding: assets/fahad-CnovJc60.jpg (deflated 0%)
  adding: assets/handShake-Dk1DoagP.webp (deflated 0%)
  adding: assets/salman-DD3Zraly.jpg (deflated 0%)
  adding: assets/tech-BdWyL5Pa.jpg (deflated 0%)
  adding: assets/wasim-ETjjiRaD.jpg (deflated 0%)
  adding: assets/placeholderMan-BvremNML.png (deflated 3%)
  adding: assets/arabic-BElshnQY.jpg (deflated 0%)
  adding: assets/akhtar-qLBVRLf-.jpg (deflated 1%)
  adding: assets/Fav-BPcykgsi.png (deflated 5%)
  adding: assets/MainLogo-DJpFhlQE.png (deflated 4%)
  adding: assets/goldenCheck-CnSHOmXW.webp (stored 0%)
  adding: assets/wasimAkramBg-D4BFEYu1.png (deflated 0%)
  adding: assets/tower2-LuqAcWCu.jpg (deflated 2%)
  adding: assets/tower3-DpFzgoGy.jpg (deflated 0%)
  adding: assets/proposal2-B9XZZX50.webp (deflated 3%)
  adding: assets/verifiedBadge-CrcJq1tD.webp (deflated 1%)
  adding: assets/rectanglePlaceholder-nCbViREl.png (deflated 31%)
  adding: assets/proposal5-DItum-r7.webp (deflated 4%)
  adding: assets/proposal3-fxAFZeku.webp (deflated 1%)
  adding: assets/proposal6-wLmvSjqd.webp (deflated 0%)
  adding: assets/tower-gldBe0jJ.webp (deflated 0%)
  adding: assets/proposal1-D37fvLUu.webp (deflated 1%)
  adding: assets/proposal4-CZk7QC75.webp (deflated 1%)
  adding: assets/wasimAkram-CBOcRO9q.png (deflated 1%)
  adding: assets/index-BztnkjVh.css (deflated 86%)
  adding: assets/BlogDetail-oNXnMkFG.css (deflated 62%)
  adding: assets/style-DpsRipQV.css (deflated 78%)
  adding: assets/index-BYnUS9qU.js (deflated 73%)
  adding: assets/xlsx-DGuHH-KN.js (deflated 67%)
  adding: assets/Landing-BYmNsFgZ.js (deflated 65%)
  adding: assets/BlogDetail-DaFC-vi7.js (deflated 60%)
  adding: assets/AllBlogs-DL8OPDa6.js (deflated 60%)
  adding: assets/index-CTxgTnC7.js (deflated 50%)
  adding: assets/index-DO5JCqw_.js (deflated 53%)
  adding: assets/index-DRvnipTE.js (deflated 53%)
  adding: assets/index-BWXBnCh2.js (deflated 52%)
  adding: assets/index-rWrJ6t1o.js (deflated 54%)
  adding: assets/Header-DWa79UrL.js (deflated 70%)
  adding: assets/SignUp-fgQ1VUUV.js (deflated 63%)
  adding: assets/ForgotPassword-CxgOvSGJ.js (deflated 51%)
  adding: assets/VerifyUserEmail-CbAW1Vkd.js (deflated 64%)
  adding: assets/ResetPassword-DT0D0OCF.js (deflated 56%)
  adding: assets/ContactSupport-Bsvgq745.js (deflated 59%)
  adding: assets/AuthCallback-DSYNAh8M.js (deflated 53%)
  adding: assets/SelectRole-UePyjTux.js (deflated 58%)
  adding: assets/InvestorThankYou-CCjCJLJZ.js (deflated 52%)
  adding: assets/FounderThankYou-C6CiuZVi.js (deflated 52%)
  adding: assets/arrow-right-BWcKHZcm.js (deflated 26%)
  adding: assets/Login-BuDFr7rG.js (deflated 59%)
  adding: assets/Profile-CakFkM43.js (deflated 68%)
  adding: assets/index-BgpXs7dB.js (deflated 60%)
  adding: assets/index-CnT_ica8.js (deflated 68%)
  adding: assets/EditInvestor-B00RgrNT.js (deflated 76%)
  adding: assets/index-oByO6vo1.js (deflated 68%)
  adding: assets/ViewRemindersModal-RgHJ8XJ_.js (deflated 63%)
  adding: assets/EditFounder-C4948rD3.js (deflated 76%)
  adding: assets/index-Cyd3ZG60.js (deflated 59%)
  adding: assets/index-tuK0Cyrf.js (deflated 67%)
  adding: assets/log-in-vcMJeuI8.js (deflated 31%)
  adding: assets/pencil-BURMx5oF.js (deflated 31%)
  adding: assets/index-CeyzBPTi.js (deflated 68%)
  adding: assets/ViewBusinessProposal-B3BnI5M-.js (deflated 75%)
  adding: assets/circle-check-DzRad2Fz.js (deflated 27%)
  adding: assets/index-0XxHPIMA.js (deflated 70%)
  adding: assets/index-xM2pd-4W.js (deflated 54%)
  adding: assets/mail-XtkLAs71.js (deflated 26%)
  adding: assets/phone-Bt7vFGW5.js (deflated 36%)
  adding: assets/map-pin-BgKQz_l9.js (deflated 28%)
  adding: assets/shield-check-BWdun33m.js (deflated 32%)
  adding: assets/sparkles-CPyqb5W5.js (deflated 45%)
  adding: assets/trending-up-CrZZuPxe.js (deflated 25%)
  adding: assets/globe-aLv7tGwG.js (deflated 32%)
  adding: assets/blogs-ChqPogSE.js (stored 0%)
  adding: assets/calendar-t2HoQm4p.js (deflated 33%)
  adding: assets/index-DprOqb7m.js (deflated 53%)
  adding: assets/message-circle-DdZc0bo4.js (deflated 28%)
  adding: assets/arrow-left-BfA-uvRe.js (deflated 25%)
  adding: assets/InfoBox-ItBvstCX.js (deflated 51%)
  adding: assets/info-j39zyBXI.js (deflated 30%)
  adding: assets/circle-alert-DMy-R5SW.js (deflated 35%)
  adding: assets/index-CmpymLey.js (deflated 73%)
  adding: assets/topCards-BhRMucDQ.js (deflated 57%)
  adding: assets/webinarBanner-XLbHXaFF.js (deflated 25%)
  adding: assets/ImageUploader-BHMmGTLy.js (deflated 56%)
  adding: assets/upload-DYnyz2H6.js (deflated 31%)
  adding: assets/table-PsHGl3tM.js (deflated 69%)
  adding: assets/toolbar-B1U1-c3q.js (deflated 58%)
  adding: assets/useDebounce-BL8Ab_NY.js (deflated 21%)
  adding: assets/message-square-B32nrWCo.js (deflated 29%)
  adding: assets/funnel-BFOZ2aiG.js (deflated 30%)
  adding: assets/FilterDrawer-D77BjzVi.js (deflated 58%)
  adding: assets/rotate-ccw-f5oqFdrm.js (deflated 27%)
  adding: assets/ToggleChips-Cz8xFeqq.js (deflated 51%)
  adding: assets/circle-x-B2GGZYPZ.js (deflated 30%)
  adding: assets/ban-FjaxExGy.js (deflated 26%)
  adding: assets/plus-DuYyHvJU.js (deflated 27%)
  adding: assets/Tabs-DWXlIUGL.js (deflated 49%)
  adding: assets/businessProposalCard-BVovyVH3.js (deflated 67%)
  adding: assets/Stepper-Cr3XoMQp.js (deflated 57%)
  adding: assets/MultipleImageUploader-BPNoj8tN.js (deflated 57%)
  adding: assets/index-CopdBuVs.js (deflated 68%)
  adding: assets/supabase-bulk-emails-CsS2z_-c.js (deflated 65%)
  adding: assets/CreateNewBatch-CdVFJ4Ha.js (deflated 73%)
  adding: assets/CkEditor-BqVcHxG5.js (deflated 40%)
  adding: assets/index-CbeJUKRM.js (deflated 58%)
  adding: assets/EditBlog-XR936d6M.js (deflated 57%)
  adding: assets/CreateBlog-XohvuCXe.js (deflated 58%)
  adding: assets/index-D4-t_GeE.js (deflated 69%)
  adding: assets/index-CMDIBozB.js (deflated 64%)
  adding: assets/Dashboard-BkleMVem.js (deflated 36%)
  adding: assets/SimplifiedProfile-Dem9swmu.js (deflated 74%)
  adding: assets/index-DIjDQkWr.js (deflated 51%)
  adding: assets/index-SkupS46c.js (deflated 56%)
  adding: assets/index-pHhfM-ry.js (deflated 61%)
  adding: assets/index-DN0qp5be.js (deflated 56%)
  adding: assets/Dashboard-CAko1Y7_.js (deflated 37%)
  adding: assets/index-BzuYK8Nn.js (deflated 74%)
  adding: assets/index-DWGYeh7H.js (deflated 63%)
  adding: assets/index-ChEN4qi_.js (deflated 51%)
  adding: index.html (deflated 52%)
Saving Lightsail SSH key...
Uploading build to Lightsail...
Warning: Permanently added '15.207.22.250' (ED25519) to the list of known hosts.
Deploying build to /var/www/html ...
Archive:  /home/ubuntu/react-build.zip
  inflating: /var/www/html/favicon.ico  
   creating: /var/www/html/assets/
  inflating: /var/www/html/assets/irfanMalikBg-D4osmO_C.jpg  
  inflating: /var/www/html/assets/shakeelBg-NX99JDrP.jpg  
  inflating: /var/www/html/assets/meerShinyDress-C8scZpYx.webp  
  inflating: /var/www/html/assets/meerGreenJacket-ykCKR2uN.png  
  inflating: /var/www/html/assets/dubai-Bmqq4ymj.jpg  
  inflating: /var/www/html/assets/fahad-CnovJc60.jpg  
  inflating: /var/www/html/assets/handShake-Dk1DoagP.webp  
  inflating: /var/www/html/assets/salman-DD3Zraly.jpg  
  inflating: /var/www/html/assets/tech-BdWyL5Pa.jpg  
  inflating: /var/www/html/assets/wasim-ETjjiRaD.jpg  
  inflating: /var/www/html/assets/placeholderMan-BvremNML.png  
  inflating: /var/www/html/assets/arabic-BElshnQY.jpg  
  inflating: /var/www/html/assets/akhtar-qLBVRLf-.jpg  
  inflating: /var/www/html/assets/Fav-BPcykgsi.png  
  inflating: /var/www/html/assets/MainLogo-DJpFhlQE.png  
 extracting: /var/www/html/assets/goldenCheck-CnSHOmXW.webp  
  inflating: /var/www/html/assets/wasimAkramBg-D4BFEYu1.png  
  inflating: /var/www/html/assets/tower2-LuqAcWCu.jpg  
  inflating: /var/www/html/assets/tower3-DpFzgoGy.jpg  
  inflating: /var/www/html/assets/proposal2-B9XZZX50.webp  
  inflating: /var/www/html/assets/verifiedBadge-CrcJq1tD.webp  
  inflating: /var/www/html/assets/rectanglePlaceholder-nCbViREl.png  
  inflating: /var/www/html/assets/proposal5-DItum-r7.webp  
  inflating: /var/www/html/assets/proposal3-fxAFZeku.webp  
  inflating: /var/www/html/assets/proposal6-wLmvSjqd.webp  
  inflating: /var/www/html/assets/tower-gldBe0jJ.webp  
  inflating: /var/www/html/assets/proposal1-D37fvLUu.webp  
  inflating: /var/www/html/assets/proposal4-CZk7QC75.webp  
  inflating: /var/www/html/assets/wasimAkram-CBOcRO9q.png  
  inflating: /var/www/html/assets/index-BztnkjVh.css  
  inflating: /var/www/html/assets/BlogDetail-oNXnMkFG.css  
  inflating: /var/www/html/assets/style-DpsRipQV.css  
  inflating: /var/www/html/assets/index-BYnUS9qU.js  
  inflating: /var/www/html/assets/xlsx-DGuHH-KN.js  
  inflating: /var/www/html/assets/Landing-BYmNsFgZ.js  
  inflating: /var/www/html/assets/BlogDetail-DaFC-vi7.js  
  inflating: /var/www/html/assets/AllBlogs-DL8OPDa6.js  
  inflating: /var/www/html/assets/index-CTxgTnC7.js  
  inflating: /var/www/html/assets/index-DO5JCqw_.js  
  inflating: /var/www/html/assets/index-DRvnipTE.js  
  inflating: /var/www/html/assets/index-BWXBnCh2.js  
  inflating: /var/www/html/assets/index-rWrJ6t1o.js  
  inflating: /var/www/html/assets/Header-DWa79UrL.js  
  inflating: /var/www/html/assets/SignUp-fgQ1VUUV.js  
  inflating: /var/www/html/assets/ForgotPassword-CxgOvSGJ.js  
  inflating: /var/www/html/assets/VerifyUserEmail-CbAW1Vkd.js  
  inflating: /var/www/html/assets/ResetPassword-DT0D0OCF.js  
  inflating: /var/www/html/assets/ContactSupport-Bsvgq745.js  
  inflating: /var/www/html/assets/AuthCallback-DSYNAh8M.js  
  inflating: /var/www/html/assets/SelectRole-UePyjTux.js  
  inflating: /var/www/html/assets/InvestorThankYou-CCjCJLJZ.js  
  inflating: /var/www/html/assets/FounderThankYou-C6CiuZVi.js  
  inflating: /var/www/html/assets/arrow-right-BWcKHZcm.js  
  inflating: /var/www/html/assets/Login-BuDFr7rG.js  
  inflating: /var/www/html/assets/Profile-CakFkM43.js  
  inflating: /var/www/html/assets/index-BgpXs7dB.js  
  inflating: /var/www/html/assets/index-CnT_ica8.js  
  inflating: /var/www/html/assets/EditInvestor-B00RgrNT.js  
  inflating: /var/www/html/assets/index-oByO6vo1.js  
  inflating: /var/www/html/assets/ViewRemindersModal-RgHJ8XJ_.js  
  inflating: /var/www/html/assets/EditFounder-C4948rD3.js  
  inflating: /var/www/html/assets/index-Cyd3ZG60.js  
  inflating: /var/www/html/assets/index-tuK0Cyrf.js  
  inflating: /var/www/html/assets/log-in-vcMJeuI8.js  
  inflating: /var/www/html/assets/pencil-BURMx5oF.js  
  inflating: /var/www/html/assets/index-CeyzBPTi.js  
  inflating: /var/www/html/assets/ViewBusinessProposal-B3BnI5M-.js  
  inflating: /var/www/html/assets/circle-check-DzRad2Fz.js  
  inflating: /var/www/html/assets/index-0XxHPIMA.js  
  inflating: /var/www/html/assets/index-xM2pd-4W.js  
  inflating: /var/www/html/assets/mail-XtkLAs71.js  
  inflating: /var/www/html/assets/phone-Bt7vFGW5.js  
  inflating: /var/www/html/assets/map-pin-BgKQz_l9.js  
  inflating: /var/www/html/assets/shield-check-BWdun33m.js  
  inflating: /var/www/html/assets/sparkles-CPyqb5W5.js  
  inflating: /var/www/html/assets/trending-up-CrZZuPxe.js  
  inflating: /var/www/html/assets/globe-aLv7tGwG.js  
 extracting: /var/www/html/assets/blogs-ChqPogSE.js  
  inflating: /var/www/html/assets/calendar-t2HoQm4p.js  
  inflating: /var/www/html/assets/index-DprOqb7m.js  
  inflating: /var/www/html/assets/message-circle-DdZc0bo4.js  
  inflating: /var/www/html/assets/arrow-left-BfA-uvRe.js  
  inflating: /var/www/html/assets/InfoBox-ItBvstCX.js  
  inflating: /var/www/html/assets/info-j39zyBXI.js  
  inflating: /var/www/html/assets/circle-alert-DMy-R5SW.js  
  inflating: /var/www/html/assets/index-CmpymLey.js  
  inflating: /var/www/html/assets/topCards-BhRMucDQ.js  
  inflating: /var/www/html/assets/webinarBanner-XLbHXaFF.js  
  inflating: /var/www/html/assets/ImageUploader-BHMmGTLy.js  
  inflating: /var/www/html/assets/upload-DYnyz2H6.js  
  inflating: /var/www/html/assets/table-PsHGl3tM.js  
  inflating: /var/www/html/assets/toolbar-B1U1-c3q.js  
  inflating: /var/www/html/assets/useDebounce-BL8Ab_NY.js  
  inflating: /var/www/html/assets/message-square-B32nrWCo.js  
  inflating: /var/www/html/assets/funnel-BFOZ2aiG.js  
  inflating: /var/www/html/assets/FilterDrawer-D77BjzVi.js  
  inflating: /var/www/html/assets/rotate-ccw-f5oqFdrm.js  
  inflating: /var/www/html/assets/ToggleChips-Cz8xFeqq.js  
  inflating: /var/www/html/assets/circle-x-B2GGZYPZ.js  
  inflating: /var/www/html/assets/ban-FjaxExGy.js  
  inflating: /var/www/html/assets/plus-DuYyHvJU.js  
  inflating: /var/www/html/assets/Tabs-DWXlIUGL.js  
  inflating: /var/www/html/assets/businessProposalCard-BVovyVH3.js  
  inflating: /var/www/html/assets/Stepper-Cr3XoMQp.js  
  inflating: /var/www/html/assets/MultipleImageUploader-BPNoj8tN.js  
  inflating: /var/www/html/assets/index-CopdBuVs.js  
  inflating: /var/www/html/assets/supabase-bulk-emails-CsS2z_-c.js  
  inflating: /var/www/html/assets/CreateNewBatch-CdVFJ4Ha.js  
  inflating: /var/www/html/assets/CkEditor-BqVcHxG5.js  
  inflating: /var/www/html/assets/index-CbeJUKRM.js  
  inflating: /var/www/html/assets/EditBlog-XR936d6M.js  
  inflating: /var/www/html/assets/CreateBlog-XohvuCXe.js  
  inflating: /var/www/html/assets/index-D4-t_GeE.js  
  inflating: /var/www/html/assets/index-CMDIBozB.js  
  inflating: /var/www/html/assets/Dashboard-BkleMVem.js  
  inflating: /var/www/html/assets/SimplifiedProfile-Dem9swmu.js  
  inflating: /var/www/html/assets/index-DIjDQkWr.js  
  inflating: /var/www/html/assets/index-SkupS46c.js  
  inflating: /var/www/html/assets/index-pHhfM-ry.js  
  inflating: /var/www/html/assets/index-DN0qp5be.js  
  inflating: /var/www/html/assets/Dashboard-CAko1Y7_.js  
  inflating: /var/www/html/assets/index-BzuYK8Nn.js  
  inflating: /var/www/html/assets/index-DWGYeh7H.js  
  inflating: /var/www/html/assets/index-ChEN4qi_.js  
  inflating: /var/www/html/index.html  
Saving Git logs repo SSH key...
Testing GitHub SSH key...
Cloning deployment-logs repo...
Cloning into 'logs-repo'...
