Installing dependencies...
npm warn deprecated w3c-hr-time@1.0.2: Use your platform's native performance.now() and performance.timeOrigin.
npm warn deprecated domexception@2.0.1: Use your platform's native DOMException instead
npm warn deprecated abab@2.0.6: Use your platform's native atob() and btoa() methods instead

> the-business-hub-pakistan@0.0.0 prepare
> husky

.git can't be found
added 1810 packages, and audited 1811 packages in 5m

253 packages are looking for funding
  run `npm fund` for details

70 vulnerabilities (67 moderate, 3 high)

To address issues that do not require attention, run:
  npm audit fix

To address all issues possible (including breaking changes), run:
  npm audit fix --force

Some issues need review, and may require choosing
a different dependency.

Run `npm audit` for details.
Building React app...

> the-business-hub-pakistan@0.0.0 build
> vite build

vite v7.1.11 building for production...
transforming...
✓ 3098 modules transformed.
rendering chunks...
computing gzip size...
dist/index.html                                         2.18 kB │ gzip:   1.05 kB
dist/assets/verifiedBadge-CrcJq1tD.webp                10.83 kB
dist/assets/rectanglePlaceholder-nCbViREl.png          11.85 kB
dist/assets/goldenCheck-CnSHOmXW.webp                  13.45 kB
dist/assets/irfanMalikBg-D4osmO_C.jpg                  24.66 kB
dist/assets/proposal6-wLmvSjqd.webp                    28.15 kB
dist/assets/placeholderMan-BvremNML.png                36.64 kB
dist/assets/handShake-Dk1DoagP.webp                    65.18 kB
dist/assets/tower-gldBe0jJ.webp                        66.16 kB
dist/assets/tower2-LuqAcWCu.jpg                        72.52 kB
dist/assets/shakeelBg-NX99JDrP.jpg                    143.15 kB
dist/assets/MainLogo-DJpFhlQE.png                     144.86 kB
dist/assets/Fav-BPcykgsi.png                          147.34 kB
dist/assets/akhtar-qLBVRLf-.jpg                       173.92 kB
dist/assets/proposal5-DItum-r7.webp                   174.24 kB
dist/assets/tower3-DpFzgoGy.jpg                       175.56 kB
dist/assets/proposal2-B9XZZX50.webp                   192.62 kB
dist/assets/meerShinyDress-C8scZpYx.webp              229.68 kB
dist/assets/meerGreenJacket-ykCKR2uN.png              230.19 kB
dist/assets/arabic-BElshnQY.jpg                       238.42 kB
dist/assets/wasim-ETjjiRaD.jpg                        242.26 kB
dist/assets/salman-DD3Zraly.jpg                       255.18 kB
dist/assets/fahad-CnovJc60.jpg                        278.62 kB
dist/assets/tech-BdWyL5Pa.jpg                         281.71 kB
dist/assets/dubai-Bmqq4ymj.jpg                        311.77 kB
dist/assets/wasimAkramBg-D4BFEYu1.png                 313.57 kB
dist/assets/bhp-webinar-banner-4Y66DNfq.webp          380.92 kB
dist/assets/proposal3-fxAFZeku.webp                   445.47 kB
dist/assets/proposal4-CZk7QC75.webp                   542.86 kB
dist/assets/bhp-webinar-banner-mobile-3Qas_qJl.svg    589.04 kB │ gzip: 438.74 kB
dist/assets/proposal1-D37fvLUu.webp                   779.05 kB
dist/assets/wasimAkram-CBOcRO9q.png                 4,488.96 kB
dist/assets/BlogDetail-oNXnMkFG.css                     0.63 kB │ gzip:   0.26 kB
dist/assets/style-DpsRipQV.css                          3.23 kB │ gzip:   0.73 kB
dist/assets/index-x7RUDbD1.css                        152.89 kB │ gzip:  20.83 kB
dist/assets/blogs-ChqPogSE.js                           0.04 kB │ gzip:   0.06 kB
dist/assets/useDebounce-CKOMXiBa.js                     0.19 kB │ gzip:   0.17 kB
dist/assets/plus-B1v-dn3f.js                            0.33 kB │ gzip:   0.25 kB
dist/assets/arrow-right-v0aQh-Xr.js                     0.34 kB │ gzip:   0.26 kB
dist/assets/arrow-left-C1jVXnj7.js                      0.34 kB │ gzip:   0.27 kB
dist/assets/circle-check-Bl6Skwuh.js                    0.35 kB │ gzip:   0.27 kB
dist/assets/trending-up-CocZbzAK.js                     0.35 kB │ gzip:   0.27 kB
dist/assets/ban-BWelJy1U.js                             0.35 kB │ gzip:   0.28 kB
dist/assets/info-DS3-LPF-.js                            0.37 kB │ gzip:   0.28 kB
dist/assets/rotate-ccw-H0jU0bzm.js                      0.37 kB │ gzip:   0.29 kB
dist/assets/circle-x-B2aP-T8y.js                        0.38 kB │ gzip:   0.28 kB
dist/assets/Dashboard-CqmXWpgE.js                       0.38 kB │ gzip:   0.26 kB
dist/assets/Dashboard-CLnA2hoo.js                       0.38 kB │ gzip:   0.26 kB
dist/assets/mail-CvB1S7yM.js                            0.39 kB │ gzip:   0.31 kB
dist/assets/upload-Bn5Q-rKI.js                          0.40 kB │ gzip:   0.30 kB
dist/assets/log-in-D4PAEBL9.js                          0.40 kB │ gzip:   0.29 kB
dist/assets/message-square-BM6ZCc27.js                  0.41 kB │ gzip:   0.31 kB
dist/assets/globe-mj2QaGkK.js                           0.41 kB │ gzip:   0.29 kB
dist/assets/message-circle-BMsLzRdN.js                  0.41 kB │ gzip:   0.32 kB
dist/assets/circle-alert-Cbzd8a9C.js                    0.42 kB │ gzip:   0.29 kB
dist/assets/funnel-BoOMBL3k.js                          0.42 kB │ gzip:   0.31 kB
dist/assets/map-pin-C478Qrml.js                         0.43 kB │ gzip:   0.33 kB
dist/assets/calendar-BTLKd_ZN.js                        0.43 kB │ gzip:   0.31 kB
dist/assets/pencil-Dd5L3mtY.js                          0.45 kB │ gzip:   0.33 kB
dist/assets/shield-check-CXBaHtc0.js                    0.49 kB │ gzip:   0.35 kB
dist/assets/phone-DwTrcOa3.js                           0.50 kB │ gzip:   0.33 kB
dist/assets/sparkles-WT9Gh8sz.js                        0.67 kB │ gzip:   0.39 kB
dist/assets/CkEditor-CfnXrLam.js                        0.85 kB │ gzip:   0.53 kB
dist/assets/InfoBox-BhIuR_oU.js                         0.86 kB │ gzip:   0.43 kB
dist/assets/Tabs-7cXKofqG.js                            1.23 kB │ gzip:   0.65 kB
dist/assets/ToggleChips-BSsdYNvm.js                     1.68 kB │ gzip:   0.83 kB
dist/assets/topCards-D7mUjK8_.js                        1.71 kB │ gzip:   0.74 kB
dist/assets/ImageUploader-Bqv-NB3a.js                   1.92 kB │ gzip:   0.92 kB
dist/assets/ForgotPassword-C6LxXva3.js                  2.14 kB │ gzip:   1.07 kB
dist/assets/FilterDrawer-CFPtDPrS.js                    2.26 kB │ gzip:   0.96 kB
dist/assets/FounderThankYou-BGE2ipec.js                 2.29 kB │ gzip:   1.11 kB
dist/assets/ResetPassword-C9_I3N2u.js                   2.37 kB │ gzip:   1.05 kB
dist/assets/InvestorThankYou-Ci9O1S-Q.js                2.42 kB │ gzip:   1.17 kB
dist/assets/MultipleImageUploader-yvFp_kxU.js           2.61 kB │ gzip:   1.14 kB
dist/assets/index-C9p1y1pf.js                           2.72 kB │ gzip:   1.22 kB
dist/assets/AuthCallback-h5Ji6PnA.js                    2.73 kB │ gzip:   1.30 kB
dist/assets/toolbar-DzsAi6Ep.js                         2.92 kB │ gzip:   1.19 kB
dist/assets/WebinarBanner-8-c9zABD.js                   2.98 kB │ gzip:   1.13 kB
dist/assets/index-CKgkI7_8.js                           3.11 kB │ gzip:   1.48 kB
dist/assets/supabase-bulk-emails-DqfQJnyC.js            3.14 kB │ gzip:   1.12 kB
dist/assets/index-C80LEHFA.js                           3.24 kB │ gzip:   1.61 kB
dist/assets/index-NSdG8QS_.js                           3.31 kB │ gzip:   1.60 kB
dist/assets/index-BV2qSRur.js                           3.44 kB │ gzip:   1.64 kB
dist/assets/index-ZaPLqGmz.js                           3.48 kB │ gzip:   1.67 kB
dist/assets/index--5HqXhV4.js                           3.72 kB │ gzip:   1.71 kB
dist/assets/index-D8jrYth2.js                           3.84 kB │ gzip:   1.89 kB
dist/assets/index-Xx7fHBOe.js                           3.85 kB │ gzip:   1.89 kB
dist/assets/index-Bmbdspjd.js                           3.97 kB │ gzip:   1.57 kB
dist/assets/index-XaeVH4Mp.js                           4.19 kB │ gzip:   1.86 kB
dist/assets/index-DoC8yWGm.js                           4.39 kB │ gzip:   1.93 kB
dist/assets/ContactSupport-BIyMsVU9.js                  4.66 kB │ gzip:   1.94 kB
dist/assets/Stepper-Clng8aUR.js                         4.66 kB │ gzip:   2.02 kB
dist/assets/Login-DskttDsn.js                           4.77 kB │ gzip:   1.96 kB
dist/assets/index-DhLz57U0.js                           5.04 kB │ gzip:   2.16 kB
dist/assets/CreateBlog-Ctapgwee.js                      5.16 kB │ gzip:   2.20 kB
dist/assets/AllBlogs-BEjo7IFt.js                        5.18 kB │ gzip:   2.08 kB
dist/assets/SelectRole-Dng4JjtV.js                      5.67 kB │ gzip:   2.39 kB
dist/assets/VerifyUserEmail-CHE-kziJ.js                 5.88 kB │ gzip:   2.10 kB
dist/assets/EditBlog-BPq6fBNM.js                        6.04 kB │ gzip:   2.58 kB
dist/assets/Profile-BYXm7KKb.js                         6.82 kB │ gzip:   2.17 kB
dist/assets/SignUp-BUJOlZif.js                          6.86 kB │ gzip:   2.59 kB
dist/assets/ViewRemindersModal-C0Wds61A.js              6.92 kB │ gzip:   2.55 kB
dist/assets/index-OrV8TNlv.js                           7.82 kB │ gzip:   3.19 kB
dist/assets/index-CUYLStv0.js                           9.20 kB │ gzip:   3.79 kB
dist/assets/index-ClKetDSE.js                           9.81 kB │ gzip:   3.62 kB
dist/assets/businessProposalCard-CjH1PP6-.js            9.95 kB │ gzip:   3.35 kB
dist/assets/index-D3xrSd-t.js                           9.97 kB │ gzip:   3.23 kB
dist/assets/Header-DBmaoNL0.js                         11.40 kB │ gzip:   3.46 kB
dist/assets/table-D24csJPF.js                          12.01 kB │ gzip:   3.74 kB
dist/assets/SimplifiedProfile-3IrbtECF.js              13.42 kB │ gzip:   3.55 kB
dist/assets/index-B3ZPn7sl.js                          15.68 kB │ gzip:   4.83 kB
dist/assets/CreateNewBatch-BG1X1rmK.js                 16.81 kB │ gzip:   4.55 kB
dist/assets/EditFounder-BJaW4J7g.js                    18.00 kB │ gzip:   4.37 kB
dist/assets/index-CWmxr98a.js                          18.47 kB │ gzip:   5.95 kB
dist/assets/EditInvestor-hjB4bHwW.js                   18.98 kB │ gzip:   4.64 kB
dist/assets/index-DiiUHQBC.js                          20.15 kB │ gzip:   6.63 kB
dist/assets/index-DDdJEFwm.js                          20.39 kB │ gzip:   6.55 kB
dist/assets/index-CWgiaIL5.js                          21.26 kB │ gzip:   5.58 kB
dist/assets/BlogDetail-1m4LS6pr.js                     22.13 kB │ gzip:   9.02 kB
dist/assets/index-CU4oIRPG.js                          22.32 kB │ gzip:   6.61 kB
dist/assets/index-PhcV0jJk.js                          23.38 kB │ gzip:   7.40 kB
dist/assets/ViewBusinessProposal-D_WBJfGf.js           25.91 kB │ gzip:   6.37 kB
dist/assets/Landing-DS-5DE7L.js                       151.03 kB │ gzip:  53.08 kB
dist/assets/xlsx-DGuHH-KN.js                          429.49 kB │ gzip: 143.07 kB
dist/assets/index-tjcpSZho.js                         616.00 kB │ gzip: 165.70 kB
dist/assets/index-CgutAFqe.js                       2,813.06 kB │ gzip: 752.00 kB

(!) Some chunks are larger than 1500 kB after minification. Consider:
- Using dynamic import() to code-split the application
- Use build.rollupOptions.output.manualChunks to improve chunking: https://rollupjs.org/configuration-options/#output-manualchunks
- Adjust chunk size limit for this warning via build.chunkSizeWarningLimit.
✓ built in 16.81s
Packaging build...
  adding: favicon.ico (deflated 13%)
  adding: assets/ (stored 0%)
  adding: assets/irfanMalikBg-D4osmO_C.jpg (deflated 1%)
  adding: assets/meerShinyDress-C8scZpYx.webp (deflated 0%)
  adding: assets/meerGreenJacket-ykCKR2uN.png (deflated 0%)
  adding: assets/shakeelBg-NX99JDrP.jpg (deflated 0%)
  adding: assets/akhtar-qLBVRLf-.jpg (deflated 1%)
  adding: assets/arabic-BElshnQY.jpg (deflated 0%)
  adding: assets/wasimAkramBg-D4BFEYu1.png (deflated 0%)
  adding: assets/handShake-Dk1DoagP.webp (deflated 0%)
  adding: assets/dubai-Bmqq4ymj.jpg (deflated 0%)
  adding: assets/salman-DD3Zraly.jpg (deflated 0%)
  adding: assets/fahad-CnovJc60.jpg (deflated 0%)
  adding: assets/wasim-ETjjiRaD.jpg (deflated 0%)
  adding: assets/rectanglePlaceholder-nCbViREl.png (deflated 31%)
  adding: assets/placeholderMan-BvremNML.png (deflated 3%)
  adding: assets/tech-BdWyL5Pa.jpg (deflated 0%)
  adding: assets/goldenCheck-CnSHOmXW.webp (stored 0%)
  adding: assets/Fav-BPcykgsi.png (deflated 5%)
  adding: assets/MainLogo-DJpFhlQE.png (deflated 4%)
  adding: assets/verifiedBadge-CrcJq1tD.webp (deflated 1%)
  adding: assets/bhp-webinar-banner-4Y66DNfq.webp (deflated 1%)
  adding: assets/tower-gldBe0jJ.webp (deflated 0%)
  adding: assets/tower2-LuqAcWCu.jpg (deflated 2%)
  adding: assets/tower3-DpFzgoGy.jpg (deflated 0%)
  adding: assets/proposal2-B9XZZX50.webp (deflated 3%)
  adding: assets/proposal3-fxAFZeku.webp (deflated 1%)
  adding: assets/proposal5-DItum-r7.webp (deflated 4%)
  adding: assets/proposal6-wLmvSjqd.webp (deflated 0%)
  adding: assets/bhp-webinar-banner-mobile-3Qas_qJl.svg (deflated 25%)
  adding: assets/proposal1-D37fvLUu.webp (deflated 1%)
  adding: assets/proposal4-CZk7QC75.webp (deflated 1%)
  adding: assets/wasimAkram-CBOcRO9q.png (deflated 1%)
  adding: assets/index-x7RUDbD1.css (deflated 86%)
  adding: assets/BlogDetail-oNXnMkFG.css (deflated 62%)
  adding: assets/style-DpsRipQV.css (deflated 78%)
  adding: assets/index-CgutAFqe.js (deflated 73%)
  adding: assets/xlsx-DGuHH-KN.js (deflated 67%)
  adding: assets/Landing-DS-5DE7L.js (deflated 65%)
  adding: assets/BlogDetail-1m4LS6pr.js (deflated 60%)
  adding: assets/AllBlogs-BEjo7IFt.js (deflated 60%)
  adding: assets/index-C80LEHFA.js (deflated 51%)
  adding: assets/index-CKgkI7_8.js (deflated 53%)
  adding: assets/index-BV2qSRur.js (deflated 53%)
  adding: assets/index-NSdG8QS_.js (deflated 52%)
  adding: assets/index--5HqXhV4.js (deflated 54%)
  adding: assets/Header-DBmaoNL0.js (deflated 70%)
  adding: assets/SignUp-BUJOlZif.js (deflated 63%)
  adding: assets/ForgotPassword-C6LxXva3.js (deflated 51%)
  adding: assets/VerifyUserEmail-CHE-kziJ.js (deflated 64%)
  adding: assets/ResetPassword-C9_I3N2u.js (deflated 56%)
  adding: assets/ContactSupport-BIyMsVU9.js (deflated 59%)
  adding: assets/AuthCallback-h5Ji6PnA.js (deflated 53%)
  adding: assets/SelectRole-Dng4JjtV.js (deflated 58%)
  adding: assets/InvestorThankYou-Ci9O1S-Q.js (deflated 52%)
  adding: assets/FounderThankYou-BGE2ipec.js (deflated 52%)
  adding: assets/arrow-right-v0aQh-Xr.js (deflated 27%)
  adding: assets/Login-DskttDsn.js (deflated 59%)
  adding: assets/Profile-BYXm7KKb.js (deflated 69%)
  adding: assets/index-OrV8TNlv.js (deflated 60%)
  adding: assets/index-PhcV0jJk.js (deflated 68%)
  adding: assets/EditInvestor-hjB4bHwW.js (deflated 76%)
  adding: assets/index-DDdJEFwm.js (deflated 68%)
  adding: assets/ViewRemindersModal-C0Wds61A.js (deflated 63%)
  adding: assets/EditFounder-BJaW4J7g.js (deflated 76%)
  adding: assets/index-CUYLStv0.js (deflated 59%)
  adding: assets/index-DiiUHQBC.js (deflated 67%)
  adding: assets/log-in-D4PAEBL9.js (deflated 32%)
  adding: assets/pencil-Dd5L3mtY.js (deflated 31%)
  adding: assets/index-CWmxr98a.js (deflated 68%)
  adding: assets/ViewBusinessProposal-D_WBJfGf.js (deflated 75%)
  adding: assets/circle-check-Bl6Skwuh.js (deflated 27%)
  adding: assets/index-CU4oIRPG.js (deflated 70%)
  adding: assets/index-C9p1y1pf.js (deflated 54%)
  adding: assets/mail-CvB1S7yM.js (deflated 26%)
  adding: assets/phone-DwTrcOa3.js (deflated 37%)
  adding: assets/map-pin-C478Qrml.js (deflated 28%)
  adding: assets/shield-check-CXBaHtc0.js (deflated 32%)
  adding: assets/sparkles-WT9Gh8sz.js (deflated 45%)
  adding: assets/trending-up-CocZbzAK.js (deflated 26%)
  adding: assets/globe-mj2QaGkK.js (deflated 33%)
  adding: assets/blogs-ChqPogSE.js (stored 0%)
  adding: assets/calendar-BTLKd_ZN.js (deflated 33%)
  adding: assets/index-ZaPLqGmz.js (deflated 53%)
  adding: assets/message-circle-BMsLzRdN.js (deflated 28%)
  adding: assets/arrow-left-C1jVXnj7.js (deflated 26%)
  adding: assets/InfoBox-BhIuR_oU.js (deflated 52%)
  adding: assets/info-DS3-LPF-.js (deflated 30%)
  adding: assets/circle-alert-Cbzd8a9C.js (deflated 36%)
  adding: assets/index-tjcpSZho.js (deflated 73%)
  adding: assets/topCards-D7mUjK8_.js (deflated 58%)
  adding: assets/WebinarBanner-8-c9zABD.js (deflated 63%)
  adding: assets/ImageUploader-Bqv-NB3a.js (deflated 53%)
  adding: assets/upload-Bn5Q-rKI.js (deflated 31%)
  adding: assets/table-D24csJPF.js (deflated 69%)
  adding: assets/toolbar-DzsAi6Ep.js (deflated 60%)
  adding: assets/useDebounce-CKOMXiBa.js (deflated 22%)
  adding: assets/message-square-BM6ZCc27.js (deflated 29%)
  adding: assets/funnel-BoOMBL3k.js (deflated 30%)
  adding: assets/FilterDrawer-CFPtDPrS.js (deflated 58%)
  adding: assets/rotate-ccw-H0jU0bzm.js (deflated 28%)
  adding: assets/ToggleChips-BSsdYNvm.js (deflated 52%)
  adding: assets/circle-x-B2aP-T8y.js (deflated 31%)
  adding: assets/ban-BWelJy1U.js (deflated 27%)
  adding: assets/plus-B1v-dn3f.js (deflated 28%)
  adding: assets/Tabs-7cXKofqG.js (deflated 49%)
  adding: assets/businessProposalCard-CjH1PP6-.js (deflated 67%)
  adding: assets/Stepper-Clng8aUR.js (deflated 57%)
  adding: assets/MultipleImageUploader-yvFp_kxU.js (deflated 57%)
  adding: assets/index-D3xrSd-t.js (deflated 68%)
  adding: assets/supabase-bulk-emails-DqfQJnyC.js (deflated 65%)
  adding: assets/CkEditor-CfnXrLam.js (deflated 40%)
  adding: assets/CreateNewBatch-BG1X1rmK.js (deflated 73%)
  adding: assets/index-DhLz57U0.js (deflated 58%)
  adding: assets/CreateBlog-Ctapgwee.js (deflated 58%)
  adding: assets/EditBlog-BPq6fBNM.js (deflated 57%)
  adding: assets/index-B3ZPn7sl.js (deflated 69%)
  adding: assets/Dashboard-CLnA2hoo.js (deflated 37%)
  adding: assets/SimplifiedProfile-3IrbtECF.js (deflated 74%)
  adding: assets/index-D8jrYth2.js (deflated 51%)
  adding: assets/index-DoC8yWGm.js (deflated 56%)
  adding: assets/index-Bmbdspjd.js (deflated 61%)
  adding: assets/index-XaeVH4Mp.js (deflated 56%)
  adding: assets/Dashboard-CqmXWpgE.js (deflated 37%)
  adding: assets/index-CWgiaIL5.js (deflated 74%)
  adding: assets/index-ClKetDSE.js (deflated 63%)
  adding: assets/index-Xx7fHBOe.js (deflated 51%)
  adding: index.html (deflated 52%)
Saving Lightsail SSH key...
Uploading build to Lightsail...
Warning: Permanently added '15.207.22.250' (ED25519) to the list of known hosts.
Deploying build to /var/www/html ...
Archive:  /home/ubuntu/react-build.zip
  inflating: /var/www/html/favicon.ico  
   creating: /var/www/html/assets/
  inflating: /var/www/html/assets/irfanMalikBg-D4osmO_C.jpg  
  inflating: /var/www/html/assets/meerShinyDress-C8scZpYx.webp  
  inflating: /var/www/html/assets/meerGreenJacket-ykCKR2uN.png  
  inflating: /var/www/html/assets/shakeelBg-NX99JDrP.jpg  
  inflating: /var/www/html/assets/akhtar-qLBVRLf-.jpg  
  inflating: /var/www/html/assets/arabic-BElshnQY.jpg  
  inflating: /var/www/html/assets/wasimAkramBg-D4BFEYu1.png  
  inflating: /var/www/html/assets/handShake-Dk1DoagP.webp  
  inflating: /var/www/html/assets/dubai-Bmqq4ymj.jpg  
  inflating: /var/www/html/assets/salman-DD3Zraly.jpg  
  inflating: /var/www/html/assets/fahad-CnovJc60.jpg  
  inflating: /var/www/html/assets/wasim-ETjjiRaD.jpg  
  inflating: /var/www/html/assets/rectanglePlaceholder-nCbViREl.png  
  inflating: /var/www/html/assets/placeholderMan-BvremNML.png  
  inflating: /var/www/html/assets/tech-BdWyL5Pa.jpg  
 extracting: /var/www/html/assets/goldenCheck-CnSHOmXW.webp  
  inflating: /var/www/html/assets/Fav-BPcykgsi.png  
  inflating: /var/www/html/assets/MainLogo-DJpFhlQE.png  
  inflating: /var/www/html/assets/verifiedBadge-CrcJq1tD.webp  
  inflating: /var/www/html/assets/bhp-webinar-banner-4Y66DNfq.webp  
  inflating: /var/www/html/assets/tower-gldBe0jJ.webp  
  inflating: /var/www/html/assets/tower2-LuqAcWCu.jpg  
  inflating: /var/www/html/assets/tower3-DpFzgoGy.jpg  
  inflating: /var/www/html/assets/proposal2-B9XZZX50.webp  
  inflating: /var/www/html/assets/proposal3-fxAFZeku.webp  
  inflating: /var/www/html/assets/proposal5-DItum-r7.webp  
  inflating: /var/www/html/assets/proposal6-wLmvSjqd.webp  
  inflating: /var/www/html/assets/bhp-webinar-banner-mobile-3Qas_qJl.svg  
  inflating: /var/www/html/assets/proposal1-D37fvLUu.webp  
  inflating: /var/www/html/assets/proposal4-CZk7QC75.webp  
  inflating: /var/www/html/assets/wasimAkram-CBOcRO9q.png  
  inflating: /var/www/html/assets/index-x7RUDbD1.css  
  inflating: /var/www/html/assets/BlogDetail-oNXnMkFG.css  
  inflating: /var/www/html/assets/style-DpsRipQV.css  
  inflating: /var/www/html/assets/index-CgutAFqe.js  
  inflating: /var/www/html/assets/xlsx-DGuHH-KN.js  
  inflating: /var/www/html/assets/Landing-DS-5DE7L.js  
  inflating: /var/www/html/assets/BlogDetail-1m4LS6pr.js  
  inflating: /var/www/html/assets/AllBlogs-BEjo7IFt.js  
  inflating: /var/www/html/assets/index-C80LEHFA.js  
  inflating: /var/www/html/assets/index-CKgkI7_8.js  
  inflating: /var/www/html/assets/index-BV2qSRur.js  
  inflating: /var/www/html/assets/index-NSdG8QS_.js  
  inflating: /var/www/html/assets/index--5HqXhV4.js  
  inflating: /var/www/html/assets/Header-DBmaoNL0.js  
  inflating: /var/www/html/assets/SignUp-BUJOlZif.js  
  inflating: /var/www/html/assets/ForgotPassword-C6LxXva3.js  
  inflating: /var/www/html/assets/VerifyUserEmail-CHE-kziJ.js  
  inflating: /var/www/html/assets/ResetPassword-C9_I3N2u.js  
  inflating: /var/www/html/assets/ContactSupport-BIyMsVU9.js  
  inflating: /var/www/html/assets/AuthCallback-h5Ji6PnA.js  
  inflating: /var/www/html/assets/SelectRole-Dng4JjtV.js  
  inflating: /var/www/html/assets/InvestorThankYou-Ci9O1S-Q.js  
  inflating: /var/www/html/assets/FounderThankYou-BGE2ipec.js  
  inflating: /var/www/html/assets/arrow-right-v0aQh-Xr.js  
  inflating: /var/www/html/assets/Login-DskttDsn.js  
  inflating: /var/www/html/assets/Profile-BYXm7KKb.js  
  inflating: /var/www/html/assets/index-OrV8TNlv.js  
  inflating: /var/www/html/assets/index-PhcV0jJk.js  
  inflating: /var/www/html/assets/EditInvestor-hjB4bHwW.js  
  inflating: /var/www/html/assets/index-DDdJEFwm.js  
  inflating: /var/www/html/assets/ViewRemindersModal-C0Wds61A.js  
  inflating: /var/www/html/assets/EditFounder-BJaW4J7g.js  
  inflating: /var/www/html/assets/index-CUYLStv0.js  
  inflating: /var/www/html/assets/index-DiiUHQBC.js  
  inflating: /var/www/html/assets/log-in-D4PAEBL9.js  
  inflating: /var/www/html/assets/pencil-Dd5L3mtY.js  
  inflating: /var/www/html/assets/index-CWmxr98a.js  
  inflating: /var/www/html/assets/ViewBusinessProposal-D_WBJfGf.js  
  inflating: /var/www/html/assets/circle-check-Bl6Skwuh.js  
  inflating: /var/www/html/assets/index-CU4oIRPG.js  
  inflating: /var/www/html/assets/index-C9p1y1pf.js  
  inflating: /var/www/html/assets/mail-CvB1S7yM.js  
  inflating: /var/www/html/assets/phone-DwTrcOa3.js  
  inflating: /var/www/html/assets/map-pin-C478Qrml.js  
  inflating: /var/www/html/assets/shield-check-CXBaHtc0.js  
  inflating: /var/www/html/assets/sparkles-WT9Gh8sz.js  
  inflating: /var/www/html/assets/trending-up-CocZbzAK.js  
  inflating: /var/www/html/assets/globe-mj2QaGkK.js  
 extracting: /var/www/html/assets/blogs-ChqPogSE.js  
  inflating: /var/www/html/assets/calendar-BTLKd_ZN.js  
  inflating: /var/www/html/assets/index-ZaPLqGmz.js  
  inflating: /var/www/html/assets/message-circle-BMsLzRdN.js  
  inflating: /var/www/html/assets/arrow-left-C1jVXnj7.js  
  inflating: /var/www/html/assets/InfoBox-BhIuR_oU.js  
  inflating: /var/www/html/assets/info-DS3-LPF-.js  
  inflating: /var/www/html/assets/circle-alert-Cbzd8a9C.js  
  inflating: /var/www/html/assets/index-tjcpSZho.js  
  inflating: /var/www/html/assets/topCards-D7mUjK8_.js  
  inflating: /var/www/html/assets/WebinarBanner-8-c9zABD.js  
  inflating: /var/www/html/assets/ImageUploader-Bqv-NB3a.js  
  inflating: /var/www/html/assets/upload-Bn5Q-rKI.js  
  inflating: /var/www/html/assets/table-D24csJPF.js  
  inflating: /var/www/html/assets/toolbar-DzsAi6Ep.js  
  inflating: /var/www/html/assets/useDebounce-CKOMXiBa.js  
  inflating: /var/www/html/assets/message-square-BM6ZCc27.js  
  inflating: /var/www/html/assets/funnel-BoOMBL3k.js  
  inflating: /var/www/html/assets/FilterDrawer-CFPtDPrS.js  
  inflating: /var/www/html/assets/rotate-ccw-H0jU0bzm.js  
  inflating: /var/www/html/assets/ToggleChips-BSsdYNvm.js  
  inflating: /var/www/html/assets/circle-x-B2aP-T8y.js  
  inflating: /var/www/html/assets/ban-BWelJy1U.js  
  inflating: /var/www/html/assets/plus-B1v-dn3f.js  
  inflating: /var/www/html/assets/Tabs-7cXKofqG.js  
  inflating: /var/www/html/assets/businessProposalCard-CjH1PP6-.js  
  inflating: /var/www/html/assets/Stepper-Clng8aUR.js  
  inflating: /var/www/html/assets/MultipleImageUploader-yvFp_kxU.js  
  inflating: /var/www/html/assets/index-D3xrSd-t.js  
  inflating: /var/www/html/assets/supabase-bulk-emails-DqfQJnyC.js  
  inflating: /var/www/html/assets/CkEditor-CfnXrLam.js  
  inflating: /var/www/html/assets/CreateNewBatch-BG1X1rmK.js  
  inflating: /var/www/html/assets/index-DhLz57U0.js  
  inflating: /var/www/html/assets/CreateBlog-Ctapgwee.js  
  inflating: /var/www/html/assets/EditBlog-BPq6fBNM.js  
  inflating: /var/www/html/assets/index-B3ZPn7sl.js  
  inflating: /var/www/html/assets/Dashboard-CLnA2hoo.js  
  inflating: /var/www/html/assets/SimplifiedProfile-3IrbtECF.js  
  inflating: /var/www/html/assets/index-D8jrYth2.js  
  inflating: /var/www/html/assets/index-DoC8yWGm.js  
  inflating: /var/www/html/assets/index-Bmbdspjd.js  
  inflating: /var/www/html/assets/index-XaeVH4Mp.js  
  inflating: /var/www/html/assets/Dashboard-CqmXWpgE.js  
  inflating: /var/www/html/assets/index-CWgiaIL5.js  
  inflating: /var/www/html/assets/index-ClKetDSE.js  
  inflating: /var/www/html/assets/index-Xx7fHBOe.js  
  inflating: /var/www/html/index.html  
Saving Git logs repo SSH key...
Testing GitHub SSH key...
Cloning deployment-logs repo...
Cloning into 'logs-repo'...
