Installing dependencies...
npm warn deprecated w3c-hr-time@1.0.2: Use your platform's native performance.now() and performance.timeOrigin.
npm warn deprecated domexception@2.0.1: Use your platform's native DOMException instead
npm warn deprecated abab@2.0.6: Use your platform's native atob() and btoa() methods instead

> the-business-hub-pakistan@0.0.0 prepare
> husky

.git can't be found
added 1810 packages, and audited 1811 packages in 5m

253 packages are looking for funding
  run `npm fund` for details

80 vulnerabilities (71 moderate, 9 high)

To address issues that do not require attention, run:
  npm audit fix

To address all issues possible (including breaking changes), run:
  npm audit fix --force

Some issues need review, and may require choosing
a different dependency.

Run `npm audit` for details.
Building React app...

> the-business-hub-pakistan@0.0.0 build
> vite build

vite v7.1.11 building for production...
transforming...
✓ 3104 modules transformed.
rendering chunks...
computing gzip size...
dist/index.html                                    2.18 kB │ gzip:   1.05 kB
dist/assets/verifiedBadge-CrcJq1tD.webp           10.83 kB
dist/assets/rectanglePlaceholder-nCbViREl.png     11.85 kB
dist/assets/goldenCheck-CnSHOmXW.webp             13.45 kB
dist/assets/irfanMalikBg-D4osmO_C.jpg             24.66 kB
dist/assets/proposal6-wLmvSjqd.webp               28.15 kB
dist/assets/placeholderMan-BvremNML.png           36.64 kB
dist/assets/handShake-Dk1DoagP.webp               65.18 kB
dist/assets/tower-gldBe0jJ.webp                   66.16 kB
dist/assets/tower2-LuqAcWCu.jpg                   72.52 kB
dist/assets/shakeelBg-NX99JDrP.jpg               143.15 kB
dist/assets/MainLogo-DJpFhlQE.png                144.86 kB
dist/assets/Fav-BPcykgsi.png                     147.34 kB
dist/assets/akhtar-qLBVRLf-.jpg                  173.92 kB
dist/assets/proposal5-DItum-r7.webp              174.24 kB
dist/assets/tower3-DpFzgoGy.jpg                  175.56 kB
dist/assets/proposal2-B9XZZX50.webp              192.62 kB
dist/assets/meerShinyDress-C8scZpYx.webp         229.68 kB
dist/assets/meerGreenJacket-ykCKR2uN.png         230.19 kB
dist/assets/arabic-BElshnQY.jpg                  238.42 kB
dist/assets/wasim-ETjjiRaD.jpg                   242.26 kB
dist/assets/salman-DD3Zraly.jpg                  255.18 kB
dist/assets/fahad-CnovJc60.jpg                   278.62 kB
dist/assets/tech-BdWyL5Pa.jpg                    281.71 kB
dist/assets/dubai-Bmqq4ymj.jpg                   311.77 kB
dist/assets/wasimAkramBg-D4BFEYu1.png            313.57 kB
dist/assets/proposal3-fxAFZeku.webp              445.47 kB
dist/assets/proposal4-CZk7QC75.webp              542.86 kB
dist/assets/proposal1-D37fvLUu.webp              779.05 kB
dist/assets/wasimAkram-CBOcRO9q.png            4,488.96 kB
dist/assets/BlogDetail-oNXnMkFG.css                0.63 kB │ gzip:   0.26 kB
dist/assets/style-DpsRipQV.css                     3.23 kB │ gzip:   0.73 kB
dist/assets/index-VEC6csTg.css                   154.74 kB │ gzip:  21.06 kB
dist/assets/blogs-ChqPogSE.js                      0.04 kB │ gzip:   0.06 kB
dist/assets/webinarBanner-XLbHXaFF.js              0.17 kB │ gzip:   0.15 kB
dist/assets/useDebounce-DAqgCDth.js                0.19 kB │ gzip:   0.17 kB
dist/assets/plus-LbbZRnnQ.js                       0.33 kB │ gzip:   0.25 kB
dist/assets/arrow-left-BZApj7-z.js                 0.34 kB │ gzip:   0.27 kB
dist/assets/circle-check-BM67Szwn.js               0.35 kB │ gzip:   0.27 kB
dist/assets/trending-up-BOgfHuta.js                0.35 kB │ gzip:   0.27 kB
dist/assets/ban-BHg4b26O.js                        0.35 kB │ gzip:   0.27 kB
dist/assets/info-DKlamnzy.js                       0.37 kB │ gzip:   0.28 kB
dist/assets/rotate-ccw-DTARof59.js                 0.37 kB │ gzip:   0.29 kB
dist/assets/circle-x-Cqb4SBCl.js                   0.38 kB │ gzip:   0.28 kB
dist/assets/Dashboard-DozScQyz.js                  0.39 kB │ gzip:   0.27 kB
dist/assets/Dashboard-ByAg86Bk.js                  0.39 kB │ gzip:   0.27 kB
dist/assets/upload-DkUmWxvA.js                     0.40 kB │ gzip:   0.29 kB
dist/assets/message-square-D7UcQ17l.js             0.41 kB │ gzip:   0.30 kB
dist/assets/globe-BZhA7L1v.js                      0.41 kB │ gzip:   0.29 kB
dist/assets/message-circle-b1UiweWo.js             0.41 kB │ gzip:   0.31 kB
dist/assets/circle-alert-DW5WEFC3.js               0.42 kB │ gzip:   0.29 kB
dist/assets/external-link-CWPJWPCz.js              0.42 kB │ gzip:   0.30 kB
dist/assets/funnel-DFcAX0H-.js                     0.42 kB │ gzip:   0.31 kB
dist/assets/calendar-DOjlp-6L.js                   0.43 kB │ gzip:   0.31 kB
dist/assets/pencil-BcpTVuRb.js                     0.45 kB │ gzip:   0.33 kB
dist/assets/bookmark-plus-Zw9lKtmW.js              0.45 kB │ gzip:   0.32 kB
dist/assets/shield-check-B4prY32j.js               0.49 kB │ gzip:   0.35 kB
dist/assets/sparkles-IiP-Ve3P.js                   0.67 kB │ gzip:   0.39 kB
dist/assets/CurrencyWithApprox-Hfkj2HuT.js         0.84 kB │ gzip:   0.49 kB
dist/assets/CkEditor-CBCuPvh-.js                   0.85 kB │ gzip:   0.53 kB
dist/assets/InfoBox-1bCPtb2k.js                    0.86 kB │ gzip:   0.43 kB
dist/assets/Tabs-DQeh_NFT.js                       1.23 kB │ gzip:   0.65 kB
dist/assets/ToggleChips-CMauxcsd.js                1.68 kB │ gzip:   0.83 kB
dist/assets/topCards-Dq8VluWB.js                   1.71 kB │ gzip:   0.74 kB
dist/assets/ForgotPassword-BOoYP5HZ.js             2.11 kB │ gzip:   1.06 kB
dist/assets/FounderThankYou-DPDwZ8mP.js            2.22 kB │ gzip:   1.08 kB
dist/assets/FilterDrawer-Bd5R9x19.js               2.26 kB │ gzip:   0.96 kB
dist/assets/shortlistUtils-CwppRAuK.js             2.31 kB │ gzip:   0.90 kB
dist/assets/ResetPassword-DgSdEelI.js              2.34 kB │ gzip:   1.04 kB
dist/assets/InvestorThankYou-CxTzcPTe.js           2.35 kB │ gzip:   1.15 kB
dist/assets/MultipleImageUploader-LOwXLLTV.js      2.61 kB │ gzip:   1.14 kB
dist/assets/toolbar-XiaOkNql.js                    2.69 kB │ gzip:   1.15 kB
dist/assets/AuthCallback-hW50Bawh.js               2.71 kB │ gzip:   1.29 kB
dist/assets/ImageUploader-CSEg0BnB.js              2.74 kB │ gzip:   1.19 kB
dist/assets/index-BMG6U8xF.js                      2.86 kB │ gzip:   1.36 kB
dist/assets/index-hUds4J26.js                      2.99 kB │ gzip:   1.50 kB
dist/assets/index-Ipbg_gH4.js                      3.06 kB │ gzip:   1.48 kB
dist/assets/supabase-bulk-emails-wEEOHczg.js       3.14 kB │ gzip:   1.12 kB
dist/assets/index-pOEbE3B4.js                      3.19 kB │ gzip:   1.52 kB
dist/assets/index-DzNWwi01.js                      3.48 kB │ gzip:   1.67 kB
dist/assets/index-D5gu6C-G.js                      3.51 kB │ gzip:   1.61 kB
dist/assets/index-DD9nItCc.js                      3.67 kB │ gzip:   1.85 kB
dist/assets/index-DEO8PZvx.js                      3.84 kB │ gzip:   1.89 kB
dist/assets/index-De36iQO-.js                      3.85 kB │ gzip:   1.89 kB
dist/assets/index-DvjJPIwm.js                      4.39 kB │ gzip:   1.99 kB
dist/assets/index-DNiAeaB9.js                      4.49 kB │ gzip:   2.03 kB
dist/assets/ContactSupport-B0MyGQQd.js             4.63 kB │ gzip:   1.93 kB
dist/assets/Stepper-BFmP7Hk2.js                    4.66 kB │ gzip:   2.01 kB
dist/assets/Login-B_g10VyS.js                      4.74 kB │ gzip:   1.95 kB
dist/assets/index-BDlP9uxY.js                      5.04 kB │ gzip:   2.16 kB
dist/assets/CreateBlog-7wZSd8rY.js                 5.16 kB │ gzip:   2.20 kB
dist/assets/AllBlogs-nNbSQWY5.js                   5.17 kB │ gzip:   2.06 kB
dist/assets/SelectRole-C8h-oXd9.js                 5.64 kB │ gzip:   2.38 kB
dist/assets/VerifyUserEmail-DsTXLETo.js            5.82 kB │ gzip:   2.08 kB
dist/assets/EditBlog-D1_rhe8v.js                   6.02 kB │ gzip:   2.58 kB
dist/assets/SignUp-BuCmVwbh.js                     6.83 kB │ gzip:   2.58 kB
dist/assets/Profile-Bb2ZEAxi.js                    6.86 kB │ gzip:   2.19 kB
dist/assets/ViewRemindersModal-C1PMEBnw.js         6.92 kB │ gzip:   2.55 kB
dist/assets/index-Cw8BtSrq.js                      7.76 kB │ gzip:   3.16 kB
dist/assets/index-D9LUnrhp.js                      8.01 kB │ gzip:   2.95 kB
dist/assets/index-Dq1eEGZo.js                      9.20 kB │ gzip:   3.79 kB
dist/assets/businessProposalCard-C4uCjOLt.js       9.66 kB │ gzip:   3.29 kB
dist/assets/index-C8JtfHUj.js                      9.81 kB │ gzip:   3.62 kB
dist/assets/index-CcvUpLZE.js                      9.94 kB │ gzip:   3.22 kB
dist/assets/table-BKhLNbml.js                     11.89 kB │ gzip:   3.72 kB
dist/assets/SimplifiedProfile-D_WUKr-k.js         13.42 kB │ gzip:   3.56 kB
dist/assets/index-adHY9rjp.js                     15.62 kB │ gzip:   4.81 kB
dist/assets/CreateNewBatch-JLOt_92i.js            16.75 kB │ gzip:   4.53 kB
dist/assets/EditFounder-D79sRq0k.js               18.01 kB │ gzip:   4.37 kB
dist/assets/index-D6n0GNY4.js                     18.47 kB │ gzip:   5.95 kB
dist/assets/EditInvestor-t6cYNCUi.js              18.98 kB │ gzip:   4.65 kB
dist/assets/index-CsTIqXif.js                     20.05 kB │ gzip:   6.59 kB
dist/assets/index-Bl5n6NLi.js                     20.29 kB │ gzip:   6.52 kB
dist/assets/index-_fxNpaOD.js                     21.30 kB │ gzip:   5.60 kB
dist/assets/BlogDetail-iAaQNpoE.js                21.83 kB │ gzip:   8.94 kB
dist/assets/index-NNd-pCkg.js                     22.33 kB │ gzip:   6.61 kB
dist/assets/ViewBusinessProposal-BkgOAITZ.js      25.92 kB │ gzip:   6.37 kB
dist/assets/index-ZRxo_WQY.js                     26.80 kB │ gzip:   8.50 kB
dist/assets/Landing-DxeUMc6y.js                  151.91 kB │ gzip:  53.55 kB
dist/assets/xlsx-DGuHH-KN.js                     429.49 kB │ gzip: 143.07 kB
dist/assets/index-z6GPi53y.js                    623.52 kB │ gzip: 167.72 kB
dist/assets/index-0v0fdqkh.js                  2,828.63 kB │ gzip: 755.72 kB

(!) Some chunks are larger than 1500 kB after minification. Consider:
- Using dynamic import() to code-split the application
- Use build.rollupOptions.output.manualChunks to improve chunking: https://rollupjs.org/configuration-options/#output-manualchunks
- Adjust chunk size limit for this warning via build.chunkSizeWarningLimit.
✓ built in 18.75s
Packaging build...
  adding: favicon.ico (deflated 13%)
  adding: robots.txt (deflated 3%)
  adding: sitemap.xml (deflated 60%)
  adding: assets/ (stored 0%)
  adding: assets/irfanMalikBg-D4osmO_C.jpg (deflated 1%)
  adding: assets/meerGreenJacket-ykCKR2uN.png (deflated 0%)
  adding: assets/meerShinyDress-C8scZpYx.webp (deflated 0%)
  adding: assets/shakeelBg-NX99JDrP.jpg (deflated 0%)
  adding: assets/wasimAkramBg-D4BFEYu1.png (deflated 0%)
  adding: assets/akhtar-qLBVRLf-.jpg (deflated 1%)
  adding: assets/arabic-BElshnQY.jpg (deflated 0%)
  adding: assets/dubai-Bmqq4ymj.jpg (deflated 0%)
  adding: assets/handShake-Dk1DoagP.webp (deflated 0%)
  adding: assets/fahad-CnovJc60.jpg (deflated 0%)
  adding: assets/salman-DD3Zraly.jpg (deflated 0%)
  adding: assets/wasim-ETjjiRaD.jpg (deflated 0%)
  adding: assets/tech-BdWyL5Pa.jpg (deflated 0%)
  adding: assets/rectanglePlaceholder-nCbViREl.png (deflated 31%)
  adding: assets/placeholderMan-BvremNML.png (deflated 3%)
  adding: assets/Fav-BPcykgsi.png (deflated 5%)
  adding: assets/MainLogo-DJpFhlQE.png (deflated 4%)
  adding: assets/goldenCheck-CnSHOmXW.webp (stored 0%)
  adding: assets/verifiedBadge-CrcJq1tD.webp (deflated 1%)
  adding: assets/tower-gldBe0jJ.webp (deflated 0%)
  adding: assets/tower3-DpFzgoGy.jpg (deflated 0%)
  adding: assets/proposal2-B9XZZX50.webp (deflated 3%)
  adding: assets/proposal3-fxAFZeku.webp (deflated 1%)
  adding: assets/proposal5-DItum-r7.webp (deflated 4%)
  adding: assets/proposal6-wLmvSjqd.webp (deflated 0%)
  adding: assets/tower2-LuqAcWCu.jpg (deflated 2%)
  adding: assets/proposal1-D37fvLUu.webp (deflated 1%)
  adding: assets/proposal4-CZk7QC75.webp (deflated 1%)
  adding: assets/wasimAkram-CBOcRO9q.png (deflated 1%)
  adding: assets/index-VEC6csTg.css (deflated 86%)
  adding: assets/BlogDetail-oNXnMkFG.css (deflated 62%)
  adding: assets/style-DpsRipQV.css (deflated 78%)
  adding: assets/index-0v0fdqkh.js (deflated 73%)
  adding: assets/xlsx-DGuHH-KN.js (deflated 67%)
  adding: assets/Landing-DxeUMc6y.js (deflated 65%)
  adding: assets/BlogDetail-iAaQNpoE.js (deflated 59%)
  adding: assets/AllBlogs-nNbSQWY5.js (deflated 61%)
  adding: assets/index-hUds4J26.js (deflated 50%)
  adding: assets/index-BMG6U8xF.js (deflated 53%)
  adding: assets/index-pOEbE3B4.js (deflated 53%)
  adding: assets/index-Ipbg_gH4.js (deflated 52%)
  adding: assets/index-D5gu6C-G.js (deflated 54%)
  adding: assets/SignUp-BuCmVwbh.js (deflated 63%)
  adding: assets/ForgotPassword-BOoYP5HZ.js (deflated 51%)
  adding: assets/VerifyUserEmail-DsTXLETo.js (deflated 64%)
  adding: assets/ResetPassword-DgSdEelI.js (deflated 56%)
  adding: assets/ContactSupport-B0MyGQQd.js (deflated 59%)
  adding: assets/AuthCallback-hW50Bawh.js (deflated 53%)
  adding: assets/SelectRole-C8h-oXd9.js (deflated 58%)
  adding: assets/InvestorThankYou-CxTzcPTe.js (deflated 51%)
  adding: assets/FounderThankYou-DPDwZ8mP.js (deflated 52%)
  adding: assets/Login-B_g10VyS.js (deflated 59%)
  adding: assets/Profile-Bb2ZEAxi.js (deflated 68%)
  adding: assets/index-Cw8BtSrq.js (deflated 60%)
  adding: assets/index-ZRxo_WQY.js (deflated 68%)
  adding: assets/EditInvestor-t6cYNCUi.js (deflated 76%)
  adding: assets/index-Bl5n6NLi.js (deflated 68%)
  adding: assets/ViewRemindersModal-C1PMEBnw.js (deflated 63%)
  adding: assets/EditFounder-D79sRq0k.js (deflated 76%)
  adding: assets/index-Dq1eEGZo.js (deflated 59%)
  adding: assets/index-CsTIqXif.js (deflated 67%)
  adding: assets/pencil-BcpTVuRb.js (deflated 31%)
  adding: assets/index-D6n0GNY4.js (deflated 68%)
  adding: assets/ViewBusinessProposal-BkgOAITZ.js (deflated 75%)
  adding: assets/circle-check-BM67Szwn.js (deflated 27%)
  adding: assets/index-NNd-pCkg.js (deflated 70%)
  adding: assets/shield-check-B4prY32j.js (deflated 32%)
  adding: assets/sparkles-IiP-Ve3P.js (deflated 45%)
  adding: assets/trending-up-BOgfHuta.js (deflated 26%)
  adding: assets/globe-BZhA7L1v.js (deflated 33%)
  adding: assets/blogs-ChqPogSE.js (stored 0%)
  adding: assets/calendar-DOjlp-6L.js (deflated 33%)
  adding: assets/index-DzNWwi01.js (deflated 53%)
  adding: assets/message-circle-b1UiweWo.js (deflated 28%)
  adding: assets/arrow-left-BZApj7-z.js (deflated 26%)
  adding: assets/InfoBox-1bCPtb2k.js (deflated 51%)
  adding: assets/info-DKlamnzy.js (deflated 30%)
  adding: assets/circle-alert-DW5WEFC3.js (deflated 36%)
  adding: assets/index-z6GPi53y.js (deflated 73%)
  adding: assets/topCards-Dq8VluWB.js (deflated 58%)
  adding: assets/webinarBanner-XLbHXaFF.js (deflated 25%)
  adding: assets/CurrencyWithApprox-Hfkj2HuT.js (deflated 44%)
  adding: assets/ImageUploader-CSEg0BnB.js (deflated 58%)
  adding: assets/external-link-CWPJWPCz.js (deflated 33%)
  adding: assets/upload-DkUmWxvA.js (deflated 31%)
  adding: assets/table-BKhLNbml.js (deflated 69%)
  adding: assets/toolbar-XiaOkNql.js (deflated 58%)
  adding: assets/useDebounce-DAqgCDth.js (deflated 23%)
  adding: assets/message-square-D7UcQ17l.js (deflated 29%)
  adding: assets/funnel-DFcAX0H-.js (deflated 31%)
  adding: assets/FilterDrawer-Bd5R9x19.js (deflated 58%)
  adding: assets/rotate-ccw-DTARof59.js (deflated 28%)
  adding: assets/ToggleChips-CMauxcsd.js (deflated 52%)
  adding: assets/circle-x-Cqb4SBCl.js (deflated 31%)
  adding: assets/businessProposalCard-C4uCjOLt.js (deflated 66%)
  adding: assets/ban-BHg4b26O.js (deflated 27%)
  adding: assets/plus-LbbZRnnQ.js (deflated 28%)
  adding: assets/Tabs-DQeh_NFT.js (deflated 49%)
  adding: assets/Stepper-BFmP7Hk2.js (deflated 57%)
  adding: assets/MultipleImageUploader-LOwXLLTV.js (deflated 57%)
  adding: assets/index-CcvUpLZE.js (deflated 68%)
  adding: assets/supabase-bulk-emails-wEEOHczg.js (deflated 65%)
  adding: assets/CreateNewBatch-JLOt_92i.js (deflated 73%)
  adding: assets/CkEditor-CBCuPvh-.js (deflated 40%)
  adding: assets/index-BDlP9uxY.js (deflated 58%)
  adding: assets/CreateBlog-7wZSd8rY.js (deflated 58%)
  adding: assets/EditBlog-D1_rhe8v.js (deflated 57%)
  adding: assets/index-adHY9rjp.js (deflated 69%)
  adding: assets/index-D9LUnrhp.js (deflated 63%)
  adding: assets/Dashboard-ByAg86Bk.js (deflated 35%)
  adding: assets/SimplifiedProfile-D_WUKr-k.js (deflated 74%)
  adding: assets/index-DEO8PZvx.js (deflated 51%)
  adding: assets/index-DNiAeaB9.js (deflated 55%)
  adding: assets/shortlistUtils-CwppRAuK.js (deflated 62%)
  adding: assets/bookmark-plus-Zw9lKtmW.js (deflated 33%)
  adding: assets/index-DD9nItCc.js (deflated 50%)
  adding: assets/index-DvjJPIwm.js (deflated 55%)
  adding: assets/Dashboard-DozScQyz.js (deflated 35%)
  adding: assets/index-_fxNpaOD.js (deflated 74%)
  adding: assets/index-C8JtfHUj.js (deflated 63%)
  adding: assets/index-De36iQO-.js (deflated 51%)
  adding: index.html (deflated 52%)
Saving Lightsail SSH key...
Uploading build to Lightsail...
Warning: Permanently added '15.207.22.250' (ED25519) to the list of known hosts.
Deploying build to /var/www/html ...
Archive:  /home/ubuntu/react-build.zip
  inflating: /var/www/html/favicon.ico  
  inflating: /var/www/html/robots.txt  
  inflating: /var/www/html/sitemap.xml  
   creating: /var/www/html/assets/
  inflating: /var/www/html/assets/irfanMalikBg-D4osmO_C.jpg  
  inflating: /var/www/html/assets/meerGreenJacket-ykCKR2uN.png  
  inflating: /var/www/html/assets/meerShinyDress-C8scZpYx.webp  
  inflating: /var/www/html/assets/shakeelBg-NX99JDrP.jpg  
  inflating: /var/www/html/assets/wasimAkramBg-D4BFEYu1.png  
  inflating: /var/www/html/assets/akhtar-qLBVRLf-.jpg  
  inflating: /var/www/html/assets/arabic-BElshnQY.jpg  
  inflating: /var/www/html/assets/dubai-Bmqq4ymj.jpg  
  inflating: /var/www/html/assets/handShake-Dk1DoagP.webp  
  inflating: /var/www/html/assets/fahad-CnovJc60.jpg  
  inflating: /var/www/html/assets/salman-DD3Zraly.jpg  
  inflating: /var/www/html/assets/wasim-ETjjiRaD.jpg  
  inflating: /var/www/html/assets/tech-BdWyL5Pa.jpg  
  inflating: /var/www/html/assets/rectanglePlaceholder-nCbViREl.png  
  inflating: /var/www/html/assets/placeholderMan-BvremNML.png  
  inflating: /var/www/html/assets/Fav-BPcykgsi.png  
  inflating: /var/www/html/assets/MainLogo-DJpFhlQE.png  
 extracting: /var/www/html/assets/goldenCheck-CnSHOmXW.webp  
  inflating: /var/www/html/assets/verifiedBadge-CrcJq1tD.webp  
  inflating: /var/www/html/assets/tower-gldBe0jJ.webp  
  inflating: /var/www/html/assets/tower3-DpFzgoGy.jpg  
  inflating: /var/www/html/assets/proposal2-B9XZZX50.webp  
  inflating: /var/www/html/assets/proposal3-fxAFZeku.webp  
  inflating: /var/www/html/assets/proposal5-DItum-r7.webp  
  inflating: /var/www/html/assets/proposal6-wLmvSjqd.webp  
  inflating: /var/www/html/assets/tower2-LuqAcWCu.jpg  
  inflating: /var/www/html/assets/proposal1-D37fvLUu.webp  
  inflating: /var/www/html/assets/proposal4-CZk7QC75.webp  
  inflating: /var/www/html/assets/wasimAkram-CBOcRO9q.png  
  inflating: /var/www/html/assets/index-VEC6csTg.css  
  inflating: /var/www/html/assets/BlogDetail-oNXnMkFG.css  
  inflating: /var/www/html/assets/style-DpsRipQV.css  
  inflating: /var/www/html/assets/index-0v0fdqkh.js  
  inflating: /var/www/html/assets/xlsx-DGuHH-KN.js  
  inflating: /var/www/html/assets/Landing-DxeUMc6y.js  
  inflating: /var/www/html/assets/BlogDetail-iAaQNpoE.js  
  inflating: /var/www/html/assets/AllBlogs-nNbSQWY5.js  
  inflating: /var/www/html/assets/index-hUds4J26.js  
  inflating: /var/www/html/assets/index-BMG6U8xF.js  
  inflating: /var/www/html/assets/index-pOEbE3B4.js  
  inflating: /var/www/html/assets/index-Ipbg_gH4.js  
  inflating: /var/www/html/assets/index-D5gu6C-G.js  
  inflating: /var/www/html/assets/SignUp-BuCmVwbh.js  
  inflating: /var/www/html/assets/ForgotPassword-BOoYP5HZ.js  
  inflating: /var/www/html/assets/VerifyUserEmail-DsTXLETo.js  
  inflating: /var/www/html/assets/ResetPassword-DgSdEelI.js  
  inflating: /var/www/html/assets/ContactSupport-B0MyGQQd.js  
  inflating: /var/www/html/assets/AuthCallback-hW50Bawh.js  
  inflating: /var/www/html/assets/SelectRole-C8h-oXd9.js  
  inflating: /var/www/html/assets/InvestorThankYou-CxTzcPTe.js  
  inflating: /var/www/html/assets/FounderThankYou-DPDwZ8mP.js  
  inflating: /var/www/html/assets/Login-B_g10VyS.js  
  inflating: /var/www/html/assets/Profile-Bb2ZEAxi.js  
  inflating: /var/www/html/assets/index-Cw8BtSrq.js  
  inflating: /var/www/html/assets/index-ZRxo_WQY.js  
  inflating: /var/www/html/assets/EditInvestor-t6cYNCUi.js  
  inflating: /var/www/html/assets/index-Bl5n6NLi.js  
  inflating: /var/www/html/assets/ViewRemindersModal-C1PMEBnw.js  
  inflating: /var/www/html/assets/EditFounder-D79sRq0k.js  
  inflating: /var/www/html/assets/index-Dq1eEGZo.js  
  inflating: /var/www/html/assets/index-CsTIqXif.js  
  inflating: /var/www/html/assets/pencil-BcpTVuRb.js  
  inflating: /var/www/html/assets/index-D6n0GNY4.js  
  inflating: /var/www/html/assets/ViewBusinessProposal-BkgOAITZ.js  
  inflating: /var/www/html/assets/circle-check-BM67Szwn.js  
  inflating: /var/www/html/assets/index-NNd-pCkg.js  
  inflating: /var/www/html/assets/shield-check-B4prY32j.js  
  inflating: /var/www/html/assets/sparkles-IiP-Ve3P.js  
  inflating: /var/www/html/assets/trending-up-BOgfHuta.js  
  inflating: /var/www/html/assets/globe-BZhA7L1v.js  
 extracting: /var/www/html/assets/blogs-ChqPogSE.js  
  inflating: /var/www/html/assets/calendar-DOjlp-6L.js  
  inflating: /var/www/html/assets/index-DzNWwi01.js  
  inflating: /var/www/html/assets/message-circle-b1UiweWo.js  
  inflating: /var/www/html/assets/arrow-left-BZApj7-z.js  
  inflating: /var/www/html/assets/InfoBox-1bCPtb2k.js  
  inflating: /var/www/html/assets/info-DKlamnzy.js  
  inflating: /var/www/html/assets/circle-alert-DW5WEFC3.js  
  inflating: /var/www/html/assets/index-z6GPi53y.js  
  inflating: /var/www/html/assets/topCards-Dq8VluWB.js  
  inflating: /var/www/html/assets/webinarBanner-XLbHXaFF.js  
  inflating: /var/www/html/assets/CurrencyWithApprox-Hfkj2HuT.js  
  inflating: /var/www/html/assets/ImageUploader-CSEg0BnB.js  
  inflating: /var/www/html/assets/external-link-CWPJWPCz.js  
  inflating: /var/www/html/assets/upload-DkUmWxvA.js  
  inflating: /var/www/html/assets/table-BKhLNbml.js  
  inflating: /var/www/html/assets/toolbar-XiaOkNql.js  
  inflating: /var/www/html/assets/useDebounce-DAqgCDth.js  
  inflating: /var/www/html/assets/message-square-D7UcQ17l.js  
  inflating: /var/www/html/assets/funnel-DFcAX0H-.js  
  inflating: /var/www/html/assets/FilterDrawer-Bd5R9x19.js  
  inflating: /var/www/html/assets/rotate-ccw-DTARof59.js  
  inflating: /var/www/html/assets/ToggleChips-CMauxcsd.js  
  inflating: /var/www/html/assets/circle-x-Cqb4SBCl.js  
  inflating: /var/www/html/assets/businessProposalCard-C4uCjOLt.js  
  inflating: /var/www/html/assets/ban-BHg4b26O.js  
  inflating: /var/www/html/assets/plus-LbbZRnnQ.js  
  inflating: /var/www/html/assets/Tabs-DQeh_NFT.js  
  inflating: /var/www/html/assets/Stepper-BFmP7Hk2.js  
  inflating: /var/www/html/assets/MultipleImageUploader-LOwXLLTV.js  
  inflating: /var/www/html/assets/index-CcvUpLZE.js  
  inflating: /var/www/html/assets/supabase-bulk-emails-wEEOHczg.js  
  inflating: /var/www/html/assets/CreateNewBatch-JLOt_92i.js  
  inflating: /var/www/html/assets/CkEditor-CBCuPvh-.js  
  inflating: /var/www/html/assets/index-BDlP9uxY.js  
  inflating: /var/www/html/assets/CreateBlog-7wZSd8rY.js  
  inflating: /var/www/html/assets/EditBlog-D1_rhe8v.js  
  inflating: /var/www/html/assets/index-adHY9rjp.js  
  inflating: /var/www/html/assets/index-D9LUnrhp.js  
  inflating: /var/www/html/assets/Dashboard-ByAg86Bk.js  
  inflating: /var/www/html/assets/SimplifiedProfile-D_WUKr-k.js  
  inflating: /var/www/html/assets/index-DEO8PZvx.js  
  inflating: /var/www/html/assets/index-DNiAeaB9.js  
  inflating: /var/www/html/assets/shortlistUtils-CwppRAuK.js  
  inflating: /var/www/html/assets/bookmark-plus-Zw9lKtmW.js  
  inflating: /var/www/html/assets/index-DD9nItCc.js  
  inflating: /var/www/html/assets/index-DvjJPIwm.js  
  inflating: /var/www/html/assets/Dashboard-DozScQyz.js  
  inflating: /var/www/html/assets/index-_fxNpaOD.js  
  inflating: /var/www/html/assets/index-C8JtfHUj.js  
  inflating: /var/www/html/assets/index-De36iQO-.js  
  inflating: /var/www/html/index.html  
Saving Git logs repo SSH key...
Testing GitHub SSH key...
Cloning deployment-logs repo...
Cloning into 'logs-repo'...
