Installing dependencies...
npm warn deprecated w3c-hr-time@1.0.2: Use your platform's native performance.now() and performance.timeOrigin.
npm warn deprecated domexception@2.0.1: Use your platform's native DOMException instead
npm warn deprecated abab@2.0.6: Use your platform's native atob() and btoa() methods instead

added 1750 packages, and audited 1751 packages in 4m

222 packages are looking for funding
  run `npm fund` for details

52 vulnerabilities (51 moderate, 1 high)

To address issues that do not require attention, run:
  npm audit fix

To address all issues possible (including breaking changes), run:
  npm audit fix --force

Some issues need review, and may require choosing
a different dependency.

Run `npm audit` for details.
Building React app...

> boilerplate-code-react-js@0.0.0 build
> vite build

vite v7.1.11 building for production...
transforming...
✓ 2933 modules transformed.
rendering chunks...
computing gzip size...
dist/index.html                                    2.18 kB │ gzip:   1.05 kB
dist/assets/rectanglePlaceholder-nCbViREl.png     11.85 kB
dist/assets/irfanMalikBg-D4osmO_C.jpg             24.66 kB
dist/assets/proposal6-wLmvSjqd.webp               28.15 kB
dist/assets/placeholderMan-BvremNML.png           36.64 kB
dist/assets/handShake-Dk1DoagP.webp               65.18 kB
dist/assets/tower-gldBe0jJ.webp                   66.16 kB
dist/assets/tower2-LuqAcWCu.jpg                   72.52 kB
dist/assets/goldenCheck-QMGlinWJ.png             124.08 kB
dist/assets/shakeelBg-NX99JDrP.jpg               143.15 kB
dist/assets/MainLogo-DJpFhlQE.png                144.86 kB
dist/assets/Fav-BPcykgsi.png                     147.34 kB
dist/assets/akhtar-qLBVRLf-.jpg                  173.92 kB
dist/assets/proposal5-DItum-r7.webp              174.24 kB
dist/assets/tower3-DpFzgoGy.jpg                  175.56 kB
dist/assets/proposal2-B9XZZX50.webp              192.62 kB
dist/assets/meerShinyDress-C8scZpYx.webp         229.68 kB
dist/assets/meerGreenJacket-ykCKR2uN.png         230.19 kB
dist/assets/arabic-BElshnQY.jpg                  238.42 kB
dist/assets/wasim-ETjjiRaD.jpg                   242.26 kB
dist/assets/salman-DD3Zraly.jpg                  255.18 kB
dist/assets/fahad-CnovJc60.jpg                   278.62 kB
dist/assets/tech-BdWyL5Pa.jpg                    281.71 kB
dist/assets/dubai-Bmqq4ymj.jpg                   311.77 kB
dist/assets/wasimAkramBg-D4BFEYu1.png            313.57 kB
dist/assets/proposal3-fxAFZeku.webp              445.47 kB
dist/assets/proposal4-CZk7QC75.webp              542.86 kB
dist/assets/proposal1-D37fvLUu.webp              779.05 kB
dist/assets/wasimAkram-CBOcRO9q.png            4,488.96 kB
dist/assets/index-CGWtwUfr.css                   135.82 kB │ gzip:  18.60 kB
dist/assets/plus-BepXiAOZ.js                       0.33 kB │ gzip:   0.25 kB
dist/assets/trending-up-DIHxyahR.js                0.35 kB │ gzip:   0.27 kB
dist/assets/ban-BvClxT3o.js                        0.35 kB │ gzip:   0.28 kB
dist/assets/info-3-76jaxc.js                       0.37 kB │ gzip:   0.28 kB
dist/assets/circle-x-BxHPG_dz.js                   0.38 kB │ gzip:   0.28 kB
dist/assets/mail-VjXXwyZ9.js                       0.39 kB │ gzip:   0.31 kB
dist/assets/upload-BeoJqphm.js                     0.40 kB │ gzip:   0.30 kB
dist/assets/log-in-C1GycxIC.js                     0.40 kB │ gzip:   0.29 kB
dist/assets/download-DSiTSZe4.js                   0.41 kB │ gzip:   0.30 kB
dist/assets/message-square-BXZR2ilJ.js             0.41 kB │ gzip:   0.31 kB
dist/assets/globe-BG9UoKlj.js                      0.41 kB │ gzip:   0.29 kB
dist/assets/circle-alert-WC6-IPTC.js               0.42 kB │ gzip:   0.29 kB
dist/assets/eye-D0zdsge8.js                        0.42 kB │ gzip:   0.30 kB
dist/assets/map-pin-vbXbroq-.js                    0.43 kB │ gzip:   0.33 kB
dist/assets/link--rK1hr2h.js                       0.43 kB │ gzip:   0.30 kB
dist/assets/pencil-ChoS_C9R.js                     0.45 kB │ gzip:   0.33 kB
dist/assets/user-plus-DNq9Dwz3.js                  0.48 kB │ gzip:   0.34 kB
dist/assets/shield-check-ToTKQAkS.js               0.49 kB │ gzip:   0.35 kB
dist/assets/square-pen-BgBVG2YA.js                 0.49 kB │ gzip:   0.34 kB
dist/assets/phone-NzWO3Zez.js                      0.50 kB │ gzip:   0.33 kB
dist/assets/trash-2-CslePDEO.js                    0.50 kB │ gzip:   0.32 kB
dist/assets/file-text-BTMin9Vp.js                  0.51 kB │ gzip:   0.32 kB
dist/assets/LegalModal-B6olk82v.js                 0.66 kB │ gzip:   0.46 kB
dist/assets/sparkles-CB3KCwwZ.js                   0.67 kB │ gzip:   0.39 kB
dist/assets/InfoBox-lXQAxwN9.js                    0.86 kB │ gzip:   0.43 kB
dist/assets/label-BtV2_p44.js                      0.89 kB │ gzip:   0.55 kB
dist/assets/card-CGfiWdUw.js                       1.18 kB │ gzip:   0.46 kB
dist/assets/Tabs-CBxEKCD-.js                       1.23 kB │ gzip:   0.65 kB
dist/assets/GetMoreDetailsModal-DrBRdeWY.js        1.27 kB │ gzip:   0.61 kB
dist/assets/textarea-DMfo9jrh.js                   1.49 kB │ gzip:   0.74 kB
dist/assets/target-DB4onVS0.js                     1.56 kB │ gzip:   0.55 kB
dist/assets/useDebounce-DCJuU55i.js                1.62 kB │ gzip:   0.69 kB
dist/assets/ToggleChips-CIsfsyYO.js                1.66 kB │ gzip:   0.82 kB
dist/assets/input-D3J1lQts.js                      1.68 kB │ gzip:   0.86 kB
dist/assets/topCards-DXJA9qD-.js                   1.71 kB │ gzip:   0.74 kB
dist/assets/ImageUploader-Ca4wzB2g.js              1.95 kB │ gzip:   0.94 kB
dist/assets/index-CCCcVj3j.js                      2.07 kB │ gzip:   0.92 kB
dist/assets/ForgotPassword-BP203lHP.js             2.17 kB │ gzip:   1.08 kB
dist/assets/ContactSupportModal-C_9NhsJf.js        2.37 kB │ gzip:   1.17 kB
dist/assets/ResetPassword-DAgwBzSg.js              2.40 kB │ gzip:   1.06 kB
dist/assets/AuthCallback-_A9l92r1.js               2.67 kB │ gzip:   1.26 kB
dist/assets/index-B-thhEu1.js                      2.67 kB │ gzip:   1.20 kB
dist/assets/index-BysKEtN0.js                      2.72 kB │ gzip:   1.22 kB
dist/assets/toolbar-Ck_eT9Nd.js                    2.99 kB │ gzip:   1.22 kB
dist/assets/FileUploader-D2ri_diK.js               3.02 kB │ gzip:   1.35 kB
dist/assets/index-DFT5Gd8r.js                      3.07 kB │ gzip:   1.47 kB
dist/assets/index-wxOEAzBD.js                      3.21 kB │ gzip:   1.60 kB
dist/assets/index-VPDrJ8Hv.js                      3.27 kB │ gzip:   1.59 kB
dist/assets/index-hFMT2yXk.js                      3.40 kB │ gzip:   1.62 kB
dist/assets/index-BvDsV1_9.js                      3.48 kB │ gzip:   1.67 kB
dist/assets/index-COKLztxy.js                      3.58 kB │ gzip:   1.38 kB
dist/assets/SelectRole-DYdbRJ3k.js                 3.68 kB │ gzip:   1.69 kB
dist/assets/checkbox-B4agOnWj.js                   4.08 kB │ gzip:   1.78 kB
dist/assets/index-B8j16b8V.js                      4.12 kB │ gzip:   1.91 kB
dist/assets/index-VyUkj3iK.js                      4.20 kB │ gzip:   2.05 kB
dist/assets/index-Uo4jsksB.js                      4.21 kB │ gzip:   1.67 kB
dist/assets/index-DGceb51n.js                      4.21 kB │ gzip:   1.67 kB
dist/assets/index-CTAYOwUL.js                      4.21 kB │ gzip:   2.05 kB
dist/assets/Dashboard-DseK7n5z.js                  4.25 kB │ gzip:   1.44 kB
dist/assets/Dashboard-Dwx9z5HU.js                  4.26 kB │ gzip:   1.45 kB
dist/assets/SignUp-Baju7j8m.js                     4.34 kB │ gzip:   1.74 kB
dist/assets/Stepper-DNg53TWh.js                    4.66 kB │ gzip:   2.02 kB
dist/assets/ContactSupport-CVgc_Pcr.js             4.93 kB │ gzip:   2.03 kB
dist/assets/Login-0_7tXG5r.js                      5.05 kB │ gzip:   2.13 kB
dist/assets/VerifyUserEmail-CU-vPoag.js            6.17 kB │ gzip:   2.29 kB
dist/assets/businessProposalCard-_pzzVYJo.js       6.52 kB │ gzip:   2.14 kB
dist/assets/Profile-N1N3M9-b.js                    7.10 kB │ gzip:   2.25 kB
dist/assets/index-CEFBOcin.js                      7.69 kB │ gzip:   3.15 kB
dist/assets/index-BP1fLj9e.js                      8.31 kB │ gzip:   3.18 kB
dist/assets/dialog-CVQy-cDY.js                     8.50 kB │ gzip:   3.28 kB
dist/assets/tooltip-B4obi_4v.js                    8.77 kB │ gzip:   3.34 kB
dist/assets/index-CE8Y9BU1.js                      9.56 kB │ gzip:   3.92 kB
dist/assets/index-OvixLy1P.js                      9.97 kB │ gzip:   3.21 kB
dist/assets/Header-DILZSUQy.js                    11.52 kB │ gzip:   3.53 kB
dist/assets/index-Bja2ptkG.js                     13.59 kB │ gzip:   4.74 kB
dist/assets/index-BtRuXXNz.js                     14.35 kB │ gzip:   4.89 kB
dist/assets/CreateNewBatch-Dk06ZtnX.js            14.89 kB │ gzip:   3.97 kB
dist/assets/index-CQNpca4X.js                     16.50 kB │ gzip:   6.24 kB
dist/assets/index-BnbdECQ_.js                     17.08 kB │ gzip:   5.48 kB
dist/assets/EditFounder-CHxZzzG-.js               17.73 kB │ gzip:   4.25 kB
dist/assets/EditInvestor-5ElLkwRm.js              18.74 kB │ gzip:   4.51 kB
dist/assets/index-CYBKtDO5.js                     20.04 kB │ gzip:   6.51 kB
dist/assets/index-DsVqY2P5.js                     20.17 kB │ gzip:   5.71 kB
dist/assets/index-D9gDeWKN.js                     21.13 kB │ gzip:   5.58 kB
dist/assets/select-BjlneN_N.js                    22.08 kB │ gzip:   7.95 kB
dist/assets/index-DBUIdyzD.js                     27.84 kB │ gzip:  10.83 kB
dist/assets/table-Du2FVZNd.js                     37.20 kB │ gzip:  10.87 kB
dist/assets/FilterDrawer-C35nfkOP.js              86.78 kB │ gzip:  25.97 kB
dist/assets/Landing-Cs5h15_N.js                  136.55 kB │ gzip:  48.81 kB
dist/assets/xlsx-DGuHH-KN.js                     429.49 kB │ gzip: 143.07 kB
dist/assets/index-DQKcHt14.js                    606.69 kB │ gzip: 164.87 kB
dist/assets/index-rKpkmyn3.js                    757.10 kB │ gzip: 228.30 kB
dist/assets/CkEditor-BOvkjfCC.js               1,318.06 kB │ gzip: 325.94 kB

(!) Some chunks are larger than 500 kB after minification. Consider:
- Using dynamic import() to code-split the application
- Use build.rollupOptions.output.manualChunks to improve chunking: https://rollupjs.org/configuration-options/#output-manualchunks
- Adjust chunk size limit for this warning via build.chunkSizeWarningLimit.
✓ built in 14.50s
Packaging build...
  adding: favicon.ico (deflated 13%)
  adding: assets/ (stored 0%)
  adding: assets/shakeelBg-NX99JDrP.jpg (deflated 0%)
  adding: assets/meerShinyDress-C8scZpYx.webp (deflated 0%)
  adding: assets/irfanMalikBg-D4osmO_C.jpg (deflated 1%)
  adding: assets/meerGreenJacket-ykCKR2uN.png (deflated 0%)
  adding: assets/akhtar-qLBVRLf-.jpg (deflated 1%)
  adding: assets/wasimAkramBg-D4BFEYu1.png (deflated 0%)
  adding: assets/handShake-Dk1DoagP.webp (deflated 0%)
  adding: assets/fahad-CnovJc60.jpg (deflated 0%)
  adding: assets/arabic-BElshnQY.jpg (deflated 0%)
  adding: assets/dubai-Bmqq4ymj.jpg (deflated 0%)
  adding: assets/placeholderMan-BvremNML.png (deflated 3%)
  adding: assets/salman-DD3Zraly.jpg (deflated 0%)
  adding: assets/wasim-ETjjiRaD.jpg (deflated 0%)
  adding: assets/Fav-BPcykgsi.png (deflated 5%)
  adding: assets/tech-BdWyL5Pa.jpg (deflated 0%)
  adding: assets/MainLogo-DJpFhlQE.png (deflated 4%)
  adding: assets/tower-gldBe0jJ.webp (deflated 0%)
  adding: assets/tower2-LuqAcWCu.jpg (deflated 2%)
  adding: assets/tower3-DpFzgoGy.jpg (deflated 0%)
  adding: assets/rectanglePlaceholder-nCbViREl.png (deflated 31%)
  adding: assets/goldenCheck-QMGlinWJ.png (deflated 0%)
  adding: assets/proposal2-B9XZZX50.webp (deflated 3%)
  adding: assets/proposal3-fxAFZeku.webp (deflated 1%)
  adding: assets/proposal6-wLmvSjqd.webp (deflated 0%)
  adding: assets/proposal5-DItum-r7.webp (deflated 4%)
  adding: assets/proposal1-D37fvLUu.webp (deflated 1%)
  adding: assets/proposal4-CZk7QC75.webp (deflated 1%)
  adding: assets/wasimAkram-CBOcRO9q.png (deflated 1%)
  adding: assets/index-CGWtwUfr.css (deflated 86%)
  adding: assets/index-rKpkmyn3.js (deflated 70%)
  adding: assets/Landing-Cs5h15_N.js (deflated 64%)
  adding: assets/index-wxOEAzBD.js (deflated 50%)
  adding: assets/index-DFT5Gd8r.js (deflated 53%)
  adding: assets/index-hFMT2yXk.js (deflated 53%)
  adding: assets/index-VPDrJ8Hv.js (deflated 52%)
  adding: assets/Header-DILZSUQy.js (deflated 70%)
  adding: assets/SignUp-Baju7j8m.js (deflated 60%)
  adding: assets/ForgotPassword-BP203lHP.js (deflated 51%)
  adding: assets/VerifyUserEmail-CU-vPoag.js (deflated 63%)
  adding: assets/ResetPassword-DAgwBzSg.js (deflated 57%)
  adding: assets/ContactSupport-CVgc_Pcr.js (deflated 59%)
  adding: assets/AuthCallback-_A9l92r1.js (deflated 53%)
  adding: assets/SelectRole-DYdbRJ3k.js (deflated 54%)
  adding: assets/Login-0_7tXG5r.js (deflated 58%)
  adding: assets/index-BysKEtN0.js (deflated 54%)
  adding: assets/index-DQKcHt14.js (deflated 73%)
  adding: assets/Profile-N1N3M9-b.js (deflated 69%)
  adding: assets/index-CEFBOcin.js (deflated 59%)
  adding: assets/index-Bja2ptkG.js (deflated 65%)
  adding: assets/EditInvestor-5ElLkwRm.js (deflated 76%)
  adding: assets/index-BtRuXXNz.js (deflated 66%)
  adding: assets/globe-BG9UoKlj.js (deflated 33%)
  adding: assets/FilterDrawer-C35nfkOP.js (deflated 70%)
  adding: assets/label-BtV2_p44.js (deflated 40%)
  adding: assets/EditFounder-CHxZzzG-.js (deflated 76%)
  adding: assets/index-CE8Y9BU1.js (deflated 59%)
  adding: assets/index-CYBKtDO5.js (deflated 68%)
  adding: assets/user-plus-DNq9Dwz3.js (deflated 34%)
  adding: assets/log-in-C1GycxIC.js (deflated 32%)
  adding: assets/ban-BvClxT3o.js (deflated 27%)
  adding: assets/phone-NzWO3Zez.js (deflated 37%)
  adding: assets/pencil-ChoS_C9R.js (deflated 31%)
  adding: assets/index-B8j16b8V.js (deflated 54%)
  adding: assets/index-BnbdECQ_.js (deflated 68%)
  adding: assets/index-OvixLy1P.js (deflated 68%)
  adding: assets/useDebounce-DCJuU55i.js (deflated 59%)
  adding: assets/CreateNewBatch-Dk06ZtnX.js (deflated 73%)
  adding: assets/sparkles-CB3KCwwZ.js (deflated 45%)
  adding: assets/map-pin-vbXbroq-.js (deflated 28%)
  adding: assets/shield-check-ToTKQAkS.js (deflated 32%)
  adding: assets/CkEditor-BOvkjfCC.js (deflated 75%)
  adding: assets/message-square-BXZR2ilJ.js (deflated 29%)
  adding: assets/mail-VjXXwyZ9.js (deflated 26%)
  adding: assets/table-Du2FVZNd.js (deflated 71%)
  adding: assets/Dashboard-DseK7n5z.js (deflated 66%)
  adding: assets/index-DsVqY2P5.js (deflated 72%)
  adding: assets/InfoBox-lXQAxwN9.js (deflated 52%)
  adding: assets/ToggleChips-CIsfsyYO.js (deflated 52%)
  adding: assets/info-3-76jaxc.js (deflated 30%)
  adding: assets/circle-alert-WC6-IPTC.js (deflated 36%)
  adding: assets/index-VyUkj3iK.js (deflated 52%)
  adding: assets/index-COKLztxy.js (deflated 62%)
  adding: assets/GetMoreDetailsModal-DrBRdeWY.js (deflated 54%)
  adding: assets/index-Uo4jsksB.js (deflated 61%)
  adding: assets/trending-up-DIHxyahR.js (deflated 26%)
  adding: assets/LegalModal-B6olk82v.js (deflated 33%)
  adding: assets/index-BvDsV1_9.js (deflated 53%)
  adding: assets/dialog-CVQy-cDY.js (deflated 62%)
  adding: assets/download-DSiTSZe4.js (deflated 31%)
  adding: assets/index-BP1fLj9e.js (deflated 62%)
  adding: assets/index-CQNpca4X.js (deflated 62%)
  adding: assets/index-CCCcVj3j.js (deflated 56%)
  adding: assets/input-D3J1lQts.js (deflated 50%)
  adding: assets/FileUploader-D2ri_diK.js (deflated 56%)
  adding: assets/select-BjlneN_N.js (deflated 64%)
  adding: assets/textarea-DMfo9jrh.js (deflated 52%)
  adding: assets/link--rK1hr2h.js (deflated 35%)
  adding: assets/eye-D0zdsge8.js (deflated 33%)
  adding: assets/trash-2-CslePDEO.js (deflated 40%)
  adding: assets/index-DBUIdyzD.js (deflated 61%)
  adding: assets/index-B-thhEu1.js (deflated 56%)
  adding: assets/topCards-DXJA9qD-.js (deflated 58%)
  adding: assets/card-CGfiWdUw.js (deflated 62%)
  adding: assets/ImageUploader-Ca4wzB2g.js (deflated 53%)
  adding: assets/upload-BeoJqphm.js (deflated 31%)
  adding: assets/toolbar-Ck_eT9Nd.js (deflated 60%)
  adding: assets/tooltip-B4obi_4v.js (deflated 62%)
  adding: assets/square-pen-BgBVG2YA.js (deflated 35%)
  adding: assets/checkbox-B4agOnWj.js (deflated 57%)
  adding: assets/plus-BepXiAOZ.js (deflated 28%)
  adding: assets/file-text-BTMin9Vp.js (deflated 40%)
  adding: assets/businessProposalCard-_pzzVYJo.js (deflated 67%)
  adding: assets/circle-x-BxHPG_dz.js (deflated 31%)
  adding: assets/Stepper-DNg53TWh.js (deflated 57%)
  adding: assets/target-DB4onVS0.js (deflated 65%)
  adding: assets/ContactSupportModal-C_9NhsJf.js (deflated 51%)
  adding: assets/Tabs-CBxEKCD-.js (deflated 49%)
  adding: assets/Dashboard-Dwx9z5HU.js (deflated 66%)
  adding: assets/index-D9gDeWKN.js (deflated 74%)
  adding: assets/index-DGceb51n.js (deflated 61%)
  adding: assets/index-CTAYOwUL.js (deflated 52%)
  adding: assets/xlsx-DGuHH-KN.js (deflated 67%)
  adding: index.html (deflated 52%)
Saving Lightsail SSH key...
Uploading build to Lightsail...
Warning: Permanently added '15.207.22.250' (ED25519) to the list of known hosts.
Deploying build to /var/www/html ...
Archive:  /home/ubuntu/react-build.zip
  inflating: /var/www/html/favicon.ico  
   creating: /var/www/html/assets/
  inflating: /var/www/html/assets/shakeelBg-NX99JDrP.jpg  
  inflating: /var/www/html/assets/meerShinyDress-C8scZpYx.webp  
  inflating: /var/www/html/assets/irfanMalikBg-D4osmO_C.jpg  
  inflating: /var/www/html/assets/meerGreenJacket-ykCKR2uN.png  
  inflating: /var/www/html/assets/akhtar-qLBVRLf-.jpg  
  inflating: /var/www/html/assets/wasimAkramBg-D4BFEYu1.png  
  inflating: /var/www/html/assets/handShake-Dk1DoagP.webp  
  inflating: /var/www/html/assets/fahad-CnovJc60.jpg  
  inflating: /var/www/html/assets/arabic-BElshnQY.jpg  
  inflating: /var/www/html/assets/dubai-Bmqq4ymj.jpg  
  inflating: /var/www/html/assets/placeholderMan-BvremNML.png  
  inflating: /var/www/html/assets/salman-DD3Zraly.jpg  
  inflating: /var/www/html/assets/wasim-ETjjiRaD.jpg  
  inflating: /var/www/html/assets/Fav-BPcykgsi.png  
  inflating: /var/www/html/assets/tech-BdWyL5Pa.jpg  
  inflating: /var/www/html/assets/MainLogo-DJpFhlQE.png  
  inflating: /var/www/html/assets/tower-gldBe0jJ.webp  
  inflating: /var/www/html/assets/tower2-LuqAcWCu.jpg  
  inflating: /var/www/html/assets/tower3-DpFzgoGy.jpg  
  inflating: /var/www/html/assets/rectanglePlaceholder-nCbViREl.png  
  inflating: /var/www/html/assets/goldenCheck-QMGlinWJ.png  
  inflating: /var/www/html/assets/proposal2-B9XZZX50.webp  
  inflating: /var/www/html/assets/proposal3-fxAFZeku.webp  
  inflating: /var/www/html/assets/proposal6-wLmvSjqd.webp  
  inflating: /var/www/html/assets/proposal5-DItum-r7.webp  
  inflating: /var/www/html/assets/proposal1-D37fvLUu.webp  
  inflating: /var/www/html/assets/proposal4-CZk7QC75.webp  
  inflating: /var/www/html/assets/wasimAkram-CBOcRO9q.png  
  inflating: /var/www/html/assets/index-CGWtwUfr.css  
  inflating: /var/www/html/assets/index-rKpkmyn3.js  
  inflating: /var/www/html/assets/Landing-Cs5h15_N.js  
  inflating: /var/www/html/assets/index-wxOEAzBD.js  
  inflating: /var/www/html/assets/index-DFT5Gd8r.js  
  inflating: /var/www/html/assets/index-hFMT2yXk.js  
  inflating: /var/www/html/assets/index-VPDrJ8Hv.js  
  inflating: /var/www/html/assets/Header-DILZSUQy.js  
  inflating: /var/www/html/assets/SignUp-Baju7j8m.js  
  inflating: /var/www/html/assets/ForgotPassword-BP203lHP.js  
  inflating: /var/www/html/assets/VerifyUserEmail-CU-vPoag.js  
  inflating: /var/www/html/assets/ResetPassword-DAgwBzSg.js  
  inflating: /var/www/html/assets/ContactSupport-CVgc_Pcr.js  
  inflating: /var/www/html/assets/AuthCallback-_A9l92r1.js  
  inflating: /var/www/html/assets/SelectRole-DYdbRJ3k.js  
  inflating: /var/www/html/assets/Login-0_7tXG5r.js  
  inflating: /var/www/html/assets/index-BysKEtN0.js  
  inflating: /var/www/html/assets/index-DQKcHt14.js  
  inflating: /var/www/html/assets/Profile-N1N3M9-b.js  
  inflating: /var/www/html/assets/index-CEFBOcin.js  
  inflating: /var/www/html/assets/index-Bja2ptkG.js  
  inflating: /var/www/html/assets/EditInvestor-5ElLkwRm.js  
  inflating: /var/www/html/assets/index-BtRuXXNz.js  
  inflating: /var/www/html/assets/globe-BG9UoKlj.js  
  inflating: /var/www/html/assets/FilterDrawer-C35nfkOP.js  
  inflating: /var/www/html/assets/label-BtV2_p44.js  
  inflating: /var/www/html/assets/EditFounder-CHxZzzG-.js  
  inflating: /var/www/html/assets/index-CE8Y9BU1.js  
  inflating: /var/www/html/assets/index-CYBKtDO5.js  
  inflating: /var/www/html/assets/user-plus-DNq9Dwz3.js  
  inflating: /var/www/html/assets/log-in-C1GycxIC.js  
  inflating: /var/www/html/assets/ban-BvClxT3o.js  
  inflating: /var/www/html/assets/phone-NzWO3Zez.js  
  inflating: /var/www/html/assets/pencil-ChoS_C9R.js  
  inflating: /var/www/html/assets/index-B8j16b8V.js  
  inflating: /var/www/html/assets/index-BnbdECQ_.js  
  inflating: /var/www/html/assets/index-OvixLy1P.js  
  inflating: /var/www/html/assets/useDebounce-DCJuU55i.js  
  inflating: /var/www/html/assets/CreateNewBatch-Dk06ZtnX.js  
  inflating: /var/www/html/assets/sparkles-CB3KCwwZ.js  
  inflating: /var/www/html/assets/map-pin-vbXbroq-.js  
  inflating: /var/www/html/assets/shield-check-ToTKQAkS.js  
  inflating: /var/www/html/assets/CkEditor-BOvkjfCC.js  
  inflating: /var/www/html/assets/message-square-BXZR2ilJ.js  
  inflating: /var/www/html/assets/mail-VjXXwyZ9.js  
  inflating: /var/www/html/assets/table-Du2FVZNd.js  
  inflating: /var/www/html/assets/Dashboard-DseK7n5z.js  
  inflating: /var/www/html/assets/index-DsVqY2P5.js  
  inflating: /var/www/html/assets/InfoBox-lXQAxwN9.js  
  inflating: /var/www/html/assets/ToggleChips-CIsfsyYO.js  
  inflating: /var/www/html/assets/info-3-76jaxc.js  
  inflating: /var/www/html/assets/circle-alert-WC6-IPTC.js  
  inflating: /var/www/html/assets/index-VyUkj3iK.js  
  inflating: /var/www/html/assets/index-COKLztxy.js  
  inflating: /var/www/html/assets/GetMoreDetailsModal-DrBRdeWY.js  
  inflating: /var/www/html/assets/index-Uo4jsksB.js  
  inflating: /var/www/html/assets/trending-up-DIHxyahR.js  
  inflating: /var/www/html/assets/LegalModal-B6olk82v.js  
  inflating: /var/www/html/assets/index-BvDsV1_9.js  
  inflating: /var/www/html/assets/dialog-CVQy-cDY.js  
  inflating: /var/www/html/assets/download-DSiTSZe4.js  
  inflating: /var/www/html/assets/index-BP1fLj9e.js  
  inflating: /var/www/html/assets/index-CQNpca4X.js  
  inflating: /var/www/html/assets/index-CCCcVj3j.js  
  inflating: /var/www/html/assets/input-D3J1lQts.js  
  inflating: /var/www/html/assets/FileUploader-D2ri_diK.js  
  inflating: /var/www/html/assets/select-BjlneN_N.js  
  inflating: /var/www/html/assets/textarea-DMfo9jrh.js  
  inflating: /var/www/html/assets/link--rK1hr2h.js  
  inflating: /var/www/html/assets/eye-D0zdsge8.js  
  inflating: /var/www/html/assets/trash-2-CslePDEO.js  
  inflating: /var/www/html/assets/index-DBUIdyzD.js  
  inflating: /var/www/html/assets/index-B-thhEu1.js  
  inflating: /var/www/html/assets/topCards-DXJA9qD-.js  
  inflating: /var/www/html/assets/card-CGfiWdUw.js  
  inflating: /var/www/html/assets/ImageUploader-Ca4wzB2g.js  
  inflating: /var/www/html/assets/upload-BeoJqphm.js  
  inflating: /var/www/html/assets/toolbar-Ck_eT9Nd.js  
  inflating: /var/www/html/assets/tooltip-B4obi_4v.js  
  inflating: /var/www/html/assets/square-pen-BgBVG2YA.js  
  inflating: /var/www/html/assets/checkbox-B4agOnWj.js  
  inflating: /var/www/html/assets/plus-BepXiAOZ.js  
  inflating: /var/www/html/assets/file-text-BTMin9Vp.js  
  inflating: /var/www/html/assets/businessProposalCard-_pzzVYJo.js  
  inflating: /var/www/html/assets/circle-x-BxHPG_dz.js  
  inflating: /var/www/html/assets/Stepper-DNg53TWh.js  
  inflating: /var/www/html/assets/target-DB4onVS0.js  
  inflating: /var/www/html/assets/ContactSupportModal-C_9NhsJf.js  
  inflating: /var/www/html/assets/Tabs-CBxEKCD-.js  
  inflating: /var/www/html/assets/Dashboard-Dwx9z5HU.js  
  inflating: /var/www/html/assets/index-D9gDeWKN.js  
  inflating: /var/www/html/assets/index-DGceb51n.js  
  inflating: /var/www/html/assets/index-CTAYOwUL.js  
  inflating: /var/www/html/assets/xlsx-DGuHH-KN.js  
  inflating: /var/www/html/index.html  
Saving Git logs repo SSH key...
Testing GitHub SSH key...
Cloning deployment-logs repo...
Cloning into 'logs-repo'...
