Installing dependencies...
npm warn deprecated w3c-hr-time@1.0.2: Use your platform's native performance.now() and performance.timeOrigin.
npm warn deprecated domexception@2.0.1: Use your platform's native DOMException instead
npm warn deprecated abab@2.0.6: Use your platform's native atob() and btoa() methods instead

> the-business-hub-pakistan@0.0.0 prepare
> husky

.git can't be found
added 1807 packages, and audited 1808 packages in 5m

253 packages are looking for funding
  run `npm fund` for details

70 vulnerabilities (67 moderate, 3 high)

To address issues that do not require attention, run:
  npm audit fix

To address all issues possible (including breaking changes), run:
  npm audit fix --force

Some issues need review, and may require choosing
a different dependency.

Run `npm audit` for details.
Building React app...

> the-business-hub-pakistan@0.0.0 build
> vite build

vite v7.1.11 building for production...
transforming...
✓ 3072 modules transformed.
rendering chunks...
computing gzip size...
dist/index.html                                    2.93 kB │ gzip:   1.19 kB
dist/assets/verifiedBadge-CrcJq1tD.webp           10.83 kB
dist/assets/rectanglePlaceholder-nCbViREl.png     11.85 kB
dist/assets/goldenCheck-CnSHOmXW.webp             13.45 kB
dist/assets/irfanMalikBg-D4osmO_C.jpg             24.66 kB
dist/assets/proposal6-wLmvSjqd.webp               28.15 kB
dist/assets/placeholderMan-BvremNML.png           36.64 kB
dist/assets/handShake-Dk1DoagP.webp               65.18 kB
dist/assets/tower-gldBe0jJ.webp                   66.16 kB
dist/assets/tower2-LuqAcWCu.jpg                   72.52 kB
dist/assets/shakeelBg-NX99JDrP.jpg               143.15 kB
dist/assets/MainLogo-DJpFhlQE.png                144.86 kB
dist/assets/Fav-BPcykgsi.png                     147.34 kB
dist/assets/akhtar-qLBVRLf-.jpg                  173.92 kB
dist/assets/proposal5-DItum-r7.webp              174.24 kB
dist/assets/tower3-DpFzgoGy.jpg                  175.56 kB
dist/assets/proposal2-B9XZZX50.webp              192.62 kB
dist/assets/meerShinyDress-C8scZpYx.webp         229.68 kB
dist/assets/meerGreenJacket-ykCKR2uN.png         230.19 kB
dist/assets/arabic-BElshnQY.jpg                  238.42 kB
dist/assets/wasim-ETjjiRaD.jpg                   242.26 kB
dist/assets/salman-DD3Zraly.jpg                  255.18 kB
dist/assets/fahad-CnovJc60.jpg                   278.62 kB
dist/assets/tech-BdWyL5Pa.jpg                    281.71 kB
dist/assets/dubai-Bmqq4ymj.jpg                   311.77 kB
dist/assets/wasimAkramBg-D4BFEYu1.png            313.57 kB
dist/assets/proposal3-fxAFZeku.webp              445.47 kB
dist/assets/proposal4-CZk7QC75.webp              542.86 kB
dist/assets/proposal1-D37fvLUu.webp              779.05 kB
dist/assets/wasimAkram-CBOcRO9q.png            4,488.96 kB
dist/assets/vendor-react-DpsRipQV.css              3.23 kB │ gzip:   0.73 kB
dist/assets/index-a19k3B3m.css                   152.82 kB │ gzip:  20.56 kB
dist/assets/useDebounce-DTx7kaNE.js                0.20 kB │ gzip:   0.17 kB
dist/assets/InfoBox-DN7KcE2C.js                    0.83 kB │ gzip:   0.42 kB
dist/assets/CkEditor-Dy2BU3ox.js                   0.90 kB │ gzip:   0.55 kB
dist/assets/Tabs-CfeFjD3t.js                       1.24 kB │ gzip:   0.66 kB
dist/assets/ToggleChips-DJW9XqRT.js                1.72 kB │ gzip:   0.85 kB
dist/assets/topCards-C_6h8kXu.js                   1.72 kB │ gzip:   0.75 kB
dist/assets/ImageUploader-W5gjo8fs.js              1.92 kB │ gzip:   0.93 kB
dist/assets/FilterDrawer-mJxQdtzU.js               2.26 kB │ gzip:   0.95 kB
dist/assets/ForgotPassword-Di1m_aiO.js             2.30 kB │ gzip:   1.13 kB
dist/assets/ResetPassword-BbMZjp4E.js              2.53 kB │ gzip:   1.11 kB
dist/assets/AuthCallback-hhZ-BwYK.js               2.85 kB │ gzip:   1.34 kB
dist/assets/toolbar-Bz87Ufgm.js                    2.93 kB │ gzip:   1.20 kB
dist/assets/supabase-bulk-emails-CVkSC6Xn.js       3.14 kB │ gzip:   1.12 kB
dist/assets/index-B6nKSblq.js                      3.22 kB │ gzip:   1.52 kB
dist/assets/index-j-XeMRgF.js                      3.35 kB │ gzip:   1.65 kB
dist/assets/SignupThankYou-BZjZceLN.js             3.38 kB │ gzip:   1.51 kB
dist/assets/index-Cd_n6JFs.js                      3.42 kB │ gzip:   1.64 kB
dist/assets/index-DpPKRc-9.js                      3.55 kB │ gzip:   1.67 kB
dist/assets/index-Dp4B-fSu.js                      4.12 kB │ gzip:   2.01 kB
dist/assets/index-ju2soKkw.js                      4.13 kB │ gzip:   1.62 kB
dist/assets/index-BwardKus.js                      4.13 kB │ gzip:   2.01 kB
dist/assets/index-DjpCGUWv.js                      4.23 kB │ gzip:   1.88 kB
dist/assets/BlogDetail-BwCpXU7N.js                 4.23 kB │ gzip:   1.73 kB
dist/assets/index-qu3lH6B3.js                      4.38 kB │ gzip:   1.93 kB
dist/assets/Dashboard-BFIntKEw.js                  4.45 kB │ gzip:   1.52 kB
dist/assets/index-CGKFRDph.js                      4.65 kB │ gzip:   2.06 kB
dist/assets/CreateBlog-D-4e31vf.js                 4.73 kB │ gzip:   1.95 kB
dist/assets/ContactSupport-DLdywj9b.js             4.83 kB │ gzip:   1.99 kB
dist/assets/Login-bmBbSi78.js                      4.94 kB │ gzip:   2.04 kB
dist/assets/ViewRemindersModal-CrZgE_1Q.js         5.09 kB │ gzip:   1.92 kB
dist/assets/EditBlog-DpIK1iYh.js                   5.34 kB │ gzip:   2.17 kB
dist/assets/SelectRole-DvkZCX_A.js                 5.81 kB │ gzip:   2.43 kB
dist/assets/VerifyUserEmail-B6u1NbTI.js            5.97 kB │ gzip:   2.13 kB
dist/assets/Dashboard-CCLTz1v8.js                  6.56 kB │ gzip:   1.73 kB
dist/assets/index-zckjZF4X.js                      6.76 kB │ gzip:   2.82 kB
dist/assets/SignUp-C41ghYor.js                     6.99 kB │ gzip:   2.63 kB
dist/assets/Profile-DilQ-zyM.js                    7.05 kB │ gzip:   2.26 kB
dist/assets/businessProposalCard-BdSyzOgB.js       8.35 kB │ gzip:   2.76 kB
dist/assets/index-xlf6yFa9.js                      8.89 kB │ gzip:   3.58 kB
dist/assets/index-8OGhEA9y.js                      9.83 kB │ gzip:   3.64 kB
dist/assets/index-DqNaSfH2.js                     10.02 kB │ gzip:   3.24 kB
dist/assets/table-DC0MDB_5.js                     10.52 kB │ gzip:   3.37 kB
dist/assets/Header-D81Vb8f_.js                    11.17 kB │ gzip:   3.33 kB
dist/assets/vendor-ui-BIKiQdre.js                 11.92 kB │ gzip:   4.70 kB
dist/assets/SimplifiedProfile-LaSVSete.js         13.69 kB │ gzip:   3.66 kB
dist/assets/index-DUW63CD7.js                     15.78 kB │ gzip:   4.88 kB
dist/assets/index-Auavo_tE.js                     16.77 kB │ gzip:   5.39 kB
dist/assets/CreateNewBatch-CHEncU6I.js            16.78 kB │ gzip:   4.53 kB
dist/assets/EditFounder-DZqIv6PM.js               18.16 kB │ gzip:   4.43 kB
dist/assets/index-BJDPo2q1.js                     18.55 kB │ gzip:   5.87 kB
dist/assets/mockData-BjikYMM9.js                  18.90 kB │ gzip:   6.85 kB
dist/assets/EditInvestor-C_KYEEz7.js              19.16 kB │ gzip:   4.70 kB
dist/assets/index-EQ4hAAx-.js                     19.42 kB │ gzip:   6.27 kB
dist/assets/index-COI8wSDn.js                     19.42 kB │ gzip:   6.05 kB
dist/assets/index-Z7x3_ENA.js                     21.36 kB │ gzip:   5.61 kB
dist/assets/index-DeIR1pAd.js                     23.74 kB │ gzip:   5.41 kB
dist/assets/ViewBusinessProposal-DSMqopcJ.js      23.89 kB │ gzip:   5.65 kB
dist/assets/index-CrSRtBKF.js                     24.98 kB │ gzip:   7.50 kB
dist/assets/Landing-DQ6AxuE4.js                   48.87 kB │ gzip:  13.69 kB
dist/assets/index-BTMCQeU-.js                    106.00 kB │ gzip:  30.28 kB
dist/assets/vendor-supabase-DzKFAXye.js          147.09 kB │ gzip:  39.39 kB
dist/assets/vendor-animation-CdDnu0Jo.js         193.97 kB │ gzip:  68.76 kB
dist/assets/vendor-BU3GiDRJ.js                   292.33 kB │ gzip:  79.73 kB
dist/assets/vendor-utils-C8MOtL8d.js             536.40 kB │ gzip: 171.84 kB
dist/assets/vendor-charts-wx5fMmTk.js            579.92 kB │ gzip: 157.57 kB
dist/assets/vendor-react-B0VfTQJk.js             752.04 kB │ gzip: 212.25 kB
dist/assets/vendor-editor-DWXqKYla.js          1,304.58 kB │ gzip: 321.79 kB
✓ built in 16.94s
Packaging build...
  adding: favicon.ico (deflated 13%)
  adding: assets/ (stored 0%)
  adding: assets/irfanMalikBg-D4osmO_C.jpg (deflated 1%)
  adding: assets/meerGreenJacket-ykCKR2uN.png (deflated 0%)
  adding: assets/meerShinyDress-C8scZpYx.webp (deflated 0%)
  adding: assets/shakeelBg-NX99JDrP.jpg (deflated 0%)
  adding: assets/dubai-Bmqq4ymj.jpg (deflated 0%)
  adding: assets/fahad-CnovJc60.jpg (deflated 0%)
  adding: assets/handShake-Dk1DoagP.webp (deflated 0%)
  adding: assets/salman-DD3Zraly.jpg (deflated 0%)
  adding: assets/tech-BdWyL5Pa.jpg (deflated 0%)
  adding: assets/wasim-ETjjiRaD.jpg (deflated 0%)
  adding: assets/placeholderMan-BvremNML.png (deflated 3%)
  adding: assets/wasimAkramBg-D4BFEYu1.png (deflated 0%)
  adding: assets/Fav-BPcykgsi.png (deflated 5%)
  adding: assets/akhtar-qLBVRLf-.jpg (deflated 1%)
  adding: assets/arabic-BElshnQY.jpg (deflated 0%)
  adding: assets/MainLogo-DJpFhlQE.png (deflated 4%)
  adding: assets/goldenCheck-CnSHOmXW.webp (stored 0%)
  adding: assets/tower-gldBe0jJ.webp (deflated 0%)
  adding: assets/tower2-LuqAcWCu.jpg (deflated 2%)
  adding: assets/tower3-DpFzgoGy.jpg (deflated 0%)
  adding: assets/proposal2-B9XZZX50.webp (deflated 3%)
  adding: assets/proposal3-fxAFZeku.webp (deflated 1%)
  adding: assets/proposal5-DItum-r7.webp (deflated 4%)
  adding: assets/proposal6-wLmvSjqd.webp (deflated 0%)
  adding: assets/verifiedBadge-CrcJq1tD.webp (deflated 1%)
  adding: assets/rectanglePlaceholder-nCbViREl.png (deflated 31%)
  adding: assets/proposal1-D37fvLUu.webp (deflated 1%)
  adding: assets/proposal4-CZk7QC75.webp (deflated 1%)
  adding: assets/wasimAkram-CBOcRO9q.png (deflated 1%)
  adding: assets/vendor-react-DpsRipQV.css (deflated 78%)
  adding: assets/index-a19k3B3m.css (deflated 87%)
  adding: assets/vendor-BU3GiDRJ.js (deflated 73%)
  adding: assets/vendor-animation-CdDnu0Jo.js (deflated 65%)
  adding: assets/vendor-charts-wx5fMmTk.js (deflated 73%)
  adding: assets/vendor-editor-DWXqKYla.js (deflated 75%)
  adding: assets/vendor-react-B0VfTQJk.js (deflated 72%)
  adding: assets/vendor-supabase-DzKFAXye.js (deflated 73%)
  adding: assets/vendor-ui-BIKiQdre.js (deflated 61%)
  adding: assets/vendor-utils-C8MOtL8d.js (deflated 68%)
  adding: assets/index-BTMCQeU-.js (deflated 72%)
  adding: assets/Landing-DQ6AxuE4.js (deflated 72%)
  adding: assets/BlogDetail-BwCpXU7N.js (deflated 60%)
  adding: assets/index-j-XeMRgF.js (deflated 51%)
  adding: assets/index-B6nKSblq.js (deflated 53%)
  adding: assets/index-DpPKRc-9.js (deflated 53%)
  adding: assets/index-Cd_n6JFs.js (deflated 52%)
  adding: assets/Header-D81Vb8f_.js (deflated 70%)
  adding: assets/SignUp-C41ghYor.js (deflated 63%)
  adding: assets/ForgotPassword-Di1m_aiO.js (deflated 52%)
  adding: assets/VerifyUserEmail-B6u1NbTI.js (deflated 64%)
  adding: assets/ResetPassword-BbMZjp4E.js (deflated 57%)
  adding: assets/ContactSupport-DLdywj9b.js (deflated 59%)
  adding: assets/AuthCallback-hhZ-BwYK.js (deflated 53%)
  adding: assets/SelectRole-DvkZCX_A.js (deflated 58%)
  adding: assets/SignupThankYou-BZjZceLN.js (deflated 56%)
  adding: assets/Login-bmBbSi78.js (deflated 59%)
  adding: assets/index-DeIR1pAd.js (deflated 77%)
  adding: assets/Profile-DilQ-zyM.js (deflated 68%)
  adding: assets/index-zckjZF4X.js (deflated 58%)
  adding: assets/index-COI8wSDn.js (deflated 69%)
  adding: assets/EditInvestor-C_KYEEz7.js (deflated 76%)
  adding: assets/index-BJDPo2q1.js (deflated 68%)
  adding: assets/ViewRemindersModal-CrZgE_1Q.js (deflated 63%)
  adding: assets/EditFounder-DZqIv6PM.js (deflated 76%)
  adding: assets/index-xlf6yFa9.js (deflated 60%)
  adding: assets/index-EQ4hAAx-.js (deflated 68%)
  adding: assets/index-Auavo_tE.js (deflated 68%)
  adding: assets/ViewBusinessProposal-DSMqopcJ.js (deflated 76%)
  adding: assets/index-CrSRtBKF.js (deflated 70%)
  adding: assets/index-DqNaSfH2.js (deflated 68%)
  adding: assets/CreateNewBatch-CHEncU6I.js (deflated 73%)
  adding: assets/supabase-bulk-emails-CVkSC6Xn.js (deflated 65%)
  adding: assets/index-CGKFRDph.js (deflated 56%)
  adding: assets/useDebounce-DTx7kaNE.js (deflated 22%)
  adding: assets/table-DC0MDB_5.js (deflated 68%)
  adding: assets/CreateBlog-D-4e31vf.js (deflated 59%)
  adding: assets/mockData-BjikYMM9.js (deflated 64%)
  adding: assets/InfoBox-DN7KcE2C.js (deflated 51%)
  adding: assets/topCards-C_6h8kXu.js (deflated 57%)
  adding: assets/ImageUploader-W5gjo8fs.js (deflated 53%)
  adding: assets/toolbar-Bz87Ufgm.js (deflated 60%)
  adding: assets/FilterDrawer-mJxQdtzU.js (deflated 58%)
  adding: assets/ToggleChips-DJW9XqRT.js (deflated 51%)
  adding: assets/Tabs-CfeFjD3t.js (deflated 49%)
  adding: assets/businessProposalCard-BdSyzOgB.js (deflated 67%)
  adding: assets/CkEditor-Dy2BU3ox.js (deflated 41%)
  adding: assets/EditBlog-DpIK1iYh.js (deflated 60%)
  adding: assets/index-DUW63CD7.js (deflated 69%)
  adding: assets/Dashboard-CCLTz1v8.js (deflated 74%)
  adding: assets/SimplifiedProfile-LaSVSete.js (deflated 73%)
  adding: assets/index-Dp4B-fSu.js (deflated 52%)
  adding: assets/index-qu3lH6B3.js (deflated 56%)
  adding: assets/index-ju2soKkw.js (deflated 61%)
  adding: assets/index-DjpCGUWv.js (deflated 56%)
  adding: assets/Dashboard-BFIntKEw.js (deflated 66%)
  adding: assets/index-Z7x3_ENA.js (deflated 74%)
  adding: assets/index-8OGhEA9y.js (deflated 63%)
  adding: assets/index-BwardKus.js (deflated 52%)
  adding: index.html (deflated 60%)
Saving Lightsail SSH key...
Uploading build to Lightsail...
Warning: Permanently added '15.207.22.250' (ED25519) to the list of known hosts.
Deploying build to /var/www/html ...
Archive:  /home/ubuntu/react-build.zip
  inflating: /var/www/html/favicon.ico  
   creating: /var/www/html/assets/
  inflating: /var/www/html/assets/irfanMalikBg-D4osmO_C.jpg  
  inflating: /var/www/html/assets/meerGreenJacket-ykCKR2uN.png  
  inflating: /var/www/html/assets/meerShinyDress-C8scZpYx.webp  
  inflating: /var/www/html/assets/shakeelBg-NX99JDrP.jpg  
  inflating: /var/www/html/assets/dubai-Bmqq4ymj.jpg  
  inflating: /var/www/html/assets/fahad-CnovJc60.jpg  
  inflating: /var/www/html/assets/handShake-Dk1DoagP.webp  
  inflating: /var/www/html/assets/salman-DD3Zraly.jpg  
  inflating: /var/www/html/assets/tech-BdWyL5Pa.jpg  
  inflating: /var/www/html/assets/wasim-ETjjiRaD.jpg  
  inflating: /var/www/html/assets/placeholderMan-BvremNML.png  
  inflating: /var/www/html/assets/wasimAkramBg-D4BFEYu1.png  
  inflating: /var/www/html/assets/Fav-BPcykgsi.png  
  inflating: /var/www/html/assets/akhtar-qLBVRLf-.jpg  
  inflating: /var/www/html/assets/arabic-BElshnQY.jpg  
  inflating: /var/www/html/assets/MainLogo-DJpFhlQE.png  
 extracting: /var/www/html/assets/goldenCheck-CnSHOmXW.webp  
  inflating: /var/www/html/assets/tower-gldBe0jJ.webp  
  inflating: /var/www/html/assets/tower2-LuqAcWCu.jpg  
  inflating: /var/www/html/assets/tower3-DpFzgoGy.jpg  
  inflating: /var/www/html/assets/proposal2-B9XZZX50.webp  
  inflating: /var/www/html/assets/proposal3-fxAFZeku.webp  
  inflating: /var/www/html/assets/proposal5-DItum-r7.webp  
  inflating: /var/www/html/assets/proposal6-wLmvSjqd.webp  
  inflating: /var/www/html/assets/verifiedBadge-CrcJq1tD.webp  
  inflating: /var/www/html/assets/rectanglePlaceholder-nCbViREl.png  
  inflating: /var/www/html/assets/proposal1-D37fvLUu.webp  
  inflating: /var/www/html/assets/proposal4-CZk7QC75.webp  
  inflating: /var/www/html/assets/wasimAkram-CBOcRO9q.png  
  inflating: /var/www/html/assets/vendor-react-DpsRipQV.css  
  inflating: /var/www/html/assets/index-a19k3B3m.css  
  inflating: /var/www/html/assets/vendor-BU3GiDRJ.js  
  inflating: /var/www/html/assets/vendor-animation-CdDnu0Jo.js  
  inflating: /var/www/html/assets/vendor-charts-wx5fMmTk.js  
  inflating: /var/www/html/assets/vendor-editor-DWXqKYla.js  
  inflating: /var/www/html/assets/vendor-react-B0VfTQJk.js  
  inflating: /var/www/html/assets/vendor-supabase-DzKFAXye.js  
  inflating: /var/www/html/assets/vendor-ui-BIKiQdre.js  
  inflating: /var/www/html/assets/vendor-utils-C8MOtL8d.js  
  inflating: /var/www/html/assets/index-BTMCQeU-.js  
  inflating: /var/www/html/assets/Landing-DQ6AxuE4.js  
  inflating: /var/www/html/assets/BlogDetail-BwCpXU7N.js  
  inflating: /var/www/html/assets/index-j-XeMRgF.js  
  inflating: /var/www/html/assets/index-B6nKSblq.js  
  inflating: /var/www/html/assets/index-DpPKRc-9.js  
  inflating: /var/www/html/assets/index-Cd_n6JFs.js  
  inflating: /var/www/html/assets/Header-D81Vb8f_.js  
  inflating: /var/www/html/assets/SignUp-C41ghYor.js  
  inflating: /var/www/html/assets/ForgotPassword-Di1m_aiO.js  
  inflating: /var/www/html/assets/VerifyUserEmail-B6u1NbTI.js  
  inflating: /var/www/html/assets/ResetPassword-BbMZjp4E.js  
  inflating: /var/www/html/assets/ContactSupport-DLdywj9b.js  
  inflating: /var/www/html/assets/AuthCallback-hhZ-BwYK.js  
  inflating: /var/www/html/assets/SelectRole-DvkZCX_A.js  
  inflating: /var/www/html/assets/SignupThankYou-BZjZceLN.js  
  inflating: /var/www/html/assets/Login-bmBbSi78.js  
  inflating: /var/www/html/assets/index-DeIR1pAd.js  
  inflating: /var/www/html/assets/Profile-DilQ-zyM.js  
  inflating: /var/www/html/assets/index-zckjZF4X.js  
  inflating: /var/www/html/assets/index-COI8wSDn.js  
  inflating: /var/www/html/assets/EditInvestor-C_KYEEz7.js  
  inflating: /var/www/html/assets/index-BJDPo2q1.js  
  inflating: /var/www/html/assets/ViewRemindersModal-CrZgE_1Q.js  
  inflating: /var/www/html/assets/EditFounder-DZqIv6PM.js  
  inflating: /var/www/html/assets/index-xlf6yFa9.js  
  inflating: /var/www/html/assets/index-EQ4hAAx-.js  
  inflating: /var/www/html/assets/index-Auavo_tE.js  
  inflating: /var/www/html/assets/ViewBusinessProposal-DSMqopcJ.js  
  inflating: /var/www/html/assets/index-CrSRtBKF.js  
  inflating: /var/www/html/assets/index-DqNaSfH2.js  
  inflating: /var/www/html/assets/CreateNewBatch-CHEncU6I.js  
  inflating: /var/www/html/assets/supabase-bulk-emails-CVkSC6Xn.js  
  inflating: /var/www/html/assets/index-CGKFRDph.js  
  inflating: /var/www/html/assets/useDebounce-DTx7kaNE.js  
  inflating: /var/www/html/assets/table-DC0MDB_5.js  
  inflating: /var/www/html/assets/CreateBlog-D-4e31vf.js  
  inflating: /var/www/html/assets/mockData-BjikYMM9.js  
  inflating: /var/www/html/assets/InfoBox-DN7KcE2C.js  
  inflating: /var/www/html/assets/topCards-C_6h8kXu.js  
  inflating: /var/www/html/assets/ImageUploader-W5gjo8fs.js  
  inflating: /var/www/html/assets/toolbar-Bz87Ufgm.js  
  inflating: /var/www/html/assets/FilterDrawer-mJxQdtzU.js  
  inflating: /var/www/html/assets/ToggleChips-DJW9XqRT.js  
  inflating: /var/www/html/assets/Tabs-CfeFjD3t.js  
  inflating: /var/www/html/assets/businessProposalCard-BdSyzOgB.js  
  inflating: /var/www/html/assets/CkEditor-Dy2BU3ox.js  
  inflating: /var/www/html/assets/EditBlog-DpIK1iYh.js  
  inflating: /var/www/html/assets/index-DUW63CD7.js  
  inflating: /var/www/html/assets/Dashboard-CCLTz1v8.js  
  inflating: /var/www/html/assets/SimplifiedProfile-LaSVSete.js  
  inflating: /var/www/html/assets/index-Dp4B-fSu.js  
  inflating: /var/www/html/assets/index-qu3lH6B3.js  
  inflating: /var/www/html/assets/index-ju2soKkw.js  
  inflating: /var/www/html/assets/index-DjpCGUWv.js  
  inflating: /var/www/html/assets/Dashboard-BFIntKEw.js  
  inflating: /var/www/html/assets/index-Z7x3_ENA.js  
  inflating: /var/www/html/assets/index-8OGhEA9y.js  
  inflating: /var/www/html/assets/index-BwardKus.js  
  inflating: /var/www/html/index.html  
Saving Git logs repo SSH key...
Testing GitHub SSH key...
Cloning deployment-logs repo...
Cloning into 'logs-repo'...
