Installing dependencies...
npm warn deprecated w3c-hr-time@1.0.2: Use your platform's native performance.now() and performance.timeOrigin.
npm warn deprecated domexception@2.0.1: Use your platform's native DOMException instead
npm warn deprecated abab@2.0.6: Use your platform's native atob() and btoa() methods instead

added 1756 packages, and audited 1757 packages in 5m

222 packages are looking for funding
  run `npm fund` for details

70 vulnerabilities (67 moderate, 3 high)

To address issues that do not require attention, run:
  npm audit fix

To address all issues possible (including breaking changes), run:
  npm audit fix --force

Some issues need review, and may require choosing
a different dependency.

Run `npm audit` for details.
Building React app...

> boilerplate-code-react-js@0.0.0 build
> vite build

vite v7.1.11 building for production...
transforming...
✓ 3061 modules transformed.
rendering chunks...
computing gzip size...
dist/index.html                                    2.18 kB │ gzip:   1.05 kB
dist/assets/verifiedBadge-CrcJq1tD.webp           10.83 kB
dist/assets/rectanglePlaceholder-nCbViREl.png     11.85 kB
dist/assets/goldenCheck-CnSHOmXW.webp             13.45 kB
dist/assets/irfanMalikBg-D4osmO_C.jpg             24.66 kB
dist/assets/proposal6-wLmvSjqd.webp               28.15 kB
dist/assets/placeholderMan-BvremNML.png           36.64 kB
dist/assets/handShake-Dk1DoagP.webp               65.18 kB
dist/assets/tower-gldBe0jJ.webp                   66.16 kB
dist/assets/tower2-LuqAcWCu.jpg                   72.52 kB
dist/assets/shakeelBg-NX99JDrP.jpg               143.15 kB
dist/assets/MainLogo-DJpFhlQE.png                144.86 kB
dist/assets/Fav-BPcykgsi.png                     147.34 kB
dist/assets/akhtar-qLBVRLf-.jpg                  173.92 kB
dist/assets/proposal5-DItum-r7.webp              174.24 kB
dist/assets/tower3-DpFzgoGy.jpg                  175.56 kB
dist/assets/proposal2-B9XZZX50.webp              192.62 kB
dist/assets/meerShinyDress-C8scZpYx.webp         229.68 kB
dist/assets/meerGreenJacket-ykCKR2uN.png         230.19 kB
dist/assets/arabic-BElshnQY.jpg                  238.42 kB
dist/assets/wasim-ETjjiRaD.jpg                   242.26 kB
dist/assets/salman-DD3Zraly.jpg                  255.18 kB
dist/assets/fahad-CnovJc60.jpg                   278.62 kB
dist/assets/tech-BdWyL5Pa.jpg                    281.71 kB
dist/assets/dubai-Bmqq4ymj.jpg                   311.77 kB
dist/assets/wasimAkramBg-D4BFEYu1.png            313.57 kB
dist/assets/proposal3-fxAFZeku.webp              445.47 kB
dist/assets/proposal4-CZk7QC75.webp              542.86 kB
dist/assets/proposal1-D37fvLUu.webp              779.05 kB
dist/assets/wasimAkram-CBOcRO9q.png            4,488.96 kB
dist/assets/style-DpsRipQV.css                     3.23 kB │ gzip:   0.73 kB
dist/assets/index-Ff7ovr_8.css                   147.29 kB │ gzip:  20.24 kB
dist/assets/index-BdQq_4o_.js                      0.06 kB │ gzip:   0.08 kB
dist/assets/index-DnhH-w_l.js                      0.14 kB │ gzip:   0.14 kB
dist/assets/useDebounce-8Ccf4vnS.js                0.19 kB │ gzip:   0.17 kB
dist/assets/chevron-down-BHfAZXza.js               0.30 kB │ gzip:   0.25 kB
dist/assets/chevron-left-DxeShmCx.js               0.30 kB │ gzip:   0.25 kB
dist/assets/plus-BWksSMTb.js                       0.33 kB │ gzip:   0.25 kB
dist/assets/arrow-right-CbB0xjyW.js                0.34 kB │ gzip:   0.26 kB
dist/assets/arrow-left-BR0XXH6_.js                 0.34 kB │ gzip:   0.27 kB
dist/assets/circle-check-j2DSUebR.js               0.35 kB │ gzip:   0.27 kB
dist/assets/trending-up-Bb1zNf0U.js                0.35 kB │ gzip:   0.27 kB
dist/assets/ban-DLPWp03s.js                        0.35 kB │ gzip:   0.28 kB
dist/assets/info-DP7D39O4.js                       0.37 kB │ gzip:   0.28 kB
dist/assets/rotate-ccw-JUE_3nys.js                 0.37 kB │ gzip:   0.29 kB
dist/assets/circle-x-Duj3l2M6.js                   0.38 kB │ gzip:   0.28 kB
dist/assets/mail-BBpnR7xK.js                       0.39 kB │ gzip:   0.31 kB
dist/assets/index-qSoTQx2V.js                      0.39 kB │ gzip:   0.30 kB
dist/assets/target-Doigtd0q.js                     0.39 kB │ gzip:   0.27 kB
dist/assets/upload-bgJy9O88.js                     0.40 kB │ gzip:   0.30 kB
dist/assets/log-in-CEEw6ECY.js                     0.40 kB │ gzip:   0.29 kB
dist/assets/download-DeHOFKWr.js                   0.41 kB │ gzip:   0.30 kB
dist/assets/message-square-iNOpQ7Pa.js             0.41 kB │ gzip:   0.30 kB
dist/assets/globe-BPvqF7Jy.js                      0.41 kB │ gzip:   0.29 kB
dist/assets/message-circle-isdG330c.js             0.41 kB │ gzip:   0.31 kB
dist/assets/circle-alert-BWWcPmTv.js               0.42 kB │ gzip:   0.29 kB
dist/assets/eye-BxcrfpRD.js                        0.42 kB │ gzip:   0.30 kB
dist/assets/map-pin-DREVT2Iq.js                    0.43 kB │ gzip:   0.33 kB
dist/assets/link-2fedlI5o.js                       0.43 kB │ gzip:   0.30 kB
dist/assets/calendar-CdXk7_t8.js                   0.43 kB │ gzip:   0.31 kB
dist/assets/pencil-B3vmhPDK.js                     0.45 kB │ gzip:   0.33 kB
dist/assets/user-plus-DfwHoEgj.js                  0.48 kB │ gzip:   0.34 kB
dist/assets/shield-check-CrTn5-82.js               0.49 kB │ gzip:   0.35 kB
dist/assets/square-pen-CSHA2RCA.js                 0.49 kB │ gzip:   0.34 kB
dist/assets/phone-DjAEu5nE.js                      0.50 kB │ gzip:   0.33 kB
dist/assets/save-re6Rsg0I.js                       0.50 kB │ gzip:   0.33 kB
dist/assets/trash-2-BLsc4cfj.js                    0.50 kB │ gzip:   0.32 kB
dist/assets/LegalModal-DvOLMH-f.js                 0.66 kB │ gzip:   0.46 kB
dist/assets/sparkles-Dk_QGFGc.js                   0.67 kB │ gzip:   0.39 kB
dist/assets/InfoBox-D-vMIKIr.js                    0.86 kB │ gzip:   0.43 kB
dist/assets/label-7Il2BGjm.js                      0.88 kB │ gzip:   0.55 kB
dist/assets/card-Buef2Oh7.js                       1.18 kB │ gzip:   0.46 kB
dist/assets/package-PFXz5B8C.js                    1.21 kB │ gzip:   0.49 kB
dist/assets/Tabs-B_-BPB95.js                       1.23 kB │ gzip:   0.65 kB
dist/assets/GetMoreDetailsModal-sFoiaUr8.js        1.27 kB │ gzip:   0.61 kB
dist/assets/EmptyState-B1g3NFsp.js                 1.47 kB │ gzip:   0.61 kB
dist/assets/textarea-CcwQUmeL.js                   1.50 kB │ gzip:   0.74 kB
dist/assets/ToggleChips-DIaXPqif.js                1.68 kB │ gzip:   0.83 kB
dist/assets/input-z-lPCoDg.js                      1.68 kB │ gzip:   0.86 kB
dist/assets/topCards-BjPMBLl_.js                   1.71 kB │ gzip:   0.74 kB
dist/assets/ImageUploader-CI2qJOaa.js              1.95 kB │ gzip:   0.94 kB
dist/assets/index-DEPQk43b.js                      2.07 kB │ gzip:   0.92 kB
dist/assets/ForgotPassword-DRkJfMtY.js             2.21 kB │ gzip:   1.10 kB
dist/assets/ContactSupportModal-DEY9y4i1.js        2.36 kB │ gzip:   1.18 kB
dist/assets/ResetPassword-CtpTXEri.js              2.44 kB │ gzip:   1.08 kB
dist/assets/index-CQAkF4GA.js                      2.57 kB │ gzip:   1.16 kB
dist/assets/AuthCallback-BmIucu1l.js               2.71 kB │ gzip:   1.30 kB
dist/assets/index-BouUOlIo.js                      2.72 kB │ gzip:   1.22 kB
dist/assets/index-DbRhBHlu.js                      2.87 kB │ gzip:   1.41 kB
dist/assets/toolbar-CTcIb6lw.js                    2.99 kB │ gzip:   1.22 kB
dist/assets/FileUploader-DZWyTL3f.js               3.02 kB │ gzip:   1.35 kB
dist/assets/index-CIRgh1wS.js                      3.11 kB │ gzip:   1.48 kB
dist/assets/supabase-bulk-emails-BjFBvlf-.js       3.14 kB │ gzip:   1.12 kB
dist/assets/index-BQ3NluAJ.js                      3.24 kB │ gzip:   1.62 kB
dist/assets/index-6ddgex5k.js                      3.31 kB │ gzip:   1.61 kB
dist/assets/SignupThankYou-Bq9AXnEB.js             3.32 kB │ gzip:   1.51 kB
dist/assets/index-Tf2IFhye.js                      3.44 kB │ gzip:   1.64 kB
dist/assets/index-Wpaurbyi.js                      3.48 kB │ gzip:   1.67 kB
dist/assets/checkbox-jgC0LZ68.js                   4.04 kB │ gzip:   1.77 kB
dist/assets/index-QBZq0fGE.js                      4.28 kB │ gzip:   1.70 kB
dist/assets/Dashboard-CAHYyyEB.js                  4.28 kB │ gzip:   1.46 kB
dist/assets/index-C3uK2AuB.js                      4.29 kB │ gzip:   2.09 kB
dist/assets/Dashboard-C1cREqd8.js                  4.30 kB │ gzip:   1.47 kB
dist/assets/index-DM83LmPJ.js                      4.30 kB │ gzip:   2.10 kB
dist/assets/BlogDetail-DxxEeByj.js                 4.64 kB │ gzip:   1.99 kB
dist/assets/Stepper-Be2b1JQb.js                    4.65 kB │ gzip:   2.01 kB
dist/assets/Login-LW2rD7_k.js                      4.82 kB │ gzip:   2.00 kB
dist/assets/index-CDCyk7st.js                      4.84 kB │ gzip:   2.14 kB
dist/assets/ContactSupport-BGB0BuVm.js             5.08 kB │ gzip:   2.11 kB
dist/assets/CreateBlog-CTIoJ398.js                 5.11 kB │ gzip:   2.11 kB
dist/assets/EditBlog-pDZ7Mnxn.js                   5.72 kB │ gzip:   2.33 kB
dist/assets/VerifyUserEmail-CZfuIt6t.js            5.91 kB │ gzip:   2.12 kB
dist/assets/SelectRole-CGFj5U55.js                 6.02 kB │ gzip:   2.53 kB
dist/assets/popover-CaRekZq-.js                    6.81 kB │ gzip:   2.48 kB
dist/assets/SignUp-sbVk3_dc.js                     7.06 kB │ gzip:   2.69 kB
dist/assets/Profile-CqFn1jLi.js                    7.24 kB │ gzip:   2.34 kB
dist/assets/businessProposalCard-CjcDl604.js       7.88 kB │ gzip:   2.60 kB
dist/assets/index-DYfVP6BW.js                      8.18 kB │ gzip:   3.32 kB
dist/assets/tooltip-CA1twFDp.js                    8.77 kB │ gzip:   3.34 kB
dist/assets/index-ClacetPD.js                      8.95 kB │ gzip:   3.15 kB
dist/assets/FilterDrawer-CE3xiaSP.js               9.50 kB │ gzip:   3.21 kB
dist/assets/dialog-C3MvlHS1.js                     9.57 kB │ gzip:   3.57 kB
dist/assets/index-YD2Nvvr5.js                      9.66 kB │ gzip:   3.97 kB
dist/assets/index-mx1IkP4H.js                     10.11 kB │ gzip:   3.77 kB
dist/assets/index-C2MQisNO.js                     10.30 kB │ gzip:   3.36 kB
dist/assets/Header-BKwOSKiY.js                    11.28 kB │ gzip:   3.37 kB
dist/assets/index-CnDp_2-h.js                     13.91 kB │ gzip:   4.82 kB
dist/assets/SimplifiedProfile-Dwz28cSl.js         14.09 kB │ gzip:   3.85 kB
dist/assets/index-CsmTDCL7.js                     16.50 kB │ gzip:   6.25 kB
dist/assets/CreateNewBatch-BqPRXqpG.js            17.95 kB │ gzip:   5.00 kB
dist/assets/EditFounder-Dhuqn7sR.js               18.37 kB │ gzip:   4.51 kB
dist/assets/ViewBusinessProposal-CerzQctm.js      18.65 kB │ gzip:   4.73 kB
dist/assets/mockData-BjikYMM9.js                  18.90 kB │ gzip:   6.85 kB
dist/assets/EditInvestor-2Y87n54t.js              19.36 kB │ gzip:   4.79 kB
dist/assets/index-C76Ao0OQ.js                     20.03 kB │ gzip:   6.54 kB
dist/assets/index-CNV00JqK.js                     20.34 kB │ gzip:   6.72 kB
dist/assets/index-VFtqGjCx.js                     20.60 kB │ gzip:   6.65 kB
dist/assets/select-BtQEpHxX.js                    21.88 kB │ gzip:   7.81 kB
dist/assets/index-BV_3Papg.js                     21.92 kB │ gzip:   5.85 kB
dist/assets/index-Dc9labp5.js                     25.31 kB │ gzip:   7.62 kB
dist/assets/index-DnaZSPLz.js                     35.78 kB │ gzip:  13.52 kB
dist/assets/table-B515gIoc.js                     37.58 kB │ gzip:  11.07 kB
dist/assets/AssignAdminModal-XyXaHeeW.js          81.27 kB │ gzip:  24.47 kB
dist/assets/Landing-BZLqxmZG.js                  147.95 kB │ gzip:  52.39 kB
dist/assets/xlsx-DGuHH-KN.js                     429.49 kB │ gzip: 143.07 kB
dist/assets/style-C_CReTz7.js                    465.89 kB │ gzip: 112.59 kB
dist/assets/index-Dr3nwkHK.js                    608.77 kB │ gzip: 164.62 kB
dist/assets/index-Ae6U6-K2.js                    766.64 kB │ gzip: 230.82 kB
dist/assets/ckeditor-kugzgnpg.js               1,314.13 kB │ gzip: 324.67 kB

(!) Some chunks are larger than 500 kB after minification. Consider:
- Using dynamic import() to code-split the application
- Use build.rollupOptions.output.manualChunks to improve chunking: https://rollupjs.org/configuration-options/#output-manualchunks
- Adjust chunk size limit for this warning via build.chunkSizeWarningLimit.
✓ built in 18.26s
Packaging build...
  adding: favicon.ico (deflated 13%)
  adding: assets/ (stored 0%)
  adding: assets/meerShinyDress-C8scZpYx.webp (deflated 0%)
  adding: assets/meerGreenJacket-ykCKR2uN.png (deflated 0%)
  adding: assets/shakeelBg-NX99JDrP.jpg (deflated 0%)
  adding: assets/irfanMalikBg-D4osmO_C.jpg (deflated 1%)
  adding: assets/akhtar-qLBVRLf-.jpg (deflated 1%)
  adding: assets/wasimAkramBg-D4BFEYu1.png (deflated 0%)
  adding: assets/fahad-CnovJc60.jpg (deflated 0%)
  adding: assets/handShake-Dk1DoagP.webp (deflated 0%)
  adding: assets/arabic-BElshnQY.jpg (deflated 0%)
  adding: assets/dubai-Bmqq4ymj.jpg (deflated 0%)
  adding: assets/salman-DD3Zraly.jpg (deflated 0%)
  adding: assets/wasim-ETjjiRaD.jpg (deflated 0%)
  adding: assets/tech-BdWyL5Pa.jpg (deflated 0%)
  adding: assets/placeholderMan-BvremNML.png (deflated 3%)
  adding: assets/Fav-BPcykgsi.png (deflated 5%)
  adding: assets/goldenCheck-CnSHOmXW.webp (stored 0%)
  adding: assets/MainLogo-DJpFhlQE.png (deflated 4%)
  adding: assets/tower-gldBe0jJ.webp (deflated 0%)
  adding: assets/tower2-LuqAcWCu.jpg (deflated 2%)
  adding: assets/tower3-DpFzgoGy.jpg (deflated 0%)
  adding: assets/proposal2-B9XZZX50.webp (deflated 3%)
  adding: assets/proposal3-fxAFZeku.webp (deflated 1%)
  adding: assets/proposal5-DItum-r7.webp (deflated 4%)
  adding: assets/proposal6-wLmvSjqd.webp (deflated 0%)
  adding: assets/verifiedBadge-CrcJq1tD.webp (deflated 1%)
  adding: assets/rectanglePlaceholder-nCbViREl.png (deflated 31%)
  adding: assets/proposal1-D37fvLUu.webp (deflated 1%)
  adding: assets/proposal4-CZk7QC75.webp (deflated 1%)
  adding: assets/wasimAkram-CBOcRO9q.png (deflated 1%)
  adding: assets/index-Ff7ovr_8.css (deflated 86%)
  adding: assets/style-DpsRipQV.css (deflated 78%)
  adding: assets/index-Ae6U6-K2.js (deflated 70%)
  adding: assets/Landing-BZLqxmZG.js (deflated 65%)
  adding: assets/BlogDetail-DxxEeByj.js (deflated 58%)
  adding: assets/index-BQ3NluAJ.js (deflated 50%)
  adding: assets/index-CIRgh1wS.js (deflated 53%)
  adding: assets/index-Tf2IFhye.js (deflated 53%)
  adding: assets/index-6ddgex5k.js (deflated 52%)
  adding: assets/Header-BKwOSKiY.js (deflated 70%)
  adding: assets/SignUp-sbVk3_dc.js (deflated 62%)
  adding: assets/ForgotPassword-DRkJfMtY.js (deflated 51%)
  adding: assets/VerifyUserEmail-CZfuIt6t.js (deflated 64%)
  adding: assets/ResetPassword-CtpTXEri.js (deflated 56%)
  adding: assets/ContactSupport-BGB0BuVm.js (deflated 59%)
  adding: assets/AuthCallback-BmIucu1l.js (deflated 52%)
  adding: assets/SelectRole-CGFj5U55.js (deflated 58%)
  adding: assets/SignupThankYou-Bq9AXnEB.js (deflated 55%)
  adding: assets/arrow-right-CbB0xjyW.js (deflated 27%)
  adding: assets/Login-LW2rD7_k.js (deflated 59%)
  adding: assets/index-BouUOlIo.js (deflated 55%)
  adding: assets/index-Dr3nwkHK.js (deflated 73%)
  adding: assets/Profile-CqFn1jLi.js (deflated 68%)
  adding: assets/index-DYfVP6BW.js (deflated 60%)
  adding: assets/index-VFtqGjCx.js (deflated 68%)
  adding: assets/EditInvestor-2Y87n54t.js (deflated 75%)
  adding: assets/index-C76Ao0OQ.js (deflated 67%)
  adding: assets/globe-BPvqF7Jy.js (deflated 33%)
  adding: assets/AssignAdminModal-XyXaHeeW.js (deflated 70%)
  adding: assets/label-7Il2BGjm.js (deflated 40%)
  adding: assets/EditFounder-Dhuqn7sR.js (deflated 76%)
  adding: assets/index-YD2Nvvr5.js (deflated 59%)
  adding: assets/index-CNV00JqK.js (deflated 67%)
  adding: assets/log-in-CEEw6ECY.js (deflated 32%)
  adding: assets/user-plus-DfwHoEgj.js (deflated 34%)
  adding: assets/phone-DjAEu5nE.js (deflated 37%)
  adding: assets/pencil-B3vmhPDK.js (deflated 31%)
  adding: assets/index-CnDp_2-h.js (deflated 65%)
  adding: assets/ViewBusinessProposal-CerzQctm.js (deflated 75%)
  adding: assets/circle-check-j2DSUebR.js (deflated 27%)
  adding: assets/index-Dc9labp5.js (deflated 70%)
  adding: assets/index-C2MQisNO.js (deflated 68%)
  adding: assets/CreateNewBatch-BqPRXqpG.js (deflated 72%)
  adding: assets/message-circle-isdG330c.js (deflated 28%)
  adding: assets/map-pin-DREVT2Iq.js (deflated 28%)
  adding: assets/shield-check-CrTn5-82.js (deflated 32%)
  adding: assets/supabase-bulk-emails-BjFBvlf-.js (deflated 65%)
  adding: assets/mail-BBpnR7xK.js (deflated 26%)
  adding: assets/index-CDCyk7st.js (deflated 56%)
  adding: assets/ban-DLPWp03s.js (deflated 27%)
  adding: assets/useDebounce-8Ccf4vnS.js (deflated 22%)
  adding: assets/table-B515gIoc.js (deflated 71%)
  adding: assets/CreateBlog-CTIoJ398.js (deflated 59%)
  adding: assets/sparkles-Dk_QGFGc.js (deflated 45%)
  adding: assets/trending-up-Bb1zNf0U.js (deflated 26%)
  adding: assets/LegalModal-DvOLMH-f.js (deflated 33%)
  adding: assets/index-Wpaurbyi.js (deflated 53%)
  adding: assets/input-z-lPCoDg.js (deflated 50%)
  adding: assets/style-C_CReTz7.js (deflated 76%)
  adding: assets/dialog-C3MvlHS1.js (deflated 63%)
  adding: assets/download-DeHOFKWr.js (deflated 31%)
  adding: assets/popover-CaRekZq-.js (deflated 64%)
  adding: assets/index-DnaZSPLz.js (deflated 62%)
  adding: assets/index-CsmTDCL7.js (deflated 62%)
  adding: assets/index-DEPQk43b.js (deflated 56%)
  adding: assets/index-DnhH-w_l.js (deflated 13%)
  adding: assets/index-BdQq_4o_.js (deflated 5%)
  adding: assets/mockData-BjikYMM9.js (deflated 64%)
  adding: assets/calendar-CdXk7_t8.js (deflated 33%)
  adding: assets/arrow-left-BR0XXH6_.js (deflated 26%)
  adding: assets/InfoBox-D-vMIKIr.js (deflated 51%)
  adding: assets/info-DP7D39O4.js (deflated 30%)
  adding: assets/circle-alert-BWWcPmTv.js (deflated 36%)
  adding: assets/select-BtQEpHxX.js (deflated 64%)
  adding: assets/chevron-down-BHfAZXza.js (deflated 24%)
  adding: assets/index-CQAkF4GA.js (deflated 56%)
  adding: assets/index-qSoTQx2V.js (deflated 27%)
  adding: assets/FileUploader-DZWyTL3f.js (deflated 56%)
  adding: assets/textarea-CcwQUmeL.js (deflated 52%)
  adding: assets/link-2fedlI5o.js (deflated 35%)
  adding: assets/eye-BxcrfpRD.js (deflated 33%)
  adding: assets/trash-2-BLsc4cfj.js (deflated 40%)
  adding: assets/topCards-BjPMBLl_.js (deflated 58%)
  adding: assets/card-Buef2Oh7.js (deflated 62%)
  adding: assets/ImageUploader-CI2qJOaa.js (deflated 53%)
  adding: assets/upload-bgJy9O88.js (deflated 31%)
  adding: assets/EmptyState-B1g3NFsp.js (deflated 60%)
  adding: assets/toolbar-CTcIb6lw.js (deflated 60%)
  adding: assets/message-square-iNOpQ7Pa.js (deflated 29%)
  adding: assets/tooltip-CA1twFDp.js (deflated 62%)
  adding: assets/FilterDrawer-CE3xiaSP.js (deflated 66%)
  adding: assets/save-re6Rsg0I.js (deflated 38%)
  adding: assets/checkbox-jgC0LZ68.js (deflated 57%)
  adding: assets/ToggleChips-DIaXPqif.js (deflated 51%)
  adding: assets/circle-x-Duj3l2M6.js (deflated 31%)
  adding: assets/square-pen-CSHA2RCA.js (deflated 35%)
  adding: assets/rotate-ccw-JUE_3nys.js (deflated 28%)
  adding: assets/chevron-left-DxeShmCx.js (deflated 23%)
  adding: assets/plus-BWksSMTb.js (deflated 28%)
  adding: assets/businessProposalCard-CjcDl604.js (deflated 67%)
  adding: assets/GetMoreDetailsModal-sFoiaUr8.js (deflated 54%)
  adding: assets/Tabs-B_-BPB95.js (deflated 49%)
  adding: assets/target-Doigtd0q.js (deflated 38%)
  adding: assets/Stepper-Be2b1JQb.js (deflated 57%)
  adding: assets/ckeditor-kugzgnpg.js (deflated 75%)
  adding: assets/EditBlog-pDZ7Mnxn.js (deflated 60%)
  adding: assets/index-ClacetPD.js (deflated 65%)
  adding: assets/Dashboard-CAHYyyEB.js (deflated 66%)
  adding: assets/package-PFXz5B8C.js (deflated 61%)
  adding: assets/SimplifiedProfile-Dwz28cSl.js (deflated 73%)
  adding: assets/ContactSupportModal-DEY9y4i1.js (deflated 51%)
  adding: assets/index-C3uK2AuB.js (deflated 52%)
  adding: assets/index-DbRhBHlu.js (deflated 52%)
  adding: assets/index-QBZq0fGE.js (deflated 61%)
  adding: assets/Dashboard-C1cREqd8.js (deflated 66%)
  adding: assets/index-BV_3Papg.js (deflated 73%)
  adding: assets/index-mx1IkP4H.js (deflated 63%)
  adding: assets/index-DM83LmPJ.js (deflated 52%)
  adding: assets/xlsx-DGuHH-KN.js (deflated 67%)
  adding: index.html (deflated 52%)
Saving Lightsail SSH key...
Uploading build to Lightsail...
Warning: Permanently added '15.207.22.250' (ED25519) to the list of known hosts.
Deploying build to /var/www/html ...
Archive:  /home/ubuntu/react-build.zip
  inflating: /var/www/html/favicon.ico  
   creating: /var/www/html/assets/
  inflating: /var/www/html/assets/meerShinyDress-C8scZpYx.webp  
  inflating: /var/www/html/assets/meerGreenJacket-ykCKR2uN.png  
  inflating: /var/www/html/assets/shakeelBg-NX99JDrP.jpg  
  inflating: /var/www/html/assets/irfanMalikBg-D4osmO_C.jpg  
  inflating: /var/www/html/assets/akhtar-qLBVRLf-.jpg  
  inflating: /var/www/html/assets/wasimAkramBg-D4BFEYu1.png  
  inflating: /var/www/html/assets/fahad-CnovJc60.jpg  
  inflating: /var/www/html/assets/handShake-Dk1DoagP.webp  
  inflating: /var/www/html/assets/arabic-BElshnQY.jpg  
  inflating: /var/www/html/assets/dubai-Bmqq4ymj.jpg  
  inflating: /var/www/html/assets/salman-DD3Zraly.jpg  
  inflating: /var/www/html/assets/wasim-ETjjiRaD.jpg  
  inflating: /var/www/html/assets/tech-BdWyL5Pa.jpg  
  inflating: /var/www/html/assets/placeholderMan-BvremNML.png  
  inflating: /var/www/html/assets/Fav-BPcykgsi.png  
 extracting: /var/www/html/assets/goldenCheck-CnSHOmXW.webp  
  inflating: /var/www/html/assets/MainLogo-DJpFhlQE.png  
  inflating: /var/www/html/assets/tower-gldBe0jJ.webp  
  inflating: /var/www/html/assets/tower2-LuqAcWCu.jpg  
  inflating: /var/www/html/assets/tower3-DpFzgoGy.jpg  
  inflating: /var/www/html/assets/proposal2-B9XZZX50.webp  
  inflating: /var/www/html/assets/proposal3-fxAFZeku.webp  
  inflating: /var/www/html/assets/proposal5-DItum-r7.webp  
  inflating: /var/www/html/assets/proposal6-wLmvSjqd.webp  
  inflating: /var/www/html/assets/verifiedBadge-CrcJq1tD.webp  
  inflating: /var/www/html/assets/rectanglePlaceholder-nCbViREl.png  
  inflating: /var/www/html/assets/proposal1-D37fvLUu.webp  
  inflating: /var/www/html/assets/proposal4-CZk7QC75.webp  
  inflating: /var/www/html/assets/wasimAkram-CBOcRO9q.png  
  inflating: /var/www/html/assets/index-Ff7ovr_8.css  
  inflating: /var/www/html/assets/style-DpsRipQV.css  
  inflating: /var/www/html/assets/index-Ae6U6-K2.js  
  inflating: /var/www/html/assets/Landing-BZLqxmZG.js  
  inflating: /var/www/html/assets/BlogDetail-DxxEeByj.js  
  inflating: /var/www/html/assets/index-BQ3NluAJ.js  
  inflating: /var/www/html/assets/index-CIRgh1wS.js  
  inflating: /var/www/html/assets/index-Tf2IFhye.js  
  inflating: /var/www/html/assets/index-6ddgex5k.js  
  inflating: /var/www/html/assets/Header-BKwOSKiY.js  
  inflating: /var/www/html/assets/SignUp-sbVk3_dc.js  
  inflating: /var/www/html/assets/ForgotPassword-DRkJfMtY.js  
  inflating: /var/www/html/assets/VerifyUserEmail-CZfuIt6t.js  
  inflating: /var/www/html/assets/ResetPassword-CtpTXEri.js  
  inflating: /var/www/html/assets/ContactSupport-BGB0BuVm.js  
  inflating: /var/www/html/assets/AuthCallback-BmIucu1l.js  
  inflating: /var/www/html/assets/SelectRole-CGFj5U55.js  
  inflating: /var/www/html/assets/SignupThankYou-Bq9AXnEB.js  
  inflating: /var/www/html/assets/arrow-right-CbB0xjyW.js  
  inflating: /var/www/html/assets/Login-LW2rD7_k.js  
  inflating: /var/www/html/assets/index-BouUOlIo.js  
  inflating: /var/www/html/assets/index-Dr3nwkHK.js  
  inflating: /var/www/html/assets/Profile-CqFn1jLi.js  
  inflating: /var/www/html/assets/index-DYfVP6BW.js  
  inflating: /var/www/html/assets/index-VFtqGjCx.js  
  inflating: /var/www/html/assets/EditInvestor-2Y87n54t.js  
  inflating: /var/www/html/assets/index-C76Ao0OQ.js  
  inflating: /var/www/html/assets/globe-BPvqF7Jy.js  
  inflating: /var/www/html/assets/AssignAdminModal-XyXaHeeW.js  
  inflating: /var/www/html/assets/label-7Il2BGjm.js  
  inflating: /var/www/html/assets/EditFounder-Dhuqn7sR.js  
  inflating: /var/www/html/assets/index-YD2Nvvr5.js  
  inflating: /var/www/html/assets/index-CNV00JqK.js  
  inflating: /var/www/html/assets/log-in-CEEw6ECY.js  
  inflating: /var/www/html/assets/user-plus-DfwHoEgj.js  
  inflating: /var/www/html/assets/phone-DjAEu5nE.js  
  inflating: /var/www/html/assets/pencil-B3vmhPDK.js  
  inflating: /var/www/html/assets/index-CnDp_2-h.js  
  inflating: /var/www/html/assets/ViewBusinessProposal-CerzQctm.js  
  inflating: /var/www/html/assets/circle-check-j2DSUebR.js  
  inflating: /var/www/html/assets/index-Dc9labp5.js  
  inflating: /var/www/html/assets/index-C2MQisNO.js  
  inflating: /var/www/html/assets/CreateNewBatch-BqPRXqpG.js  
  inflating: /var/www/html/assets/message-circle-isdG330c.js  
  inflating: /var/www/html/assets/map-pin-DREVT2Iq.js  
  inflating: /var/www/html/assets/shield-check-CrTn5-82.js  
  inflating: /var/www/html/assets/supabase-bulk-emails-BjFBvlf-.js  
  inflating: /var/www/html/assets/mail-BBpnR7xK.js  
  inflating: /var/www/html/assets/index-CDCyk7st.js  
  inflating: /var/www/html/assets/ban-DLPWp03s.js  
  inflating: /var/www/html/assets/useDebounce-8Ccf4vnS.js  
  inflating: /var/www/html/assets/table-B515gIoc.js  
  inflating: /var/www/html/assets/CreateBlog-CTIoJ398.js  
  inflating: /var/www/html/assets/sparkles-Dk_QGFGc.js  
  inflating: /var/www/html/assets/trending-up-Bb1zNf0U.js  
  inflating: /var/www/html/assets/LegalModal-DvOLMH-f.js  
  inflating: /var/www/html/assets/index-Wpaurbyi.js  
  inflating: /var/www/html/assets/input-z-lPCoDg.js  
  inflating: /var/www/html/assets/style-C_CReTz7.js  
  inflating: /var/www/html/assets/dialog-C3MvlHS1.js  
  inflating: /var/www/html/assets/download-DeHOFKWr.js  
  inflating: /var/www/html/assets/popover-CaRekZq-.js  
  inflating: /var/www/html/assets/index-DnaZSPLz.js  
  inflating: /var/www/html/assets/index-CsmTDCL7.js  
  inflating: /var/www/html/assets/index-DEPQk43b.js  
  inflating: /var/www/html/assets/index-DnhH-w_l.js  
  inflating: /var/www/html/assets/index-BdQq_4o_.js  
  inflating: /var/www/html/assets/mockData-BjikYMM9.js  
  inflating: /var/www/html/assets/calendar-CdXk7_t8.js  
  inflating: /var/www/html/assets/arrow-left-BR0XXH6_.js  
  inflating: /var/www/html/assets/InfoBox-D-vMIKIr.js  
  inflating: /var/www/html/assets/info-DP7D39O4.js  
  inflating: /var/www/html/assets/circle-alert-BWWcPmTv.js  
  inflating: /var/www/html/assets/select-BtQEpHxX.js  
  inflating: /var/www/html/assets/chevron-down-BHfAZXza.js  
  inflating: /var/www/html/assets/index-CQAkF4GA.js  
  inflating: /var/www/html/assets/index-qSoTQx2V.js  
  inflating: /var/www/html/assets/FileUploader-DZWyTL3f.js  
  inflating: /var/www/html/assets/textarea-CcwQUmeL.js  
  inflating: /var/www/html/assets/link-2fedlI5o.js  
  inflating: /var/www/html/assets/eye-BxcrfpRD.js  
  inflating: /var/www/html/assets/trash-2-BLsc4cfj.js  
  inflating: /var/www/html/assets/topCards-BjPMBLl_.js  
  inflating: /var/www/html/assets/card-Buef2Oh7.js  
  inflating: /var/www/html/assets/ImageUploader-CI2qJOaa.js  
  inflating: /var/www/html/assets/upload-bgJy9O88.js  
  inflating: /var/www/html/assets/EmptyState-B1g3NFsp.js  
  inflating: /var/www/html/assets/toolbar-CTcIb6lw.js  
  inflating: /var/www/html/assets/message-square-iNOpQ7Pa.js  
  inflating: /var/www/html/assets/tooltip-CA1twFDp.js  
  inflating: /var/www/html/assets/FilterDrawer-CE3xiaSP.js  
  inflating: /var/www/html/assets/save-re6Rsg0I.js  
  inflating: /var/www/html/assets/checkbox-jgC0LZ68.js  
  inflating: /var/www/html/assets/ToggleChips-DIaXPqif.js  
  inflating: /var/www/html/assets/circle-x-Duj3l2M6.js  
  inflating: /var/www/html/assets/square-pen-CSHA2RCA.js  
  inflating: /var/www/html/assets/rotate-ccw-JUE_3nys.js  
  inflating: /var/www/html/assets/chevron-left-DxeShmCx.js  
  inflating: /var/www/html/assets/plus-BWksSMTb.js  
  inflating: /var/www/html/assets/businessProposalCard-CjcDl604.js  
  inflating: /var/www/html/assets/GetMoreDetailsModal-sFoiaUr8.js  
  inflating: /var/www/html/assets/Tabs-B_-BPB95.js  
  inflating: /var/www/html/assets/target-Doigtd0q.js  
  inflating: /var/www/html/assets/Stepper-Be2b1JQb.js  
  inflating: /var/www/html/assets/ckeditor-kugzgnpg.js  
  inflating: /var/www/html/assets/EditBlog-pDZ7Mnxn.js  
  inflating: /var/www/html/assets/index-ClacetPD.js  
  inflating: /var/www/html/assets/Dashboard-CAHYyyEB.js  
  inflating: /var/www/html/assets/package-PFXz5B8C.js  
  inflating: /var/www/html/assets/SimplifiedProfile-Dwz28cSl.js  
  inflating: /var/www/html/assets/ContactSupportModal-DEY9y4i1.js  
  inflating: /var/www/html/assets/index-C3uK2AuB.js  
  inflating: /var/www/html/assets/index-DbRhBHlu.js  
  inflating: /var/www/html/assets/index-QBZq0fGE.js  
  inflating: /var/www/html/assets/Dashboard-C1cREqd8.js  
  inflating: /var/www/html/assets/index-BV_3Papg.js  
  inflating: /var/www/html/assets/index-mx1IkP4H.js  
  inflating: /var/www/html/assets/index-DM83LmPJ.js  
  inflating: /var/www/html/assets/xlsx-DGuHH-KN.js  
  inflating: /var/www/html/index.html  
Saving Git logs repo SSH key...
Testing GitHub SSH key...
Cloning deployment-logs repo...
Cloning into 'logs-repo'...
