Installing dependencies...
npm warn deprecated w3c-hr-time@1.0.2: Use your platform's native performance.now() and performance.timeOrigin.
npm warn deprecated domexception@2.0.1: Use your platform's native DOMException instead
npm warn deprecated abab@2.0.6: Use your platform's native atob() and btoa() methods instead

> the-business-hub-pakistan@0.0.0 prepare
> husky

.git can't be found
added 1810 packages, and audited 1811 packages in 6m

253 packages are looking for funding
  run `npm fund` for details

79 vulnerabilities (3 low, 71 moderate, 5 high)

To address issues that do not require attention, run:
  npm audit fix

To address all issues possible (including breaking changes), run:
  npm audit fix --force

Some issues need review, and may require choosing
a different dependency.

Run `npm audit` for details.
Building React app...

> the-business-hub-pakistan@0.0.0 build
> vite build

vite v7.1.11 building for production...
transforming...
✓ 3129 modules transformed.
rendering chunks...
computing gzip size...
dist/index.html                                    2.18 kB │ gzip:   1.05 kB
dist/assets/verifiedBadge-CrcJq1tD.webp           10.83 kB
dist/assets/rectanglePlaceholder-nCbViREl.png     11.85 kB
dist/assets/goldenCheck-CnSHOmXW.webp             13.45 kB
dist/assets/irfanMalikBg-D4osmO_C.jpg             24.66 kB
dist/assets/proposal6-wLmvSjqd.webp               28.15 kB
dist/assets/placeholderMan-BvremNML.png           36.64 kB
dist/assets/handShake-Dk1DoagP.webp               65.18 kB
dist/assets/tower-gldBe0jJ.webp                   66.16 kB
dist/assets/tower2-LuqAcWCu.jpg                   72.52 kB
dist/assets/shakeelBg-NX99JDrP.jpg               143.15 kB
dist/assets/MainLogo-DJpFhlQE.png                144.86 kB
dist/assets/Fav-BPcykgsi.png                     147.34 kB
dist/assets/akhtar-qLBVRLf-.jpg                  173.92 kB
dist/assets/proposal5-DItum-r7.webp              174.24 kB
dist/assets/tower3-DpFzgoGy.jpg                  175.56 kB
dist/assets/proposal2-B9XZZX50.webp              192.62 kB
dist/assets/meerShinyDress-C8scZpYx.webp         229.68 kB
dist/assets/meerGreenJacket-ykCKR2uN.png         230.19 kB
dist/assets/arabic-BElshnQY.jpg                  238.42 kB
dist/assets/wasim-ETjjiRaD.jpg                   242.26 kB
dist/assets/salman-DD3Zraly.jpg                  255.18 kB
dist/assets/fahad-CnovJc60.jpg                   278.62 kB
dist/assets/tech-BdWyL5Pa.jpg                    281.71 kB
dist/assets/dubai-Bmqq4ymj.jpg                   311.77 kB
dist/assets/wasimAkramBg-D4BFEYu1.png            313.57 kB
dist/assets/video-poster-DrQklN8e.png            367.51 kB
dist/assets/proposal3-fxAFZeku.webp              445.47 kB
dist/assets/proposal4-CZk7QC75.webp              542.86 kB
dist/assets/proposal1-D37fvLUu.webp              779.05 kB
dist/assets/wasimAkram-CBOcRO9q.png            4,488.96 kB
dist/assets/BlogDetail-oNXnMkFG.css                0.63 kB │ gzip:   0.26 kB
dist/assets/style-DpsRipQV.css                     3.23 kB │ gzip:   0.73 kB
dist/assets/index-CLfW2zMP.css                   157.41 kB │ gzip:  21.48 kB
dist/assets/blogs-ChqPogSE.js                      0.04 kB │ gzip:   0.06 kB
dist/assets/webinarBanner-XLbHXaFF.js              0.17 kB │ gzip:   0.15 kB
dist/assets/useDebounce-l1u3iwYs.js                0.19 kB │ gzip:   0.17 kB
dist/assets/plus-nzplV-KC.js                       0.33 kB │ gzip:   0.25 kB
dist/assets/arrow-left-FqT_Ejr0.js                 0.34 kB │ gzip:   0.27 kB
dist/assets/circle-check-DUGlp9yD.js               0.35 kB │ gzip:   0.27 kB
dist/assets/trending-up-Cy9QSrMx.js                0.35 kB │ gzip:   0.27 kB
dist/assets/ban-5Rdc6E2S.js                        0.35 kB │ gzip:   0.28 kB
dist/assets/info-CAStwR94.js                       0.37 kB │ gzip:   0.28 kB
dist/assets/rotate-ccw-D4Ynh1Bm.js                 0.37 kB │ gzip:   0.29 kB
dist/assets/circle-x-BsKKjjUF.js                   0.38 kB │ gzip:   0.28 kB
dist/assets/upload-BbJv_WSC.js                     0.40 kB │ gzip:   0.30 kB
dist/assets/index-C3QWzoNC.js                      0.41 kB │ gzip:   0.30 kB
dist/assets/index-C99cDs9y.js                      0.41 kB │ gzip:   0.30 kB
dist/assets/globe-sivZjEhF.js                      0.41 kB │ gzip:   0.29 kB
dist/assets/headphones-C6EnKu5X.js                 0.41 kB │ gzip:   0.29 kB
dist/assets/message-circle-Dha_Bi_L.js             0.41 kB │ gzip:   0.32 kB
dist/assets/Dashboard-DV91ZtxL.js                  0.42 kB │ gzip:   0.28 kB
dist/assets/Dashboard-CuZVUcrg.js                  0.42 kB │ gzip:   0.29 kB
dist/assets/circle-alert-B5aGX4Is.js               0.42 kB │ gzip:   0.29 kB
dist/assets/external-link-D52y33jf.js              0.42 kB │ gzip:   0.30 kB
dist/assets/funnel-lbMs3rBC.js                     0.42 kB │ gzip:   0.31 kB
dist/assets/calendar-BZgQtQWY.js                   0.43 kB │ gzip:   0.31 kB
dist/assets/pencil-DqZGA356.js                     0.45 kB │ gzip:   0.33 kB
dist/assets/bookmark-plus-D3siqmjV.js              0.45 kB │ gzip:   0.33 kB
dist/assets/hash-BgOIU2XT.js                       0.47 kB │ gzip:   0.30 kB
dist/assets/shield-check-BecE0jQn.js               0.49 kB │ gzip:   0.35 kB
dist/assets/tag-BmbjPnvP.js                        0.49 kB │ gzip:   0.35 kB
dist/assets/support-ticket-events-BCYoAqBr.js      0.50 kB │ gzip:   0.37 kB
dist/assets/sparkles-D05lELHb.js                   0.67 kB │ gzip:   0.39 kB
dist/assets/meta-pixel-CAHtMBtr.js                 0.82 kB │ gzip:   0.37 kB
dist/assets/CkEditor-3Y-DLtZY.js                   0.85 kB │ gzip:   0.53 kB
dist/assets/InfoBox-CAaaLDPq.js                    0.86 kB │ gzip:   0.43 kB
dist/assets/CurrencyWithApprox-BFDfh7a6.js         0.91 kB │ gzip:   0.52 kB
dist/assets/Tabs-DnXXBD4Y.js                       1.23 kB │ gzip:   0.65 kB
dist/assets/Pagination-_TbDakVU.js                 1.32 kB │ gzip:   0.72 kB
dist/assets/ToggleChips-AS8hUMam.js                1.68 kB │ gzip:   0.83 kB
dist/assets/topCards-CcWMfeC_.js                   1.71 kB │ gzip:   0.75 kB
dist/assets/ForgotPassword-BkAeKoH9.js             2.11 kB │ gzip:   1.06 kB
dist/assets/FounderThankYou-Bu_VyxJU.js            2.22 kB │ gzip:   1.08 kB
dist/assets/FilterDrawer-BJF-9Liy.js               2.26 kB │ gzip:   0.96 kB
dist/assets/ResetPassword-Dan1KDLz.js              2.34 kB │ gzip:   1.04 kB
dist/assets/InvestorThankYou-BQzyPOjH.js           2.35 kB │ gzip:   1.15 kB
dist/assets/recipientFiltersState-Drb1Y81u.js      2.50 kB │ gzip:   0.93 kB
dist/assets/MultipleImageUploader-C6pVP9z9.js      2.61 kB │ gzip:   1.14 kB
dist/assets/toolbar-OY7dYcMm.js                    2.69 kB │ gzip:   1.15 kB
dist/assets/AuthCallback-D11nOMqD.js               2.71 kB │ gzip:   1.29 kB
dist/assets/ImageUploader-D7f8tXH1.js              2.74 kB │ gzip:   1.19 kB
dist/assets/index-BfXZzeFA.js                      2.86 kB │ gzip:   1.36 kB
dist/assets/index-ChoWpLs0.js                      2.99 kB │ gzip:   1.50 kB
dist/assets/index-Bp3J21wh.js                      3.06 kB │ gzip:   1.49 kB
dist/assets/index-gE5VWhCb.js                      3.19 kB │ gzip:   1.52 kB
dist/assets/supabase-bulk-emails-BQfsxKHb.js       3.26 kB │ gzip:   1.20 kB
dist/assets/index-3_jttB6N.js                      3.48 kB │ gzip:   1.68 kB
dist/assets/index-D2sfPTGk.js                      3.51 kB │ gzip:   1.61 kB
dist/assets/index-uZPOIR-9.js                      3.80 kB │ gzip:   1.82 kB
dist/assets/target-audience-CVggoM1Q.js            4.02 kB │ gzip:   1.16 kB
dist/assets/index-BlASbXv-.js                      4.34 kB │ gzip:   1.97 kB
dist/assets/index-DZdrdq3-.js                      4.35 kB │ gzip:   1.98 kB
dist/assets/index-G41gxJ6X.js                      4.51 kB │ gzip:   2.06 kB
dist/assets/ContactSupport-yeKnHD-a.js             4.63 kB │ gzip:   1.93 kB
dist/assets/Stepper-BaMODv7c.js                    4.66 kB │ gzip:   2.02 kB
dist/assets/Login-C1FsPqw8.js                      4.74 kB │ gzip:   1.95 kB
dist/assets/index-BAkWIDVA.js                      5.07 kB │ gzip:   2.18 kB
dist/assets/CreateBlog-DVoNCqiS.js                 5.16 kB │ gzip:   2.21 kB
dist/assets/SelectRole-D7CfTCoP.js                 5.41 kB │ gzip:   2.29 kB
dist/assets/HelpPageContent-DjCPL2m2.js            5.51 kB │ gzip:   2.01 kB
dist/assets/index-DdZ8abBi.js                      5.53 kB │ gzip:   2.51 kB
dist/assets/AllBlogs-DGt8ima4.js                   5.76 kB │ gzip:   2.30 kB
dist/assets/VerifyUserEmail-C07xZmw3.js            5.82 kB │ gzip:   2.09 kB
dist/assets/EditBlog-D4jXNScJ.js                   6.02 kB │ gzip:   2.58 kB
dist/assets/ViewRemindersModal-Cnb288I5.js         6.22 kB │ gzip:   2.35 kB
dist/assets/CreateTargetAudience-1bOfmImA.js       6.84 kB │ gzip:   2.60 kB
dist/assets/Profile-BPdlA1dm.js                    6.86 kB │ gzip:   2.20 kB
dist/assets/SignUp-ByQQfxh8.js                     7.08 kB │ gzip:   2.67 kB
dist/assets/index-yXaP1RFC.js                      8.01 kB │ gzip:   2.95 kB
dist/assets/EditTargetAudience-CKAxqbfv.js         8.23 kB │ gzip:   2.88 kB
dist/assets/index-B65wk92S.js                      9.23 kB │ gzip:   3.81 kB
dist/assets/index-Bv60NvZ7.js                      9.77 kB │ gzip:   3.60 kB
dist/assets/index-CT08LdcQ.js                      9.93 kB │ gzip:   3.22 kB
dist/assets/businessProposalCard-BODnp0vA.js      10.05 kB │ gzip:   3.50 kB
dist/assets/table-B188pEzV.js                     10.99 kB │ gzip:   3.44 kB
dist/assets/TicketDetailPage-CNL1b9De.js          12.90 kB │ gzip:   4.07 kB
dist/assets/SimplifiedProfile-ZF4Sqw5F.js         13.76 kB │ gzip:   3.64 kB
dist/assets/index-CF9VUQmz.js                     15.97 kB │ gzip:   4.94 kB
dist/assets/CreateNewBatch-DHdVHdUG.js            17.64 kB │ gzip:   4.68 kB
dist/assets/EditFounder-D_3Nq2_A.js               18.01 kB │ gzip:   4.38 kB
dist/assets/index-Dgk-d-BU.js                     18.43 kB │ gzip:   5.93 kB
dist/assets/EditInvestor-cArd2kj9.js              18.98 kB │ gzip:   4.65 kB
dist/assets/index-DYpMyeXp.js                     20.08 kB │ gzip:   6.61 kB
dist/assets/index-e1Ly_zG3.js                     20.13 kB │ gzip:   5.41 kB
dist/assets/BlogDetail-BdmDdU6E.js                21.41 kB │ gzip:   8.68 kB
dist/assets/index-BqvKcALD.js                     22.92 kB │ gzip:   6.81 kB
dist/assets/index-DBMN-P5t.js                     23.60 kB │ gzip:   7.35 kB
dist/assets/ViewBusinessProposal-CECL4H3j.js      25.92 kB │ gzip:   6.39 kB
dist/assets/index-Itr_Dwoy.js                     29.46 kB │ gzip:   9.03 kB
dist/assets/Landing-DH578uzR.js                  152.11 kB │ gzip:  53.64 kB
dist/assets/xlsx-DGuHH-KN.js                     429.49 kB │ gzip: 143.07 kB
dist/assets/index-CAM-lSPP.js                    637.97 kB │ gzip: 171.15 kB
dist/assets/index-5CnEzqyQ.js                  2,836.96 kB │ gzip: 758.03 kB

(!) Some chunks are larger than 1500 kB after minification. Consider:
- Using dynamic import() to code-split the application
- Use build.rollupOptions.output.manualChunks to improve chunking: https://rollupjs.org/configuration-options/#output-manualchunks
- Adjust chunk size limit for this warning via build.chunkSizeWarningLimit.
✓ built in 17.58s
Packaging build...
  adding: favicon.ico (deflated 13%)
  adding: robots.txt (deflated 3%)
  adding: sitemap.xml (deflated 60%)
  adding: assets/ (stored 0%)
  adding: assets/video-poster-DrQklN8e.png (deflated 0%)
  adding: assets/irfanMalikBg-D4osmO_C.jpg (deflated 1%)
  adding: assets/meerShinyDress-C8scZpYx.webp (deflated 0%)
  adding: assets/meerGreenJacket-ykCKR2uN.png (deflated 0%)
  adding: assets/shakeelBg-NX99JDrP.jpg (deflated 0%)
  adding: assets/akhtar-qLBVRLf-.jpg (deflated 1%)
  adding: assets/wasimAkramBg-D4BFEYu1.png (deflated 0%)
  adding: assets/fahad-CnovJc60.jpg (deflated 0%)
  adding: assets/handShake-Dk1DoagP.webp (deflated 0%)
  adding: assets/salman-DD3Zraly.jpg (deflated 0%)
  adding: assets/wasim-ETjjiRaD.jpg (deflated 0%)
  adding: assets/tech-BdWyL5Pa.jpg (deflated 0%)
  adding: assets/placeholderMan-BvremNML.png (deflated 3%)
  adding: assets/Fav-BPcykgsi.png (deflated 5%)
  adding: assets/MainLogo-DJpFhlQE.png (deflated 4%)
  adding: assets/goldenCheck-CnSHOmXW.webp (stored 0%)
  adding: assets/rectanglePlaceholder-nCbViREl.png (deflated 31%)
  adding: assets/verifiedBadge-CrcJq1tD.webp (deflated 1%)
  adding: assets/arabic-BElshnQY.jpg (deflated 0%)
  adding: assets/dubai-Bmqq4ymj.jpg (deflated 0%)
  adding: assets/tower2-LuqAcWCu.jpg (deflated 2%)
  adding: assets/tower3-DpFzgoGy.jpg (deflated 0%)
  adding: assets/proposal2-B9XZZX50.webp (deflated 3%)
  adding: assets/proposal3-fxAFZeku.webp (deflated 1%)
  adding: assets/proposal5-DItum-r7.webp (deflated 4%)
  adding: assets/proposal6-wLmvSjqd.webp (deflated 0%)
  adding: assets/tower-gldBe0jJ.webp (deflated 0%)
  adding: assets/proposal1-D37fvLUu.webp (deflated 1%)
  adding: assets/proposal4-CZk7QC75.webp (deflated 1%)
  adding: assets/wasimAkram-CBOcRO9q.png (deflated 1%)
  adding: assets/index-CLfW2zMP.css (deflated 86%)
  adding: assets/BlogDetail-oNXnMkFG.css (deflated 62%)
  adding: assets/style-DpsRipQV.css (deflated 78%)
  adding: assets/index-5CnEzqyQ.js (deflated 73%)
  adding: assets/xlsx-DGuHH-KN.js (deflated 67%)
  adding: assets/Landing-DH578uzR.js (deflated 65%)
  adding: assets/BlogDetail-BdmDdU6E.js (deflated 60%)
  adding: assets/AllBlogs-DGt8ima4.js (deflated 61%)
  adding: assets/index-ChoWpLs0.js (deflated 50%)
  adding: assets/index-BfXZzeFA.js (deflated 53%)
  adding: assets/index-gE5VWhCb.js (deflated 53%)
  adding: assets/index-Bp3J21wh.js (deflated 52%)
  adding: assets/index-D2sfPTGk.js (deflated 54%)
  adding: assets/SignUp-ByQQfxh8.js (deflated 63%)
  adding: assets/ForgotPassword-BkAeKoH9.js (deflated 51%)
  adding: assets/VerifyUserEmail-C07xZmw3.js (deflated 64%)
  adding: assets/ResetPassword-Dan1KDLz.js (deflated 56%)
  adding: assets/ContactSupport-yeKnHD-a.js (deflated 59%)
  adding: assets/AuthCallback-D11nOMqD.js (deflated 53%)
  adding: assets/SelectRole-D7CfTCoP.js (deflated 58%)
  adding: assets/InvestorThankYou-BQzyPOjH.js (deflated 51%)
  adding: assets/FounderThankYou-Bu_VyxJU.js (deflated 52%)
  adding: assets/Login-C1FsPqw8.js (deflated 59%)
  adding: assets/Profile-BPdlA1dm.js (deflated 68%)
  adding: assets/index-DdZ8abBi.js (deflated 55%)
  adding: assets/index-Itr_Dwoy.js (deflated 70%)
  adding: assets/EditInvestor-cArd2kj9.js (deflated 76%)
  adding: assets/index-DBMN-P5t.js (deflated 69%)
  adding: assets/ViewRemindersModal-Cnb288I5.js (deflated 63%)
  adding: assets/tag-BmbjPnvP.js (deflated 34%)
  adding: assets/EditFounder-D_3Nq2_A.js (deflated 76%)
  adding: assets/index-B65wk92S.js (deflated 59%)
  adding: assets/index-DYpMyeXp.js (deflated 67%)
  adding: assets/index-Dgk-d-BU.js (deflated 68%)
  adding: assets/ViewBusinessProposal-CECL4H3j.js (deflated 75%)
  adding: assets/circle-check-DUGlp9yD.js (deflated 27%)
  adding: assets/index-BqvKcALD.js (deflated 70%)
  adding: assets/meta-pixel-CAHtMBtr.js (deflated 57%)
  adding: assets/shield-check-BecE0jQn.js (deflated 31%)
  adding: assets/sparkles-D05lELHb.js (deflated 45%)
  adding: assets/trending-up-Cy9QSrMx.js (deflated 26%)
  adding: assets/globe-sivZjEhF.js (deflated 33%)
  adding: assets/blogs-ChqPogSE.js (stored 0%)
  adding: assets/calendar-BZgQtQWY.js (deflated 33%)
  adding: assets/index-3_jttB6N.js (deflated 53%)
  adding: assets/message-circle-Dha_Bi_L.js (deflated 28%)
  adding: assets/arrow-left-FqT_Ejr0.js (deflated 26%)
  adding: assets/InfoBox-CAaaLDPq.js (deflated 51%)
  adding: assets/info-CAStwR94.js (deflated 30%)
  adding: assets/circle-alert-B5aGX4Is.js (deflated 35%)
  adding: assets/index-CAM-lSPP.js (deflated 73%)
  adding: assets/topCards-CcWMfeC_.js (deflated 58%)
  adding: assets/webinarBanner-XLbHXaFF.js (deflated 25%)
  adding: assets/CurrencyWithApprox-BFDfh7a6.js (deflated 45%)
  adding: assets/ImageUploader-D7f8tXH1.js (deflated 57%)
  adding: assets/external-link-D52y33jf.js (deflated 33%)
  adding: assets/upload-BbJv_WSC.js (deflated 31%)
  adding: assets/table-B188pEzV.js (deflated 69%)
  adding: assets/toolbar-OY7dYcMm.js (deflated 58%)
  adding: assets/useDebounce-l1u3iwYs.js (deflated 22%)
  adding: assets/support-ticket-events-BCYoAqBr.js (deflated 29%)
  adding: assets/headphones-C6EnKu5X.js (deflated 34%)
  adding: assets/Pagination-_TbDakVU.js (deflated 47%)
  adding: assets/funnel-lbMs3rBC.js (deflated 30%)
  adding: assets/FilterDrawer-BJF-9Liy.js (deflated 58%)
  adding: assets/rotate-ccw-D4Ynh1Bm.js (deflated 28%)
  adding: assets/ToggleChips-AS8hUMam.js (deflated 52%)
  adding: assets/circle-x-BsKKjjUF.js (deflated 31%)
  adding: assets/businessProposalCard-BODnp0vA.js (deflated 66%)
  adding: assets/pencil-DqZGA356.js (deflated 31%)
  adding: assets/ban-5Rdc6E2S.js (deflated 27%)
  adding: assets/plus-nzplV-KC.js (deflated 28%)
  adding: assets/Tabs-DnXXBD4Y.js (deflated 49%)
  adding: assets/Stepper-BaMODv7c.js (deflated 57%)
  adding: assets/MultipleImageUploader-C6pVP9z9.js (deflated 57%)
  adding: assets/index-CT08LdcQ.js (deflated 68%)
  adding: assets/supabase-bulk-emails-BQfsxKHb.js (deflated 64%)
  adding: assets/CreateNewBatch-DHdVHdUG.js (deflated 74%)
  adding: assets/CkEditor-3Y-DLtZY.js (deflated 40%)
  adding: assets/recipientFiltersState-Drb1Y81u.js (deflated 63%)
  adding: assets/target-audience-CVggoM1Q.js (deflated 72%)
  adding: assets/index-BlASbXv-.js (deflated 55%)
  adding: assets/CreateTargetAudience-1bOfmImA.js (deflated 62%)
  adding: assets/EditTargetAudience-CKAxqbfv.js (deflated 65%)
  adding: assets/index-BAkWIDVA.js (deflated 57%)
  adding: assets/CreateBlog-DVoNCqiS.js (deflated 58%)
  adding: assets/EditBlog-D4jXNScJ.js (deflated 57%)
  adding: assets/index-CF9VUQmz.js (deflated 69%)
  adding: assets/index-yXaP1RFC.js (deflated 63%)
  adding: assets/Dashboard-CuZVUcrg.js (deflated 37%)
  adding: assets/SimplifiedProfile-ZF4Sqw5F.js (deflated 74%)
  adding: assets/index-C99cDs9y.js (deflated 32%)
  adding: assets/HelpPageContent-DjCPL2m2.js (deflated 64%)
  adding: assets/hash-BgOIU2XT.js (deflated 40%)
  adding: assets/index-G41gxJ6X.js (deflated 55%)
  adding: assets/bookmark-plus-D3siqmjV.js (deflated 32%)
  adding: assets/index-uZPOIR-9.js (deflated 52%)
  adding: assets/index-DZdrdq3-.js (deflated 55%)
  adding: assets/Dashboard-DV91ZtxL.js (deflated 37%)
  adding: assets/index-e1Ly_zG3.js (deflated 73%)
  adding: assets/index-Bv60NvZ7.js (deflated 63%)
  adding: assets/index-C3QWzoNC.js (deflated 32%)
  adding: assets/TicketDetailPage-CNL1b9De.js (deflated 69%)
  adding: index.html (deflated 52%)
Saving Lightsail SSH key...
Uploading build to Lightsail...
Warning: Permanently added '15.207.22.250' (ED25519) to the list of known hosts.
Deploying build to /var/www/html ...
Archive:  /home/ubuntu/react-build.zip
  inflating: /var/www/html/favicon.ico  
  inflating: /var/www/html/robots.txt  
  inflating: /var/www/html/sitemap.xml  
   creating: /var/www/html/assets/
  inflating: /var/www/html/assets/video-poster-DrQklN8e.png  
  inflating: /var/www/html/assets/irfanMalikBg-D4osmO_C.jpg  
  inflating: /var/www/html/assets/meerShinyDress-C8scZpYx.webp  
  inflating: /var/www/html/assets/meerGreenJacket-ykCKR2uN.png  
  inflating: /var/www/html/assets/shakeelBg-NX99JDrP.jpg  
  inflating: /var/www/html/assets/akhtar-qLBVRLf-.jpg  
  inflating: /var/www/html/assets/wasimAkramBg-D4BFEYu1.png  
  inflating: /var/www/html/assets/fahad-CnovJc60.jpg  
  inflating: /var/www/html/assets/handShake-Dk1DoagP.webp  
  inflating: /var/www/html/assets/salman-DD3Zraly.jpg  
  inflating: /var/www/html/assets/wasim-ETjjiRaD.jpg  
  inflating: /var/www/html/assets/tech-BdWyL5Pa.jpg  
  inflating: /var/www/html/assets/placeholderMan-BvremNML.png  
  inflating: /var/www/html/assets/Fav-BPcykgsi.png  
  inflating: /var/www/html/assets/MainLogo-DJpFhlQE.png  
 extracting: /var/www/html/assets/goldenCheck-CnSHOmXW.webp  
  inflating: /var/www/html/assets/rectanglePlaceholder-nCbViREl.png  
  inflating: /var/www/html/assets/verifiedBadge-CrcJq1tD.webp  
  inflating: /var/www/html/assets/arabic-BElshnQY.jpg  
  inflating: /var/www/html/assets/dubai-Bmqq4ymj.jpg  
  inflating: /var/www/html/assets/tower2-LuqAcWCu.jpg  
  inflating: /var/www/html/assets/tower3-DpFzgoGy.jpg  
  inflating: /var/www/html/assets/proposal2-B9XZZX50.webp  
  inflating: /var/www/html/assets/proposal3-fxAFZeku.webp  
  inflating: /var/www/html/assets/proposal5-DItum-r7.webp  
  inflating: /var/www/html/assets/proposal6-wLmvSjqd.webp  
  inflating: /var/www/html/assets/tower-gldBe0jJ.webp  
  inflating: /var/www/html/assets/proposal1-D37fvLUu.webp  
  inflating: /var/www/html/assets/proposal4-CZk7QC75.webp  
  inflating: /var/www/html/assets/wasimAkram-CBOcRO9q.png  
  inflating: /var/www/html/assets/index-CLfW2zMP.css  
  inflating: /var/www/html/assets/BlogDetail-oNXnMkFG.css  
  inflating: /var/www/html/assets/style-DpsRipQV.css  
  inflating: /var/www/html/assets/index-5CnEzqyQ.js  
  inflating: /var/www/html/assets/xlsx-DGuHH-KN.js  
  inflating: /var/www/html/assets/Landing-DH578uzR.js  
  inflating: /var/www/html/assets/BlogDetail-BdmDdU6E.js  
  inflating: /var/www/html/assets/AllBlogs-DGt8ima4.js  
  inflating: /var/www/html/assets/index-ChoWpLs0.js  
  inflating: /var/www/html/assets/index-BfXZzeFA.js  
  inflating: /var/www/html/assets/index-gE5VWhCb.js  
  inflating: /var/www/html/assets/index-Bp3J21wh.js  
  inflating: /var/www/html/assets/index-D2sfPTGk.js  
  inflating: /var/www/html/assets/SignUp-ByQQfxh8.js  
  inflating: /var/www/html/assets/ForgotPassword-BkAeKoH9.js  
  inflating: /var/www/html/assets/VerifyUserEmail-C07xZmw3.js  
  inflating: /var/www/html/assets/ResetPassword-Dan1KDLz.js  
  inflating: /var/www/html/assets/ContactSupport-yeKnHD-a.js  
  inflating: /var/www/html/assets/AuthCallback-D11nOMqD.js  
  inflating: /var/www/html/assets/SelectRole-D7CfTCoP.js  
  inflating: /var/www/html/assets/InvestorThankYou-BQzyPOjH.js  
  inflating: /var/www/html/assets/FounderThankYou-Bu_VyxJU.js  
  inflating: /var/www/html/assets/Login-C1FsPqw8.js  
  inflating: /var/www/html/assets/Profile-BPdlA1dm.js  
  inflating: /var/www/html/assets/index-DdZ8abBi.js  
  inflating: /var/www/html/assets/index-Itr_Dwoy.js  
  inflating: /var/www/html/assets/EditInvestor-cArd2kj9.js  
  inflating: /var/www/html/assets/index-DBMN-P5t.js  
  inflating: /var/www/html/assets/ViewRemindersModal-Cnb288I5.js  
  inflating: /var/www/html/assets/tag-BmbjPnvP.js  
  inflating: /var/www/html/assets/EditFounder-D_3Nq2_A.js  
  inflating: /var/www/html/assets/index-B65wk92S.js  
  inflating: /var/www/html/assets/index-DYpMyeXp.js  
  inflating: /var/www/html/assets/index-Dgk-d-BU.js  
  inflating: /var/www/html/assets/ViewBusinessProposal-CECL4H3j.js  
  inflating: /var/www/html/assets/circle-check-DUGlp9yD.js  
  inflating: /var/www/html/assets/index-BqvKcALD.js  
  inflating: /var/www/html/assets/meta-pixel-CAHtMBtr.js  
  inflating: /var/www/html/assets/shield-check-BecE0jQn.js  
  inflating: /var/www/html/assets/sparkles-D05lELHb.js  
  inflating: /var/www/html/assets/trending-up-Cy9QSrMx.js  
  inflating: /var/www/html/assets/globe-sivZjEhF.js  
 extracting: /var/www/html/assets/blogs-ChqPogSE.js  
  inflating: /var/www/html/assets/calendar-BZgQtQWY.js  
  inflating: /var/www/html/assets/index-3_jttB6N.js  
  inflating: /var/www/html/assets/message-circle-Dha_Bi_L.js  
  inflating: /var/www/html/assets/arrow-left-FqT_Ejr0.js  
  inflating: /var/www/html/assets/InfoBox-CAaaLDPq.js  
  inflating: /var/www/html/assets/info-CAStwR94.js  
  inflating: /var/www/html/assets/circle-alert-B5aGX4Is.js  
  inflating: /var/www/html/assets/index-CAM-lSPP.js  
  inflating: /var/www/html/assets/topCards-CcWMfeC_.js  
  inflating: /var/www/html/assets/webinarBanner-XLbHXaFF.js  
  inflating: /var/www/html/assets/CurrencyWithApprox-BFDfh7a6.js  
  inflating: /var/www/html/assets/ImageUploader-D7f8tXH1.js  
  inflating: /var/www/html/assets/external-link-D52y33jf.js  
  inflating: /var/www/html/assets/upload-BbJv_WSC.js  
  inflating: /var/www/html/assets/table-B188pEzV.js  
  inflating: /var/www/html/assets/toolbar-OY7dYcMm.js  
  inflating: /var/www/html/assets/useDebounce-l1u3iwYs.js  
  inflating: /var/www/html/assets/support-ticket-events-BCYoAqBr.js  
  inflating: /var/www/html/assets/headphones-C6EnKu5X.js  
  inflating: /var/www/html/assets/Pagination-_TbDakVU.js  
  inflating: /var/www/html/assets/funnel-lbMs3rBC.js  
  inflating: /var/www/html/assets/FilterDrawer-BJF-9Liy.js  
  inflating: /var/www/html/assets/rotate-ccw-D4Ynh1Bm.js  
  inflating: /var/www/html/assets/ToggleChips-AS8hUMam.js  
  inflating: /var/www/html/assets/circle-x-BsKKjjUF.js  
  inflating: /var/www/html/assets/businessProposalCard-BODnp0vA.js  
  inflating: /var/www/html/assets/pencil-DqZGA356.js  
  inflating: /var/www/html/assets/ban-5Rdc6E2S.js  
  inflating: /var/www/html/assets/plus-nzplV-KC.js  
  inflating: /var/www/html/assets/Tabs-DnXXBD4Y.js  
  inflating: /var/www/html/assets/Stepper-BaMODv7c.js  
  inflating: /var/www/html/assets/MultipleImageUploader-C6pVP9z9.js  
  inflating: /var/www/html/assets/index-CT08LdcQ.js  
  inflating: /var/www/html/assets/supabase-bulk-emails-BQfsxKHb.js  
  inflating: /var/www/html/assets/CreateNewBatch-DHdVHdUG.js  
  inflating: /var/www/html/assets/CkEditor-3Y-DLtZY.js  
  inflating: /var/www/html/assets/recipientFiltersState-Drb1Y81u.js  
  inflating: /var/www/html/assets/target-audience-CVggoM1Q.js  
  inflating: /var/www/html/assets/index-BlASbXv-.js  
  inflating: /var/www/html/assets/CreateTargetAudience-1bOfmImA.js  
  inflating: /var/www/html/assets/EditTargetAudience-CKAxqbfv.js  
  inflating: /var/www/html/assets/index-BAkWIDVA.js  
  inflating: /var/www/html/assets/CreateBlog-DVoNCqiS.js  
  inflating: /var/www/html/assets/EditBlog-D4jXNScJ.js  
  inflating: /var/www/html/assets/index-CF9VUQmz.js  
  inflating: /var/www/html/assets/index-yXaP1RFC.js  
  inflating: /var/www/html/assets/Dashboard-CuZVUcrg.js  
  inflating: /var/www/html/assets/SimplifiedProfile-ZF4Sqw5F.js  
  inflating: /var/www/html/assets/index-C99cDs9y.js  
  inflating: /var/www/html/assets/HelpPageContent-DjCPL2m2.js  
  inflating: /var/www/html/assets/hash-BgOIU2XT.js  
  inflating: /var/www/html/assets/index-G41gxJ6X.js  
  inflating: /var/www/html/assets/bookmark-plus-D3siqmjV.js  
  inflating: /var/www/html/assets/index-uZPOIR-9.js  
  inflating: /var/www/html/assets/index-DZdrdq3-.js  
  inflating: /var/www/html/assets/Dashboard-DV91ZtxL.js  
  inflating: /var/www/html/assets/index-e1Ly_zG3.js  
  inflating: /var/www/html/assets/index-Bv60NvZ7.js  
  inflating: /var/www/html/assets/index-C3QWzoNC.js  
  inflating: /var/www/html/assets/TicketDetailPage-CNL1b9De.js  
  inflating: /var/www/html/index.html  
Module headers already enabled
<FilesMatch index.html$>
  Header set Cache-Control no-cache, no-store, must-revalidate
  Header set Pragma no-cache
  Header set Expires 0
</FilesMatch>
Saving Git logs repo SSH key...
Testing GitHub SSH key...
Cloning deployment-logs repo...
Cloning into 'logs-repo'...
