Installing dependencies...
npm warn deprecated w3c-hr-time@1.0.2: Use your platform's native performance.now() and performance.timeOrigin.
npm warn deprecated domexception@2.0.1: Use your platform's native DOMException instead
npm warn deprecated abab@2.0.6: Use your platform's native atob() and btoa() methods instead

> the-business-hub-pakistan@0.0.0 prepare
> husky

.git can't be found
added 1807 packages, and audited 1808 packages in 5m

253 packages are looking for funding
  run `npm fund` for details

70 vulnerabilities (67 moderate, 3 high)

To address issues that do not require attention, run:
  npm audit fix

To address all issues possible (including breaking changes), run:
  npm audit fix --force

Some issues need review, and may require choosing
a different dependency.

Run `npm audit` for details.
Building React app...

> the-business-hub-pakistan@0.0.0 build
> vite build

vite v7.1.11 building for production...
transforming...
✓ 3072 modules transformed.
rendering chunks...
computing gzip size...
dist/index.html                                    2.18 kB │ gzip:   1.05 kB
dist/assets/verifiedBadge-CrcJq1tD.webp           10.83 kB
dist/assets/rectanglePlaceholder-nCbViREl.png     11.85 kB
dist/assets/goldenCheck-CnSHOmXW.webp             13.45 kB
dist/assets/irfanMalikBg-D4osmO_C.jpg             24.66 kB
dist/assets/proposal6-wLmvSjqd.webp               28.15 kB
dist/assets/placeholderMan-BvremNML.png           36.64 kB
dist/assets/handShake-Dk1DoagP.webp               65.18 kB
dist/assets/tower-gldBe0jJ.webp                   66.16 kB
dist/assets/tower2-LuqAcWCu.jpg                   72.52 kB
dist/assets/shakeelBg-NX99JDrP.jpg               143.15 kB
dist/assets/MainLogo-DJpFhlQE.png                144.86 kB
dist/assets/Fav-BPcykgsi.png                     147.34 kB
dist/assets/akhtar-qLBVRLf-.jpg                  173.92 kB
dist/assets/proposal5-DItum-r7.webp              174.24 kB
dist/assets/tower3-DpFzgoGy.jpg                  175.56 kB
dist/assets/proposal2-B9XZZX50.webp              192.62 kB
dist/assets/meerShinyDress-C8scZpYx.webp         229.68 kB
dist/assets/meerGreenJacket-ykCKR2uN.png         230.19 kB
dist/assets/arabic-BElshnQY.jpg                  238.42 kB
dist/assets/wasim-ETjjiRaD.jpg                   242.26 kB
dist/assets/salman-DD3Zraly.jpg                  255.18 kB
dist/assets/fahad-CnovJc60.jpg                   278.62 kB
dist/assets/tech-BdWyL5Pa.jpg                    281.71 kB
dist/assets/dubai-Bmqq4ymj.jpg                   311.77 kB
dist/assets/wasimAkramBg-D4BFEYu1.png            313.57 kB
dist/assets/proposal3-fxAFZeku.webp              445.47 kB
dist/assets/proposal4-CZk7QC75.webp              542.86 kB
dist/assets/proposal1-D37fvLUu.webp              779.05 kB
dist/assets/wasimAkram-CBOcRO9q.png            4,488.96 kB
dist/assets/style-DpsRipQV.css                     3.23 kB │ gzip:   0.73 kB
dist/assets/index-a19k3B3m.css                   152.82 kB │ gzip:  20.56 kB
dist/assets/useDebounce-DjL79QO3.js                0.19 kB │ gzip:   0.17 kB
dist/assets/plus-CQ7uOCmv.js                       0.33 kB │ gzip:   0.25 kB
dist/assets/arrow-right-Dl6mN2Kb.js                0.34 kB │ gzip:   0.26 kB
dist/assets/arrow-left-mlr5mmZF.js                 0.34 kB │ gzip:   0.27 kB
dist/assets/circle-check-BEdEcrrh.js               0.35 kB │ gzip:   0.27 kB
dist/assets/trending-up-EZbgWJaF.js                0.35 kB │ gzip:   0.28 kB
dist/assets/ban-BF9BOlJN.js                        0.35 kB │ gzip:   0.28 kB
dist/assets/info-CrIA2Dza.js                       0.37 kB │ gzip:   0.28 kB
dist/assets/rotate-ccw-BJJcVsVX.js                 0.37 kB │ gzip:   0.29 kB
dist/assets/circle-x-DAB_Ikny.js                   0.38 kB │ gzip:   0.28 kB
dist/assets/mail-kyp07jtq.js                       0.39 kB │ gzip:   0.31 kB
dist/assets/target-BL8y2BqX.js                     0.39 kB │ gzip:   0.27 kB
dist/assets/upload-DnqBQ-CN.js                     0.40 kB │ gzip:   0.30 kB
dist/assets/log-in-BCSHA4TC.js                     0.40 kB │ gzip:   0.29 kB
dist/assets/message-square-Cc-MIauB.js             0.41 kB │ gzip:   0.31 kB
dist/assets/globe-DpRSeByQ.js                      0.41 kB │ gzip:   0.29 kB
dist/assets/message-circle-DykHM7Ke.js             0.41 kB │ gzip:   0.32 kB
dist/assets/circle-alert-D1Uz9FN4.js               0.42 kB │ gzip:   0.30 kB
dist/assets/funnel-CF-V1nc3.js                     0.42 kB │ gzip:   0.31 kB
dist/assets/map-pin-DqmkNgzX.js                    0.43 kB │ gzip:   0.33 kB
dist/assets/calendar-pN41wgdy.js                   0.43 kB │ gzip:   0.31 kB
dist/assets/pencil-4Tsn9mRu.js                     0.45 kB │ gzip:   0.33 kB
dist/assets/shield-check-BpLSQM0U.js               0.49 kB │ gzip:   0.35 kB
dist/assets/phone-Dz3IdvHb.js                      0.50 kB │ gzip:   0.33 kB
dist/assets/sparkles-czj1C22-.js                   0.67 kB │ gzip:   0.39 kB
dist/assets/CkEditor-URMSLcxF.js                   0.85 kB │ gzip:   0.53 kB
dist/assets/InfoBox-DhauI8P9.js                    0.86 kB │ gzip:   0.43 kB
dist/assets/Tabs-BEyplm_r.js                       1.23 kB │ gzip:   0.65 kB
dist/assets/ToggleChips-Cb6ksxHc.js                1.68 kB │ gzip:   0.83 kB
dist/assets/topCards-BAmTookJ.js                   1.71 kB │ gzip:   0.74 kB
dist/assets/ImageUploader-CY5TU3T6.js              1.92 kB │ gzip:   0.92 kB
dist/assets/ForgotPassword-CQdbA3MM.js             2.14 kB │ gzip:   1.07 kB
dist/assets/FilterDrawer-CbI0SCnF.js               2.26 kB │ gzip:   0.96 kB
dist/assets/ResetPassword-D9SVC2hW.js              2.37 kB │ gzip:   1.05 kB
dist/assets/AuthCallback-BnTpiWJw.js               2.68 kB │ gzip:   1.28 kB
dist/assets/index-DszneuWr.js                      2.72 kB │ gzip:   1.23 kB
dist/assets/toolbar-DOptBvaQ.js                    2.92 kB │ gzip:   1.19 kB
dist/assets/index-D4AgxcDP.js                      3.11 kB │ gzip:   1.48 kB
dist/assets/supabase-bulk-emails-DtAq8ukn.js       3.14 kB │ gzip:   1.12 kB
dist/assets/index-B_chu812.js                      3.24 kB │ gzip:   1.61 kB
dist/assets/SignupThankYou-CkvibfLd.js             3.30 kB │ gzip:   1.49 kB
dist/assets/index-Wc0KGq_7.js                      3.31 kB │ gzip:   1.60 kB
dist/assets/index-BmK2zNY3.js                      3.44 kB │ gzip:   1.64 kB
dist/assets/index-B6Q-0BN0.js                      3.48 kB │ gzip:   1.67 kB
dist/assets/index-DSktJW4B.js                      3.84 kB │ gzip:   1.89 kB
dist/assets/index-ChZjLvrc.js                      3.85 kB │ gzip:   1.89 kB
dist/assets/index-CI5YZSxn.js                      3.97 kB │ gzip:   1.56 kB
dist/assets/index-BhSVe604.js                      4.00 kB │ gzip:   1.80 kB
dist/assets/index-DZcFAT1V.js                      4.19 kB │ gzip:   1.86 kB
dist/assets/index-D3uZbNOQ.js                      4.48 kB │ gzip:   1.99 kB
dist/assets/CreateBlog-C2dMXRRc.js                 4.51 kB │ gzip:   1.87 kB
dist/assets/BlogDetail-CVvXu6cq.js                 4.64 kB │ gzip:   1.98 kB
dist/assets/ContactSupport-S2FOo20y.js             4.66 kB │ gzip:   1.94 kB
dist/assets/Stepper-DP5LJ67l.js                    4.66 kB │ gzip:   2.02 kB
dist/assets/Login-_sfMfdDD.js                      4.78 kB │ gzip:   1.98 kB
dist/assets/EditBlog-UaFrx_sU.js                   5.12 kB │ gzip:   2.09 kB
dist/assets/Dashboard-BtSJ88Da.js                  5.36 kB │ gzip:   1.83 kB
dist/assets/SelectRole-WjZ6uFqV.js                 5.67 kB │ gzip:   2.39 kB
dist/assets/VerifyUserEmail-BepGNmSj.js            5.88 kB │ gzip:   2.11 kB
dist/assets/Dashboard-BjXz7Ga8.js                  6.35 kB │ gzip:   1.65 kB
dist/assets/Profile-Cb77bGEf.js                    6.82 kB │ gzip:   2.17 kB
dist/assets/SignUp-CrYPg1o4.js                     6.85 kB │ gzip:   2.59 kB
dist/assets/ViewRemindersModal-BakUba6d.js         6.91 kB │ gzip:   2.54 kB
dist/assets/index-MdLB4_kr.js                      7.82 kB │ gzip:   3.18 kB
dist/assets/businessProposalCard-Cdmp22Rq.js       8.94 kB │ gzip:   3.02 kB
dist/assets/index-CfkjpF84.js                      9.20 kB │ gzip:   3.79 kB
dist/assets/index-DEK7E5HI.js                      9.74 kB │ gzip:   3.61 kB
dist/assets/index-8IR_y9KG.js                      9.97 kB │ gzip:   3.23 kB
dist/assets/Header-Dq8SlKlj.js                    11.28 kB │ gzip:   3.37 kB
dist/assets/table-DNCcsJRs.js                     12.01 kB │ gzip:   3.74 kB
dist/assets/SimplifiedProfile-pneLBL3f.js         13.43 kB │ gzip:   3.56 kB
dist/assets/index-DI9CNUEn.js                     15.76 kB │ gzip:   4.89 kB
dist/assets/CreateNewBatch-CfV9tyvL.js            16.81 kB │ gzip:   4.55 kB
dist/assets/EditFounder-DcPPG0-y.js               17.91 kB │ gzip:   4.32 kB
dist/assets/index-A7Su59IU.js                     18.08 kB │ gzip:   5.89 kB
dist/assets/EditInvestor-spkp-iC2.js              18.90 kB │ gzip:   4.60 kB
dist/assets/mockData-BjikYMM9.js                  18.90 kB │ gzip:   6.85 kB
dist/assets/index-NexQjh-D.js                     19.38 kB │ gzip:   6.26 kB
dist/assets/index-DH4oeIJT.js                     19.84 kB │ gzip:   6.53 kB
dist/assets/index-BPH3Ts7H.js                     19.97 kB │ gzip:   6.37 kB
dist/assets/index-DaoUzna6.js                     21.25 kB │ gzip:   5.58 kB
dist/assets/ViewBusinessProposal-CF1aVfVn.js      24.19 kB │ gzip:   5.84 kB
dist/assets/index-gP3UsXHb.js                     24.79 kB │ gzip:   7.41 kB
dist/assets/Landing-CCckasao.js                  147.03 kB │ gzip:  52.02 kB
dist/assets/xlsx-DGuHH-KN.js                     429.49 kB │ gzip: 143.07 kB
dist/assets/index-0N98_HYs.js                    608.90 kB │ gzip: 164.67 kB
dist/assets/index-DpPfzwI0.js                  2,788.87 kB │ gzip: 744.02 kB

(!) Some chunks are larger than 1500 kB after minification. Consider:
- Using dynamic import() to code-split the application
- Use build.rollupOptions.output.manualChunks to improve chunking: https://rollupjs.org/configuration-options/#output-manualchunks
- Adjust chunk size limit for this warning via build.chunkSizeWarningLimit.
✓ built in 17.02s
Packaging build...
  adding: favicon.ico (deflated 13%)
  adding: assets/ (stored 0%)
  adding: assets/irfanMalikBg-D4osmO_C.jpg (deflated 1%)
  adding: assets/meerGreenJacket-ykCKR2uN.png (deflated 0%)
  adding: assets/meerShinyDress-C8scZpYx.webp (deflated 0%)
  adding: assets/shakeelBg-NX99JDrP.jpg (deflated 0%)
  adding: assets/wasimAkramBg-D4BFEYu1.png (deflated 0%)
  adding: assets/akhtar-qLBVRLf-.jpg (deflated 1%)
  adding: assets/arabic-BElshnQY.jpg (deflated 0%)
  adding: assets/dubai-Bmqq4ymj.jpg (deflated 0%)
  adding: assets/handShake-Dk1DoagP.webp (deflated 0%)
  adding: assets/fahad-CnovJc60.jpg (deflated 0%)
  adding: assets/salman-DD3Zraly.jpg (deflated 0%)
  adding: assets/wasim-ETjjiRaD.jpg (deflated 0%)
  adding: assets/tech-BdWyL5Pa.jpg (deflated 0%)
  adding: assets/placeholderMan-BvremNML.png (deflated 3%)
  adding: assets/rectanglePlaceholder-nCbViREl.png (deflated 31%)
  adding: assets/Fav-BPcykgsi.png (deflated 5%)
  adding: assets/MainLogo-DJpFhlQE.png (deflated 4%)
  adding: assets/goldenCheck-CnSHOmXW.webp (stored 0%)
  adding: assets/verifiedBadge-CrcJq1tD.webp (deflated 1%)
  adding: assets/tower-gldBe0jJ.webp (deflated 0%)
  adding: assets/tower2-LuqAcWCu.jpg (deflated 2%)
  adding: assets/tower3-DpFzgoGy.jpg (deflated 0%)
  adding: assets/proposal2-B9XZZX50.webp (deflated 3%)
  adding: assets/proposal3-fxAFZeku.webp (deflated 1%)
  adding: assets/proposal5-DItum-r7.webp (deflated 4%)
  adding: assets/proposal6-wLmvSjqd.webp (deflated 0%)
  adding: assets/proposal1-D37fvLUu.webp (deflated 1%)
  adding: assets/proposal4-CZk7QC75.webp (deflated 1%)
  adding: assets/wasimAkram-CBOcRO9q.png (deflated 1%)
  adding: assets/index-a19k3B3m.css (deflated 87%)
  adding: assets/style-DpsRipQV.css (deflated 78%)
  adding: assets/index-DpPfzwI0.js (deflated 73%)
  adding: assets/Landing-CCckasao.js (deflated 65%)
  adding: assets/BlogDetail-CVvXu6cq.js (deflated 58%)
  adding: assets/index-B_chu812.js (deflated 51%)
  adding: assets/index-D4AgxcDP.js (deflated 53%)
  adding: assets/index-BmK2zNY3.js (deflated 53%)
  adding: assets/index-Wc0KGq_7.js (deflated 52%)
  adding: assets/Header-Dq8SlKlj.js (deflated 70%)
  adding: assets/SignUp-CrYPg1o4.js (deflated 63%)
  adding: assets/ForgotPassword-CQdbA3MM.js (deflated 51%)
  adding: assets/VerifyUserEmail-BepGNmSj.js (deflated 64%)
  adding: assets/ResetPassword-D9SVC2hW.js (deflated 56%)
  adding: assets/ContactSupport-S2FOo20y.js (deflated 59%)
  adding: assets/AuthCallback-BnTpiWJw.js (deflated 53%)
  adding: assets/SelectRole-WjZ6uFqV.js (deflated 58%)
  adding: assets/SignupThankYou-CkvibfLd.js (deflated 55%)
  adding: assets/Login-_sfMfdDD.js (deflated 59%)
  adding: assets/index-DszneuWr.js (deflated 54%)
  adding: assets/index-0N98_HYs.js (deflated 73%)
  adding: assets/Profile-Cb77bGEf.js (deflated 68%)
  adding: assets/index-MdLB4_kr.js (deflated 60%)
  adding: assets/index-BPH3Ts7H.js (deflated 68%)
  adding: assets/EditInvestor-spkp-iC2.js (deflated 76%)
  adding: assets/index-NexQjh-D.js (deflated 68%)
  adding: assets/ViewRemindersModal-BakUba6d.js (deflated 64%)
  adding: assets/EditFounder-DcPPG0-y.js (deflated 76%)
  adding: assets/index-CfkjpF84.js (deflated 59%)
  adding: assets/index-DH4oeIJT.js (deflated 67%)
  adding: assets/log-in-BCSHA4TC.js (deflated 31%)
  adding: assets/pencil-4Tsn9mRu.js (deflated 31%)
  adding: assets/index-A7Su59IU.js (deflated 68%)
  adding: assets/ViewBusinessProposal-CF1aVfVn.js (deflated 76%)
  adding: assets/circle-check-BEdEcrrh.js (deflated 27%)
  adding: assets/index-gP3UsXHb.js (deflated 70%)
  adding: assets/index-8IR_y9KG.js (deflated 68%)
  adding: assets/CreateNewBatch-CfV9tyvL.js (deflated 73%)
  adding: assets/map-pin-DqmkNgzX.js (deflated 28%)
  adding: assets/shield-check-BpLSQM0U.js (deflated 32%)
  adding: assets/message-circle-DykHM7Ke.js (deflated 28%)
  adding: assets/supabase-bulk-emails-DtAq8ukn.js (deflated 65%)
  adding: assets/index-D3uZbNOQ.js (deflated 56%)
  adding: assets/ban-BF9BOlJN.js (deflated 27%)
  adding: assets/useDebounce-DjL79QO3.js (deflated 22%)
  adding: assets/table-DNCcsJRs.js (deflated 69%)
  adding: assets/CreateBlog-C2dMXRRc.js (deflated 59%)
  adding: assets/arrow-right-Dl6mN2Kb.js (deflated 27%)
  adding: assets/mail-kyp07jtq.js (deflated 26%)
  adding: assets/phone-Dz3IdvHb.js (deflated 37%)
  adding: assets/sparkles-czj1C22-.js (deflated 45%)
  adding: assets/trending-up-EZbgWJaF.js (deflated 26%)
  adding: assets/globe-DpRSeByQ.js (deflated 33%)
  adding: assets/index-B6Q-0BN0.js (deflated 53%)
  adding: assets/mockData-BjikYMM9.js (deflated 64%)
  adding: assets/calendar-pN41wgdy.js (deflated 33%)
  adding: assets/arrow-left-mlr5mmZF.js (deflated 26%)
  adding: assets/InfoBox-DhauI8P9.js (deflated 51%)
  adding: assets/info-CrIA2Dza.js (deflated 30%)
  adding: assets/circle-alert-D1Uz9FN4.js (deflated 36%)
  adding: assets/topCards-BAmTookJ.js (deflated 58%)
  adding: assets/ImageUploader-CY5TU3T6.js (deflated 53%)
  adding: assets/upload-DnqBQ-CN.js (deflated 31%)
  adding: assets/toolbar-DOptBvaQ.js (deflated 60%)
  adding: assets/message-square-Cc-MIauB.js (deflated 29%)
  adding: assets/funnel-CF-V1nc3.js (deflated 30%)
  adding: assets/FilterDrawer-CbI0SCnF.js (deflated 58%)
  adding: assets/rotate-ccw-BJJcVsVX.js (deflated 28%)
  adding: assets/ToggleChips-Cb6ksxHc.js (deflated 52%)
  adding: assets/circle-x-DAB_Ikny.js (deflated 31%)
  adding: assets/plus-CQ7uOCmv.js (deflated 28%)
  adding: assets/Tabs-BEyplm_r.js (deflated 49%)
  adding: assets/businessProposalCard-Cdmp22Rq.js (deflated 67%)
  adding: assets/target-BL8y2BqX.js (deflated 38%)
  adding: assets/Stepper-DP5LJ67l.js (deflated 57%)
  adding: assets/CkEditor-URMSLcxF.js (deflated 40%)
  adding: assets/EditBlog-UaFrx_sU.js (deflated 59%)
  adding: assets/index-DI9CNUEn.js (deflated 69%)
  adding: assets/Dashboard-BjXz7Ga8.js (deflated 74%)
  adding: assets/SimplifiedProfile-pneLBL3f.js (deflated 74%)
  adding: assets/index-DSktJW4B.js (deflated 51%)
  adding: assets/index-DZcFAT1V.js (deflated 56%)
  adding: assets/index-CI5YZSxn.js (deflated 61%)
  adding: assets/index-BhSVe604.js (deflated 56%)
  adding: assets/Dashboard-BtSJ88Da.js (deflated 66%)
  adding: assets/index-DaoUzna6.js (deflated 74%)
  adding: assets/index-DEK7E5HI.js (deflated 63%)
  adding: assets/index-ChZjLvrc.js (deflated 51%)
  adding: assets/xlsx-DGuHH-KN.js (deflated 67%)
  adding: index.html (deflated 52%)
Saving Lightsail SSH key...
Uploading build to Lightsail...
Warning: Permanently added '15.207.22.250' (ED25519) to the list of known hosts.
Deploying build to /var/www/html ...
Archive:  /home/ubuntu/react-build.zip
  inflating: /var/www/html/favicon.ico  
   creating: /var/www/html/assets/
  inflating: /var/www/html/assets/irfanMalikBg-D4osmO_C.jpg  
  inflating: /var/www/html/assets/meerGreenJacket-ykCKR2uN.png  
  inflating: /var/www/html/assets/meerShinyDress-C8scZpYx.webp  
  inflating: /var/www/html/assets/shakeelBg-NX99JDrP.jpg  
  inflating: /var/www/html/assets/wasimAkramBg-D4BFEYu1.png  
  inflating: /var/www/html/assets/akhtar-qLBVRLf-.jpg  
  inflating: /var/www/html/assets/arabic-BElshnQY.jpg  
  inflating: /var/www/html/assets/dubai-Bmqq4ymj.jpg  
  inflating: /var/www/html/assets/handShake-Dk1DoagP.webp  
  inflating: /var/www/html/assets/fahad-CnovJc60.jpg  
  inflating: /var/www/html/assets/salman-DD3Zraly.jpg  
  inflating: /var/www/html/assets/wasim-ETjjiRaD.jpg  
  inflating: /var/www/html/assets/tech-BdWyL5Pa.jpg  
  inflating: /var/www/html/assets/placeholderMan-BvremNML.png  
  inflating: /var/www/html/assets/rectanglePlaceholder-nCbViREl.png  
  inflating: /var/www/html/assets/Fav-BPcykgsi.png  
  inflating: /var/www/html/assets/MainLogo-DJpFhlQE.png  
 extracting: /var/www/html/assets/goldenCheck-CnSHOmXW.webp  
  inflating: /var/www/html/assets/verifiedBadge-CrcJq1tD.webp  
  inflating: /var/www/html/assets/tower-gldBe0jJ.webp  
  inflating: /var/www/html/assets/tower2-LuqAcWCu.jpg  
  inflating: /var/www/html/assets/tower3-DpFzgoGy.jpg  
  inflating: /var/www/html/assets/proposal2-B9XZZX50.webp  
  inflating: /var/www/html/assets/proposal3-fxAFZeku.webp  
  inflating: /var/www/html/assets/proposal5-DItum-r7.webp  
  inflating: /var/www/html/assets/proposal6-wLmvSjqd.webp  
  inflating: /var/www/html/assets/proposal1-D37fvLUu.webp  
  inflating: /var/www/html/assets/proposal4-CZk7QC75.webp  
  inflating: /var/www/html/assets/wasimAkram-CBOcRO9q.png  
  inflating: /var/www/html/assets/index-a19k3B3m.css  
  inflating: /var/www/html/assets/style-DpsRipQV.css  
  inflating: /var/www/html/assets/index-DpPfzwI0.js  
  inflating: /var/www/html/assets/Landing-CCckasao.js  
  inflating: /var/www/html/assets/BlogDetail-CVvXu6cq.js  
  inflating: /var/www/html/assets/index-B_chu812.js  
  inflating: /var/www/html/assets/index-D4AgxcDP.js  
  inflating: /var/www/html/assets/index-BmK2zNY3.js  
  inflating: /var/www/html/assets/index-Wc0KGq_7.js  
  inflating: /var/www/html/assets/Header-Dq8SlKlj.js  
  inflating: /var/www/html/assets/SignUp-CrYPg1o4.js  
  inflating: /var/www/html/assets/ForgotPassword-CQdbA3MM.js  
  inflating: /var/www/html/assets/VerifyUserEmail-BepGNmSj.js  
  inflating: /var/www/html/assets/ResetPassword-D9SVC2hW.js  
  inflating: /var/www/html/assets/ContactSupport-S2FOo20y.js  
  inflating: /var/www/html/assets/AuthCallback-BnTpiWJw.js  
  inflating: /var/www/html/assets/SelectRole-WjZ6uFqV.js  
  inflating: /var/www/html/assets/SignupThankYou-CkvibfLd.js  
  inflating: /var/www/html/assets/Login-_sfMfdDD.js  
  inflating: /var/www/html/assets/index-DszneuWr.js  
  inflating: /var/www/html/assets/index-0N98_HYs.js  
  inflating: /var/www/html/assets/Profile-Cb77bGEf.js  
  inflating: /var/www/html/assets/index-MdLB4_kr.js  
  inflating: /var/www/html/assets/index-BPH3Ts7H.js  
  inflating: /var/www/html/assets/EditInvestor-spkp-iC2.js  
  inflating: /var/www/html/assets/index-NexQjh-D.js  
  inflating: /var/www/html/assets/ViewRemindersModal-BakUba6d.js  
  inflating: /var/www/html/assets/EditFounder-DcPPG0-y.js  
  inflating: /var/www/html/assets/index-CfkjpF84.js  
  inflating: /var/www/html/assets/index-DH4oeIJT.js  
  inflating: /var/www/html/assets/log-in-BCSHA4TC.js  
  inflating: /var/www/html/assets/pencil-4Tsn9mRu.js  
  inflating: /var/www/html/assets/index-A7Su59IU.js  
  inflating: /var/www/html/assets/ViewBusinessProposal-CF1aVfVn.js  
  inflating: /var/www/html/assets/circle-check-BEdEcrrh.js  
  inflating: /var/www/html/assets/index-gP3UsXHb.js  
  inflating: /var/www/html/assets/index-8IR_y9KG.js  
  inflating: /var/www/html/assets/CreateNewBatch-CfV9tyvL.js  
  inflating: /var/www/html/assets/map-pin-DqmkNgzX.js  
  inflating: /var/www/html/assets/shield-check-BpLSQM0U.js  
  inflating: /var/www/html/assets/message-circle-DykHM7Ke.js  
  inflating: /var/www/html/assets/supabase-bulk-emails-DtAq8ukn.js  
  inflating: /var/www/html/assets/index-D3uZbNOQ.js  
  inflating: /var/www/html/assets/ban-BF9BOlJN.js  
  inflating: /var/www/html/assets/useDebounce-DjL79QO3.js  
  inflating: /var/www/html/assets/table-DNCcsJRs.js  
  inflating: /var/www/html/assets/CreateBlog-C2dMXRRc.js  
  inflating: /var/www/html/assets/arrow-right-Dl6mN2Kb.js  
  inflating: /var/www/html/assets/mail-kyp07jtq.js  
  inflating: /var/www/html/assets/phone-Dz3IdvHb.js  
  inflating: /var/www/html/assets/sparkles-czj1C22-.js  
  inflating: /var/www/html/assets/trending-up-EZbgWJaF.js  
  inflating: /var/www/html/assets/globe-DpRSeByQ.js  
  inflating: /var/www/html/assets/index-B6Q-0BN0.js  
  inflating: /var/www/html/assets/mockData-BjikYMM9.js  
  inflating: /var/www/html/assets/calendar-pN41wgdy.js  
  inflating: /var/www/html/assets/arrow-left-mlr5mmZF.js  
  inflating: /var/www/html/assets/InfoBox-DhauI8P9.js  
  inflating: /var/www/html/assets/info-CrIA2Dza.js  
  inflating: /var/www/html/assets/circle-alert-D1Uz9FN4.js  
  inflating: /var/www/html/assets/topCards-BAmTookJ.js  
  inflating: /var/www/html/assets/ImageUploader-CY5TU3T6.js  
  inflating: /var/www/html/assets/upload-DnqBQ-CN.js  
  inflating: /var/www/html/assets/toolbar-DOptBvaQ.js  
  inflating: /var/www/html/assets/message-square-Cc-MIauB.js  
  inflating: /var/www/html/assets/funnel-CF-V1nc3.js  
  inflating: /var/www/html/assets/FilterDrawer-CbI0SCnF.js  
  inflating: /var/www/html/assets/rotate-ccw-BJJcVsVX.js  
  inflating: /var/www/html/assets/ToggleChips-Cb6ksxHc.js  
  inflating: /var/www/html/assets/circle-x-DAB_Ikny.js  
  inflating: /var/www/html/assets/plus-CQ7uOCmv.js  
  inflating: /var/www/html/assets/Tabs-BEyplm_r.js  
  inflating: /var/www/html/assets/businessProposalCard-Cdmp22Rq.js  
  inflating: /var/www/html/assets/target-BL8y2BqX.js  
  inflating: /var/www/html/assets/Stepper-DP5LJ67l.js  
  inflating: /var/www/html/assets/CkEditor-URMSLcxF.js  
  inflating: /var/www/html/assets/EditBlog-UaFrx_sU.js  
  inflating: /var/www/html/assets/index-DI9CNUEn.js  
  inflating: /var/www/html/assets/Dashboard-BjXz7Ga8.js  
  inflating: /var/www/html/assets/SimplifiedProfile-pneLBL3f.js  
  inflating: /var/www/html/assets/index-DSktJW4B.js  
  inflating: /var/www/html/assets/index-DZcFAT1V.js  
  inflating: /var/www/html/assets/index-CI5YZSxn.js  
  inflating: /var/www/html/assets/index-BhSVe604.js  
  inflating: /var/www/html/assets/Dashboard-BtSJ88Da.js  
  inflating: /var/www/html/assets/index-DaoUzna6.js  
  inflating: /var/www/html/assets/index-DEK7E5HI.js  
  inflating: /var/www/html/assets/index-ChZjLvrc.js  
  inflating: /var/www/html/assets/xlsx-DGuHH-KN.js  
  inflating: /var/www/html/index.html  
Saving Git logs repo SSH key...
Testing GitHub SSH key...
Cloning deployment-logs repo...
Cloning into 'logs-repo'...
