Installing dependencies...
npm warn deprecated w3c-hr-time@1.0.2: Use your platform's native performance.now() and performance.timeOrigin.
npm warn deprecated domexception@2.0.1: Use your platform's native DOMException instead
npm warn deprecated abab@2.0.6: Use your platform's native atob() and btoa() methods instead

> the-business-hub-pakistan@0.0.0 prepare
> husky

.git can't be found
added 1810 packages, and audited 1811 packages in 5m

253 packages are looking for funding
  run `npm fund` for details

70 vulnerabilities (67 moderate, 3 high)

To address issues that do not require attention, run:
  npm audit fix

To address all issues possible (including breaking changes), run:
  npm audit fix --force

Some issues need review, and may require choosing
a different dependency.

Run `npm audit` for details.
Building React app...

> the-business-hub-pakistan@0.0.0 build
> vite build

vite v7.1.11 building for production...
transforming...
✓ 3097 modules transformed.
rendering chunks...
computing gzip size...
dist/index.html                                         2.18 kB │ gzip:   1.05 kB
dist/assets/verifiedBadge-CrcJq1tD.webp                10.83 kB
dist/assets/rectanglePlaceholder-nCbViREl.png          11.85 kB
dist/assets/goldenCheck-CnSHOmXW.webp                  13.45 kB
dist/assets/irfanMalikBg-D4osmO_C.jpg                  24.66 kB
dist/assets/proposal6-wLmvSjqd.webp                    28.15 kB
dist/assets/placeholderMan-BvremNML.png                36.64 kB
dist/assets/handShake-Dk1DoagP.webp                    65.18 kB
dist/assets/tower-gldBe0jJ.webp                        66.16 kB
dist/assets/tower2-LuqAcWCu.jpg                        72.52 kB
dist/assets/shakeelBg-NX99JDrP.jpg                    143.15 kB
dist/assets/MainLogo-DJpFhlQE.png                     144.86 kB
dist/assets/Fav-BPcykgsi.png                          147.34 kB
dist/assets/akhtar-qLBVRLf-.jpg                       173.92 kB
dist/assets/proposal5-DItum-r7.webp                   174.24 kB
dist/assets/tower3-DpFzgoGy.jpg                       175.56 kB
dist/assets/proposal2-B9XZZX50.webp                   192.62 kB
dist/assets/meerShinyDress-C8scZpYx.webp              229.68 kB
dist/assets/meerGreenJacket-ykCKR2uN.png              230.19 kB
dist/assets/arabic-BElshnQY.jpg                       238.42 kB
dist/assets/wasim-ETjjiRaD.jpg                        242.26 kB
dist/assets/salman-DD3Zraly.jpg                       255.18 kB
dist/assets/fahad-CnovJc60.jpg                        278.62 kB
dist/assets/tech-BdWyL5Pa.jpg                         281.71 kB
dist/assets/dubai-Bmqq4ymj.jpg                        311.77 kB
dist/assets/wasimAkramBg-D4BFEYu1.png                 313.57 kB
dist/assets/bhp-webinar-banner-4Y66DNfq.webp          380.92 kB
dist/assets/proposal3-fxAFZeku.webp                   445.47 kB
dist/assets/proposal4-CZk7QC75.webp                   542.86 kB
dist/assets/bhp-webinar-banner-mobile-3Qas_qJl.svg    589.04 kB │ gzip: 438.74 kB
dist/assets/proposal1-D37fvLUu.webp                   779.05 kB
dist/assets/wasimAkram-CBOcRO9q.png                 4,488.96 kB
dist/assets/BlogDetail-oNXnMkFG.css                     0.63 kB │ gzip:   0.26 kB
dist/assets/style-DpsRipQV.css                          3.23 kB │ gzip:   0.73 kB
dist/assets/index-x7RUDbD1.css                        152.89 kB │ gzip:  20.83 kB
dist/assets/blogs-ChqPogSE.js                           0.04 kB │ gzip:   0.06 kB
dist/assets/useDebounce-C7lJ91ON.js                     0.19 kB │ gzip:   0.17 kB
dist/assets/plus-BU0qEdxh.js                            0.33 kB │ gzip:   0.25 kB
dist/assets/arrow-right-CAgyd2yS.js                     0.34 kB │ gzip:   0.26 kB
dist/assets/arrow-left-DLDyJRwO.js                      0.34 kB │ gzip:   0.27 kB
dist/assets/circle-check-DE348e0W.js                    0.35 kB │ gzip:   0.27 kB
dist/assets/trending-up-C7bMI0Yk.js                     0.35 kB │ gzip:   0.27 kB
dist/assets/ban-C567FoEk.js                             0.35 kB │ gzip:   0.28 kB
dist/assets/info-B2_yOfO2.js                            0.37 kB │ gzip:   0.28 kB
dist/assets/rotate-ccw-DlxAJCn9.js                      0.37 kB │ gzip:   0.29 kB
dist/assets/circle-x-ClkRIJDf.js                        0.38 kB │ gzip:   0.28 kB
dist/assets/Dashboard-CNd7sDu1.js                       0.38 kB │ gzip:   0.26 kB
dist/assets/Dashboard-B37F60_1.js                       0.38 kB │ gzip:   0.26 kB
dist/assets/mail-DIfK1a3U.js                            0.39 kB │ gzip:   0.31 kB
dist/assets/upload-CXywL2SM.js                          0.40 kB │ gzip:   0.30 kB
dist/assets/log-in-B5b9twIm.js                          0.40 kB │ gzip:   0.29 kB
dist/assets/message-square-hgqIRIQF.js                  0.41 kB │ gzip:   0.31 kB
dist/assets/globe-DgBlfl2S.js                           0.41 kB │ gzip:   0.29 kB
dist/assets/message-circle-BtkL-U3C.js                  0.41 kB │ gzip:   0.31 kB
dist/assets/circle-alert-CLiA0Fpn.js                    0.42 kB │ gzip:   0.29 kB
dist/assets/funnel-BFqZsANk.js                          0.42 kB │ gzip:   0.31 kB
dist/assets/map-pin-Bm15DlWt.js                         0.43 kB │ gzip:   0.33 kB
dist/assets/calendar-CJA2IH4y.js                        0.43 kB │ gzip:   0.31 kB
dist/assets/pencil-CZv47mBA.js                          0.45 kB │ gzip:   0.33 kB
dist/assets/shield-check-wTXgjdW7.js                    0.49 kB │ gzip:   0.35 kB
dist/assets/phone-FnjBYxpl.js                           0.50 kB │ gzip:   0.33 kB
dist/assets/sparkles-C1c4A89d.js                        0.67 kB │ gzip:   0.39 kB
dist/assets/CkEditor-Xj7C5gel.js                        0.85 kB │ gzip:   0.53 kB
dist/assets/InfoBox-BHkMXlSD.js                         0.86 kB │ gzip:   0.43 kB
dist/assets/Tabs-UwuO8eye.js                            1.23 kB │ gzip:   0.65 kB
dist/assets/ToggleChips-CyruJ-XJ.js                     1.68 kB │ gzip:   0.83 kB
dist/assets/topCards-DtxXJ8q4.js                        1.71 kB │ gzip:   0.74 kB
dist/assets/ImageUploader-CmGCdQ_q.js                   1.92 kB │ gzip:   0.92 kB
dist/assets/ForgotPassword-B75dF88M.js                  2.14 kB │ gzip:   1.08 kB
dist/assets/FilterDrawer-B_Q_f1ls.js                    2.26 kB │ gzip:   0.96 kB
dist/assets/FounderThankYou-DyPxbs1p.js                 2.29 kB │ gzip:   1.11 kB
dist/assets/ResetPassword-CV7RTub0.js                   2.37 kB │ gzip:   1.06 kB
dist/assets/InvestorThankYou-DRxN5gwJ.js                2.42 kB │ gzip:   1.18 kB
dist/assets/MultipleImageUploader-BUULMx1z.js           2.61 kB │ gzip:   1.14 kB
dist/assets/index-CZdEWBXI.js                           2.72 kB │ gzip:   1.23 kB
dist/assets/AuthCallback-BFLEWLyS.js                    2.73 kB │ gzip:   1.30 kB
dist/assets/toolbar-DMvPsVRw.js                         2.92 kB │ gzip:   1.19 kB
dist/assets/WebinarBanner-CcQOeR7C.js                   2.98 kB │ gzip:   1.13 kB
dist/assets/index-CnNBlziF.js                           3.11 kB │ gzip:   1.48 kB
dist/assets/supabase-bulk-emails-C3IQINdR.js            3.14 kB │ gzip:   1.12 kB
dist/assets/index-BJ0smDVd.js                           3.24 kB │ gzip:   1.62 kB
dist/assets/index-BepaaDXf.js                           3.31 kB │ gzip:   1.61 kB
dist/assets/index-Cn4rDGWh.js                           3.44 kB │ gzip:   1.64 kB
dist/assets/index-oSlHMMVO.js                           3.48 kB │ gzip:   1.67 kB
dist/assets/index-hlYA2Udi.js                           3.84 kB │ gzip:   1.89 kB
dist/assets/index-BjLyqBqC.js                           3.85 kB │ gzip:   1.89 kB
dist/assets/index-B2huB44s.js                           3.97 kB │ gzip:   1.56 kB
dist/assets/index-D3L9VIqz.js                           4.19 kB │ gzip:   1.86 kB
dist/assets/index-qoF8UHYH.js                           4.39 kB │ gzip:   1.93 kB
dist/assets/ContactSupport-BX41RSsg.js                  4.66 kB │ gzip:   1.94 kB
dist/assets/Stepper-DqgDuH3Q.js                         4.66 kB │ gzip:   2.02 kB
dist/assets/Login-C_bP2Stn.js                           4.77 kB │ gzip:   1.97 kB
dist/assets/index-BvNl6zrm.js                           5.04 kB │ gzip:   2.16 kB
dist/assets/CreateBlog-IvUvp0TZ.js                      5.16 kB │ gzip:   2.20 kB
dist/assets/AllBlogs-DY8utPB1.js                        5.18 kB │ gzip:   2.09 kB
dist/assets/SelectRole-_XDSXw8_.js                      5.67 kB │ gzip:   2.40 kB
dist/assets/VerifyUserEmail-n8E9e_H_.js                 5.88 kB │ gzip:   2.11 kB
dist/assets/EditBlog-DXst5h_O.js                        6.04 kB │ gzip:   2.59 kB
dist/assets/Profile-BGYnkHSx.js                         6.82 kB │ gzip:   2.17 kB
dist/assets/SignUp-DVhUR5cS.js                          6.86 kB │ gzip:   2.59 kB
dist/assets/ViewRemindersModal-B2gA5Sku.js              6.92 kB │ gzip:   2.55 kB
dist/assets/index-Cx9_4oI2.js                           7.82 kB │ gzip:   3.18 kB
dist/assets/index-HkYy8hl1.js                           9.20 kB │ gzip:   3.80 kB
dist/assets/index-SYm385QC.js                           9.81 kB │ gzip:   3.62 kB
dist/assets/businessProposalCard-BkFtE9GQ.js            9.97 kB │ gzip:   3.35 kB
dist/assets/index-CtsIbVN9.js                           9.97 kB │ gzip:   3.23 kB
dist/assets/Header-CcDAJTIC.js                         11.34 kB │ gzip:   3.43 kB
dist/assets/table-WB9epolo.js                          12.01 kB │ gzip:   3.74 kB
dist/assets/SimplifiedProfile-D6ZnmPaK.js              13.42 kB │ gzip:   3.56 kB
dist/assets/index-CrIbDj__.js                          15.68 kB │ gzip:   4.83 kB
dist/assets/CreateNewBatch-BHKXbMQ-.js                 16.81 kB │ gzip:   4.55 kB
dist/assets/EditFounder-i6VmWPrT.js                    18.00 kB │ gzip:   4.37 kB
dist/assets/index-BpIi1P0D.js                          18.47 kB │ gzip:   5.95 kB
dist/assets/EditInvestor-DlioOFMc.js                   18.98 kB │ gzip:   4.64 kB
dist/assets/index-C8SHRSqh.js                          20.15 kB │ gzip:   6.63 kB
dist/assets/index-Du8CPRTO.js                          20.39 kB │ gzip:   6.55 kB
dist/assets/index-CULdzzbQ.js                          21.26 kB │ gzip:   5.58 kB
dist/assets/BlogDetail-CioWmwx1.js                     22.13 kB │ gzip:   9.02 kB
dist/assets/index-Df93wUTS.js                          22.32 kB │ gzip:   6.61 kB
dist/assets/index-BkCAwnaS.js                          23.38 kB │ gzip:   7.40 kB
dist/assets/ViewBusinessProposal-DSr7l8X3.js           25.94 kB │ gzip:   6.38 kB
dist/assets/Landing-B4DwkoUv.js                       151.03 kB │ gzip:  53.09 kB
dist/assets/xlsx-DGuHH-KN.js                          429.49 kB │ gzip: 143.07 kB
dist/assets/index-C8V5EQqk.js                         616.00 kB │ gzip: 165.70 kB
dist/assets/index-DoE6Dj-N.js                       2,812.81 kB │ gzip: 751.90 kB

(!) Some chunks are larger than 1500 kB after minification. Consider:
- Using dynamic import() to code-split the application
- Use build.rollupOptions.output.manualChunks to improve chunking: https://rollupjs.org/configuration-options/#output-manualchunks
- Adjust chunk size limit for this warning via build.chunkSizeWarningLimit.
✓ built in 17.26s
Packaging build...
  adding: favicon.ico (deflated 13%)
  adding: assets/ (stored 0%)
  adding: assets/irfanMalikBg-D4osmO_C.jpg (deflated 1%)
  adding: assets/shakeelBg-NX99JDrP.jpg (deflated 0%)
  adding: assets/meerGreenJacket-ykCKR2uN.png (deflated 0%)
  adding: assets/meerShinyDress-C8scZpYx.webp (deflated 0%)
  adding: assets/akhtar-qLBVRLf-.jpg (deflated 1%)
  adding: assets/arabic-BElshnQY.jpg (deflated 0%)
  adding: assets/dubai-Bmqq4ymj.jpg (deflated 0%)
  adding: assets/fahad-CnovJc60.jpg (deflated 0%)
  adding: assets/salman-DD3Zraly.jpg (deflated 0%)
  adding: assets/tech-BdWyL5Pa.jpg (deflated 0%)
  adding: assets/wasim-ETjjiRaD.jpg (deflated 0%)
  adding: assets/placeholderMan-BvremNML.png (deflated 3%)
  adding: assets/rectanglePlaceholder-nCbViREl.png (deflated 31%)
  adding: assets/Fav-BPcykgsi.png (deflated 5%)
  adding: assets/wasimAkramBg-D4BFEYu1.png (deflated 0%)
  adding: assets/goldenCheck-CnSHOmXW.webp (stored 0%)
  adding: assets/handShake-Dk1DoagP.webp (deflated 0%)
  adding: assets/MainLogo-DJpFhlQE.png (deflated 4%)
  adding: assets/bhp-webinar-banner-4Y66DNfq.webp (deflated 1%)
  adding: assets/tower2-LuqAcWCu.jpg (deflated 2%)
  adding: assets/tower3-DpFzgoGy.jpg (deflated 0%)
  adding: assets/proposal2-B9XZZX50.webp (deflated 3%)
  adding: assets/proposal3-fxAFZeku.webp (deflated 1%)
  adding: assets/proposal5-DItum-r7.webp (deflated 4%)
  adding: assets/tower-gldBe0jJ.webp (deflated 0%)
  adding: assets/verifiedBadge-CrcJq1tD.webp (deflated 1%)
  adding: assets/proposal6-wLmvSjqd.webp (deflated 0%)
  adding: assets/bhp-webinar-banner-mobile-3Qas_qJl.svg (deflated 25%)
  adding: assets/proposal1-D37fvLUu.webp (deflated 1%)
  adding: assets/proposal4-CZk7QC75.webp (deflated 1%)
  adding: assets/wasimAkram-CBOcRO9q.png (deflated 1%)
  adding: assets/index-x7RUDbD1.css (deflated 86%)
  adding: assets/BlogDetail-oNXnMkFG.css (deflated 62%)
  adding: assets/style-DpsRipQV.css (deflated 78%)
  adding: assets/index-DoE6Dj-N.js (deflated 73%)
  adding: assets/xlsx-DGuHH-KN.js (deflated 67%)
  adding: assets/Landing-B4DwkoUv.js (deflated 65%)
  adding: assets/BlogDetail-CioWmwx1.js (deflated 60%)
  adding: assets/AllBlogs-DY8utPB1.js (deflated 60%)
  adding: assets/index-BJ0smDVd.js (deflated 50%)
  adding: assets/index-CnNBlziF.js (deflated 53%)
  adding: assets/index-Cn4rDGWh.js (deflated 53%)
  adding: assets/index-BepaaDXf.js (deflated 52%)
  adding: assets/Header-CcDAJTIC.js (deflated 70%)
  adding: assets/SignUp-DVhUR5cS.js (deflated 63%)
  adding: assets/ForgotPassword-B75dF88M.js (deflated 51%)
  adding: assets/VerifyUserEmail-n8E9e_H_.js (deflated 64%)
  adding: assets/ResetPassword-CV7RTub0.js (deflated 56%)
  adding: assets/ContactSupport-BX41RSsg.js (deflated 59%)
  adding: assets/AuthCallback-BFLEWLyS.js (deflated 53%)
  adding: assets/SelectRole-_XDSXw8_.js (deflated 58%)
  adding: assets/InvestorThankYou-DRxN5gwJ.js (deflated 52%)
  adding: assets/FounderThankYou-DyPxbs1p.js (deflated 52%)
  adding: assets/arrow-right-CAgyd2yS.js (deflated 27%)
  adding: assets/Login-C_bP2Stn.js (deflated 59%)
  adding: assets/Profile-BGYnkHSx.js (deflated 68%)
  adding: assets/index-Cx9_4oI2.js (deflated 60%)
  adding: assets/index-BkCAwnaS.js (deflated 68%)
  adding: assets/EditInvestor-DlioOFMc.js (deflated 76%)
  adding: assets/index-Du8CPRTO.js (deflated 68%)
  adding: assets/ViewRemindersModal-B2gA5Sku.js (deflated 63%)
  adding: assets/EditFounder-i6VmWPrT.js (deflated 76%)
  adding: assets/index-HkYy8hl1.js (deflated 59%)
  adding: assets/index-C8SHRSqh.js (deflated 67%)
  adding: assets/log-in-B5b9twIm.js (deflated 32%)
  adding: assets/pencil-CZv47mBA.js (deflated 31%)
  adding: assets/index-BpIi1P0D.js (deflated 68%)
  adding: assets/ViewBusinessProposal-DSr7l8X3.js (deflated 75%)
  adding: assets/circle-check-DE348e0W.js (deflated 27%)
  adding: assets/index-Df93wUTS.js (deflated 70%)
  adding: assets/index-CtsIbVN9.js (deflated 68%)
  adding: assets/index-CZdEWBXI.js (deflated 54%)
  adding: assets/mail-DIfK1a3U.js (deflated 26%)
  adding: assets/phone-FnjBYxpl.js (deflated 37%)
  adding: assets/map-pin-Bm15DlWt.js (deflated 28%)
  adding: assets/shield-check-wTXgjdW7.js (deflated 32%)
  adding: assets/sparkles-C1c4A89d.js (deflated 45%)
  adding: assets/trending-up-C7bMI0Yk.js (deflated 26%)
  adding: assets/globe-DgBlfl2S.js (deflated 33%)
  adding: assets/blogs-ChqPogSE.js (stored 0%)
  adding: assets/calendar-CJA2IH4y.js (deflated 33%)
  adding: assets/index-oSlHMMVO.js (deflated 53%)
  adding: assets/message-circle-BtkL-U3C.js (deflated 28%)
  adding: assets/arrow-left-DLDyJRwO.js (deflated 26%)
  adding: assets/InfoBox-BHkMXlSD.js (deflated 52%)
  adding: assets/info-B2_yOfO2.js (deflated 30%)
  adding: assets/circle-alert-CLiA0Fpn.js (deflated 36%)
  adding: assets/index-C8V5EQqk.js (deflated 73%)
  adding: assets/topCards-DtxXJ8q4.js (deflated 58%)
  adding: assets/WebinarBanner-CcQOeR7C.js (deflated 63%)
  adding: assets/ImageUploader-CmGCdQ_q.js (deflated 53%)
  adding: assets/upload-CXywL2SM.js (deflated 31%)
  adding: assets/table-WB9epolo.js (deflated 69%)
  adding: assets/toolbar-DMvPsVRw.js (deflated 60%)
  adding: assets/useDebounce-C7lJ91ON.js (deflated 22%)
  adding: assets/message-square-hgqIRIQF.js (deflated 29%)
  adding: assets/funnel-BFqZsANk.js (deflated 30%)
  adding: assets/FilterDrawer-B_Q_f1ls.js (deflated 58%)
  adding: assets/rotate-ccw-DlxAJCn9.js (deflated 28%)
  adding: assets/ToggleChips-CyruJ-XJ.js (deflated 52%)
  adding: assets/circle-x-ClkRIJDf.js (deflated 31%)
  adding: assets/ban-C567FoEk.js (deflated 27%)
  adding: assets/plus-BU0qEdxh.js (deflated 28%)
  adding: assets/Tabs-UwuO8eye.js (deflated 49%)
  adding: assets/businessProposalCard-BkFtE9GQ.js (deflated 67%)
  adding: assets/Stepper-DqgDuH3Q.js (deflated 57%)
  adding: assets/MultipleImageUploader-BUULMx1z.js (deflated 57%)
  adding: assets/supabase-bulk-emails-C3IQINdR.js (deflated 65%)
  adding: assets/CreateNewBatch-BHKXbMQ-.js (deflated 73%)
  adding: assets/CkEditor-Xj7C5gel.js (deflated 40%)
  adding: assets/index-BvNl6zrm.js (deflated 58%)
  adding: assets/CreateBlog-IvUvp0TZ.js (deflated 58%)
  adding: assets/EditBlog-DXst5h_O.js (deflated 57%)
  adding: assets/index-CrIbDj__.js (deflated 69%)
  adding: assets/Dashboard-B37F60_1.js (deflated 36%)
  adding: assets/SimplifiedProfile-D6ZnmPaK.js (deflated 74%)
  adding: assets/index-hlYA2Udi.js (deflated 51%)
  adding: assets/index-qoF8UHYH.js (deflated 56%)
  adding: assets/index-B2huB44s.js (deflated 61%)
  adding: assets/index-D3L9VIqz.js (deflated 56%)
  adding: assets/Dashboard-CNd7sDu1.js (deflated 36%)
  adding: assets/index-CULdzzbQ.js (deflated 74%)
  adding: assets/index-SYm385QC.js (deflated 63%)
  adding: assets/index-BjLyqBqC.js (deflated 51%)
  adding: index.html (deflated 52%)
Saving Lightsail SSH key...
Uploading build to Lightsail...
Warning: Permanently added '15.207.22.250' (ED25519) to the list of known hosts.
Deploying build to /var/www/html ...
Archive:  /home/ubuntu/react-build.zip
  inflating: /var/www/html/favicon.ico  
   creating: /var/www/html/assets/
  inflating: /var/www/html/assets/irfanMalikBg-D4osmO_C.jpg  
  inflating: /var/www/html/assets/shakeelBg-NX99JDrP.jpg  
  inflating: /var/www/html/assets/meerGreenJacket-ykCKR2uN.png  
  inflating: /var/www/html/assets/meerShinyDress-C8scZpYx.webp  
  inflating: /var/www/html/assets/akhtar-qLBVRLf-.jpg  
  inflating: /var/www/html/assets/arabic-BElshnQY.jpg  
  inflating: /var/www/html/assets/dubai-Bmqq4ymj.jpg  
  inflating: /var/www/html/assets/fahad-CnovJc60.jpg  
  inflating: /var/www/html/assets/salman-DD3Zraly.jpg  
  inflating: /var/www/html/assets/tech-BdWyL5Pa.jpg  
  inflating: /var/www/html/assets/wasim-ETjjiRaD.jpg  
  inflating: /var/www/html/assets/placeholderMan-BvremNML.png  
  inflating: /var/www/html/assets/rectanglePlaceholder-nCbViREl.png  
  inflating: /var/www/html/assets/Fav-BPcykgsi.png  
  inflating: /var/www/html/assets/wasimAkramBg-D4BFEYu1.png  
 extracting: /var/www/html/assets/goldenCheck-CnSHOmXW.webp  
  inflating: /var/www/html/assets/handShake-Dk1DoagP.webp  
  inflating: /var/www/html/assets/MainLogo-DJpFhlQE.png  
  inflating: /var/www/html/assets/bhp-webinar-banner-4Y66DNfq.webp  
  inflating: /var/www/html/assets/tower2-LuqAcWCu.jpg  
  inflating: /var/www/html/assets/tower3-DpFzgoGy.jpg  
  inflating: /var/www/html/assets/proposal2-B9XZZX50.webp  
  inflating: /var/www/html/assets/proposal3-fxAFZeku.webp  
  inflating: /var/www/html/assets/proposal5-DItum-r7.webp  
  inflating: /var/www/html/assets/tower-gldBe0jJ.webp  
  inflating: /var/www/html/assets/verifiedBadge-CrcJq1tD.webp  
  inflating: /var/www/html/assets/proposal6-wLmvSjqd.webp  
  inflating: /var/www/html/assets/bhp-webinar-banner-mobile-3Qas_qJl.svg  
  inflating: /var/www/html/assets/proposal1-D37fvLUu.webp  
  inflating: /var/www/html/assets/proposal4-CZk7QC75.webp  
  inflating: /var/www/html/assets/wasimAkram-CBOcRO9q.png  
  inflating: /var/www/html/assets/index-x7RUDbD1.css  
  inflating: /var/www/html/assets/BlogDetail-oNXnMkFG.css  
  inflating: /var/www/html/assets/style-DpsRipQV.css  
  inflating: /var/www/html/assets/index-DoE6Dj-N.js  
  inflating: /var/www/html/assets/xlsx-DGuHH-KN.js  
  inflating: /var/www/html/assets/Landing-B4DwkoUv.js  
  inflating: /var/www/html/assets/BlogDetail-CioWmwx1.js  
  inflating: /var/www/html/assets/AllBlogs-DY8utPB1.js  
  inflating: /var/www/html/assets/index-BJ0smDVd.js  
  inflating: /var/www/html/assets/index-CnNBlziF.js  
  inflating: /var/www/html/assets/index-Cn4rDGWh.js  
  inflating: /var/www/html/assets/index-BepaaDXf.js  
  inflating: /var/www/html/assets/Header-CcDAJTIC.js  
  inflating: /var/www/html/assets/SignUp-DVhUR5cS.js  
  inflating: /var/www/html/assets/ForgotPassword-B75dF88M.js  
  inflating: /var/www/html/assets/VerifyUserEmail-n8E9e_H_.js  
  inflating: /var/www/html/assets/ResetPassword-CV7RTub0.js  
  inflating: /var/www/html/assets/ContactSupport-BX41RSsg.js  
  inflating: /var/www/html/assets/AuthCallback-BFLEWLyS.js  
  inflating: /var/www/html/assets/SelectRole-_XDSXw8_.js  
  inflating: /var/www/html/assets/InvestorThankYou-DRxN5gwJ.js  
  inflating: /var/www/html/assets/FounderThankYou-DyPxbs1p.js  
  inflating: /var/www/html/assets/arrow-right-CAgyd2yS.js  
  inflating: /var/www/html/assets/Login-C_bP2Stn.js  
  inflating: /var/www/html/assets/Profile-BGYnkHSx.js  
  inflating: /var/www/html/assets/index-Cx9_4oI2.js  
  inflating: /var/www/html/assets/index-BkCAwnaS.js  
  inflating: /var/www/html/assets/EditInvestor-DlioOFMc.js  
  inflating: /var/www/html/assets/index-Du8CPRTO.js  
  inflating: /var/www/html/assets/ViewRemindersModal-B2gA5Sku.js  
  inflating: /var/www/html/assets/EditFounder-i6VmWPrT.js  
  inflating: /var/www/html/assets/index-HkYy8hl1.js  
  inflating: /var/www/html/assets/index-C8SHRSqh.js  
  inflating: /var/www/html/assets/log-in-B5b9twIm.js  
  inflating: /var/www/html/assets/pencil-CZv47mBA.js  
  inflating: /var/www/html/assets/index-BpIi1P0D.js  
  inflating: /var/www/html/assets/ViewBusinessProposal-DSr7l8X3.js  
  inflating: /var/www/html/assets/circle-check-DE348e0W.js  
  inflating: /var/www/html/assets/index-Df93wUTS.js  
  inflating: /var/www/html/assets/index-CtsIbVN9.js  
  inflating: /var/www/html/assets/index-CZdEWBXI.js  
  inflating: /var/www/html/assets/mail-DIfK1a3U.js  
  inflating: /var/www/html/assets/phone-FnjBYxpl.js  
  inflating: /var/www/html/assets/map-pin-Bm15DlWt.js  
  inflating: /var/www/html/assets/shield-check-wTXgjdW7.js  
  inflating: /var/www/html/assets/sparkles-C1c4A89d.js  
  inflating: /var/www/html/assets/trending-up-C7bMI0Yk.js  
  inflating: /var/www/html/assets/globe-DgBlfl2S.js  
 extracting: /var/www/html/assets/blogs-ChqPogSE.js  
  inflating: /var/www/html/assets/calendar-CJA2IH4y.js  
  inflating: /var/www/html/assets/index-oSlHMMVO.js  
  inflating: /var/www/html/assets/message-circle-BtkL-U3C.js  
  inflating: /var/www/html/assets/arrow-left-DLDyJRwO.js  
  inflating: /var/www/html/assets/InfoBox-BHkMXlSD.js  
  inflating: /var/www/html/assets/info-B2_yOfO2.js  
  inflating: /var/www/html/assets/circle-alert-CLiA0Fpn.js  
  inflating: /var/www/html/assets/index-C8V5EQqk.js  
  inflating: /var/www/html/assets/topCards-DtxXJ8q4.js  
  inflating: /var/www/html/assets/WebinarBanner-CcQOeR7C.js  
  inflating: /var/www/html/assets/ImageUploader-CmGCdQ_q.js  
  inflating: /var/www/html/assets/upload-CXywL2SM.js  
  inflating: /var/www/html/assets/table-WB9epolo.js  
  inflating: /var/www/html/assets/toolbar-DMvPsVRw.js  
  inflating: /var/www/html/assets/useDebounce-C7lJ91ON.js  
  inflating: /var/www/html/assets/message-square-hgqIRIQF.js  
  inflating: /var/www/html/assets/funnel-BFqZsANk.js  
  inflating: /var/www/html/assets/FilterDrawer-B_Q_f1ls.js  
  inflating: /var/www/html/assets/rotate-ccw-DlxAJCn9.js  
  inflating: /var/www/html/assets/ToggleChips-CyruJ-XJ.js  
  inflating: /var/www/html/assets/circle-x-ClkRIJDf.js  
  inflating: /var/www/html/assets/ban-C567FoEk.js  
  inflating: /var/www/html/assets/plus-BU0qEdxh.js  
  inflating: /var/www/html/assets/Tabs-UwuO8eye.js  
  inflating: /var/www/html/assets/businessProposalCard-BkFtE9GQ.js  
  inflating: /var/www/html/assets/Stepper-DqgDuH3Q.js  
  inflating: /var/www/html/assets/MultipleImageUploader-BUULMx1z.js  
  inflating: /var/www/html/assets/supabase-bulk-emails-C3IQINdR.js  
  inflating: /var/www/html/assets/CreateNewBatch-BHKXbMQ-.js  
  inflating: /var/www/html/assets/CkEditor-Xj7C5gel.js  
  inflating: /var/www/html/assets/index-BvNl6zrm.js  
  inflating: /var/www/html/assets/CreateBlog-IvUvp0TZ.js  
  inflating: /var/www/html/assets/EditBlog-DXst5h_O.js  
  inflating: /var/www/html/assets/index-CrIbDj__.js  
  inflating: /var/www/html/assets/Dashboard-B37F60_1.js  
  inflating: /var/www/html/assets/SimplifiedProfile-D6ZnmPaK.js  
  inflating: /var/www/html/assets/index-hlYA2Udi.js  
  inflating: /var/www/html/assets/index-qoF8UHYH.js  
  inflating: /var/www/html/assets/index-B2huB44s.js  
  inflating: /var/www/html/assets/index-D3L9VIqz.js  
  inflating: /var/www/html/assets/Dashboard-CNd7sDu1.js  
  inflating: /var/www/html/assets/index-CULdzzbQ.js  
  inflating: /var/www/html/assets/index-SYm385QC.js  
  inflating: /var/www/html/assets/index-BjLyqBqC.js  
  inflating: /var/www/html/index.html  
Saving Git logs repo SSH key...
Testing GitHub SSH key...
Cloning deployment-logs repo...
Cloning into 'logs-repo'...
