Installing dependencies...
npm warn deprecated w3c-hr-time@1.0.2: Use your platform's native performance.now() and performance.timeOrigin.
npm warn deprecated domexception@2.0.1: Use your platform's native DOMException instead
npm warn deprecated abab@2.0.6: Use your platform's native atob() and btoa() methods instead

added 1750 packages, and audited 1751 packages in 4m

222 packages are looking for funding
  run `npm fund` for details

52 vulnerabilities (51 moderate, 1 high)

To address issues that do not require attention, run:
  npm audit fix

To address all issues possible (including breaking changes), run:
  npm audit fix --force

Some issues need review, and may require choosing
a different dependency.

Run `npm audit` for details.
Building React app...

> boilerplate-code-react-js@0.0.0 build
> vite build

vite v7.1.11 building for production...
transforming...
✓ 2933 modules transformed.
rendering chunks...
computing gzip size...
dist/index.html                                    2.18 kB │ gzip:   1.05 kB
dist/assets/verifiedBadge-CrcJq1tD.webp           10.83 kB
dist/assets/rectanglePlaceholder-nCbViREl.png     11.85 kB
dist/assets/goldenCheck-CnSHOmXW.webp             13.45 kB
dist/assets/irfanMalikBg-D4osmO_C.jpg             24.66 kB
dist/assets/proposal6-wLmvSjqd.webp               28.15 kB
dist/assets/placeholderMan-BvremNML.png           36.64 kB
dist/assets/handShake-Dk1DoagP.webp               65.18 kB
dist/assets/tower-gldBe0jJ.webp                   66.16 kB
dist/assets/tower2-LuqAcWCu.jpg                   72.52 kB
dist/assets/shakeelBg-NX99JDrP.jpg               143.15 kB
dist/assets/MainLogo-DJpFhlQE.png                144.86 kB
dist/assets/Fav-BPcykgsi.png                     147.34 kB
dist/assets/akhtar-qLBVRLf-.jpg                  173.92 kB
dist/assets/proposal5-DItum-r7.webp              174.24 kB
dist/assets/tower3-DpFzgoGy.jpg                  175.56 kB
dist/assets/proposal2-B9XZZX50.webp              192.62 kB
dist/assets/meerShinyDress-C8scZpYx.webp         229.68 kB
dist/assets/meerGreenJacket-ykCKR2uN.png         230.19 kB
dist/assets/arabic-BElshnQY.jpg                  238.42 kB
dist/assets/wasim-ETjjiRaD.jpg                   242.26 kB
dist/assets/salman-DD3Zraly.jpg                  255.18 kB
dist/assets/fahad-CnovJc60.jpg                   278.62 kB
dist/assets/tech-BdWyL5Pa.jpg                    281.71 kB
dist/assets/dubai-Bmqq4ymj.jpg                   311.77 kB
dist/assets/wasimAkramBg-D4BFEYu1.png            313.57 kB
dist/assets/proposal3-fxAFZeku.webp              445.47 kB
dist/assets/proposal4-CZk7QC75.webp              542.86 kB
dist/assets/proposal1-D37fvLUu.webp              779.05 kB
dist/assets/wasimAkram-CBOcRO9q.png            4,488.96 kB
dist/assets/index-DUelRLES.css                   136.68 kB │ gzip:  18.67 kB
dist/assets/useDebounce-CrqwXL-Q.js                0.19 kB │ gzip:   0.17 kB
dist/assets/chevron-left-BvoC9wZB.js               0.30 kB │ gzip:   0.25 kB
dist/assets/plus-DGKIi1l1.js                       0.33 kB │ gzip:   0.25 kB
dist/assets/trending-up-B4DqSshA.js                0.35 kB │ gzip:   0.27 kB
dist/assets/ban-DbJTKLW6.js                        0.35 kB │ gzip:   0.28 kB
dist/assets/info-BsTP1coj.js                       0.37 kB │ gzip:   0.28 kB
dist/assets/circle-x-Cu4Szjp3.js                   0.38 kB │ gzip:   0.28 kB
dist/assets/mail-Dg2OTAYU.js                       0.39 kB │ gzip:   0.31 kB
dist/assets/target-R-2-BPNq.js                     0.39 kB │ gzip:   0.27 kB
dist/assets/upload-CFtYcwvN.js                     0.40 kB │ gzip:   0.30 kB
dist/assets/log-in-eHjTbZMw.js                     0.40 kB │ gzip:   0.29 kB
dist/assets/download-C-A8zgzq.js                   0.41 kB │ gzip:   0.30 kB
dist/assets/message-square-CINVcCga.js             0.41 kB │ gzip:   0.31 kB
dist/assets/globe-DAlbBQ-E.js                      0.41 kB │ gzip:   0.29 kB
dist/assets/circle-alert-geLpw6rR.js               0.42 kB │ gzip:   0.29 kB
dist/assets/eye-CJfYeY28.js                        0.42 kB │ gzip:   0.30 kB
dist/assets/map-pin-DFG6EeS5.js                    0.43 kB │ gzip:   0.33 kB
dist/assets/link-Bhtpn9Wj.js                       0.43 kB │ gzip:   0.30 kB
dist/assets/pencil-RQiplHrg.js                     0.45 kB │ gzip:   0.33 kB
dist/assets/user-plus-CQYDG26q.js                  0.48 kB │ gzip:   0.34 kB
dist/assets/shield-check-pS6DV6ms.js               0.49 kB │ gzip:   0.35 kB
dist/assets/square-pen-gpwlE2XD.js                 0.49 kB │ gzip:   0.34 kB
dist/assets/phone-BZaEHoak.js                      0.50 kB │ gzip:   0.33 kB
dist/assets/trash-2-CXZibN9o.js                    0.50 kB │ gzip:   0.32 kB
dist/assets/file-text-V3F7r3xi.js                  0.51 kB │ gzip:   0.32 kB
dist/assets/LegalModal-CNk02TDl.js                 0.66 kB │ gzip:   0.46 kB
dist/assets/sparkles-B-wjzuF0.js                   0.67 kB │ gzip:   0.39 kB
dist/assets/InfoBox-DQlKN84F.js                    0.86 kB │ gzip:   0.43 kB
dist/assets/label-DVgmeg-J.js                      0.89 kB │ gzip:   0.55 kB
dist/assets/card-DB1h3aE5.js                       1.18 kB │ gzip:   0.46 kB
dist/assets/package-BJZfK9cb.js                    1.21 kB │ gzip:   0.49 kB
dist/assets/Tabs-CGMzWscV.js                       1.23 kB │ gzip:   0.65 kB
dist/assets/GetMoreDetailsModal-Bm1V6rmh.js        1.27 kB │ gzip:   0.61 kB
dist/assets/EmptyState-BQ8H7Ffs.js                 1.47 kB │ gzip:   0.61 kB
dist/assets/textarea-DqZ-Gd-8.js                   1.49 kB │ gzip:   0.74 kB
dist/assets/ToggleChips-U8JWlpqT.js                1.66 kB │ gzip:   0.82 kB
dist/assets/input-BkYJuMKm.js                      1.68 kB │ gzip:   0.86 kB
dist/assets/topCards-CzFIE7sk.js                   1.71 kB │ gzip:   0.74 kB
dist/assets/ImageUploader-CyzgNniD.js              1.95 kB │ gzip:   0.94 kB
dist/assets/index-CPsTO_EU.js                      2.07 kB │ gzip:   0.92 kB
dist/assets/ForgotPassword-BTdI4NYK.js             2.17 kB │ gzip:   1.08 kB
dist/assets/index-yHP9XKla.js                      2.27 kB │ gzip:   1.20 kB
dist/assets/ContactSupportModal-ChDuU3Gn.js        2.37 kB │ gzip:   1.18 kB
dist/assets/ResetPassword-DAi1zBXv.js              2.40 kB │ gzip:   1.06 kB
dist/assets/AuthCallback-q_KSM2_2.js               2.67 kB │ gzip:   1.26 kB
dist/assets/index-CtavhDAD.js                      2.67 kB │ gzip:   1.20 kB
dist/assets/index-CtzMj1eY.js                      2.72 kB │ gzip:   1.22 kB
dist/assets/toolbar-CfB32jrz.js                    2.99 kB │ gzip:   1.22 kB
dist/assets/FileUploader-DMHYwiGp.js               3.02 kB │ gzip:   1.35 kB
dist/assets/index-8Dvb_jEa.js                      3.07 kB │ gzip:   1.47 kB
dist/assets/index-UHUGmxv7.js                      3.21 kB │ gzip:   1.60 kB
dist/assets/index-Hj2nsK5q.js                      3.27 kB │ gzip:   1.59 kB
dist/assets/index-C73dbVGB.js                      3.40 kB │ gzip:   1.62 kB
dist/assets/index-BfRihj-W.js                      3.48 kB │ gzip:   1.67 kB
dist/assets/checkbox-DEyp93FB.js                   4.08 kB │ gzip:   1.78 kB
dist/assets/index-S-NnhDey.js                      4.20 kB │ gzip:   2.05 kB
dist/assets/index-C5ZppNay.js                      4.21 kB │ gzip:   2.06 kB
dist/assets/index-BLifLGw9.js                      4.25 kB │ gzip:   1.68 kB
dist/assets/Dashboard-DhONK67F.js                  4.28 kB │ gzip:   1.46 kB
dist/assets/Dashboard-Cvp0WT15.js                  4.30 kB │ gzip:   1.47 kB
dist/assets/Stepper-CTVK4Eco.js                    4.66 kB │ gzip:   2.02 kB
dist/assets/ContactSupport-BdJqYgf2.js             4.93 kB │ gzip:   2.04 kB
dist/assets/Login-DyIbRmVr.js                      5.05 kB │ gzip:   2.13 kB
dist/assets/SelectRole-B6r-rKET.js                 5.16 kB │ gzip:   2.21 kB
dist/assets/SignUp-BhWWS2kO.js                     5.36 kB │ gzip:   2.11 kB
dist/assets/VerifyUserEmail-DVvZ4xKb.js            6.17 kB │ gzip:   2.29 kB
dist/assets/businessProposalCard-cys8vxO6.js       6.20 kB │ gzip:   2.11 kB
dist/assets/Profile-N5_uXtFJ.js                    7.10 kB │ gzip:   2.25 kB
dist/assets/index-D0J_xE6F.js                      8.15 kB │ gzip:   3.32 kB
dist/assets/index-Dgjx0j23.js                      8.31 kB │ gzip:   3.19 kB
dist/assets/index-C2C56B9Z.js                      8.40 kB │ gzip:   3.15 kB
dist/assets/dialog-C0ExQUEl.js                     8.50 kB │ gzip:   3.28 kB
dist/assets/tooltip-DttOsnCg.js                    8.77 kB │ gzip:   3.34 kB
dist/assets/index-BiInBcOw.js                      9.54 kB │ gzip:   3.92 kB
dist/assets/index-CofGQvfV.js                     10.02 kB │ gzip:   3.23 kB
dist/assets/Header-CHUiKLn2.js                    11.52 kB │ gzip:   3.53 kB
dist/assets/index-Ck7Vk3S_.js                     12.58 kB │ gzip:   4.35 kB
dist/assets/SimplifiedProfile-j8nPmaCf.js         13.76 kB │ gzip:   3.71 kB
dist/assets/ViewBusinessProposal-BJr5rFl5.js      14.01 kB │ gzip:   4.04 kB
dist/assets/index-zK57zWTH.js                     14.13 kB │ gzip:   4.98 kB
dist/assets/index--dihKQ3U.js                     14.43 kB │ gzip:   4.93 kB
dist/assets/CreateNewBatch-BYwTxUqK.js            14.89 kB │ gzip:   3.97 kB
dist/assets/index-0C813piz.js                     16.50 kB │ gzip:   6.24 kB
dist/assets/EditFounder-CT8dyRIE.js               18.08 kB │ gzip:   4.39 kB
dist/assets/EditInvestor-B4VKGh2l.js              19.03 kB │ gzip:   4.64 kB
dist/assets/index-DADycsHv.js                     20.02 kB │ gzip:   6.52 kB
dist/assets/index-BG553Jcf.js                     21.67 kB │ gzip:   5.74 kB
dist/assets/select-CYfS4js5.js                    22.08 kB │ gzip:   7.95 kB
dist/assets/index-BX7UnMrW.js                     22.23 kB │ gzip:   6.88 kB
dist/assets/index-BGzGJlSP.js                     27.84 kB │ gzip:  10.83 kB
dist/assets/table-Z4Wcs1_5.js                     37.18 kB │ gzip:  10.86 kB
dist/assets/FilterDrawer-Dsak3opx.js              86.57 kB │ gzip:  25.94 kB
dist/assets/Landing-BJz5OjDe.js                  136.55 kB │ gzip:  48.81 kB
dist/assets/xlsx-DGuHH-KN.js                     429.49 kB │ gzip: 143.07 kB
dist/assets/index-DOXqXxrX.js                    603.90 kB │ gzip: 164.35 kB
dist/assets/index-D8d8zcsg.js                    761.55 kB │ gzip: 229.40 kB
dist/assets/CkEditor-D2ep09BG.js               1,318.06 kB │ gzip: 325.94 kB

(!) Some chunks are larger than 500 kB after minification. Consider:
- Using dynamic import() to code-split the application
- Use build.rollupOptions.output.manualChunks to improve chunking: https://rollupjs.org/configuration-options/#output-manualchunks
- Adjust chunk size limit for this warning via build.chunkSizeWarningLimit.
✓ built in 15.06s
Packaging build...
  adding: favicon.ico (deflated 13%)
  adding: assets/ (stored 0%)
  adding: assets/meerGreenJacket-ykCKR2uN.png (deflated 0%)
  adding: assets/shakeelBg-NX99JDrP.jpg (deflated 0%)
  adding: assets/meerShinyDress-C8scZpYx.webp (deflated 0%)
  adding: assets/akhtar-qLBVRLf-.jpg (deflated 1%)
  adding: assets/arabic-BElshnQY.jpg (deflated 0%)
  adding: assets/irfanMalikBg-D4osmO_C.jpg (deflated 1%)
  adding: assets/handShake-Dk1DoagP.webp (deflated 0%)
  adding: assets/wasimAkramBg-D4BFEYu1.png (deflated 0%)
  adding: assets/dubai-Bmqq4ymj.jpg (deflated 0%)
  adding: assets/fahad-CnovJc60.jpg (deflated 0%)
  adding: assets/placeholderMan-BvremNML.png (deflated 3%)
  adding: assets/rectanglePlaceholder-nCbViREl.png (deflated 31%)
  adding: assets/salman-DD3Zraly.jpg (deflated 0%)
  adding: assets/tech-BdWyL5Pa.jpg (deflated 0%)
  adding: assets/MainLogo-DJpFhlQE.png (deflated 4%)
  adding: assets/goldenCheck-CnSHOmXW.webp (stored 0%)
  adding: assets/verifiedBadge-CrcJq1tD.webp (deflated 1%)
  adding: assets/tower-gldBe0jJ.webp (deflated 0%)
  adding: assets/tower2-LuqAcWCu.jpg (deflated 2%)
  adding: assets/tower3-DpFzgoGy.jpg (deflated 0%)
  adding: assets/wasim-ETjjiRaD.jpg (deflated 0%)
  adding: assets/Fav-BPcykgsi.png (deflated 5%)
  adding: assets/proposal2-B9XZZX50.webp (deflated 3%)
  adding: assets/proposal3-fxAFZeku.webp (deflated 1%)
  adding: assets/proposal5-DItum-r7.webp (deflated 4%)
  adding: assets/proposal1-D37fvLUu.webp (deflated 1%)
  adding: assets/proposal4-CZk7QC75.webp (deflated 1%)
  adding: assets/proposal6-wLmvSjqd.webp (deflated 0%)
  adding: assets/wasimAkram-CBOcRO9q.png (deflated 1%)
  adding: assets/index-DUelRLES.css (deflated 86%)
  adding: assets/index-D8d8zcsg.js (deflated 70%)
  adding: assets/Landing-BJz5OjDe.js (deflated 64%)
  adding: assets/index-UHUGmxv7.js (deflated 50%)
  adding: assets/index-8Dvb_jEa.js (deflated 53%)
  adding: assets/index-C73dbVGB.js (deflated 53%)
  adding: assets/index-Hj2nsK5q.js (deflated 52%)
  adding: assets/Header-CHUiKLn2.js (deflated 70%)
  adding: assets/SignUp-BhWWS2kO.js (deflated 61%)
  adding: assets/ForgotPassword-BTdI4NYK.js (deflated 51%)
  adding: assets/VerifyUserEmail-DVvZ4xKb.js (deflated 63%)
  adding: assets/ResetPassword-DAi1zBXv.js (deflated 57%)
  adding: assets/ContactSupport-BdJqYgf2.js (deflated 59%)
  adding: assets/AuthCallback-q_KSM2_2.js (deflated 53%)
  adding: assets/SelectRole-B6r-rKET.js (deflated 57%)
  adding: assets/Login-DyIbRmVr.js (deflated 58%)
  adding: assets/index-CtzMj1eY.js (deflated 55%)
  adding: assets/index-DOXqXxrX.js (deflated 73%)
  adding: assets/Profile-N5_uXtFJ.js (deflated 69%)
  adding: assets/index-D0J_xE6F.js (deflated 60%)
  adding: assets/index-zK57zWTH.js (deflated 65%)
  adding: assets/EditInvestor-B4VKGh2l.js (deflated 76%)
  adding: assets/index--dihKQ3U.js (deflated 66%)
  adding: assets/globe-DAlbBQ-E.js (deflated 33%)
  adding: assets/FilterDrawer-Dsak3opx.js (deflated 70%)
  adding: assets/label-DVgmeg-J.js (deflated 41%)
  adding: assets/EditFounder-CT8dyRIE.js (deflated 76%)
  adding: assets/index-BiInBcOw.js (deflated 59%)
  adding: assets/index-DADycsHv.js (deflated 67%)
  adding: assets/user-plus-CQYDG26q.js (deflated 34%)
  adding: assets/log-in-eHjTbZMw.js (deflated 32%)
  adding: assets/ban-DbJTKLW6.js (deflated 27%)
  adding: assets/phone-BZaEHoak.js (deflated 37%)
  adding: assets/pencil-RQiplHrg.js (deflated 31%)
  adding: assets/index-Ck7Vk3S_.js (deflated 66%)
  adding: assets/ViewBusinessProposal-BJr5rFl5.js (deflated 71%)
  adding: assets/index-BX7UnMrW.js (deflated 69%)
  adding: assets/ToggleChips-U8JWlpqT.js (deflated 52%)
  adding: assets/index-CofGQvfV.js (deflated 68%)
  adding: assets/useDebounce-CrqwXL-Q.js (deflated 22%)
  adding: assets/CreateNewBatch-BYwTxUqK.js (deflated 73%)
  adding: assets/sparkles-B-wjzuF0.js (deflated 45%)
  adding: assets/map-pin-DFG6EeS5.js (deflated 28%)
  adding: assets/shield-check-pS6DV6ms.js (deflated 32%)
  adding: assets/CkEditor-D2ep09BG.js (deflated 75%)
  adding: assets/mail-Dg2OTAYU.js (deflated 26%)
  adding: assets/table-Z4Wcs1_5.js (deflated 71%)
  adding: assets/Dashboard-DhONK67F.js (deflated 66%)
  adding: assets/SimplifiedProfile-j8nPmaCf.js (deflated 73%)
  adding: assets/index-S-NnhDey.js (deflated 51%)
  adding: assets/index-yHP9XKla.js (deflated 48%)
  adding: assets/GetMoreDetailsModal-Bm1V6rmh.js (deflated 54%)
  adding: assets/trending-up-B4DqSshA.js (deflated 26%)
  adding: assets/LegalModal-CNk02TDl.js (deflated 33%)
  adding: assets/index-BfRihj-W.js (deflated 53%)
  adding: assets/dialog-C0ExQUEl.js (deflated 62%)
  adding: assets/download-C-A8zgzq.js (deflated 31%)
  adding: assets/index-Dgjx0j23.js (deflated 62%)
  adding: assets/index-0C813piz.js (deflated 62%)
  adding: assets/index-CPsTO_EU.js (deflated 56%)
  adding: assets/InfoBox-DQlKN84F.js (deflated 52%)
  adding: assets/input-BkYJuMKm.js (deflated 50%)
  adding: assets/info-BsTP1coj.js (deflated 30%)
  adding: assets/circle-alert-geLpw6rR.js (deflated 36%)
  adding: assets/select-CYfS4js5.js (deflated 64%)
  adding: assets/index-BGzGJlSP.js (deflated 61%)
  adding: assets/index-CtavhDAD.js (deflated 56%)
  adding: assets/FileUploader-DMHYwiGp.js (deflated 56%)
  adding: assets/textarea-DqZ-Gd-8.js (deflated 52%)
  adding: assets/link-Bhtpn9Wj.js (deflated 35%)
  adding: assets/eye-CJfYeY28.js (deflated 33%)
  adding: assets/trash-2-CXZibN9o.js (deflated 40%)
  adding: assets/topCards-CzFIE7sk.js (deflated 58%)
  adding: assets/card-DB1h3aE5.js (deflated 62%)
  adding: assets/ImageUploader-CyzgNniD.js (deflated 53%)
  adding: assets/upload-CFtYcwvN.js (deflated 31%)
  adding: assets/EmptyState-BQ8H7Ffs.js (deflated 60%)
  adding: assets/toolbar-CfB32jrz.js (deflated 60%)
  adding: assets/message-square-CINVcCga.js (deflated 29%)
  adding: assets/tooltip-DttOsnCg.js (deflated 62%)
  adding: assets/square-pen-gpwlE2XD.js (deflated 35%)
  adding: assets/chevron-left-BvoC9wZB.js (deflated 23%)
  adding: assets/checkbox-DEyp93FB.js (deflated 57%)
  adding: assets/plus-DGKIi1l1.js (deflated 28%)
  adding: assets/file-text-V3F7r3xi.js (deflated 40%)
  adding: assets/businessProposalCard-cys8vxO6.js (deflated 66%)
  adding: assets/Tabs-CGMzWscV.js (deflated 49%)
  adding: assets/circle-x-Cu4Szjp3.js (deflated 31%)
  adding: assets/target-R-2-BPNq.js (deflated 38%)
  adding: assets/Stepper-CTVK4Eco.js (deflated 57%)
  adding: assets/package-BJZfK9cb.js (deflated 61%)
  adding: assets/ContactSupportModal-ChDuU3Gn.js (deflated 51%)
  adding: assets/index-BLifLGw9.js (deflated 61%)
  adding: assets/Dashboard-Cvp0WT15.js (deflated 66%)
  adding: assets/index-BG553Jcf.js (deflated 74%)
  adding: assets/index-C2C56B9Z.js (deflated 63%)
  adding: assets/index-C5ZppNay.js (deflated 52%)
  adding: assets/xlsx-DGuHH-KN.js (deflated 67%)
  adding: index.html (deflated 52%)
Saving Lightsail SSH key...
Uploading build to Lightsail...
Warning: Permanently added '15.207.22.250' (ED25519) to the list of known hosts.
Deploying build to /var/www/html ...
Archive:  /home/ubuntu/react-build.zip
  inflating: /var/www/html/favicon.ico  
   creating: /var/www/html/assets/
  inflating: /var/www/html/assets/meerGreenJacket-ykCKR2uN.png  
  inflating: /var/www/html/assets/shakeelBg-NX99JDrP.jpg  
  inflating: /var/www/html/assets/meerShinyDress-C8scZpYx.webp  
  inflating: /var/www/html/assets/akhtar-qLBVRLf-.jpg  
  inflating: /var/www/html/assets/arabic-BElshnQY.jpg  
  inflating: /var/www/html/assets/irfanMalikBg-D4osmO_C.jpg  
  inflating: /var/www/html/assets/handShake-Dk1DoagP.webp  
  inflating: /var/www/html/assets/wasimAkramBg-D4BFEYu1.png  
  inflating: /var/www/html/assets/dubai-Bmqq4ymj.jpg  
  inflating: /var/www/html/assets/fahad-CnovJc60.jpg  
  inflating: /var/www/html/assets/placeholderMan-BvremNML.png  
  inflating: /var/www/html/assets/rectanglePlaceholder-nCbViREl.png  
  inflating: /var/www/html/assets/salman-DD3Zraly.jpg  
  inflating: /var/www/html/assets/tech-BdWyL5Pa.jpg  
  inflating: /var/www/html/assets/MainLogo-DJpFhlQE.png  
 extracting: /var/www/html/assets/goldenCheck-CnSHOmXW.webp  
  inflating: /var/www/html/assets/verifiedBadge-CrcJq1tD.webp  
  inflating: /var/www/html/assets/tower-gldBe0jJ.webp  
  inflating: /var/www/html/assets/tower2-LuqAcWCu.jpg  
  inflating: /var/www/html/assets/tower3-DpFzgoGy.jpg  
  inflating: /var/www/html/assets/wasim-ETjjiRaD.jpg  
  inflating: /var/www/html/assets/Fav-BPcykgsi.png  
  inflating: /var/www/html/assets/proposal2-B9XZZX50.webp  
  inflating: /var/www/html/assets/proposal3-fxAFZeku.webp  
  inflating: /var/www/html/assets/proposal5-DItum-r7.webp  
  inflating: /var/www/html/assets/proposal1-D37fvLUu.webp  
  inflating: /var/www/html/assets/proposal4-CZk7QC75.webp  
  inflating: /var/www/html/assets/proposal6-wLmvSjqd.webp  
  inflating: /var/www/html/assets/wasimAkram-CBOcRO9q.png  
  inflating: /var/www/html/assets/index-DUelRLES.css  
  inflating: /var/www/html/assets/index-D8d8zcsg.js  
  inflating: /var/www/html/assets/Landing-BJz5OjDe.js  
  inflating: /var/www/html/assets/index-UHUGmxv7.js  
  inflating: /var/www/html/assets/index-8Dvb_jEa.js  
  inflating: /var/www/html/assets/index-C73dbVGB.js  
  inflating: /var/www/html/assets/index-Hj2nsK5q.js  
  inflating: /var/www/html/assets/Header-CHUiKLn2.js  
  inflating: /var/www/html/assets/SignUp-BhWWS2kO.js  
  inflating: /var/www/html/assets/ForgotPassword-BTdI4NYK.js  
  inflating: /var/www/html/assets/VerifyUserEmail-DVvZ4xKb.js  
  inflating: /var/www/html/assets/ResetPassword-DAi1zBXv.js  
  inflating: /var/www/html/assets/ContactSupport-BdJqYgf2.js  
  inflating: /var/www/html/assets/AuthCallback-q_KSM2_2.js  
  inflating: /var/www/html/assets/SelectRole-B6r-rKET.js  
  inflating: /var/www/html/assets/Login-DyIbRmVr.js  
  inflating: /var/www/html/assets/index-CtzMj1eY.js  
  inflating: /var/www/html/assets/index-DOXqXxrX.js  
  inflating: /var/www/html/assets/Profile-N5_uXtFJ.js  
  inflating: /var/www/html/assets/index-D0J_xE6F.js  
  inflating: /var/www/html/assets/index-zK57zWTH.js  
  inflating: /var/www/html/assets/EditInvestor-B4VKGh2l.js  
  inflating: /var/www/html/assets/index--dihKQ3U.js  
  inflating: /var/www/html/assets/globe-DAlbBQ-E.js  
  inflating: /var/www/html/assets/FilterDrawer-Dsak3opx.js  
  inflating: /var/www/html/assets/label-DVgmeg-J.js  
  inflating: /var/www/html/assets/EditFounder-CT8dyRIE.js  
  inflating: /var/www/html/assets/index-BiInBcOw.js  
  inflating: /var/www/html/assets/index-DADycsHv.js  
  inflating: /var/www/html/assets/user-plus-CQYDG26q.js  
  inflating: /var/www/html/assets/log-in-eHjTbZMw.js  
  inflating: /var/www/html/assets/ban-DbJTKLW6.js  
  inflating: /var/www/html/assets/phone-BZaEHoak.js  
  inflating: /var/www/html/assets/pencil-RQiplHrg.js  
  inflating: /var/www/html/assets/index-Ck7Vk3S_.js  
  inflating: /var/www/html/assets/ViewBusinessProposal-BJr5rFl5.js  
  inflating: /var/www/html/assets/index-BX7UnMrW.js  
  inflating: /var/www/html/assets/ToggleChips-U8JWlpqT.js  
  inflating: /var/www/html/assets/index-CofGQvfV.js  
  inflating: /var/www/html/assets/useDebounce-CrqwXL-Q.js  
  inflating: /var/www/html/assets/CreateNewBatch-BYwTxUqK.js  
  inflating: /var/www/html/assets/sparkles-B-wjzuF0.js  
  inflating: /var/www/html/assets/map-pin-DFG6EeS5.js  
  inflating: /var/www/html/assets/shield-check-pS6DV6ms.js  
  inflating: /var/www/html/assets/CkEditor-D2ep09BG.js  
  inflating: /var/www/html/assets/mail-Dg2OTAYU.js  
  inflating: /var/www/html/assets/table-Z4Wcs1_5.js  
  inflating: /var/www/html/assets/Dashboard-DhONK67F.js  
  inflating: /var/www/html/assets/SimplifiedProfile-j8nPmaCf.js  
  inflating: /var/www/html/assets/index-S-NnhDey.js  
  inflating: /var/www/html/assets/index-yHP9XKla.js  
  inflating: /var/www/html/assets/GetMoreDetailsModal-Bm1V6rmh.js  
  inflating: /var/www/html/assets/trending-up-B4DqSshA.js  
  inflating: /var/www/html/assets/LegalModal-CNk02TDl.js  
  inflating: /var/www/html/assets/index-BfRihj-W.js  
  inflating: /var/www/html/assets/dialog-C0ExQUEl.js  
  inflating: /var/www/html/assets/download-C-A8zgzq.js  
  inflating: /var/www/html/assets/index-Dgjx0j23.js  
  inflating: /var/www/html/assets/index-0C813piz.js  
  inflating: /var/www/html/assets/index-CPsTO_EU.js  
  inflating: /var/www/html/assets/InfoBox-DQlKN84F.js  
  inflating: /var/www/html/assets/input-BkYJuMKm.js  
  inflating: /var/www/html/assets/info-BsTP1coj.js  
  inflating: /var/www/html/assets/circle-alert-geLpw6rR.js  
  inflating: /var/www/html/assets/select-CYfS4js5.js  
  inflating: /var/www/html/assets/index-BGzGJlSP.js  
  inflating: /var/www/html/assets/index-CtavhDAD.js  
  inflating: /var/www/html/assets/FileUploader-DMHYwiGp.js  
  inflating: /var/www/html/assets/textarea-DqZ-Gd-8.js  
  inflating: /var/www/html/assets/link-Bhtpn9Wj.js  
  inflating: /var/www/html/assets/eye-CJfYeY28.js  
  inflating: /var/www/html/assets/trash-2-CXZibN9o.js  
  inflating: /var/www/html/assets/topCards-CzFIE7sk.js  
  inflating: /var/www/html/assets/card-DB1h3aE5.js  
  inflating: /var/www/html/assets/ImageUploader-CyzgNniD.js  
  inflating: /var/www/html/assets/upload-CFtYcwvN.js  
  inflating: /var/www/html/assets/EmptyState-BQ8H7Ffs.js  
  inflating: /var/www/html/assets/toolbar-CfB32jrz.js  
  inflating: /var/www/html/assets/message-square-CINVcCga.js  
  inflating: /var/www/html/assets/tooltip-DttOsnCg.js  
  inflating: /var/www/html/assets/square-pen-gpwlE2XD.js  
  inflating: /var/www/html/assets/chevron-left-BvoC9wZB.js  
  inflating: /var/www/html/assets/checkbox-DEyp93FB.js  
  inflating: /var/www/html/assets/plus-DGKIi1l1.js  
  inflating: /var/www/html/assets/file-text-V3F7r3xi.js  
  inflating: /var/www/html/assets/businessProposalCard-cys8vxO6.js  
  inflating: /var/www/html/assets/Tabs-CGMzWscV.js  
  inflating: /var/www/html/assets/circle-x-Cu4Szjp3.js  
  inflating: /var/www/html/assets/target-R-2-BPNq.js  
  inflating: /var/www/html/assets/Stepper-CTVK4Eco.js  
  inflating: /var/www/html/assets/package-BJZfK9cb.js  
  inflating: /var/www/html/assets/ContactSupportModal-ChDuU3Gn.js  
  inflating: /var/www/html/assets/index-BLifLGw9.js  
  inflating: /var/www/html/assets/Dashboard-Cvp0WT15.js  
  inflating: /var/www/html/assets/index-BG553Jcf.js  
  inflating: /var/www/html/assets/index-C2C56B9Z.js  
  inflating: /var/www/html/assets/index-C5ZppNay.js  
  inflating: /var/www/html/assets/xlsx-DGuHH-KN.js  
  inflating: /var/www/html/index.html  
Saving Git logs repo SSH key...
Testing GitHub SSH key...
Cloning deployment-logs repo...
Cloning into 'logs-repo'...
