Installing dependencies...
npm warn deprecated w3c-hr-time@1.0.2: Use your platform's native performance.now() and performance.timeOrigin.
npm warn deprecated domexception@2.0.1: Use your platform's native DOMException instead
npm warn deprecated abab@2.0.6: Use your platform's native atob() and btoa() methods instead

> the-business-hub-pakistan@0.0.0 prepare
> husky

.git can't be found
added 1810 packages, and audited 1811 packages in 6m

253 packages are looking for funding
  run `npm fund` for details

79 vulnerabilities (3 low, 71 moderate, 5 high)

To address issues that do not require attention, run:
  npm audit fix

To address all issues possible (including breaking changes), run:
  npm audit fix --force

Some issues need review, and may require choosing
a different dependency.

Run `npm audit` for details.
Building React app...

> the-business-hub-pakistan@0.0.0 build
> vite build

vite v7.1.11 building for production...
transforming...
✓ 3131 modules transformed.
rendering chunks...
computing gzip size...
dist/index.html                                    2.18 kB │ gzip:   1.05 kB
dist/assets/verifiedBadge-CrcJq1tD.webp           10.83 kB
dist/assets/rectanglePlaceholder-nCbViREl.png     11.85 kB
dist/assets/goldenCheck-CnSHOmXW.webp             13.45 kB
dist/assets/irfanMalikBg-D4osmO_C.jpg             24.66 kB
dist/assets/proposal6-wLmvSjqd.webp               28.15 kB
dist/assets/placeholderMan-BvremNML.png           36.64 kB
dist/assets/handShake-Dk1DoagP.webp               65.18 kB
dist/assets/tower-gldBe0jJ.webp                   66.16 kB
dist/assets/tower2-LuqAcWCu.jpg                   72.52 kB
dist/assets/shakeelBg-NX99JDrP.jpg               143.15 kB
dist/assets/MainLogo-DJpFhlQE.png                144.86 kB
dist/assets/Fav-BPcykgsi.png                     147.34 kB
dist/assets/akhtar-qLBVRLf-.jpg                  173.92 kB
dist/assets/proposal5-DItum-r7.webp              174.24 kB
dist/assets/tower3-DpFzgoGy.jpg                  175.56 kB
dist/assets/proposal2-B9XZZX50.webp              192.62 kB
dist/assets/meerShinyDress-C8scZpYx.webp         229.68 kB
dist/assets/meerGreenJacket-ykCKR2uN.png         230.19 kB
dist/assets/arabic-BElshnQY.jpg                  238.42 kB
dist/assets/wasim-ETjjiRaD.jpg                   242.26 kB
dist/assets/salman-DD3Zraly.jpg                  255.18 kB
dist/assets/fahad-CnovJc60.jpg                   278.62 kB
dist/assets/tech-BdWyL5Pa.jpg                    281.71 kB
dist/assets/dubai-Bmqq4ymj.jpg                   311.77 kB
dist/assets/wasimAkramBg-D4BFEYu1.png            313.57 kB
dist/assets/video-poster-DrQklN8e.png            367.51 kB
dist/assets/proposal3-fxAFZeku.webp              445.47 kB
dist/assets/proposal4-CZk7QC75.webp              542.86 kB
dist/assets/proposal1-D37fvLUu.webp              779.05 kB
dist/assets/wasimAkram-CBOcRO9q.png            4,488.96 kB
dist/assets/BlogDetail-oNXnMkFG.css                0.63 kB │ gzip:   0.26 kB
dist/assets/style-DpsRipQV.css                     3.23 kB │ gzip:   0.73 kB
dist/assets/index-CLfW2zMP.css                   157.41 kB │ gzip:  21.48 kB
dist/assets/blogs-ChqPogSE.js                      0.04 kB │ gzip:   0.06 kB
dist/assets/webinarBanner-XLbHXaFF.js              0.17 kB │ gzip:   0.15 kB
dist/assets/useDebounce-DMkBrKaG.js                0.19 kB │ gzip:   0.17 kB
dist/assets/plus-CVYy6Lry.js                       0.33 kB │ gzip:   0.25 kB
dist/assets/arrow-left-EG2AggXo.js                 0.34 kB │ gzip:   0.27 kB
dist/assets/circle-check-DPb_oqBp.js               0.35 kB │ gzip:   0.27 kB
dist/assets/trending-up-DnoIVfN5.js                0.35 kB │ gzip:   0.27 kB
dist/assets/ban-BF0GlU1p.js                        0.35 kB │ gzip:   0.27 kB
dist/assets/info-DhqA34BM.js                       0.37 kB │ gzip:   0.28 kB
dist/assets/rotate-ccw-ZBwmZRvD.js                 0.37 kB │ gzip:   0.29 kB
dist/assets/circle-x-pmCvhWSW.js                   0.38 kB │ gzip:   0.28 kB
dist/assets/upload-Dy-KEd9D.js                     0.40 kB │ gzip:   0.30 kB
dist/assets/index-DMKkqKOL.js                      0.41 kB │ gzip:   0.30 kB
dist/assets/index-nhRg-9cq.js                      0.41 kB │ gzip:   0.30 kB
dist/assets/globe-DBiaWqNZ.js                      0.41 kB │ gzip:   0.29 kB
dist/assets/headphones-BjgDfUGj.js                 0.41 kB │ gzip:   0.29 kB
dist/assets/message-circle-CMBwh7_p.js             0.41 kB │ gzip:   0.31 kB
dist/assets/Dashboard-Ddo3jO1_.js                  0.42 kB │ gzip:   0.29 kB
dist/assets/Dashboard-BD20Wv4L.js                  0.42 kB │ gzip:   0.29 kB
dist/assets/circle-alert-CLcR0Hfh.js               0.42 kB │ gzip:   0.29 kB
dist/assets/external-link-DeRFvs7w.js              0.42 kB │ gzip:   0.30 kB
dist/assets/funnel-Dn63xDuN.js                     0.42 kB │ gzip:   0.31 kB
dist/assets/calendar-Bv41YsBE.js                   0.43 kB │ gzip:   0.30 kB
dist/assets/pencil-Bn0Qfmjt.js                     0.45 kB │ gzip:   0.33 kB
dist/assets/bookmark-plus-8a7PUxEE.js              0.45 kB │ gzip:   0.32 kB
dist/assets/hash-BPP9Krgl.js                       0.47 kB │ gzip:   0.30 kB
dist/assets/shield-check-CQ-D98fS.js               0.49 kB │ gzip:   0.35 kB
dist/assets/tag-BoFkyIsw.js                        0.49 kB │ gzip:   0.35 kB
dist/assets/support-ticket-events-BbqN0qam.js      0.50 kB │ gzip:   0.37 kB
dist/assets/sparkles-DCBuFxsi.js                   0.67 kB │ gzip:   0.39 kB
dist/assets/meta-pixel-CAHtMBtr.js                 0.82 kB │ gzip:   0.37 kB
dist/assets/CkEditor-BjhYJeB-.js                   0.85 kB │ gzip:   0.53 kB
dist/assets/InfoBox-CoGQZyad.js                    0.86 kB │ gzip:   0.43 kB
dist/assets/CurrencyWithApprox-DuMBF2qK.js         0.91 kB │ gzip:   0.52 kB
dist/assets/Tabs-CIsHwUtc.js                       1.23 kB │ gzip:   0.65 kB
dist/assets/Pagination-CaQ-s57Y.js                 1.32 kB │ gzip:   0.72 kB
dist/assets/ToggleChips-Bv9cqNI8.js                1.68 kB │ gzip:   0.83 kB
dist/assets/topCards-BN38p4q9.js                   1.71 kB │ gzip:   0.74 kB
dist/assets/ForgotPassword-BArsMphl.js             2.11 kB │ gzip:   1.06 kB
dist/assets/FounderThankYou-M03zsnix.js            2.22 kB │ gzip:   1.08 kB
dist/assets/FilterDrawer-D3vIDQVK.js               2.25 kB │ gzip:   0.96 kB
dist/assets/ResetPassword-DAsZTuUQ.js              2.34 kB │ gzip:   1.04 kB
dist/assets/InvestorThankYou-BEJ3rfMr.js           2.35 kB │ gzip:   1.15 kB
dist/assets/recipientFiltersState-Cbazf4HA.js      2.50 kB │ gzip:   0.93 kB
dist/assets/MultipleImageUploader-UC83cekX.js      2.61 kB │ gzip:   1.14 kB
dist/assets/toolbar-DzHfIX8W.js                    2.70 kB │ gzip:   1.15 kB
dist/assets/AuthCallback-6Ax-iPv5.js               2.71 kB │ gzip:   1.29 kB
dist/assets/ImageUploader-jFb7AZT5.js              2.74 kB │ gzip:   1.19 kB
dist/assets/index-CFpruE1T.js                      2.86 kB │ gzip:   1.36 kB
dist/assets/index-CEnQFOm9.js                      2.99 kB │ gzip:   1.50 kB
dist/assets/index-Bqr_97SK.js                      3.06 kB │ gzip:   1.48 kB
dist/assets/index-rdrIwqHD.js                      3.19 kB │ gzip:   1.52 kB
dist/assets/supabase-bulk-emails-DCVFnFFl.js       3.26 kB │ gzip:   1.20 kB
dist/assets/index-CfpvS-fv.js                      3.48 kB │ gzip:   1.67 kB
dist/assets/index-bgQi_Vr0.js                      3.51 kB │ gzip:   1.61 kB
dist/assets/index-BwgcUMQQ.js                      3.80 kB │ gzip:   1.82 kB
dist/assets/target-audience-Bey5oe-x.js            4.02 kB │ gzip:   1.16 kB
dist/assets/index-V4Q75Mi8.js                      4.34 kB │ gzip:   1.96 kB
dist/assets/index-B-_V-gHn.js                      4.35 kB │ gzip:   1.98 kB
dist/assets/index-CfpfxEjN.js                      4.51 kB │ gzip:   2.06 kB
dist/assets/ContactSupport-DuFpkKEL.js             4.63 kB │ gzip:   1.93 kB
dist/assets/Stepper-B9JhvUMi.js                    4.66 kB │ gzip:   2.01 kB
dist/assets/Login-DAIQ6a6n.js                      4.74 kB │ gzip:   1.95 kB
dist/assets/index-I010OTec.js                      5.07 kB │ gzip:   2.18 kB
dist/assets/CreateBlog-BIJvu0sY.js                 5.16 kB │ gzip:   2.20 kB
dist/assets/SelectRole-Bj3bOkRz.js                 5.41 kB │ gzip:   2.29 kB
dist/assets/HelpPageContent-Dg16XMOr.js            5.51 kB │ gzip:   2.01 kB
dist/assets/index-C8R0NLs7.js                      5.53 kB │ gzip:   2.51 kB
dist/assets/AllBlogs-B6uXfTSl.js                   5.78 kB │ gzip:   2.31 kB
dist/assets/VerifyUserEmail-gPYui4QP.js            5.82 kB │ gzip:   2.08 kB
dist/assets/EditBlog-BhAOQn65.js                   6.02 kB │ gzip:   2.58 kB
dist/assets/ViewRemindersModal-C1SVm16c.js         6.22 kB │ gzip:   2.34 kB
dist/assets/CreateTargetAudience-Bpei6W0N.js       6.84 kB │ gzip:   2.61 kB
dist/assets/Profile-hgJH2_c4.js                    6.86 kB │ gzip:   2.19 kB
dist/assets/SignUp-C2mBVP5t.js                     7.08 kB │ gzip:   2.67 kB
dist/assets/index-CdcbPKzh.js                      8.01 kB │ gzip:   2.95 kB
dist/assets/EditTargetAudience-DaRwaeI3.js         8.23 kB │ gzip:   2.89 kB
dist/assets/index-CLpy5BRT.js                      9.24 kB │ gzip:   3.82 kB
dist/assets/index-BU36OnMS.js                      9.77 kB │ gzip:   3.61 kB
dist/assets/index-DlusLEVM.js                      9.93 kB │ gzip:   3.22 kB
dist/assets/businessProposalCard-NcAlFvTl.js      10.05 kB │ gzip:   3.50 kB
dist/assets/table-FLxAk5KM.js                     10.99 kB │ gzip:   3.44 kB
dist/assets/TicketDetailPage-Dkh7RiSr.js          12.90 kB │ gzip:   4.07 kB
dist/assets/SimplifiedProfile-BwnLXmjA.js         13.75 kB │ gzip:   3.64 kB
dist/assets/index-5Rp-kQBF.js                     15.97 kB │ gzip:   4.95 kB
dist/assets/CreateNewBatch-xBiN5piV.js            17.64 kB │ gzip:   4.68 kB
dist/assets/EditFounder-B_IYM_n8.js               18.01 kB │ gzip:   4.37 kB
dist/assets/index-BpbSlB7m.js                     18.43 kB │ gzip:   5.93 kB
dist/assets/EditInvestor-ClP0p4jT.js              18.98 kB │ gzip:   4.65 kB
dist/assets/index-H2sTWZ6P.js                     20.08 kB │ gzip:   6.61 kB
dist/assets/index-DkMNRqIm.js                     20.13 kB │ gzip:   5.41 kB
dist/assets/BlogDetail-CL3RWb0Y.js                21.41 kB │ gzip:   8.67 kB
dist/assets/index-D2vPeS-K.js                     22.92 kB │ gzip:   6.82 kB
dist/assets/index-B2nWdKd_.js                     23.60 kB │ gzip:   7.35 kB
dist/assets/ViewBusinessProposal-BM5sWOVo.js      25.92 kB │ gzip:   6.38 kB
dist/assets/index-8hRKySAF.js                     29.46 kB │ gzip:   9.03 kB
dist/assets/Landing-BjuiZcZu.js                  152.14 kB │ gzip:  53.65 kB
dist/assets/xlsx-DGuHH-KN.js                     429.49 kB │ gzip: 143.07 kB
dist/assets/index-BCSfX58O.js                    644.05 kB │ gzip: 172.35 kB
dist/assets/index-HL6ay2tx.js                  2,837.16 kB │ gzip: 758.08 kB

(!) Some chunks are larger than 1500 kB after minification. Consider:
- Using dynamic import() to code-split the application
- Use build.rollupOptions.output.manualChunks to improve chunking: https://rollupjs.org/configuration-options/#output-manualchunks
- Adjust chunk size limit for this warning via build.chunkSizeWarningLimit.
✓ built in 18.31s
Packaging build...
  adding: .htaccess (deflated 36%)
  adding: favicon.ico (deflated 13%)
  adding: robots.txt (deflated 3%)
  adding: sitemap.xml (deflated 60%)
  adding: assets/ (stored 0%)
  adding: assets/video-poster-DrQklN8e.png (deflated 0%)
  adding: assets/irfanMalikBg-D4osmO_C.jpg (deflated 1%)
  adding: assets/shakeelBg-NX99JDrP.jpg (deflated 0%)
  adding: assets/meerGreenJacket-ykCKR2uN.png (deflated 0%)
  adding: assets/meerShinyDress-C8scZpYx.webp (deflated 0%)
  adding: assets/wasimAkramBg-D4BFEYu1.png (deflated 0%)
  adding: assets/fahad-CnovJc60.jpg (deflated 0%)
  adding: assets/handShake-Dk1DoagP.webp (deflated 0%)
  adding: assets/dubai-Bmqq4ymj.jpg (deflated 0%)
  adding: assets/salman-DD3Zraly.jpg (deflated 0%)
  adding: assets/tech-BdWyL5Pa.jpg (deflated 0%)
  adding: assets/wasim-ETjjiRaD.jpg (deflated 0%)
  adding: assets/placeholderMan-BvremNML.png (deflated 3%)
  adding: assets/rectanglePlaceholder-nCbViREl.png (deflated 31%)
  adding: assets/Fav-BPcykgsi.png (deflated 5%)
  adding: assets/MainLogo-DJpFhlQE.png (deflated 4%)
  adding: assets/goldenCheck-CnSHOmXW.webp (stored 0%)
  adding: assets/verifiedBadge-CrcJq1tD.webp (deflated 1%)
  adding: assets/tower2-LuqAcWCu.jpg (deflated 2%)
  adding: assets/tower-gldBe0jJ.webp (deflated 0%)
  adding: assets/tower3-DpFzgoGy.jpg (deflated 0%)
  adding: assets/proposal2-B9XZZX50.webp (deflated 3%)
  adding: assets/proposal3-fxAFZeku.webp (deflated 1%)
  adding: assets/proposal5-DItum-r7.webp (deflated 4%)
  adding: assets/proposal6-wLmvSjqd.webp (deflated 0%)
  adding: assets/arabic-BElshnQY.jpg (deflated 0%)
  adding: assets/akhtar-qLBVRLf-.jpg (deflated 1%)
  adding: assets/proposal1-D37fvLUu.webp (deflated 1%)
  adding: assets/proposal4-CZk7QC75.webp (deflated 1%)
  adding: assets/wasimAkram-CBOcRO9q.png (deflated 1%)
  adding: assets/index-CLfW2zMP.css (deflated 86%)
  adding: assets/BlogDetail-oNXnMkFG.css (deflated 62%)
  adding: assets/style-DpsRipQV.css (deflated 78%)
  adding: assets/index-HL6ay2tx.js (deflated 73%)
  adding: assets/xlsx-DGuHH-KN.js (deflated 67%)
  adding: assets/Landing-BjuiZcZu.js (deflated 65%)
  adding: assets/BlogDetail-CL3RWb0Y.js (deflated 60%)
  adding: assets/AllBlogs-B6uXfTSl.js (deflated 60%)
  adding: assets/index-CEnQFOm9.js (deflated 50%)
  adding: assets/index-CFpruE1T.js (deflated 53%)
  adding: assets/index-rdrIwqHD.js (deflated 53%)
  adding: assets/index-Bqr_97SK.js (deflated 52%)
  adding: assets/index-bgQi_Vr0.js (deflated 54%)
  adding: assets/SignUp-C2mBVP5t.js (deflated 63%)
  adding: assets/ForgotPassword-BArsMphl.js (deflated 51%)
  adding: assets/VerifyUserEmail-gPYui4QP.js (deflated 64%)
  adding: assets/ResetPassword-DAsZTuUQ.js (deflated 56%)
  adding: assets/ContactSupport-DuFpkKEL.js (deflated 59%)
  adding: assets/AuthCallback-6Ax-iPv5.js (deflated 53%)
  adding: assets/SelectRole-Bj3bOkRz.js (deflated 58%)
  adding: assets/InvestorThankYou-BEJ3rfMr.js (deflated 51%)
  adding: assets/FounderThankYou-M03zsnix.js (deflated 52%)
  adding: assets/Login-DAIQ6a6n.js (deflated 59%)
  adding: assets/Profile-hgJH2_c4.js (deflated 68%)
  adding: assets/index-C8R0NLs7.js (deflated 55%)
  adding: assets/index-8hRKySAF.js (deflated 70%)
  adding: assets/EditInvestor-ClP0p4jT.js (deflated 76%)
  adding: assets/index-B2nWdKd_.js (deflated 69%)
  adding: assets/ViewRemindersModal-C1SVm16c.js (deflated 63%)
  adding: assets/tag-BoFkyIsw.js (deflated 34%)
  adding: assets/EditFounder-B_IYM_n8.js (deflated 76%)
  adding: assets/index-CLpy5BRT.js (deflated 59%)
  adding: assets/index-H2sTWZ6P.js (deflated 67%)
  adding: assets/index-BpbSlB7m.js (deflated 68%)
  adding: assets/ViewBusinessProposal-BM5sWOVo.js (deflated 75%)
  adding: assets/circle-check-DPb_oqBp.js (deflated 27%)
  adding: assets/index-D2vPeS-K.js (deflated 70%)
  adding: assets/meta-pixel-CAHtMBtr.js (deflated 57%)
  adding: assets/shield-check-CQ-D98fS.js (deflated 32%)
  adding: assets/sparkles-DCBuFxsi.js (deflated 45%)
  adding: assets/trending-up-DnoIVfN5.js (deflated 26%)
  adding: assets/globe-DBiaWqNZ.js (deflated 33%)
  adding: assets/blogs-ChqPogSE.js (stored 0%)
  adding: assets/calendar-Bv41YsBE.js (deflated 34%)
  adding: assets/index-CfpvS-fv.js (deflated 53%)
  adding: assets/message-circle-CMBwh7_p.js (deflated 28%)
  adding: assets/arrow-left-EG2AggXo.js (deflated 26%)
  adding: assets/InfoBox-CoGQZyad.js (deflated 51%)
  adding: assets/info-DhqA34BM.js (deflated 30%)
  adding: assets/circle-alert-CLcR0Hfh.js (deflated 36%)
  adding: assets/index-BCSfX58O.js (deflated 73%)
  adding: assets/topCards-BN38p4q9.js (deflated 58%)
  adding: assets/webinarBanner-XLbHXaFF.js (deflated 25%)
  adding: assets/CurrencyWithApprox-DuMBF2qK.js (deflated 45%)
  adding: assets/ImageUploader-jFb7AZT5.js (deflated 58%)
  adding: assets/external-link-DeRFvs7w.js (deflated 33%)
  adding: assets/upload-Dy-KEd9D.js (deflated 31%)
  adding: assets/table-FLxAk5KM.js (deflated 69%)
  adding: assets/toolbar-DzHfIX8W.js (deflated 58%)
  adding: assets/useDebounce-DMkBrKaG.js (deflated 22%)
  adding: assets/support-ticket-events-BbqN0qam.js (deflated 30%)
  adding: assets/headphones-BjgDfUGj.js (deflated 34%)
  adding: assets/Pagination-CaQ-s57Y.js (deflated 47%)
  adding: assets/funnel-Dn63xDuN.js (deflated 31%)
  adding: assets/FilterDrawer-D3vIDQVK.js (deflated 58%)
  adding: assets/rotate-ccw-ZBwmZRvD.js (deflated 28%)
  adding: assets/ToggleChips-Bv9cqNI8.js (deflated 52%)
  adding: assets/circle-x-pmCvhWSW.js (deflated 31%)
  adding: assets/businessProposalCard-NcAlFvTl.js (deflated 66%)
  adding: assets/pencil-Bn0Qfmjt.js (deflated 31%)
  adding: assets/ban-BF0GlU1p.js (deflated 27%)
  adding: assets/plus-CVYy6Lry.js (deflated 28%)
  adding: assets/Tabs-CIsHwUtc.js (deflated 49%)
  adding: assets/Stepper-B9JhvUMi.js (deflated 57%)
  adding: assets/MultipleImageUploader-UC83cekX.js (deflated 57%)
  adding: assets/index-DlusLEVM.js (deflated 68%)
  adding: assets/supabase-bulk-emails-DCVFnFFl.js (deflated 64%)
  adding: assets/CreateNewBatch-xBiN5piV.js (deflated 74%)
  adding: assets/CkEditor-BjhYJeB-.js (deflated 40%)
  adding: assets/recipientFiltersState-Cbazf4HA.js (deflated 63%)
  adding: assets/target-audience-Bey5oe-x.js (deflated 72%)
  adding: assets/index-V4Q75Mi8.js (deflated 55%)
  adding: assets/CreateTargetAudience-Bpei6W0N.js (deflated 62%)
  adding: assets/EditTargetAudience-DaRwaeI3.js (deflated 65%)
  adding: assets/index-I010OTec.js (deflated 57%)
  adding: assets/CreateBlog-BIJvu0sY.js (deflated 58%)
  adding: assets/EditBlog-BhAOQn65.js (deflated 57%)
  adding: assets/index-5Rp-kQBF.js (deflated 69%)
  adding: assets/index-CdcbPKzh.js (deflated 64%)
  adding: assets/Dashboard-BD20Wv4L.js (deflated 37%)
  adding: assets/SimplifiedProfile-BwnLXmjA.js (deflated 74%)
  adding: assets/index-nhRg-9cq.js (deflated 32%)
  adding: assets/HelpPageContent-Dg16XMOr.js (deflated 64%)
  adding: assets/hash-BPP9Krgl.js (deflated 41%)
  adding: assets/index-CfpfxEjN.js (deflated 55%)
  adding: assets/bookmark-plus-8a7PUxEE.js (deflated 33%)
  adding: assets/index-BwgcUMQQ.js (deflated 52%)
  adding: assets/index-B-_V-gHn.js (deflated 55%)
  adding: assets/Dashboard-Ddo3jO1_.js (deflated 37%)
  adding: assets/index-DkMNRqIm.js (deflated 73%)
  adding: assets/index-BU36OnMS.js (deflated 63%)
  adding: assets/index-DMKkqKOL.js (deflated 32%)
  adding: assets/TicketDetailPage-Dkh7RiSr.js (deflated 69%)
  adding: index.html (deflated 52%)
Saving Lightsail SSH key...
Uploading build to Lightsail...
Warning: Permanently added '15.207.22.250' (ED25519) to the list of known hosts.
Deploying build to /var/www/html ...
Archive:  /home/ubuntu/react-build.zip
  inflating: /var/www/html/.htaccess  
  inflating: /var/www/html/favicon.ico  
  inflating: /var/www/html/robots.txt  
  inflating: /var/www/html/sitemap.xml  
   creating: /var/www/html/assets/
  inflating: /var/www/html/assets/video-poster-DrQklN8e.png  
  inflating: /var/www/html/assets/irfanMalikBg-D4osmO_C.jpg  
  inflating: /var/www/html/assets/shakeelBg-NX99JDrP.jpg  
  inflating: /var/www/html/assets/meerGreenJacket-ykCKR2uN.png  
  inflating: /var/www/html/assets/meerShinyDress-C8scZpYx.webp  
  inflating: /var/www/html/assets/wasimAkramBg-D4BFEYu1.png  
  inflating: /var/www/html/assets/fahad-CnovJc60.jpg  
  inflating: /var/www/html/assets/handShake-Dk1DoagP.webp  
  inflating: /var/www/html/assets/dubai-Bmqq4ymj.jpg  
  inflating: /var/www/html/assets/salman-DD3Zraly.jpg  
  inflating: /var/www/html/assets/tech-BdWyL5Pa.jpg  
  inflating: /var/www/html/assets/wasim-ETjjiRaD.jpg  
  inflating: /var/www/html/assets/placeholderMan-BvremNML.png  
  inflating: /var/www/html/assets/rectanglePlaceholder-nCbViREl.png  
  inflating: /var/www/html/assets/Fav-BPcykgsi.png  
  inflating: /var/www/html/assets/MainLogo-DJpFhlQE.png  
 extracting: /var/www/html/assets/goldenCheck-CnSHOmXW.webp  
  inflating: /var/www/html/assets/verifiedBadge-CrcJq1tD.webp  
  inflating: /var/www/html/assets/tower2-LuqAcWCu.jpg  
  inflating: /var/www/html/assets/tower-gldBe0jJ.webp  
  inflating: /var/www/html/assets/tower3-DpFzgoGy.jpg  
  inflating: /var/www/html/assets/proposal2-B9XZZX50.webp  
  inflating: /var/www/html/assets/proposal3-fxAFZeku.webp  
  inflating: /var/www/html/assets/proposal5-DItum-r7.webp  
  inflating: /var/www/html/assets/proposal6-wLmvSjqd.webp  
  inflating: /var/www/html/assets/arabic-BElshnQY.jpg  
  inflating: /var/www/html/assets/akhtar-qLBVRLf-.jpg  
  inflating: /var/www/html/assets/proposal1-D37fvLUu.webp  
  inflating: /var/www/html/assets/proposal4-CZk7QC75.webp  
  inflating: /var/www/html/assets/wasimAkram-CBOcRO9q.png  
  inflating: /var/www/html/assets/index-CLfW2zMP.css  
  inflating: /var/www/html/assets/BlogDetail-oNXnMkFG.css  
  inflating: /var/www/html/assets/style-DpsRipQV.css  
  inflating: /var/www/html/assets/index-HL6ay2tx.js  
  inflating: /var/www/html/assets/xlsx-DGuHH-KN.js  
  inflating: /var/www/html/assets/Landing-BjuiZcZu.js  
  inflating: /var/www/html/assets/BlogDetail-CL3RWb0Y.js  
  inflating: /var/www/html/assets/AllBlogs-B6uXfTSl.js  
  inflating: /var/www/html/assets/index-CEnQFOm9.js  
  inflating: /var/www/html/assets/index-CFpruE1T.js  
  inflating: /var/www/html/assets/index-rdrIwqHD.js  
  inflating: /var/www/html/assets/index-Bqr_97SK.js  
  inflating: /var/www/html/assets/index-bgQi_Vr0.js  
  inflating: /var/www/html/assets/SignUp-C2mBVP5t.js  
  inflating: /var/www/html/assets/ForgotPassword-BArsMphl.js  
  inflating: /var/www/html/assets/VerifyUserEmail-gPYui4QP.js  
  inflating: /var/www/html/assets/ResetPassword-DAsZTuUQ.js  
  inflating: /var/www/html/assets/ContactSupport-DuFpkKEL.js  
  inflating: /var/www/html/assets/AuthCallback-6Ax-iPv5.js  
  inflating: /var/www/html/assets/SelectRole-Bj3bOkRz.js  
  inflating: /var/www/html/assets/InvestorThankYou-BEJ3rfMr.js  
  inflating: /var/www/html/assets/FounderThankYou-M03zsnix.js  
  inflating: /var/www/html/assets/Login-DAIQ6a6n.js  
  inflating: /var/www/html/assets/Profile-hgJH2_c4.js  
  inflating: /var/www/html/assets/index-C8R0NLs7.js  
  inflating: /var/www/html/assets/index-8hRKySAF.js  
  inflating: /var/www/html/assets/EditInvestor-ClP0p4jT.js  
  inflating: /var/www/html/assets/index-B2nWdKd_.js  
  inflating: /var/www/html/assets/ViewRemindersModal-C1SVm16c.js  
  inflating: /var/www/html/assets/tag-BoFkyIsw.js  
  inflating: /var/www/html/assets/EditFounder-B_IYM_n8.js  
  inflating: /var/www/html/assets/index-CLpy5BRT.js  
  inflating: /var/www/html/assets/index-H2sTWZ6P.js  
  inflating: /var/www/html/assets/index-BpbSlB7m.js  
  inflating: /var/www/html/assets/ViewBusinessProposal-BM5sWOVo.js  
  inflating: /var/www/html/assets/circle-check-DPb_oqBp.js  
  inflating: /var/www/html/assets/index-D2vPeS-K.js  
  inflating: /var/www/html/assets/meta-pixel-CAHtMBtr.js  
  inflating: /var/www/html/assets/shield-check-CQ-D98fS.js  
  inflating: /var/www/html/assets/sparkles-DCBuFxsi.js  
  inflating: /var/www/html/assets/trending-up-DnoIVfN5.js  
  inflating: /var/www/html/assets/globe-DBiaWqNZ.js  
 extracting: /var/www/html/assets/blogs-ChqPogSE.js  
  inflating: /var/www/html/assets/calendar-Bv41YsBE.js  
  inflating: /var/www/html/assets/index-CfpvS-fv.js  
  inflating: /var/www/html/assets/message-circle-CMBwh7_p.js  
  inflating: /var/www/html/assets/arrow-left-EG2AggXo.js  
  inflating: /var/www/html/assets/InfoBox-CoGQZyad.js  
  inflating: /var/www/html/assets/info-DhqA34BM.js  
  inflating: /var/www/html/assets/circle-alert-CLcR0Hfh.js  
  inflating: /var/www/html/assets/index-BCSfX58O.js  
  inflating: /var/www/html/assets/topCards-BN38p4q9.js  
  inflating: /var/www/html/assets/webinarBanner-XLbHXaFF.js  
  inflating: /var/www/html/assets/CurrencyWithApprox-DuMBF2qK.js  
  inflating: /var/www/html/assets/ImageUploader-jFb7AZT5.js  
  inflating: /var/www/html/assets/external-link-DeRFvs7w.js  
  inflating: /var/www/html/assets/upload-Dy-KEd9D.js  
  inflating: /var/www/html/assets/table-FLxAk5KM.js  
  inflating: /var/www/html/assets/toolbar-DzHfIX8W.js  
  inflating: /var/www/html/assets/useDebounce-DMkBrKaG.js  
  inflating: /var/www/html/assets/support-ticket-events-BbqN0qam.js  
  inflating: /var/www/html/assets/headphones-BjgDfUGj.js  
  inflating: /var/www/html/assets/Pagination-CaQ-s57Y.js  
  inflating: /var/www/html/assets/funnel-Dn63xDuN.js  
  inflating: /var/www/html/assets/FilterDrawer-D3vIDQVK.js  
  inflating: /var/www/html/assets/rotate-ccw-ZBwmZRvD.js  
  inflating: /var/www/html/assets/ToggleChips-Bv9cqNI8.js  
  inflating: /var/www/html/assets/circle-x-pmCvhWSW.js  
  inflating: /var/www/html/assets/businessProposalCard-NcAlFvTl.js  
  inflating: /var/www/html/assets/pencil-Bn0Qfmjt.js  
  inflating: /var/www/html/assets/ban-BF0GlU1p.js  
  inflating: /var/www/html/assets/plus-CVYy6Lry.js  
  inflating: /var/www/html/assets/Tabs-CIsHwUtc.js  
  inflating: /var/www/html/assets/Stepper-B9JhvUMi.js  
  inflating: /var/www/html/assets/MultipleImageUploader-UC83cekX.js  
  inflating: /var/www/html/assets/index-DlusLEVM.js  
  inflating: /var/www/html/assets/supabase-bulk-emails-DCVFnFFl.js  
  inflating: /var/www/html/assets/CreateNewBatch-xBiN5piV.js  
  inflating: /var/www/html/assets/CkEditor-BjhYJeB-.js  
  inflating: /var/www/html/assets/recipientFiltersState-Cbazf4HA.js  
  inflating: /var/www/html/assets/target-audience-Bey5oe-x.js  
  inflating: /var/www/html/assets/index-V4Q75Mi8.js  
  inflating: /var/www/html/assets/CreateTargetAudience-Bpei6W0N.js  
  inflating: /var/www/html/assets/EditTargetAudience-DaRwaeI3.js  
  inflating: /var/www/html/assets/index-I010OTec.js  
  inflating: /var/www/html/assets/CreateBlog-BIJvu0sY.js  
  inflating: /var/www/html/assets/EditBlog-BhAOQn65.js  
  inflating: /var/www/html/assets/index-5Rp-kQBF.js  
  inflating: /var/www/html/assets/index-CdcbPKzh.js  
  inflating: /var/www/html/assets/Dashboard-BD20Wv4L.js  
  inflating: /var/www/html/assets/SimplifiedProfile-BwnLXmjA.js  
  inflating: /var/www/html/assets/index-nhRg-9cq.js  
  inflating: /var/www/html/assets/HelpPageContent-Dg16XMOr.js  
  inflating: /var/www/html/assets/hash-BPP9Krgl.js  
  inflating: /var/www/html/assets/index-CfpfxEjN.js  
  inflating: /var/www/html/assets/bookmark-plus-8a7PUxEE.js  
  inflating: /var/www/html/assets/index-BwgcUMQQ.js  
  inflating: /var/www/html/assets/index-B-_V-gHn.js  
  inflating: /var/www/html/assets/Dashboard-Ddo3jO1_.js  
  inflating: /var/www/html/assets/index-DkMNRqIm.js  
  inflating: /var/www/html/assets/index-BU36OnMS.js  
  inflating: /var/www/html/assets/index-DMKkqKOL.js  
  inflating: /var/www/html/assets/TicketDetailPage-Dkh7RiSr.js  
  inflating: /var/www/html/index.html  
Saving Git logs repo SSH key...
Testing GitHub SSH key...
Cloning deployment-logs repo...
Cloning into 'logs-repo'...
