Installing dependencies...
npm warn deprecated w3c-hr-time@1.0.2: Use your platform's native performance.now() and performance.timeOrigin.
npm warn deprecated domexception@2.0.1: Use your platform's native DOMException instead
npm warn deprecated abab@2.0.6: Use your platform's native atob() and btoa() methods instead

> the-business-hub-pakistan@0.0.0 prepare
> husky

.git can't be found
added 1810 packages, and audited 1811 packages in 5m

253 packages are looking for funding
  run `npm fund` for details

73 vulnerabilities (68 moderate, 5 high)

To address issues that do not require attention, run:
  npm audit fix

To address all issues possible (including breaking changes), run:
  npm audit fix --force

Some issues need review, and may require choosing
a different dependency.

Run `npm audit` for details.
Building React app...

> the-business-hub-pakistan@0.0.0 build
> vite build

vite v7.1.11 building for production...
transforming...
✓ 3114 modules transformed.
rendering chunks...
computing gzip size...
dist/index.html                                    2.18 kB │ gzip:   1.05 kB
dist/assets/verifiedBadge-CrcJq1tD.webp           10.83 kB
dist/assets/rectanglePlaceholder-nCbViREl.png     11.85 kB
dist/assets/goldenCheck-CnSHOmXW.webp             13.45 kB
dist/assets/irfanMalikBg-D4osmO_C.jpg             24.66 kB
dist/assets/proposal6-wLmvSjqd.webp               28.15 kB
dist/assets/placeholderMan-BvremNML.png           36.64 kB
dist/assets/handShake-Dk1DoagP.webp               65.18 kB
dist/assets/tower-gldBe0jJ.webp                   66.16 kB
dist/assets/tower2-LuqAcWCu.jpg                   72.52 kB
dist/assets/shakeelBg-NX99JDrP.jpg               143.15 kB
dist/assets/MainLogo-DJpFhlQE.png                144.86 kB
dist/assets/Fav-BPcykgsi.png                     147.34 kB
dist/assets/akhtar-qLBVRLf-.jpg                  173.92 kB
dist/assets/proposal5-DItum-r7.webp              174.24 kB
dist/assets/tower3-DpFzgoGy.jpg                  175.56 kB
dist/assets/proposal2-B9XZZX50.webp              192.62 kB
dist/assets/meerShinyDress-C8scZpYx.webp         229.68 kB
dist/assets/meerGreenJacket-ykCKR2uN.png         230.19 kB
dist/assets/arabic-BElshnQY.jpg                  238.42 kB
dist/assets/wasim-ETjjiRaD.jpg                   242.26 kB
dist/assets/salman-DD3Zraly.jpg                  255.18 kB
dist/assets/fahad-CnovJc60.jpg                   278.62 kB
dist/assets/tech-BdWyL5Pa.jpg                    281.71 kB
dist/assets/dubai-Bmqq4ymj.jpg                   311.77 kB
dist/assets/wasimAkramBg-D4BFEYu1.png            313.57 kB
dist/assets/video-poster-DrQklN8e.png            367.51 kB
dist/assets/proposal3-fxAFZeku.webp              445.47 kB
dist/assets/proposal4-CZk7QC75.webp              542.86 kB
dist/assets/proposal1-D37fvLUu.webp              779.05 kB
dist/assets/wasimAkram-CBOcRO9q.png            4,488.96 kB
dist/assets/BlogDetail-oNXnMkFG.css                0.63 kB │ gzip:   0.26 kB
dist/assets/style-DpsRipQV.css                     3.23 kB │ gzip:   0.73 kB
dist/assets/index-B1WKAnou.css                   155.83 kB │ gzip:  21.31 kB
dist/assets/blogs-ChqPogSE.js                      0.04 kB │ gzip:   0.06 kB
dist/assets/webinarBanner-XLbHXaFF.js              0.17 kB │ gzip:   0.15 kB
dist/assets/useDebounce-DcQbytaM.js                0.19 kB │ gzip:   0.17 kB
dist/assets/plus-DZ4U9Sh3.js                       0.33 kB │ gzip:   0.25 kB
dist/assets/arrow-left-DY9uaVgf.js                 0.34 kB │ gzip:   0.27 kB
dist/assets/circle-check-8mW-fCPS.js               0.35 kB │ gzip:   0.27 kB
dist/assets/trending-up-aawh-Xie.js                0.35 kB │ gzip:   0.27 kB
dist/assets/ban-B4IUqn5V.js                        0.35 kB │ gzip:   0.28 kB
dist/assets/info-Cv730NXm.js                       0.37 kB │ gzip:   0.28 kB
dist/assets/rotate-ccw-Cg1JRdOn.js                 0.37 kB │ gzip:   0.29 kB
dist/assets/circle-x-DIGr8vUq.js                   0.38 kB │ gzip:   0.28 kB
dist/assets/Dashboard-C6ioPMgJ.js                  0.39 kB │ gzip:   0.27 kB
dist/assets/Dashboard-CzA45sMz.js                  0.39 kB │ gzip:   0.27 kB
dist/assets/upload-Bv0ljDCF.js                     0.40 kB │ gzip:   0.30 kB
dist/assets/index-BdNY_uGJ.js                      0.41 kB │ gzip:   0.30 kB
dist/assets/index-Ba-BOIlG.js                      0.41 kB │ gzip:   0.30 kB
dist/assets/globe-05C5i_rs.js                      0.41 kB │ gzip:   0.29 kB
dist/assets/headphones-DuLhgQZL.js                 0.41 kB │ gzip:   0.29 kB
dist/assets/message-circle-klyni77E.js             0.41 kB │ gzip:   0.31 kB
dist/assets/circle-alert-BMTgMv77.js               0.42 kB │ gzip:   0.29 kB
dist/assets/external-link-eoMT-DDK.js              0.42 kB │ gzip:   0.30 kB
dist/assets/funnel-B0mdnDCO.js                     0.42 kB │ gzip:   0.31 kB
dist/assets/calendar-uxML81Ie.js                   0.43 kB │ gzip:   0.31 kB
dist/assets/pencil-Bcfx9U93.js                     0.45 kB │ gzip:   0.33 kB
dist/assets/bookmark-plus-CdNc_gVe.js              0.45 kB │ gzip:   0.33 kB
dist/assets/hash-C56jt2CC.js                       0.47 kB │ gzip:   0.30 kB
dist/assets/shield-check-wTXTMwo-.js               0.49 kB │ gzip:   0.35 kB
dist/assets/tag-feI4vq2A.js                        0.49 kB │ gzip:   0.35 kB
dist/assets/support-ticket-events-Cb9c5ZSX.js      0.50 kB │ gzip:   0.37 kB
dist/assets/sparkles-CHfMpqyZ.js                   0.67 kB │ gzip:   0.39 kB
dist/assets/CkEditor-RUyryM6l.js                   0.85 kB │ gzip:   0.53 kB
dist/assets/InfoBox-CSmXQyuY.js                    0.86 kB │ gzip:   0.43 kB
dist/assets/CurrencyWithApprox-B6AVWMZB.js         0.91 kB │ gzip:   0.52 kB
dist/assets/Tabs-D3nWEfES.js                       1.23 kB │ gzip:   0.65 kB
dist/assets/Pagination-Ws8Ufv2e.js                 1.32 kB │ gzip:   0.72 kB
dist/assets/ToggleChips-B-DIGJ03.js                1.68 kB │ gzip:   0.83 kB
dist/assets/topCards-CdNs9IWt.js                   1.71 kB │ gzip:   0.75 kB
dist/assets/ForgotPassword-LyYWL5Nf.js             2.11 kB │ gzip:   1.06 kB
dist/assets/FounderThankYou-B-MOUbNg.js            2.22 kB │ gzip:   1.08 kB
dist/assets/FilterDrawer-3EZfVbp4.js               2.26 kB │ gzip:   0.96 kB
dist/assets/ResetPassword-DfeA51dz.js              2.34 kB │ gzip:   1.04 kB
dist/assets/InvestorThankYou-CD8-g3tb.js           2.35 kB │ gzip:   1.15 kB
dist/assets/MultipleImageUploader-CnMT7PnO.js      2.61 kB │ gzip:   1.14 kB
dist/assets/toolbar-aMbgS8qI.js                    2.69 kB │ gzip:   1.15 kB
dist/assets/AuthCallback-mPpCBb6l.js               2.71 kB │ gzip:   1.29 kB
dist/assets/ImageUploader-CGkEvQOe.js              2.74 kB │ gzip:   1.18 kB
dist/assets/index-r84BVCYR.js                      2.86 kB │ gzip:   1.36 kB
dist/assets/index-K0O0xgEF.js                      2.99 kB │ gzip:   1.50 kB
dist/assets/index-CW79gVvl.js                      3.06 kB │ gzip:   1.48 kB
dist/assets/supabase-bulk-emails-BnSmp-KC.js       3.14 kB │ gzip:   1.12 kB
dist/assets/index-CN6AaGJr.js                      3.19 kB │ gzip:   1.52 kB
dist/assets/index-cyeoJe0e.js                      3.48 kB │ gzip:   1.67 kB
dist/assets/index-DJE_T2kN.js                      3.51 kB │ gzip:   1.61 kB
dist/assets/index-B6CI9i45.js                      3.63 kB │ gzip:   1.83 kB
dist/assets/index-LvKoZeC-.js                      4.35 kB │ gzip:   1.98 kB
dist/assets/index-DygJzlt5.js                      4.46 kB │ gzip:   2.02 kB
dist/assets/ContactSupport-BnBg3o2w.js             4.63 kB │ gzip:   1.93 kB
dist/assets/Stepper-DEP5g7uC.js                    4.66 kB │ gzip:   2.01 kB
dist/assets/Login-BqM5u2na.js                      4.74 kB │ gzip:   1.96 kB
dist/assets/index-WnpREA63.js                      5.07 kB │ gzip:   2.18 kB
dist/assets/CreateBlog-DPS1uoV5.js                 5.16 kB │ gzip:   2.20 kB
dist/assets/AllBlogs-REjaBPKM.js                   5.17 kB │ gzip:   2.06 kB
dist/assets/SelectRole-BFueHvrr.js                 5.45 kB │ gzip:   2.32 kB
dist/assets/HelpPageContent-DNfAtMyq.js            5.51 kB │ gzip:   2.00 kB
dist/assets/index-Dwi5FdBk.js                      5.53 kB │ gzip:   2.51 kB
dist/assets/VerifyUserEmail-BGKXu4Kc.js            5.82 kB │ gzip:   2.08 kB
dist/assets/EditBlog-CkIn7-57.js                   6.02 kB │ gzip:   2.58 kB
dist/assets/SignUp-4zPW9Wnz.js                     6.64 kB │ gzip:   2.52 kB
dist/assets/Profile-0eezKYPv.js                    6.86 kB │ gzip:   2.19 kB
dist/assets/ViewRemindersModal-D8UQDfBM.js         7.30 kB │ gzip:   2.62 kB
dist/assets/index-3bmWcV7u.js                      8.01 kB │ gzip:   2.95 kB
dist/assets/index-BKU0xQj4.js                      9.24 kB │ gzip:   3.81 kB
dist/assets/businessProposalCard-qSjWdf3D.js       9.66 kB │ gzip:   3.29 kB
dist/assets/index-CiGvI9-G.js                      9.77 kB │ gzip:   3.61 kB
dist/assets/index-NPkXOyoT.js                      9.93 kB │ gzip:   3.21 kB
dist/assets/table-vr1PYNl7.js                     10.99 kB │ gzip:   3.43 kB
dist/assets/TicketDetailPage-DqkJdvu7.js          12.62 kB │ gzip:   3.95 kB
dist/assets/SimplifiedProfile-C9iWgAza.js         13.76 kB │ gzip:   3.64 kB
dist/assets/index-DwkeKltR.js                     15.62 kB │ gzip:   4.81 kB
dist/assets/CreateNewBatch-Dvyqiwje.js            16.74 kB │ gzip:   4.53 kB
dist/assets/EditFounder-D-7lkrSL.js               18.01 kB │ gzip:   4.37 kB
dist/assets/index-BVQ6PaY8.js                     18.43 kB │ gzip:   5.94 kB
dist/assets/EditInvestor-lrZBXzZJ.js              18.98 kB │ gzip:   4.65 kB
dist/assets/index-Bf-jgBEX.js                     20.08 kB │ gzip:   6.61 kB
dist/assets/index-Pdm4JW8s.js                     20.13 kB │ gzip:   5.40 kB
dist/assets/BlogDetail-DRWiwlAT.js                21.41 kB │ gzip:   8.68 kB
dist/assets/index-bhKtx8Bc.js                     22.55 kB │ gzip:   7.06 kB
dist/assets/index-5A0D7UX3.js                     22.98 kB │ gzip:   6.85 kB
dist/assets/ViewBusinessProposal-1aFp20lO.js      25.92 kB │ gzip:   6.38 kB
dist/assets/index-BVTaOl8a.js                     29.43 kB │ gzip:   9.09 kB
dist/assets/Landing-BewKdeIH.js                  151.91 kB │ gzip:  53.55 kB
dist/assets/xlsx-DGuHH-KN.js                     429.49 kB │ gzip: 143.07 kB
dist/assets/index-I3i8Befm.js                    631.01 kB │ gzip: 168.86 kB
dist/assets/index-CndNFLAg.js                  2,837.24 kB │ gzip: 758.01 kB

(!) Some chunks are larger than 1500 kB after minification. Consider:
- Using dynamic import() to code-split the application
- Use build.rollupOptions.output.manualChunks to improve chunking: https://rollupjs.org/configuration-options/#output-manualchunks
- Adjust chunk size limit for this warning via build.chunkSizeWarningLimit.
✓ built in 17.90s
Packaging build...
  adding: favicon.ico (deflated 13%)
  adding: robots.txt (deflated 3%)
  adding: sitemap.xml (deflated 60%)
  adding: assets/ (stored 0%)
  adding: assets/irfanMalikBg-D4osmO_C.jpg (deflated 1%)
  adding: assets/meerGreenJacket-ykCKR2uN.png (deflated 0%)
  adding: assets/shakeelBg-NX99JDrP.jpg (deflated 0%)
  adding: assets/meerShinyDress-C8scZpYx.webp (deflated 0%)
  adding: assets/akhtar-qLBVRLf-.jpg (deflated 1%)
  adding: assets/wasimAkramBg-D4BFEYu1.png (deflated 0%)
  adding: assets/arabic-BElshnQY.jpg (deflated 0%)
  adding: assets/handShake-Dk1DoagP.webp (deflated 0%)
  adding: assets/dubai-Bmqq4ymj.jpg (deflated 0%)
  adding: assets/fahad-CnovJc60.jpg (deflated 0%)
  adding: assets/salman-DD3Zraly.jpg (deflated 0%)
  adding: assets/placeholderMan-BvremNML.png (deflated 3%)
  adding: assets/wasim-ETjjiRaD.jpg (deflated 0%)
  adding: assets/rectanglePlaceholder-nCbViREl.png (deflated 31%)
  adding: assets/tech-BdWyL5Pa.jpg (deflated 0%)
  adding: assets/goldenCheck-CnSHOmXW.webp (stored 0%)
  adding: assets/Fav-BPcykgsi.png (deflated 5%)
  adding: assets/verifiedBadge-CrcJq1tD.webp (deflated 1%)
  adding: assets/MainLogo-DJpFhlQE.png (deflated 4%)
  adding: assets/tower3-DpFzgoGy.jpg (deflated 0%)
  adding: assets/tower-gldBe0jJ.webp (deflated 0%)
  adding: assets/tower2-LuqAcWCu.jpg (deflated 2%)
  adding: assets/proposal2-B9XZZX50.webp (deflated 3%)
  adding: assets/proposal5-DItum-r7.webp (deflated 4%)
  adding: assets/proposal6-wLmvSjqd.webp (deflated 0%)
  adding: assets/proposal3-fxAFZeku.webp (deflated 1%)
  adding: assets/video-poster-DrQklN8e.png (deflated 0%)
  adding: assets/proposal1-D37fvLUu.webp (deflated 1%)
  adding: assets/proposal4-CZk7QC75.webp (deflated 1%)
  adding: assets/wasimAkram-CBOcRO9q.png (deflated 1%)
  adding: assets/index-B1WKAnou.css (deflated 86%)
  adding: assets/BlogDetail-oNXnMkFG.css (deflated 62%)
  adding: assets/style-DpsRipQV.css (deflated 78%)
  adding: assets/index-CndNFLAg.js (deflated 73%)
  adding: assets/xlsx-DGuHH-KN.js (deflated 67%)
  adding: assets/Landing-BewKdeIH.js (deflated 65%)
  adding: assets/BlogDetail-DRWiwlAT.js (deflated 60%)
  adding: assets/AllBlogs-REjaBPKM.js (deflated 61%)
  adding: assets/index-K0O0xgEF.js (deflated 50%)
  adding: assets/index-r84BVCYR.js (deflated 53%)
  adding: assets/index-CN6AaGJr.js (deflated 53%)
  adding: assets/index-CW79gVvl.js (deflated 52%)
  adding: assets/index-DJE_T2kN.js (deflated 54%)
  adding: assets/SignUp-4zPW9Wnz.js (deflated 62%)
  adding: assets/ForgotPassword-LyYWL5Nf.js (deflated 51%)
  adding: assets/VerifyUserEmail-BGKXu4Kc.js (deflated 64%)
  adding: assets/ResetPassword-DfeA51dz.js (deflated 56%)
  adding: assets/ContactSupport-BnBg3o2w.js (deflated 59%)
  adding: assets/AuthCallback-mPpCBb6l.js (deflated 53%)
  adding: assets/SelectRole-BFueHvrr.js (deflated 58%)
  adding: assets/InvestorThankYou-CD8-g3tb.js (deflated 51%)
  adding: assets/FounderThankYou-B-MOUbNg.js (deflated 52%)
  adding: assets/Login-BqM5u2na.js (deflated 59%)
  adding: assets/Profile-0eezKYPv.js (deflated 68%)
  adding: assets/index-Dwi5FdBk.js (deflated 55%)
  adding: assets/index-BVTaOl8a.js (deflated 69%)
  adding: assets/EditInvestor-lrZBXzZJ.js (deflated 76%)
  adding: assets/index-bhKtx8Bc.js (deflated 69%)
  adding: assets/ViewRemindersModal-D8UQDfBM.js (deflated 64%)
  adding: assets/tag-feI4vq2A.js (deflated 34%)
  adding: assets/EditFounder-D-7lkrSL.js (deflated 76%)
  adding: assets/index-BKU0xQj4.js (deflated 59%)
  adding: assets/index-Bf-jgBEX.js (deflated 67%)
  adding: assets/pencil-Bcfx9U93.js (deflated 31%)
  adding: assets/index-BVQ6PaY8.js (deflated 68%)
  adding: assets/ViewBusinessProposal-1aFp20lO.js (deflated 75%)
  adding: assets/circle-check-8mW-fCPS.js (deflated 27%)
  adding: assets/index-5A0D7UX3.js (deflated 70%)
  adding: assets/shield-check-wTXTMwo-.js (deflated 31%)
  adding: assets/sparkles-CHfMpqyZ.js (deflated 45%)
  adding: assets/trending-up-aawh-Xie.js (deflated 26%)
  adding: assets/globe-05C5i_rs.js (deflated 33%)
  adding: assets/blogs-ChqPogSE.js (stored 0%)
  adding: assets/calendar-uxML81Ie.js (deflated 33%)
  adding: assets/index-cyeoJe0e.js (deflated 53%)
  adding: assets/message-circle-klyni77E.js (deflated 28%)
  adding: assets/arrow-left-DY9uaVgf.js (deflated 26%)
  adding: assets/InfoBox-CSmXQyuY.js (deflated 51%)
  adding: assets/info-Cv730NXm.js (deflated 30%)
  adding: assets/circle-alert-BMTgMv77.js (deflated 36%)
  adding: assets/index-I3i8Befm.js (deflated 73%)
  adding: assets/topCards-CdNs9IWt.js (deflated 58%)
  adding: assets/webinarBanner-XLbHXaFF.js (deflated 25%)
  adding: assets/CurrencyWithApprox-B6AVWMZB.js (deflated 45%)
  adding: assets/ImageUploader-CGkEvQOe.js (deflated 58%)
  adding: assets/external-link-eoMT-DDK.js (deflated 32%)
  adding: assets/upload-Bv0ljDCF.js (deflated 31%)
  adding: assets/table-vr1PYNl7.js (deflated 69%)
  adding: assets/toolbar-aMbgS8qI.js (deflated 58%)
  adding: assets/useDebounce-DcQbytaM.js (deflated 22%)
  adding: assets/support-ticket-events-Cb9c5ZSX.js (deflated 29%)
  adding: assets/headphones-DuLhgQZL.js (deflated 34%)
  adding: assets/Pagination-Ws8Ufv2e.js (deflated 47%)
  adding: assets/funnel-B0mdnDCO.js (deflated 30%)
  adding: assets/FilterDrawer-3EZfVbp4.js (deflated 58%)
  adding: assets/rotate-ccw-Cg1JRdOn.js (deflated 28%)
  adding: assets/ToggleChips-B-DIGJ03.js (deflated 52%)
  adding: assets/circle-x-DIGr8vUq.js (deflated 31%)
  adding: assets/businessProposalCard-qSjWdf3D.js (deflated 66%)
  adding: assets/ban-B4IUqn5V.js (deflated 27%)
  adding: assets/plus-DZ4U9Sh3.js (deflated 28%)
  adding: assets/Tabs-D3nWEfES.js (deflated 49%)
  adding: assets/Stepper-DEP5g7uC.js (deflated 57%)
  adding: assets/MultipleImageUploader-CnMT7PnO.js (deflated 57%)
  adding: assets/index-NPkXOyoT.js (deflated 68%)
  adding: assets/supabase-bulk-emails-BnSmp-KC.js (deflated 65%)
  adding: assets/CreateNewBatch-Dvyqiwje.js (deflated 73%)
  adding: assets/CkEditor-RUyryM6l.js (deflated 40%)
  adding: assets/index-WnpREA63.js (deflated 57%)
  adding: assets/CreateBlog-DPS1uoV5.js (deflated 58%)
  adding: assets/EditBlog-CkIn7-57.js (deflated 57%)
  adding: assets/index-DwkeKltR.js (deflated 69%)
  adding: assets/index-3bmWcV7u.js (deflated 64%)
  adding: assets/Dashboard-CzA45sMz.js (deflated 36%)
  adding: assets/SimplifiedProfile-C9iWgAza.js (deflated 74%)
  adding: assets/index-Ba-BOIlG.js (deflated 32%)
  adding: assets/HelpPageContent-DNfAtMyq.js (deflated 64%)
  adding: assets/hash-C56jt2CC.js (deflated 41%)
  adding: assets/index-DygJzlt5.js (deflated 55%)
  adding: assets/bookmark-plus-CdNc_gVe.js (deflated 33%)
  adding: assets/index-B6CI9i45.js (deflated 50%)
  adding: assets/index-LvKoZeC-.js (deflated 55%)
  adding: assets/Dashboard-C6ioPMgJ.js (deflated 36%)
  adding: assets/index-Pdm4JW8s.js (deflated 73%)
  adding: assets/index-CiGvI9-G.js (deflated 63%)
  adding: assets/index-BdNY_uGJ.js (deflated 32%)
  adding: assets/TicketDetailPage-DqkJdvu7.js (deflated 69%)
  adding: index.html (deflated 52%)
Saving Lightsail SSH key...
Uploading build to Lightsail...
Warning: Permanently added '15.207.22.250' (ED25519) to the list of known hosts.
Deploying build to /var/www/html ...
Archive:  /home/ubuntu/react-build.zip
  inflating: /var/www/html/favicon.ico  
  inflating: /var/www/html/robots.txt  
  inflating: /var/www/html/sitemap.xml  
   creating: /var/www/html/assets/
  inflating: /var/www/html/assets/irfanMalikBg-D4osmO_C.jpg  
  inflating: /var/www/html/assets/meerGreenJacket-ykCKR2uN.png  
  inflating: /var/www/html/assets/shakeelBg-NX99JDrP.jpg  
  inflating: /var/www/html/assets/meerShinyDress-C8scZpYx.webp  
  inflating: /var/www/html/assets/akhtar-qLBVRLf-.jpg  
  inflating: /var/www/html/assets/wasimAkramBg-D4BFEYu1.png  
  inflating: /var/www/html/assets/arabic-BElshnQY.jpg  
  inflating: /var/www/html/assets/handShake-Dk1DoagP.webp  
  inflating: /var/www/html/assets/dubai-Bmqq4ymj.jpg  
  inflating: /var/www/html/assets/fahad-CnovJc60.jpg  
  inflating: /var/www/html/assets/salman-DD3Zraly.jpg  
  inflating: /var/www/html/assets/placeholderMan-BvremNML.png  
  inflating: /var/www/html/assets/wasim-ETjjiRaD.jpg  
  inflating: /var/www/html/assets/rectanglePlaceholder-nCbViREl.png  
  inflating: /var/www/html/assets/tech-BdWyL5Pa.jpg  
 extracting: /var/www/html/assets/goldenCheck-CnSHOmXW.webp  
  inflating: /var/www/html/assets/Fav-BPcykgsi.png  
  inflating: /var/www/html/assets/verifiedBadge-CrcJq1tD.webp  
  inflating: /var/www/html/assets/MainLogo-DJpFhlQE.png  
  inflating: /var/www/html/assets/tower3-DpFzgoGy.jpg  
  inflating: /var/www/html/assets/tower-gldBe0jJ.webp  
  inflating: /var/www/html/assets/tower2-LuqAcWCu.jpg  
  inflating: /var/www/html/assets/proposal2-B9XZZX50.webp  
  inflating: /var/www/html/assets/proposal5-DItum-r7.webp  
  inflating: /var/www/html/assets/proposal6-wLmvSjqd.webp  
  inflating: /var/www/html/assets/proposal3-fxAFZeku.webp  
  inflating: /var/www/html/assets/video-poster-DrQklN8e.png  
  inflating: /var/www/html/assets/proposal1-D37fvLUu.webp  
  inflating: /var/www/html/assets/proposal4-CZk7QC75.webp  
  inflating: /var/www/html/assets/wasimAkram-CBOcRO9q.png  
  inflating: /var/www/html/assets/index-B1WKAnou.css  
  inflating: /var/www/html/assets/BlogDetail-oNXnMkFG.css  
  inflating: /var/www/html/assets/style-DpsRipQV.css  
  inflating: /var/www/html/assets/index-CndNFLAg.js  
  inflating: /var/www/html/assets/xlsx-DGuHH-KN.js  
  inflating: /var/www/html/assets/Landing-BewKdeIH.js  
  inflating: /var/www/html/assets/BlogDetail-DRWiwlAT.js  
  inflating: /var/www/html/assets/AllBlogs-REjaBPKM.js  
  inflating: /var/www/html/assets/index-K0O0xgEF.js  
  inflating: /var/www/html/assets/index-r84BVCYR.js  
  inflating: /var/www/html/assets/index-CN6AaGJr.js  
  inflating: /var/www/html/assets/index-CW79gVvl.js  
  inflating: /var/www/html/assets/index-DJE_T2kN.js  
  inflating: /var/www/html/assets/SignUp-4zPW9Wnz.js  
  inflating: /var/www/html/assets/ForgotPassword-LyYWL5Nf.js  
  inflating: /var/www/html/assets/VerifyUserEmail-BGKXu4Kc.js  
  inflating: /var/www/html/assets/ResetPassword-DfeA51dz.js  
  inflating: /var/www/html/assets/ContactSupport-BnBg3o2w.js  
  inflating: /var/www/html/assets/AuthCallback-mPpCBb6l.js  
  inflating: /var/www/html/assets/SelectRole-BFueHvrr.js  
  inflating: /var/www/html/assets/InvestorThankYou-CD8-g3tb.js  
  inflating: /var/www/html/assets/FounderThankYou-B-MOUbNg.js  
  inflating: /var/www/html/assets/Login-BqM5u2na.js  
  inflating: /var/www/html/assets/Profile-0eezKYPv.js  
  inflating: /var/www/html/assets/index-Dwi5FdBk.js  
  inflating: /var/www/html/assets/index-BVTaOl8a.js  
  inflating: /var/www/html/assets/EditInvestor-lrZBXzZJ.js  
  inflating: /var/www/html/assets/index-bhKtx8Bc.js  
  inflating: /var/www/html/assets/ViewRemindersModal-D8UQDfBM.js  
  inflating: /var/www/html/assets/tag-feI4vq2A.js  
  inflating: /var/www/html/assets/EditFounder-D-7lkrSL.js  
  inflating: /var/www/html/assets/index-BKU0xQj4.js  
  inflating: /var/www/html/assets/index-Bf-jgBEX.js  
  inflating: /var/www/html/assets/pencil-Bcfx9U93.js  
  inflating: /var/www/html/assets/index-BVQ6PaY8.js  
  inflating: /var/www/html/assets/ViewBusinessProposal-1aFp20lO.js  
  inflating: /var/www/html/assets/circle-check-8mW-fCPS.js  
  inflating: /var/www/html/assets/index-5A0D7UX3.js  
  inflating: /var/www/html/assets/shield-check-wTXTMwo-.js  
  inflating: /var/www/html/assets/sparkles-CHfMpqyZ.js  
  inflating: /var/www/html/assets/trending-up-aawh-Xie.js  
  inflating: /var/www/html/assets/globe-05C5i_rs.js  
 extracting: /var/www/html/assets/blogs-ChqPogSE.js  
  inflating: /var/www/html/assets/calendar-uxML81Ie.js  
  inflating: /var/www/html/assets/index-cyeoJe0e.js  
  inflating: /var/www/html/assets/message-circle-klyni77E.js  
  inflating: /var/www/html/assets/arrow-left-DY9uaVgf.js  
  inflating: /var/www/html/assets/InfoBox-CSmXQyuY.js  
  inflating: /var/www/html/assets/info-Cv730NXm.js  
  inflating: /var/www/html/assets/circle-alert-BMTgMv77.js  
  inflating: /var/www/html/assets/index-I3i8Befm.js  
  inflating: /var/www/html/assets/topCards-CdNs9IWt.js  
  inflating: /var/www/html/assets/webinarBanner-XLbHXaFF.js  
  inflating: /var/www/html/assets/CurrencyWithApprox-B6AVWMZB.js  
  inflating: /var/www/html/assets/ImageUploader-CGkEvQOe.js  
  inflating: /var/www/html/assets/external-link-eoMT-DDK.js  
  inflating: /var/www/html/assets/upload-Bv0ljDCF.js  
  inflating: /var/www/html/assets/table-vr1PYNl7.js  
  inflating: /var/www/html/assets/toolbar-aMbgS8qI.js  
  inflating: /var/www/html/assets/useDebounce-DcQbytaM.js  
  inflating: /var/www/html/assets/support-ticket-events-Cb9c5ZSX.js  
  inflating: /var/www/html/assets/headphones-DuLhgQZL.js  
  inflating: /var/www/html/assets/Pagination-Ws8Ufv2e.js  
  inflating: /var/www/html/assets/funnel-B0mdnDCO.js  
  inflating: /var/www/html/assets/FilterDrawer-3EZfVbp4.js  
  inflating: /var/www/html/assets/rotate-ccw-Cg1JRdOn.js  
  inflating: /var/www/html/assets/ToggleChips-B-DIGJ03.js  
  inflating: /var/www/html/assets/circle-x-DIGr8vUq.js  
  inflating: /var/www/html/assets/businessProposalCard-qSjWdf3D.js  
  inflating: /var/www/html/assets/ban-B4IUqn5V.js  
  inflating: /var/www/html/assets/plus-DZ4U9Sh3.js  
  inflating: /var/www/html/assets/Tabs-D3nWEfES.js  
  inflating: /var/www/html/assets/Stepper-DEP5g7uC.js  
  inflating: /var/www/html/assets/MultipleImageUploader-CnMT7PnO.js  
  inflating: /var/www/html/assets/index-NPkXOyoT.js  
  inflating: /var/www/html/assets/supabase-bulk-emails-BnSmp-KC.js  
  inflating: /var/www/html/assets/CreateNewBatch-Dvyqiwje.js  
  inflating: /var/www/html/assets/CkEditor-RUyryM6l.js  
  inflating: /var/www/html/assets/index-WnpREA63.js  
  inflating: /var/www/html/assets/CreateBlog-DPS1uoV5.js  
  inflating: /var/www/html/assets/EditBlog-CkIn7-57.js  
  inflating: /var/www/html/assets/index-DwkeKltR.js  
  inflating: /var/www/html/assets/index-3bmWcV7u.js  
  inflating: /var/www/html/assets/Dashboard-CzA45sMz.js  
  inflating: /var/www/html/assets/SimplifiedProfile-C9iWgAza.js  
  inflating: /var/www/html/assets/index-Ba-BOIlG.js  
  inflating: /var/www/html/assets/HelpPageContent-DNfAtMyq.js  
  inflating: /var/www/html/assets/hash-C56jt2CC.js  
  inflating: /var/www/html/assets/index-DygJzlt5.js  
  inflating: /var/www/html/assets/bookmark-plus-CdNc_gVe.js  
  inflating: /var/www/html/assets/index-B6CI9i45.js  
  inflating: /var/www/html/assets/index-LvKoZeC-.js  
  inflating: /var/www/html/assets/Dashboard-C6ioPMgJ.js  
  inflating: /var/www/html/assets/index-Pdm4JW8s.js  
  inflating: /var/www/html/assets/index-CiGvI9-G.js  
  inflating: /var/www/html/assets/index-BdNY_uGJ.js  
  inflating: /var/www/html/assets/TicketDetailPage-DqkJdvu7.js  
  inflating: /var/www/html/index.html  
Saving Git logs repo SSH key...
Testing GitHub SSH key...
Cloning deployment-logs repo...
Cloning into 'logs-repo'...
