Installing dependencies...
npm warn deprecated w3c-hr-time@1.0.2: Use your platform's native performance.now() and performance.timeOrigin.
npm warn deprecated domexception@2.0.1: Use your platform's native DOMException instead
npm warn deprecated abab@2.0.6: Use your platform's native atob() and btoa() methods instead

> the-business-hub-pakistan@0.0.0 prepare
> husky

.git can't be found
added 1810 packages, and audited 1811 packages in 9m

253 packages are looking for funding
  run `npm fund` for details

85 vulnerabilities (3 low, 71 moderate, 11 high)

To address issues that do not require attention, run:
  npm audit fix

To address all issues possible (including breaking changes), run:
  npm audit fix --force

Some issues need review, and may require choosing
a different dependency.

Run `npm audit` for details.
Building React app...

> the-business-hub-pakistan@0.0.0 build
> vite build

vite v7.1.11 building for production...
transforming...
✓ 3152 modules transformed.
rendering chunks...
computing gzip size...
dist/index.html                                       2.18 kB │ gzip:   1.05 kB
dist/assets/verifiedBadge-CrcJq1tD.webp              10.83 kB
dist/assets/rectanglePlaceholder-nCbViREl.png        11.85 kB
dist/assets/goldenCheck-CnSHOmXW.webp                13.45 kB
dist/assets/irfanMalikBg-D4osmO_C.jpg                24.66 kB
dist/assets/proposal6-wLmvSjqd.webp                  28.15 kB
dist/assets/placeholderMan-BvremNML.png              36.64 kB
dist/assets/handShake-Dk1DoagP.webp                  65.18 kB
dist/assets/tower-gldBe0jJ.webp                      66.16 kB
dist/assets/tower2-LuqAcWCu.jpg                      72.52 kB
dist/assets/shakeelBg-NX99JDrP.jpg                  143.15 kB
dist/assets/MainLogo-DJpFhlQE.png                   144.86 kB
dist/assets/Fav-BPcykgsi.png                        147.34 kB
dist/assets/akhtar-qLBVRLf-.jpg                     173.92 kB
dist/assets/proposal5-DItum-r7.webp                 174.24 kB
dist/assets/tower3-DpFzgoGy.jpg                     175.56 kB
dist/assets/proposal2-B9XZZX50.webp                 192.62 kB
dist/assets/meerShinyDress-C8scZpYx.webp            229.68 kB
dist/assets/meerGreenJacket-ykCKR2uN.png            230.19 kB
dist/assets/arabic-BElshnQY.jpg                     238.42 kB
dist/assets/wasim-ETjjiRaD.jpg                      242.26 kB
dist/assets/salman-DD3Zraly.jpg                     255.18 kB
dist/assets/fahad-CnovJc60.jpg                      278.62 kB
dist/assets/tech-BdWyL5Pa.jpg                       281.71 kB
dist/assets/dubai-Bmqq4ymj.jpg                      311.77 kB
dist/assets/wasimAkramBg-D4BFEYu1.png               313.57 kB
dist/assets/video-poster-DrQklN8e.png               367.51 kB
dist/assets/proposal3-fxAFZeku.webp                 445.47 kB
dist/assets/proposal4-CZk7QC75.webp                 542.86 kB
dist/assets/proposal1-D37fvLUu.webp                 779.05 kB
dist/assets/wasimAkram-CBOcRO9q.png               4,488.96 kB
dist/assets/BlogDetail-oNXnMkFG.css                   0.63 kB │ gzip:   0.26 kB
dist/assets/style-DpsRipQV.css                        3.23 kB │ gzip:   0.73 kB
dist/assets/index-2LY9DKvY.css                      159.90 kB │ gzip:  21.74 kB
dist/assets/blogs-ChqPogSE.js                         0.04 kB │ gzip:   0.06 kB
dist/assets/webinarBanner-XLbHXaFF.js                 0.17 kB │ gzip:   0.15 kB
dist/assets/useDebounce-wUSwo9Ow.js                   0.19 kB │ gzip:   0.17 kB
dist/assets/plus-FkIG5UR9.js                          0.33 kB │ gzip:   0.25 kB
dist/assets/arrow-left-Bsu4E0rO.js                    0.34 kB │ gzip:   0.27 kB
dist/assets/circle-check-CixAvePn.js                  0.35 kB │ gzip:   0.27 kB
dist/assets/trending-up-w2X32RLh.js                   0.35 kB │ gzip:   0.28 kB
dist/assets/ban-1NFazGd7.js                           0.35 kB │ gzip:   0.28 kB
dist/assets/info-BDCAK5fP.js                          0.37 kB │ gzip:   0.28 kB
dist/assets/rotate-ccw-HA3Vt_g_.js                    0.37 kB │ gzip:   0.29 kB
dist/assets/circle-x-Dv_X9evg.js                      0.38 kB │ gzip:   0.28 kB
dist/assets/ellipsis-B5mdlC4Q.js                      0.39 kB │ gzip:   0.27 kB
dist/assets/upload-C03VAQG3.js                        0.40 kB │ gzip:   0.30 kB
dist/assets/index-DWk2qgKg.js                         0.41 kB │ gzip:   0.29 kB
dist/assets/index-ZsRGp9H9.js                         0.41 kB │ gzip:   0.30 kB
dist/assets/globe-JRgUX3LX.js                         0.41 kB │ gzip:   0.29 kB
dist/assets/headphones-C8_QgFnB.js                    0.41 kB │ gzip:   0.29 kB
dist/assets/message-circle-CgFEQhwo.js                0.41 kB │ gzip:   0.32 kB
dist/assets/circle-alert-Cf_q-ufP.js                  0.42 kB │ gzip:   0.29 kB
dist/assets/external-link-BQsNcCuq.js                 0.42 kB │ gzip:   0.30 kB
dist/assets/funnel-Dum6-gne.js                        0.42 kB │ gzip:   0.31 kB
dist/assets/user-minus-Bj6hBUjs.js                    0.43 kB │ gzip:   0.32 kB
dist/assets/calendar-BvfXiDvF.js                      0.43 kB │ gzip:   0.31 kB
dist/assets/pencil-C-vcKUPS.js                        0.45 kB │ gzip:   0.33 kB
dist/assets/hash-BRuip-3r.js                          0.47 kB │ gzip:   0.30 kB
dist/assets/shield-check-BsQOs8wK.js                  0.49 kB │ gzip:   0.35 kB
dist/assets/tag-CYD14OaB.js                           0.49 kB │ gzip:   0.35 kB
dist/assets/Dashboard-DDO9KXkK.js                     0.50 kB │ gzip:   0.32 kB
dist/assets/Dashboard-9SJ9FUw_.js                     0.50 kB │ gzip:   0.32 kB
dist/assets/support-ticket-events-DEsptM3m.js         0.50 kB │ gzip:   0.37 kB
dist/assets/sparkles-BT3RKDlQ.js                      0.67 kB │ gzip:   0.39 kB
dist/assets/meta-pixel-CAHtMBtr.js                    0.82 kB │ gzip:   0.37 kB
dist/assets/CkEditor-C3bnGHVh.js                      0.85 kB │ gzip:   0.53 kB
dist/assets/InfoBox-BVU0RnB3.js                       0.86 kB │ gzip:   0.43 kB
dist/assets/CurrencyWithApprox-hMvtXHUI.js            0.91 kB │ gzip:   0.52 kB
dist/assets/arrow-up-BCTbTcjo.js                      0.99 kB │ gzip:   0.39 kB
dist/assets/Tabs-D6vy55L9.js                          1.23 kB │ gzip:   0.65 kB
dist/assets/Pagination-ByiIg2Ex.js                    1.32 kB │ gzip:   0.72 kB
dist/assets/ProposalPopup-DBVsLmZQ.js                 1.64 kB │ gzip:   0.83 kB
dist/assets/ToggleChips-HxNMZnWY.js                   1.68 kB │ gzip:   0.83 kB
dist/assets/topCards-uVOnRZCv.js                      1.71 kB │ gzip:   0.74 kB
dist/assets/ForgotPassword-9nMgALum.js                2.11 kB │ gzip:   1.06 kB
dist/assets/FounderThankYou-BJu_5dcc.js               2.22 kB │ gzip:   1.08 kB
dist/assets/FilterDrawer-ChxAekXC.js                  2.26 kB │ gzip:   0.96 kB
dist/assets/InvestorThankYou-DQamWqlX.js              2.35 kB │ gzip:   1.15 kB
dist/assets/recipientFiltersState-4He8Zgpv.js         2.50 kB │ gzip:   0.93 kB
dist/assets/supabase-bulk-emails-FUEjDK_B.js          2.54 kB │ gzip:   1.01 kB
dist/assets/MultipleImageUploader-CeYn2yXf.js         2.61 kB │ gzip:   1.14 kB
dist/assets/AuthCallback-BWdjR-uo.js                  2.71 kB │ gzip:   1.29 kB
dist/assets/ImageUploader-48BsHc-j.js                 2.74 kB │ gzip:   1.19 kB
dist/assets/parseISO-Ch2j1f_m.js                      2.79 kB │ gzip:   1.26 kB
dist/assets/index-CGl76dm7.js                         2.86 kB │ gzip:   1.36 kB
dist/assets/index-ZK4gCFiH.js                         2.99 kB │ gzip:   1.50 kB
dist/assets/index-Dj9Rn3rZ.js                         3.06 kB │ gzip:   1.48 kB
dist/assets/index-fihYHJP0.js                         3.19 kB │ gzip:   1.52 kB
dist/assets/toolbar-CYtii9Lr.js                       3.31 kB │ gzip:   1.29 kB
dist/assets/index-B7LfKD1J.js                         3.41 kB │ gzip:   1.73 kB
dist/assets/index-CcRalnMq.js                         3.48 kB │ gzip:   1.67 kB
dist/assets/index-D8OnqQ9z.js                         3.51 kB │ gzip:   1.61 kB
dist/assets/index-CEQrty5X.js                         3.57 kB │ gzip:   1.80 kB
dist/assets/index-Dzzp0qHV.js                         3.80 kB │ gzip:   1.82 kB
dist/assets/target-audience-CfB05O4F.js               4.02 kB │ gzip:   1.16 kB
dist/assets/BulkActionsBar-l3XFNhpQ.js                4.26 kB │ gzip:   1.75 kB
dist/assets/index-BiNAN44Y.js                         4.53 kB │ gzip:   2.05 kB
dist/assets/Stepper-Dim6zZK-.js                       4.66 kB │ gzip:   2.01 kB
dist/assets/Login-CFPwy4Yg.js                         4.75 kB │ gzip:   1.95 kB
dist/assets/ViewRemindersModal-KEWmYtKO.js            4.87 kB │ gzip:   1.85 kB
dist/assets/ContactSupport-DUmMgKnz.js                4.90 kB │ gzip:   2.01 kB
dist/assets/ResetPassword-BPw_S9tJ.js                 5.08 kB │ gzip:   1.78 kB
dist/assets/ActivityLogsModal.utils-Cc7lC_xP.js       5.10 kB │ gzip:   1.46 kB
dist/assets/CreateBlog-Aq-dDSa4.js                    5.28 kB │ gzip:   2.26 kB
dist/assets/index-Bjoi9eGS.js                         5.36 kB │ gzip:   2.44 kB
dist/assets/index-BYuf77uj.js                         5.37 kB │ gzip:   2.28 kB
dist/assets/SelectRole-CnTwlpa3.js                    5.45 kB │ gzip:   2.30 kB
dist/assets/HelpPageContent-BUeh4gLI.js               5.51 kB │ gzip:   2.00 kB
dist/assets/AllBlogs-B1oK_dHL.js                      5.78 kB │ gzip:   2.31 kB
dist/assets/VerifyUserEmail-uQMPtk6I.js               5.82 kB │ gzip:   2.08 kB
dist/assets/EditBlog-D9mBmwP0.js                      6.15 kB │ gzip:   2.64 kB
dist/assets/Profile-C2oklxLy.js                       6.86 kB │ gzip:   2.19 kB
dist/assets/CreateTargetAudience-hXG_gQd7.js          7.04 kB │ gzip:   2.69 kB
dist/assets/SignUp-U7ecjYqQ.js                        7.08 kB │ gzip:   2.66 kB
dist/assets/index-Bk9LxkzS.js                         8.01 kB │ gzip:   2.95 kB
dist/assets/index-BQoWAJSV.js                         8.03 kB │ gzip:   2.89 kB
dist/assets/EditTargetAudience-DoSIvmvr.js            8.42 kB │ gzip:   2.97 kB
dist/assets/MiniAdminAnalyticsDetail-CzjZnrjw.js      9.28 kB │ gzip:   2.97 kB
dist/assets/index-DXP1hJCI.js                         9.77 kB │ gzip:   3.60 kB
dist/assets/table-BURmkY--.js                         9.82 kB │ gzip:   3.24 kB
dist/assets/businessProposalCard-DOHp6gyj.js         10.05 kB │ gzip:   3.50 kB
dist/assets/index-Plf2Zl57.js                        10.92 kB │ gzip:   4.34 kB
dist/assets/mini-admin-analytics-tMMDYm85.js         12.59 kB │ gzip:   3.62 kB
dist/assets/TicketDetailPage-CkYfonxo.js             13.40 kB │ gzip:   4.09 kB
dist/assets/SimplifiedProfile--9l_RxRr.js            13.78 kB │ gzip:   3.65 kB
dist/assets/index-DpKJTLpV.js                        15.99 kB │ gzip:   4.95 kB
dist/assets/CreateNewBatch-CO-p4LE2.js               17.70 kB │ gzip:   4.72 kB
dist/assets/index-BjzrkP3X.js                        18.57 kB │ gzip:   5.99 kB
dist/assets/index-2EBeUfFi.js                        19.96 kB │ gzip:   6.62 kB
dist/assets/index-DHGFhAiC.js                        20.13 kB │ gzip:   5.41 kB
dist/assets/BlogDetail-C3Oiztem.js                   21.52 kB │ gzip:   8.71 kB
dist/assets/index-BLDDzTCc.js                        22.84 kB │ gzip:   6.77 kB
dist/assets/EditFounder-CCciWjQg.js                  23.52 kB │ gzip:   5.86 kB
dist/assets/index-DVipWGer.js                        23.69 kB │ gzip:   7.48 kB
dist/assets/EditInvestor-Drt_J_wo.js                 24.52 kB │ gzip:   6.14 kB
dist/assets/ViewBusinessProposal-C5jmea-N.js         25.92 kB │ gzip:   6.38 kB
dist/assets/index-_Wb2Z4Xr.js                        28.38 kB │ gzip:   7.29 kB
dist/assets/index-e9xvCv1r.js                        30.25 kB │ gzip:   9.10 kB
dist/assets/index-BVEBS1Gl.js                        54.82 kB │ gzip:  12.04 kB
dist/assets/Landing-zCntEwGZ.js                     152.14 kB │ gzip:  53.66 kB
dist/assets/xlsx-DGuHH-KN.js                        429.49 kB │ gzip: 143.07 kB
dist/assets/react-apexcharts.min-CSLHkpj9.js        584.37 kB │ gzip: 159.18 kB
dist/assets/index-DgWoCvxt.js                     2,843.44 kB │ gzip: 760.26 kB

(!) Some chunks are larger than 1500 kB after minification. Consider:
- Using dynamic import() to code-split the application
- Use build.rollupOptions.output.manualChunks to improve chunking: https://rollupjs.org/configuration-options/#output-manualchunks
- Adjust chunk size limit for this warning via build.chunkSizeWarningLimit.
✓ built in 20.30s
Packaging build...
  adding: .htaccess (deflated 36%)
  adding: favicon.ico (deflated 13%)
  adding: robots.txt (deflated 3%)
  adding: sitemap.xml (deflated 60%)
  adding: assets/ (stored 0%)
  adding: assets/irfanMalikBg-D4osmO_C.jpg (deflated 1%)
  adding: assets/shakeelBg-NX99JDrP.jpg (deflated 0%)
  adding: assets/meerGreenJacket-ykCKR2uN.png (deflated 0%)
  adding: assets/meerShinyDress-C8scZpYx.webp (deflated 0%)
  adding: assets/akhtar-qLBVRLf-.jpg (deflated 1%)
  adding: assets/arabic-BElshnQY.jpg (deflated 0%)
  adding: assets/wasimAkramBg-D4BFEYu1.png (deflated 0%)
  adding: assets/handShake-Dk1DoagP.webp (deflated 0%)
  adding: assets/dubai-Bmqq4ymj.jpg (deflated 0%)
  adding: assets/fahad-CnovJc60.jpg (deflated 0%)
  adding: assets/salman-DD3Zraly.jpg (deflated 0%)
  adding: assets/rectanglePlaceholder-nCbViREl.png (deflated 31%)
  adding: assets/tech-BdWyL5Pa.jpg (deflated 0%)
  adding: assets/Fav-BPcykgsi.png (deflated 5%)
  adding: assets/MainLogo-DJpFhlQE.png (deflated 4%)
  adding: assets/goldenCheck-CnSHOmXW.webp (stored 0%)
  adding: assets/tower-gldBe0jJ.webp (deflated 0%)
  adding: assets/placeholderMan-BvremNML.png (deflated 3%)
  adding: assets/wasim-ETjjiRaD.jpg (deflated 0%)
  adding: assets/verifiedBadge-CrcJq1tD.webp (deflated 1%)
  adding: assets/tower2-LuqAcWCu.jpg (deflated 2%)
  adding: assets/tower3-DpFzgoGy.jpg (deflated 0%)
  adding: assets/proposal5-DItum-r7.webp (deflated 4%)
  adding: assets/proposal6-wLmvSjqd.webp (deflated 0%)
  adding: assets/proposal2-B9XZZX50.webp (deflated 3%)
  adding: assets/proposal3-fxAFZeku.webp (deflated 1%)
  adding: assets/proposal1-D37fvLUu.webp (deflated 1%)
  adding: assets/proposal4-CZk7QC75.webp (deflated 1%)
  adding: assets/video-poster-DrQklN8e.png (deflated 0%)
  adding: assets/wasimAkram-CBOcRO9q.png (deflated 1%)
  adding: assets/index-2LY9DKvY.css (deflated 87%)
  adding: assets/BlogDetail-oNXnMkFG.css (deflated 62%)
  adding: assets/style-DpsRipQV.css (deflated 78%)
  adding: assets/index-DgWoCvxt.js (deflated 73%)
  adding: assets/xlsx-DGuHH-KN.js (deflated 67%)
  adding: assets/Landing-zCntEwGZ.js (deflated 65%)
  adding: assets/BlogDetail-C3Oiztem.js (deflated 60%)
  adding: assets/AllBlogs-B1oK_dHL.js (deflated 60%)
  adding: assets/index-ZK4gCFiH.js (deflated 50%)
  adding: assets/index-CGl76dm7.js (deflated 53%)
  adding: assets/index-fihYHJP0.js (deflated 53%)
  adding: assets/index-Dj9Rn3rZ.js (deflated 52%)
  adding: assets/index-D8OnqQ9z.js (deflated 54%)
  adding: assets/SignUp-U7ecjYqQ.js (deflated 63%)
  adding: assets/ForgotPassword-9nMgALum.js (deflated 51%)
  adding: assets/VerifyUserEmail-uQMPtk6I.js (deflated 64%)
  adding: assets/ResetPassword-BPw_S9tJ.js (deflated 65%)
  adding: assets/ContactSupport-DUmMgKnz.js (deflated 59%)
  adding: assets/AuthCallback-BWdjR-uo.js (deflated 53%)
  adding: assets/SelectRole-CnTwlpa3.js (deflated 58%)
  adding: assets/InvestorThankYou-DQamWqlX.js (deflated 52%)
  adding: assets/FounderThankYou-BJu_5dcc.js (deflated 52%)
  adding: assets/Login-CFPwy4Yg.js (deflated 59%)
  adding: assets/Profile-C2oklxLy.js (deflated 68%)
  adding: assets/index-Bjoi9eGS.js (deflated 55%)
  adding: assets/index-e9xvCv1r.js (deflated 70%)
  adding: assets/EditInvestor-Drt_J_wo.js (deflated 75%)
  adding: assets/index-DVipWGer.js (deflated 68%)
  adding: assets/BulkActionsBar-l3XFNhpQ.js (deflated 59%)
  adding: assets/EditFounder-CCciWjQg.js (deflated 75%)
  adding: assets/ViewRemindersModal-KEWmYtKO.js (deflated 62%)
  adding: assets/index-Plf2Zl57.js (deflated 60%)
  adding: assets/index-2EBeUfFi.js (deflated 67%)
  adding: assets/index-BjzrkP3X.js (deflated 68%)
  adding: assets/ViewBusinessProposal-C5jmea-N.js (deflated 75%)
  adding: assets/circle-check-CixAvePn.js (deflated 27%)
  adding: assets/index-BLDDzTCc.js (deflated 70%)
  adding: assets/meta-pixel-CAHtMBtr.js (deflated 57%)
  adding: assets/shield-check-BsQOs8wK.js (deflated 32%)
  adding: assets/sparkles-BT3RKDlQ.js (deflated 45%)
  adding: assets/trending-up-w2X32RLh.js (deflated 26%)
  adding: assets/globe-JRgUX3LX.js (deflated 33%)
  adding: assets/blogs-ChqPogSE.js (stored 0%)
  adding: assets/calendar-BvfXiDvF.js (deflated 33%)
  adding: assets/index-CcRalnMq.js (deflated 53%)
  adding: assets/message-circle-CgFEQhwo.js (deflated 28%)
  adding: assets/tag-CYD14OaB.js (deflated 34%)
  adding: assets/arrow-left-Bsu4E0rO.js (deflated 26%)
  adding: assets/InfoBox-BVU0RnB3.js (deflated 52%)
  adding: assets/info-BDCAK5fP.js (deflated 30%)
  adding: assets/circle-alert-Cf_q-ufP.js (deflated 36%)
  adding: assets/index-BVEBS1Gl.js (deflated 78%)
  adding: assets/topCards-uVOnRZCv.js (deflated 58%)
  adding: assets/parseISO-Ch2j1f_m.js (deflated 56%)
  adding: assets/webinarBanner-XLbHXaFF.js (deflated 25%)
  adding: assets/react-apexcharts.min-CSLHkpj9.js (deflated 73%)
  adding: assets/CurrencyWithApprox-hMvtXHUI.js (deflated 45%)
  adding: assets/ImageUploader-48BsHc-j.js (deflated 57%)
  adding: assets/external-link-BQsNcCuq.js (deflated 33%)
  adding: assets/upload-C03VAQG3.js (deflated 31%)
  adding: assets/table-BURmkY--.js (deflated 67%)
  adding: assets/toolbar-CYtii9Lr.js (deflated 61%)
  adding: assets/useDebounce-wUSwo9Ow.js (deflated 22%)
  adding: assets/support-ticket-events-DEsptM3m.js (deflated 30%)
  adding: assets/headphones-C8_QgFnB.js (deflated 34%)
  adding: assets/Pagination-ByiIg2Ex.js (deflated 47%)
  adding: assets/arrow-up-BCTbTcjo.js (deflated 62%)
  adding: assets/ellipsis-B5mdlC4Q.js (deflated 37%)
  adding: assets/funnel-Dum6-gne.js (deflated 30%)
  adding: assets/FilterDrawer-ChxAekXC.js (deflated 58%)
  adding: assets/rotate-ccw-HA3Vt_g_.js (deflated 28%)
  adding: assets/ToggleChips-HxNMZnWY.js (deflated 52%)
  adding: assets/circle-x-Dv_X9evg.js (deflated 31%)
  adding: assets/businessProposalCard-DOHp6gyj.js (deflated 66%)
  adding: assets/user-minus-Bj6hBUjs.js (deflated 30%)
  adding: assets/pencil-C-vcKUPS.js (deflated 31%)
  adding: assets/ban-1NFazGd7.js (deflated 27%)
  adding: assets/plus-FkIG5UR9.js (deflated 28%)
  adding: assets/ActivityLogsModal.utils-Cc7lC_xP.js (deflated 72%)
  adding: assets/Tabs-D6vy55L9.js (deflated 49%)
  adding: assets/Stepper-Dim6zZK-.js (deflated 57%)
  adding: assets/MultipleImageUploader-CeYn2yXf.js (deflated 57%)
  adding: assets/index-BQoWAJSV.js (deflated 64%)
  adding: assets/supabase-bulk-emails-FUEjDK_B.js (deflated 61%)
  adding: assets/CreateNewBatch-CO-p4LE2.js (deflated 73%)
  adding: assets/CkEditor-C3bnGHVh.js (deflated 40%)
  adding: assets/recipientFiltersState-4He8Zgpv.js (deflated 64%)
  adding: assets/target-audience-CfB05O4F.js (deflated 72%)
  adding: assets/index-BiNAN44Y.js (deflated 55%)
  adding: assets/CreateTargetAudience-hXG_gQd7.js (deflated 62%)
  adding: assets/EditTargetAudience-DoSIvmvr.js (deflated 65%)
  adding: assets/index-BYuf77uj.js (deflated 58%)
  adding: assets/CreateBlog-Aq-dDSa4.js (deflated 57%)
  adding: assets/EditBlog-D9mBmwP0.js (deflated 57%)
  adding: assets/index-DpKJTLpV.js (deflated 69%)
  adding: assets/index-Bk9LxkzS.js (deflated 63%)
  adding: assets/index-_Wb2Z4Xr.js (deflated 74%)
  adding: assets/mini-admin-analytics-tMMDYm85.js (deflated 71%)
  adding: assets/MiniAdminAnalyticsDetail-CzjZnrjw.js (deflated 68%)
  adding: assets/Dashboard-9SJ9FUw_.js (deflated 40%)
  adding: assets/SimplifiedProfile--9l_RxRr.js (deflated 74%)
  adding: assets/index-ZsRGp9H9.js (deflated 32%)
  adding: assets/HelpPageContent-BUeh4gLI.js (deflated 64%)
  adding: assets/hash-BRuip-3r.js (deflated 41%)
  adding: assets/index-CEQrty5X.js (deflated 50%)
  adding: assets/ProposalPopup-DBVsLmZQ.js (deflated 51%)
  adding: assets/index-Dzzp0qHV.js (deflated 52%)
  adding: assets/index-B7LfKD1J.js (deflated 50%)
  adding: assets/Dashboard-DDO9KXkK.js (deflated 39%)
  adding: assets/index-DHGFhAiC.js (deflated 73%)
  adding: assets/index-DXP1hJCI.js (deflated 63%)
  adding: assets/index-DWk2qgKg.js (deflated 33%)
  adding: assets/TicketDetailPage-CkYfonxo.js (deflated 70%)
  adding: index.html (deflated 52%)
Saving Lightsail SSH key...
Uploading build to Lightsail...
Warning: Permanently added '15.207.22.250' (ED25519) to the list of known hosts.
Deploying build to /var/www/html ...
Archive:  /home/ubuntu/react-build.zip
  inflating: /var/www/html/.htaccess  
  inflating: /var/www/html/favicon.ico  
  inflating: /var/www/html/robots.txt  
  inflating: /var/www/html/sitemap.xml  
   creating: /var/www/html/assets/
  inflating: /var/www/html/assets/irfanMalikBg-D4osmO_C.jpg  
  inflating: /var/www/html/assets/shakeelBg-NX99JDrP.jpg  
  inflating: /var/www/html/assets/meerGreenJacket-ykCKR2uN.png  
  inflating: /var/www/html/assets/meerShinyDress-C8scZpYx.webp  
  inflating: /var/www/html/assets/akhtar-qLBVRLf-.jpg  
  inflating: /var/www/html/assets/arabic-BElshnQY.jpg  
  inflating: /var/www/html/assets/wasimAkramBg-D4BFEYu1.png  
  inflating: /var/www/html/assets/handShake-Dk1DoagP.webp  
  inflating: /var/www/html/assets/dubai-Bmqq4ymj.jpg  
  inflating: /var/www/html/assets/fahad-CnovJc60.jpg  
  inflating: /var/www/html/assets/salman-DD3Zraly.jpg  
  inflating: /var/www/html/assets/rectanglePlaceholder-nCbViREl.png  
  inflating: /var/www/html/assets/tech-BdWyL5Pa.jpg  
  inflating: /var/www/html/assets/Fav-BPcykgsi.png  
  inflating: /var/www/html/assets/MainLogo-DJpFhlQE.png  
 extracting: /var/www/html/assets/goldenCheck-CnSHOmXW.webp  
  inflating: /var/www/html/assets/tower-gldBe0jJ.webp  
  inflating: /var/www/html/assets/placeholderMan-BvremNML.png  
  inflating: /var/www/html/assets/wasim-ETjjiRaD.jpg  
  inflating: /var/www/html/assets/verifiedBadge-CrcJq1tD.webp  
  inflating: /var/www/html/assets/tower2-LuqAcWCu.jpg  
  inflating: /var/www/html/assets/tower3-DpFzgoGy.jpg  
  inflating: /var/www/html/assets/proposal5-DItum-r7.webp  
  inflating: /var/www/html/assets/proposal6-wLmvSjqd.webp  
  inflating: /var/www/html/assets/proposal2-B9XZZX50.webp  
  inflating: /var/www/html/assets/proposal3-fxAFZeku.webp  
  inflating: /var/www/html/assets/proposal1-D37fvLUu.webp  
  inflating: /var/www/html/assets/proposal4-CZk7QC75.webp  
  inflating: /var/www/html/assets/video-poster-DrQklN8e.png  
  inflating: /var/www/html/assets/wasimAkram-CBOcRO9q.png  
  inflating: /var/www/html/assets/index-2LY9DKvY.css  
  inflating: /var/www/html/assets/BlogDetail-oNXnMkFG.css  
  inflating: /var/www/html/assets/style-DpsRipQV.css  
  inflating: /var/www/html/assets/index-DgWoCvxt.js  
  inflating: /var/www/html/assets/xlsx-DGuHH-KN.js  
  inflating: /var/www/html/assets/Landing-zCntEwGZ.js  
  inflating: /var/www/html/assets/BlogDetail-C3Oiztem.js  
  inflating: /var/www/html/assets/AllBlogs-B1oK_dHL.js  
  inflating: /var/www/html/assets/index-ZK4gCFiH.js  
  inflating: /var/www/html/assets/index-CGl76dm7.js  
  inflating: /var/www/html/assets/index-fihYHJP0.js  
  inflating: /var/www/html/assets/index-Dj9Rn3rZ.js  
  inflating: /var/www/html/assets/index-D8OnqQ9z.js  
  inflating: /var/www/html/assets/SignUp-U7ecjYqQ.js  
  inflating: /var/www/html/assets/ForgotPassword-9nMgALum.js  
  inflating: /var/www/html/assets/VerifyUserEmail-uQMPtk6I.js  
  inflating: /var/www/html/assets/ResetPassword-BPw_S9tJ.js  
  inflating: /var/www/html/assets/ContactSupport-DUmMgKnz.js  
  inflating: /var/www/html/assets/AuthCallback-BWdjR-uo.js  
  inflating: /var/www/html/assets/SelectRole-CnTwlpa3.js  
  inflating: /var/www/html/assets/InvestorThankYou-DQamWqlX.js  
  inflating: /var/www/html/assets/FounderThankYou-BJu_5dcc.js  
  inflating: /var/www/html/assets/Login-CFPwy4Yg.js  
  inflating: /var/www/html/assets/Profile-C2oklxLy.js  
  inflating: /var/www/html/assets/index-Bjoi9eGS.js  
  inflating: /var/www/html/assets/index-e9xvCv1r.js  
  inflating: /var/www/html/assets/EditInvestor-Drt_J_wo.js  
  inflating: /var/www/html/assets/index-DVipWGer.js  
  inflating: /var/www/html/assets/BulkActionsBar-l3XFNhpQ.js  
  inflating: /var/www/html/assets/EditFounder-CCciWjQg.js  
  inflating: /var/www/html/assets/ViewRemindersModal-KEWmYtKO.js  
  inflating: /var/www/html/assets/index-Plf2Zl57.js  
  inflating: /var/www/html/assets/index-2EBeUfFi.js  
  inflating: /var/www/html/assets/index-BjzrkP3X.js  
  inflating: /var/www/html/assets/ViewBusinessProposal-C5jmea-N.js  
  inflating: /var/www/html/assets/circle-check-CixAvePn.js  
  inflating: /var/www/html/assets/index-BLDDzTCc.js  
  inflating: /var/www/html/assets/meta-pixel-CAHtMBtr.js  
  inflating: /var/www/html/assets/shield-check-BsQOs8wK.js  
  inflating: /var/www/html/assets/sparkles-BT3RKDlQ.js  
  inflating: /var/www/html/assets/trending-up-w2X32RLh.js  
  inflating: /var/www/html/assets/globe-JRgUX3LX.js  
 extracting: /var/www/html/assets/blogs-ChqPogSE.js  
  inflating: /var/www/html/assets/calendar-BvfXiDvF.js  
  inflating: /var/www/html/assets/index-CcRalnMq.js  
  inflating: /var/www/html/assets/message-circle-CgFEQhwo.js  
  inflating: /var/www/html/assets/tag-CYD14OaB.js  
  inflating: /var/www/html/assets/arrow-left-Bsu4E0rO.js  
  inflating: /var/www/html/assets/InfoBox-BVU0RnB3.js  
  inflating: /var/www/html/assets/info-BDCAK5fP.js  
  inflating: /var/www/html/assets/circle-alert-Cf_q-ufP.js  
  inflating: /var/www/html/assets/index-BVEBS1Gl.js  
  inflating: /var/www/html/assets/topCards-uVOnRZCv.js  
  inflating: /var/www/html/assets/parseISO-Ch2j1f_m.js  
  inflating: /var/www/html/assets/webinarBanner-XLbHXaFF.js  
  inflating: /var/www/html/assets/react-apexcharts.min-CSLHkpj9.js  
  inflating: /var/www/html/assets/CurrencyWithApprox-hMvtXHUI.js  
  inflating: /var/www/html/assets/ImageUploader-48BsHc-j.js  
  inflating: /var/www/html/assets/external-link-BQsNcCuq.js  
  inflating: /var/www/html/assets/upload-C03VAQG3.js  
  inflating: /var/www/html/assets/table-BURmkY--.js  
  inflating: /var/www/html/assets/toolbar-CYtii9Lr.js  
  inflating: /var/www/html/assets/useDebounce-wUSwo9Ow.js  
  inflating: /var/www/html/assets/support-ticket-events-DEsptM3m.js  
  inflating: /var/www/html/assets/headphones-C8_QgFnB.js  
  inflating: /var/www/html/assets/Pagination-ByiIg2Ex.js  
  inflating: /var/www/html/assets/arrow-up-BCTbTcjo.js  
  inflating: /var/www/html/assets/ellipsis-B5mdlC4Q.js  
  inflating: /var/www/html/assets/funnel-Dum6-gne.js  
  inflating: /var/www/html/assets/FilterDrawer-ChxAekXC.js  
  inflating: /var/www/html/assets/rotate-ccw-HA3Vt_g_.js  
  inflating: /var/www/html/assets/ToggleChips-HxNMZnWY.js  
  inflating: /var/www/html/assets/circle-x-Dv_X9evg.js  
  inflating: /var/www/html/assets/businessProposalCard-DOHp6gyj.js  
  inflating: /var/www/html/assets/user-minus-Bj6hBUjs.js  
  inflating: /var/www/html/assets/pencil-C-vcKUPS.js  
  inflating: /var/www/html/assets/ban-1NFazGd7.js  
  inflating: /var/www/html/assets/plus-FkIG5UR9.js  
  inflating: /var/www/html/assets/ActivityLogsModal.utils-Cc7lC_xP.js  
  inflating: /var/www/html/assets/Tabs-D6vy55L9.js  
  inflating: /var/www/html/assets/Stepper-Dim6zZK-.js  
  inflating: /var/www/html/assets/MultipleImageUploader-CeYn2yXf.js  
  inflating: /var/www/html/assets/index-BQoWAJSV.js  
  inflating: /var/www/html/assets/supabase-bulk-emails-FUEjDK_B.js  
  inflating: /var/www/html/assets/CreateNewBatch-CO-p4LE2.js  
  inflating: /var/www/html/assets/CkEditor-C3bnGHVh.js  
  inflating: /var/www/html/assets/recipientFiltersState-4He8Zgpv.js  
  inflating: /var/www/html/assets/target-audience-CfB05O4F.js  
  inflating: /var/www/html/assets/index-BiNAN44Y.js  
  inflating: /var/www/html/assets/CreateTargetAudience-hXG_gQd7.js  
  inflating: /var/www/html/assets/EditTargetAudience-DoSIvmvr.js  
  inflating: /var/www/html/assets/index-BYuf77uj.js  
  inflating: /var/www/html/assets/CreateBlog-Aq-dDSa4.js  
  inflating: /var/www/html/assets/EditBlog-D9mBmwP0.js  
  inflating: /var/www/html/assets/index-DpKJTLpV.js  
  inflating: /var/www/html/assets/index-Bk9LxkzS.js  
  inflating: /var/www/html/assets/index-_Wb2Z4Xr.js  
  inflating: /var/www/html/assets/mini-admin-analytics-tMMDYm85.js  
  inflating: /var/www/html/assets/MiniAdminAnalyticsDetail-CzjZnrjw.js  
  inflating: /var/www/html/assets/Dashboard-9SJ9FUw_.js  
  inflating: /var/www/html/assets/SimplifiedProfile--9l_RxRr.js  
  inflating: /var/www/html/assets/index-ZsRGp9H9.js  
  inflating: /var/www/html/assets/HelpPageContent-BUeh4gLI.js  
  inflating: /var/www/html/assets/hash-BRuip-3r.js  
  inflating: /var/www/html/assets/index-CEQrty5X.js  
  inflating: /var/www/html/assets/ProposalPopup-DBVsLmZQ.js  
  inflating: /var/www/html/assets/index-Dzzp0qHV.js  
  inflating: /var/www/html/assets/index-B7LfKD1J.js  
  inflating: /var/www/html/assets/Dashboard-DDO9KXkK.js  
  inflating: /var/www/html/assets/index-DHGFhAiC.js  
  inflating: /var/www/html/assets/index-DXP1hJCI.js  
  inflating: /var/www/html/assets/index-DWk2qgKg.js  
  inflating: /var/www/html/assets/TicketDetailPage-CkYfonxo.js  
  inflating: /var/www/html/index.html  
Saving Git logs repo SSH key...
Testing GitHub SSH key...
Cloning deployment-logs repo...
Cloning into 'logs-repo'...
