Installing dependencies...
npm warn deprecated w3c-hr-time@1.0.2: Use your platform's native performance.now() and performance.timeOrigin.
npm warn deprecated domexception@2.0.1: Use your platform's native DOMException instead
npm warn deprecated abab@2.0.6: Use your platform's native atob() and btoa() methods instead

added 1756 packages, and audited 1757 packages in 4m

222 packages are looking for funding
  run `npm fund` for details

54 vulnerabilities (52 moderate, 2 high)

To address issues that do not require attention, run:
  npm audit fix

To address all issues possible (including breaking changes), run:
  npm audit fix --force

Some issues need review, and may require choosing
a different dependency.

Run `npm audit` for details.
Building React app...

> boilerplate-code-react-js@0.0.0 build
> vite build

vite v7.1.11 building for production...
transforming...
✓ 3051 modules transformed.
rendering chunks...
computing gzip size...
dist/index.html                                    2.18 kB │ gzip:   1.05 kB
dist/assets/verifiedBadge-CrcJq1tD.webp           10.83 kB
dist/assets/rectanglePlaceholder-nCbViREl.png     11.85 kB
dist/assets/goldenCheck-CnSHOmXW.webp             13.45 kB
dist/assets/irfanMalikBg-D4osmO_C.jpg             24.66 kB
dist/assets/proposal6-wLmvSjqd.webp               28.15 kB
dist/assets/placeholderMan-BvremNML.png           36.64 kB
dist/assets/handShake-Dk1DoagP.webp               65.18 kB
dist/assets/tower-gldBe0jJ.webp                   66.16 kB
dist/assets/tower2-LuqAcWCu.jpg                   72.52 kB
dist/assets/shakeelBg-NX99JDrP.jpg               143.15 kB
dist/assets/MainLogo-DJpFhlQE.png                144.86 kB
dist/assets/Fav-BPcykgsi.png                     147.34 kB
dist/assets/akhtar-qLBVRLf-.jpg                  173.92 kB
dist/assets/proposal5-DItum-r7.webp              174.24 kB
dist/assets/tower3-DpFzgoGy.jpg                  175.56 kB
dist/assets/proposal2-B9XZZX50.webp              192.62 kB
dist/assets/meerShinyDress-C8scZpYx.webp         229.68 kB
dist/assets/meerGreenJacket-ykCKR2uN.png         230.19 kB
dist/assets/arabic-BElshnQY.jpg                  238.42 kB
dist/assets/wasim-ETjjiRaD.jpg                   242.26 kB
dist/assets/salman-DD3Zraly.jpg                  255.18 kB
dist/assets/fahad-CnovJc60.jpg                   278.62 kB
dist/assets/tech-BdWyL5Pa.jpg                    281.71 kB
dist/assets/dubai-Bmqq4ymj.jpg                   311.77 kB
dist/assets/wasimAkramBg-D4BFEYu1.png            313.57 kB
dist/assets/proposal3-fxAFZeku.webp              445.47 kB
dist/assets/proposal4-CZk7QC75.webp              542.86 kB
dist/assets/proposal1-D37fvLUu.webp              779.05 kB
dist/assets/wasimAkram-CBOcRO9q.png            4,488.96 kB
dist/assets/style-DpsRipQV.css                     3.23 kB │ gzip:   0.73 kB
dist/assets/index-D-JDPNMU.css                   139.86 kB │ gzip:  19.29 kB
dist/assets/index-BdQq_4o_.js                      0.06 kB │ gzip:   0.08 kB
dist/assets/index-B2drDa5f.js                      0.14 kB │ gzip:   0.14 kB
dist/assets/useDebounce-Sn-8nMkD.js                0.19 kB │ gzip:   0.17 kB
dist/assets/chevron-down-BqbyK_hL.js               0.30 kB │ gzip:   0.25 kB
dist/assets/chevron-left-B4yLEfx-.js               0.30 kB │ gzip:   0.25 kB
dist/assets/plus-CL7rwF2K.js                       0.33 kB │ gzip:   0.25 kB
dist/assets/arrow-right-C0VPWDvh.js                0.34 kB │ gzip:   0.27 kB
dist/assets/circle-check-YymjUG6t.js               0.35 kB │ gzip:   0.27 kB
dist/assets/trending-up-BhILL5h2.js                0.35 kB │ gzip:   0.27 kB
dist/assets/ban-BP3oVqwQ.js                        0.35 kB │ gzip:   0.28 kB
dist/assets/info-Dm-eszgN.js                       0.37 kB │ gzip:   0.28 kB
dist/assets/rotate-ccw-BSQEzfYG.js                 0.37 kB │ gzip:   0.29 kB
dist/assets/circle-x-C5YxanTk.js                   0.38 kB │ gzip:   0.28 kB
dist/assets/mail-DZUwt604.js                       0.39 kB │ gzip:   0.31 kB
dist/assets/index-1bYoH0HL.js                      0.39 kB │ gzip:   0.30 kB
dist/assets/target-DS1_57PO.js                     0.39 kB │ gzip:   0.27 kB
dist/assets/upload-2XazIqfb.js                     0.40 kB │ gzip:   0.30 kB
dist/assets/log-in-C7CRlIaq.js                     0.40 kB │ gzip:   0.29 kB
dist/assets/download-CUQyA1jc.js                   0.41 kB │ gzip:   0.30 kB
dist/assets/message-square-UmmShvUs.js             0.41 kB │ gzip:   0.31 kB
dist/assets/globe-BpE0zVUQ.js                      0.41 kB │ gzip:   0.30 kB
dist/assets/message-circle-BaFY4LUt.js             0.41 kB │ gzip:   0.32 kB
dist/assets/circle-alert-COsPbvSF.js               0.42 kB │ gzip:   0.30 kB
dist/assets/eye-CnzyyYPR.js                        0.42 kB │ gzip:   0.30 kB
dist/assets/map-pin-D9ugUhjy.js                    0.43 kB │ gzip:   0.33 kB
dist/assets/link-CXLG6unK.js                       0.43 kB │ gzip:   0.30 kB
dist/assets/calendar--j1FWZU0.js                   0.43 kB │ gzip:   0.31 kB
dist/assets/pencil-NFAxkZXi.js                     0.45 kB │ gzip:   0.33 kB
dist/assets/user-plus-DGO0Kkkr.js                  0.48 kB │ gzip:   0.34 kB
dist/assets/shield-check-BmsgVyTn.js               0.49 kB │ gzip:   0.35 kB
dist/assets/square-pen-BzbFllbg.js                 0.49 kB │ gzip:   0.34 kB
dist/assets/phone-DV9RuHsU.js                      0.50 kB │ gzip:   0.33 kB
dist/assets/trash-2-wOePGCPd.js                    0.50 kB │ gzip:   0.32 kB
dist/assets/file-text-4L77Usmj.js                  0.51 kB │ gzip:   0.32 kB
dist/assets/LegalModal-XcTZsxHu.js                 0.66 kB │ gzip:   0.46 kB
dist/assets/sparkles-CsIPnzxz.js                   0.67 kB │ gzip:   0.39 kB
dist/assets/InfoBox-idFe_Uoa.js                    0.86 kB │ gzip:   0.43 kB
dist/assets/label-Drk6MHYa.js                      0.88 kB │ gzip:   0.55 kB
dist/assets/card-D95b2ueu.js                       1.18 kB │ gzip:   0.46 kB
dist/assets/package-Cx-vfsRt.js                    1.21 kB │ gzip:   0.50 kB
dist/assets/Tabs-Coo5-FdA.js                       1.23 kB │ gzip:   0.65 kB
dist/assets/GetMoreDetailsModal-C-9kzoFf.js        1.27 kB │ gzip:   0.61 kB
dist/assets/EmptyState-DQgMRfQU.js                 1.47 kB │ gzip:   0.61 kB
dist/assets/textarea-CgilYveG.js                   1.50 kB │ gzip:   0.74 kB
dist/assets/ToggleChips-sGgkPffB.js                1.66 kB │ gzip:   0.82 kB
dist/assets/input-Br8Uv_5X.js                      1.68 kB │ gzip:   0.86 kB
dist/assets/topCards-B9uRYbKV.js                   1.71 kB │ gzip:   0.75 kB
dist/assets/ImageUploader-YhI5V0rf.js              1.95 kB │ gzip:   0.94 kB
dist/assets/index-DczHloBO.js                      2.07 kB │ gzip:   0.92 kB
dist/assets/ForgotPassword-D9iaqI-D.js             2.17 kB │ gzip:   1.09 kB
dist/assets/ContactSupportModal-Cj04OsN6.js        2.36 kB │ gzip:   1.18 kB
dist/assets/ResetPassword-b-qV239V.js              2.40 kB │ gzip:   1.06 kB
dist/assets/index-BchNeemI.js                      2.57 kB │ gzip:   1.16 kB
dist/assets/AuthCallback-0TFwFSKN.js               2.67 kB │ gzip:   1.26 kB
dist/assets/index-CrFKyLhQ.js                      2.72 kB │ gzip:   1.23 kB
dist/assets/index-B1qstTjE.js                      2.87 kB │ gzip:   1.41 kB
dist/assets/toolbar-CANkRlxH.js                    2.99 kB │ gzip:   1.22 kB
dist/assets/FileUploader-Dlp1og0R.js               3.02 kB │ gzip:   1.36 kB
dist/assets/index-D2GN8zeE.js                      3.11 kB │ gzip:   1.49 kB
dist/assets/supabase-bulk-emails-CWM_CKIJ.js       3.14 kB │ gzip:   1.12 kB
dist/assets/index-DkHywpJi.js                      3.24 kB │ gzip:   1.62 kB
dist/assets/SignupThankYou-C4-dmYHe.js             3.29 kB │ gzip:   1.49 kB
dist/assets/index-S1xKpphW.js                      3.31 kB │ gzip:   1.61 kB
dist/assets/index-CELNl_kg.js                      3.44 kB │ gzip:   1.64 kB
dist/assets/index-MrjAD7AB.js                      3.48 kB │ gzip:   1.67 kB
dist/assets/checkbox-FeTKPlPD.js                   4.04 kB │ gzip:   1.77 kB
dist/assets/Dashboard-BWmI52gh.js                  4.28 kB │ gzip:   1.46 kB
dist/assets/index-C8EMJ6ih.js                      4.29 kB │ gzip:   2.09 kB
dist/assets/Dashboard-CFrO_Zoq.js                  4.30 kB │ gzip:   1.47 kB
dist/assets/index-DTkIYEeR.js                      4.30 kB │ gzip:   2.09 kB
dist/assets/index-oVCPfdN_.js                      4.31 kB │ gzip:   1.71 kB
dist/assets/Stepper-CRbAZwrt.js                    4.65 kB │ gzip:   2.02 kB
dist/assets/ContactSupport-Bo9DgIJ3.js             5.04 kB │ gzip:   2.09 kB
dist/assets/Login-CN8O91aK.js                      5.05 kB │ gzip:   2.13 kB
dist/assets/SelectRole-CA4HE6Ur.js                 5.63 kB │ gzip:   2.37 kB
dist/assets/VerifyUserEmail-BIpbh1qA.js            5.87 kB │ gzip:   2.10 kB
dist/assets/popover-yqE0xKns.js                    6.81 kB │ gzip:   2.47 kB
dist/assets/SignUp-BxSxMC9h.js                     7.12 kB │ gzip:   2.66 kB
dist/assets/Profile-CfCJtNMU.js                    7.24 kB │ gzip:   2.34 kB
dist/assets/businessProposalCard-DvzFmM6E.js       7.88 kB │ gzip:   2.60 kB
dist/assets/index-oMFgMML-.js                      8.18 kB │ gzip:   3.33 kB
dist/assets/tooltip-CAytlFDD.js                    8.77 kB │ gzip:   3.34 kB
dist/assets/dialog-CUJx9sEW.js                     9.57 kB │ gzip:   3.57 kB
dist/assets/index-DL-x8ZuY.js                      9.66 kB │ gzip:   3.97 kB
dist/assets/index-Ctg5OYu9.js                     10.15 kB │ gzip:   3.79 kB
dist/assets/index-Dc2BZksA.js                     10.30 kB │ gzip:   3.37 kB
dist/assets/Header-qmvOfFRv.js                    11.28 kB │ gzip:   3.38 kB
dist/assets/index-CLXDE8Ey.js                     13.94 kB │ gzip:   4.84 kB
dist/assets/SimplifiedProfile-B8rgBnJl.js         14.09 kB │ gzip:   3.84 kB
dist/assets/index-DYNJoC1P.js                     16.50 kB │ gzip:   6.24 kB
dist/assets/EditFounder-DCSNRTEn.js               18.37 kB │ gzip:   4.51 kB
dist/assets/ViewBusinessProposal-BRjTPb2R.js      18.69 kB │ gzip:   4.74 kB
dist/assets/index-Be8XWa94.js                     19.31 kB │ gzip:   6.33 kB
dist/assets/EditInvestor-DXrKZn0W.js              19.36 kB │ gzip:   4.78 kB
dist/assets/index-BIVlKf1Y.js                     19.83 kB │ gzip:   6.52 kB
dist/assets/index-S9xJyYbV.js                     19.86 kB │ gzip:   6.44 kB
dist/assets/select-CL0U5Ka6.js                    21.88 kB │ gzip:   7.81 kB
dist/assets/index-59smUv2o.js                     21.92 kB │ gzip:   5.85 kB
dist/assets/index-CeR56flA.js                     25.32 kB │ gzip:   7.62 kB
dist/assets/index-D-qwDsGN.js                     35.78 kB │ gzip:  13.52 kB
dist/assets/table-DMo-Rn_p.js                     37.58 kB │ gzip:  11.06 kB
dist/assets/AssignAdminModal-DWxb4PH4.js          84.16 kB │ gzip:  25.28 kB
dist/assets/Landing-BJtvvWaO.js                  147.95 kB │ gzip:  52.39 kB
dist/assets/xlsx-DGuHH-KN.js                     429.49 kB │ gzip: 143.07 kB
dist/assets/style-vlFkaQzH.js                    465.89 kB │ gzip: 112.59 kB
dist/assets/index-CDmU5_cu.js                    603.24 kB │ gzip: 163.68 kB
dist/assets/index-DhYSuvJN.js                    762.34 kB │ gzip: 229.71 kB
dist/assets/CreateNewBatch-CnM73QlE.js         1,332.16 kB │ gzip: 329.43 kB

(!) Some chunks are larger than 500 kB after minification. Consider:
- Using dynamic import() to code-split the application
- Use build.rollupOptions.output.manualChunks to improve chunking: https://rollupjs.org/configuration-options/#output-manualchunks
- Adjust chunk size limit for this warning via build.chunkSizeWarningLimit.
✓ built in 16.51s
Packaging build...
  adding: favicon.ico (deflated 13%)
  adding: assets/ (stored 0%)
  adding: assets/irfanMalikBg-D4osmO_C.jpg (deflated 1%)
  adding: assets/meerShinyDress-C8scZpYx.webp (deflated 0%)
  adding: assets/shakeelBg-NX99JDrP.jpg (deflated 0%)
  adding: assets/wasimAkramBg-D4BFEYu1.png (deflated 0%)
  adding: assets/akhtar-qLBVRLf-.jpg (deflated 1%)
  adding: assets/arabic-BElshnQY.jpg (deflated 0%)
  adding: assets/meerGreenJacket-ykCKR2uN.png (deflated 0%)
  adding: assets/salman-DD3Zraly.jpg (deflated 0%)
  adding: assets/tech-BdWyL5Pa.jpg (deflated 0%)
  adding: assets/wasim-ETjjiRaD.jpg (deflated 0%)
  adding: assets/placeholderMan-BvremNML.png (deflated 3%)
  adding: assets/fahad-CnovJc60.jpg (deflated 0%)
  adding: assets/Fav-BPcykgsi.png (deflated 5%)
  adding: assets/MainLogo-DJpFhlQE.png (deflated 4%)
  adding: assets/goldenCheck-CnSHOmXW.webp (stored 0%)
  adding: assets/rectanglePlaceholder-nCbViREl.png (deflated 31%)
  adding: assets/tower-gldBe0jJ.webp (deflated 0%)
  adding: assets/tower2-LuqAcWCu.jpg (deflated 2%)
  adding: assets/dubai-Bmqq4ymj.jpg (deflated 0%)
  adding: assets/tower3-DpFzgoGy.jpg (deflated 0%)
  adding: assets/proposal2-B9XZZX50.webp (deflated 3%)
  adding: assets/proposal3-fxAFZeku.webp (deflated 1%)
  adding: assets/proposal5-DItum-r7.webp (deflated 4%)
  adding: assets/proposal6-wLmvSjqd.webp (deflated 0%)
  adding: assets/handShake-Dk1DoagP.webp (deflated 0%)
  adding: assets/verifiedBadge-CrcJq1tD.webp (deflated 1%)
  adding: assets/proposal1-D37fvLUu.webp (deflated 1%)
  adding: assets/proposal4-CZk7QC75.webp (deflated 1%)
  adding: assets/wasimAkram-CBOcRO9q.png (deflated 1%)
  adding: assets/index-D-JDPNMU.css (deflated 86%)
  adding: assets/style-DpsRipQV.css (deflated 78%)
  adding: assets/index-DhYSuvJN.js (deflated 70%)
  adding: assets/Landing-BJtvvWaO.js (deflated 65%)
  adding: assets/index-DkHywpJi.js (deflated 50%)
  adding: assets/index-D2GN8zeE.js (deflated 53%)
  adding: assets/index-CELNl_kg.js (deflated 53%)
  adding: assets/index-S1xKpphW.js (deflated 52%)
  adding: assets/Header-qmvOfFRv.js (deflated 70%)
  adding: assets/SignUp-BxSxMC9h.js (deflated 63%)
  adding: assets/ForgotPassword-D9iaqI-D.js (deflated 51%)
  adding: assets/VerifyUserEmail-BIpbh1qA.js (deflated 64%)
  adding: assets/ResetPassword-b-qV239V.js (deflated 56%)
  adding: assets/ContactSupport-Bo9DgIJ3.js (deflated 59%)
  adding: assets/AuthCallback-0TFwFSKN.js (deflated 53%)
  adding: assets/SelectRole-CA4HE6Ur.js (deflated 58%)
  adding: assets/SignupThankYou-C4-dmYHe.js (deflated 55%)
  adding: assets/arrow-right-C0VPWDvh.js (deflated 27%)
  adding: assets/Login-CN8O91aK.js (deflated 58%)
  adding: assets/index-CrFKyLhQ.js (deflated 54%)
  adding: assets/index-CDmU5_cu.js (deflated 73%)
  adding: assets/Profile-CfCJtNMU.js (deflated 68%)
  adding: assets/index-oMFgMML-.js (deflated 60%)
  adding: assets/index-S9xJyYbV.js (deflated 68%)
  adding: assets/EditInvestor-DXrKZn0W.js (deflated 75%)
  adding: assets/index-Be8XWa94.js (deflated 67%)
  adding: assets/globe-BpE0zVUQ.js (deflated 33%)
  adding: assets/AssignAdminModal-DWxb4PH4.js (deflated 70%)
  adding: assets/label-Drk6MHYa.js (deflated 40%)
  adding: assets/EditFounder-DCSNRTEn.js (deflated 76%)
  adding: assets/index-DL-x8ZuY.js (deflated 59%)
  adding: assets/index-BIVlKf1Y.js (deflated 67%)
  adding: assets/log-in-C7CRlIaq.js (deflated 32%)
  adding: assets/ban-BP3oVqwQ.js (deflated 26%)
  adding: assets/user-plus-DGO0Kkkr.js (deflated 34%)
  adding: assets/phone-DV9RuHsU.js (deflated 36%)
  adding: assets/pencil-NFAxkZXi.js (deflated 31%)
  adding: assets/index-CLXDE8Ey.js (deflated 65%)
  adding: assets/ViewBusinessProposal-BRjTPb2R.js (deflated 75%)
  adding: assets/circle-check-YymjUG6t.js (deflated 27%)
  adding: assets/calendar--j1FWZU0.js (deflated 33%)
  adding: assets/index-CeR56flA.js (deflated 70%)
  adding: assets/ToggleChips-sGgkPffB.js (deflated 51%)
  adding: assets/index-Dc2BZksA.js (deflated 68%)
  adding: assets/useDebounce-Sn-8nMkD.js (deflated 21%)
  adding: assets/CreateNewBatch-CnM73QlE.js (deflated 75%)
  adding: assets/message-circle-BaFY4LUt.js (deflated 28%)
  adding: assets/sparkles-CsIPnzxz.js (deflated 45%)
  adding: assets/map-pin-D9ugUhjy.js (deflated 28%)
  adding: assets/shield-check-BmsgVyTn.js (deflated 32%)
  adding: assets/supabase-bulk-emails-CWM_CKIJ.js (deflated 65%)
  adding: assets/mail-DZUwt604.js (deflated 26%)
  adding: assets/table-DMo-Rn_p.js (deflated 71%)
  adding: assets/Dashboard-BWmI52gh.js (deflated 66%)
  adding: assets/SimplifiedProfile-B8rgBnJl.js (deflated 73%)
  adding: assets/index-C8EMJ6ih.js (deflated 52%)
  adding: assets/trending-up-BhILL5h2.js (deflated 26%)
  adding: assets/LegalModal-XcTZsxHu.js (deflated 33%)
  adding: assets/index-MrjAD7AB.js (deflated 53%)
  adding: assets/input-Br8Uv_5X.js (deflated 50%)
  adding: assets/style-vlFkaQzH.js (deflated 76%)
  adding: assets/dialog-CUJx9sEW.js (deflated 63%)
  adding: assets/download-CUQyA1jc.js (deflated 31%)
  adding: assets/popover-yqE0xKns.js (deflated 64%)
  adding: assets/index-D-qwDsGN.js (deflated 62%)
  adding: assets/index-DYNJoC1P.js (deflated 62%)
  adding: assets/index-DczHloBO.js (deflated 56%)
  adding: assets/index-B2drDa5f.js (deflated 14%)
  adding: assets/index-BdQq_4o_.js (deflated 5%)
  adding: assets/InfoBox-idFe_Uoa.js (deflated 51%)
  adding: assets/info-Dm-eszgN.js (deflated 30%)
  adding: assets/circle-alert-COsPbvSF.js (deflated 35%)
  adding: assets/select-CL0U5Ka6.js (deflated 64%)
  adding: assets/chevron-down-BqbyK_hL.js (deflated 23%)
  adding: assets/index-BchNeemI.js (deflated 56%)
  adding: assets/index-1bYoH0HL.js (deflated 28%)
  adding: assets/FileUploader-Dlp1og0R.js (deflated 56%)
  adding: assets/textarea-CgilYveG.js (deflated 52%)
  adding: assets/link-CXLG6unK.js (deflated 34%)
  adding: assets/eye-CnzyyYPR.js (deflated 33%)
  adding: assets/trash-2-wOePGCPd.js (deflated 40%)
  adding: assets/topCards-B9uRYbKV.js (deflated 57%)
  adding: assets/card-D95b2ueu.js (deflated 62%)
  adding: assets/ImageUploader-YhI5V0rf.js (deflated 53%)
  adding: assets/upload-2XazIqfb.js (deflated 31%)
  adding: assets/EmptyState-DQgMRfQU.js (deflated 60%)
  adding: assets/toolbar-CANkRlxH.js (deflated 60%)
  adding: assets/message-square-UmmShvUs.js (deflated 29%)
  adding: assets/tooltip-CAytlFDD.js (deflated 62%)
  adding: assets/square-pen-BzbFllbg.js (deflated 35%)
  adding: assets/rotate-ccw-BSQEzfYG.js (deflated 27%)
  adding: assets/chevron-left-B4yLEfx-.js (deflated 22%)
  adding: assets/checkbox-FeTKPlPD.js (deflated 57%)
  adding: assets/plus-CL7rwF2K.js (deflated 28%)
  adding: assets/file-text-4L77Usmj.js (deflated 40%)
  adding: assets/businessProposalCard-DvzFmM6E.js (deflated 67%)
  adding: assets/GetMoreDetailsModal-C-9kzoFf.js (deflated 54%)
  adding: assets/Tabs-Coo5-FdA.js (deflated 49%)
  adding: assets/circle-x-C5YxanTk.js (deflated 30%)
  adding: assets/target-DS1_57PO.js (deflated 37%)
  adding: assets/Stepper-CRbAZwrt.js (deflated 57%)
  adding: assets/package-Cx-vfsRt.js (deflated 60%)
  adding: assets/ContactSupportModal-Cj04OsN6.js (deflated 51%)
  adding: assets/index-B1qstTjE.js (deflated 52%)
  adding: assets/index-oVCPfdN_.js (deflated 61%)
  adding: assets/Dashboard-CFrO_Zoq.js (deflated 66%)
  adding: assets/index-59smUv2o.js (deflated 73%)
  adding: assets/index-Ctg5OYu9.js (deflated 63%)
  adding: assets/index-DTkIYEeR.js (deflated 52%)
  adding: assets/xlsx-DGuHH-KN.js (deflated 67%)
  adding: index.html (deflated 52%)
Saving Lightsail SSH key...
Uploading build to Lightsail...
Warning: Permanently added '15.207.22.250' (ED25519) to the list of known hosts.
Deploying build to /var/www/html ...
Archive:  /home/ubuntu/react-build.zip
  inflating: /var/www/html/favicon.ico  
   creating: /var/www/html/assets/
  inflating: /var/www/html/assets/irfanMalikBg-D4osmO_C.jpg  
  inflating: /var/www/html/assets/meerShinyDress-C8scZpYx.webp  
  inflating: /var/www/html/assets/shakeelBg-NX99JDrP.jpg  
  inflating: /var/www/html/assets/wasimAkramBg-D4BFEYu1.png  
  inflating: /var/www/html/assets/akhtar-qLBVRLf-.jpg  
  inflating: /var/www/html/assets/arabic-BElshnQY.jpg  
  inflating: /var/www/html/assets/meerGreenJacket-ykCKR2uN.png  
  inflating: /var/www/html/assets/salman-DD3Zraly.jpg  
  inflating: /var/www/html/assets/tech-BdWyL5Pa.jpg  
  inflating: /var/www/html/assets/wasim-ETjjiRaD.jpg  
  inflating: /var/www/html/assets/placeholderMan-BvremNML.png  
  inflating: /var/www/html/assets/fahad-CnovJc60.jpg  
  inflating: /var/www/html/assets/Fav-BPcykgsi.png  
  inflating: /var/www/html/assets/MainLogo-DJpFhlQE.png  
 extracting: /var/www/html/assets/goldenCheck-CnSHOmXW.webp  
  inflating: /var/www/html/assets/rectanglePlaceholder-nCbViREl.png  
  inflating: /var/www/html/assets/tower-gldBe0jJ.webp  
  inflating: /var/www/html/assets/tower2-LuqAcWCu.jpg  
  inflating: /var/www/html/assets/dubai-Bmqq4ymj.jpg  
  inflating: /var/www/html/assets/tower3-DpFzgoGy.jpg  
  inflating: /var/www/html/assets/proposal2-B9XZZX50.webp  
  inflating: /var/www/html/assets/proposal3-fxAFZeku.webp  
  inflating: /var/www/html/assets/proposal5-DItum-r7.webp  
  inflating: /var/www/html/assets/proposal6-wLmvSjqd.webp  
  inflating: /var/www/html/assets/handShake-Dk1DoagP.webp  
  inflating: /var/www/html/assets/verifiedBadge-CrcJq1tD.webp  
  inflating: /var/www/html/assets/proposal1-D37fvLUu.webp  
  inflating: /var/www/html/assets/proposal4-CZk7QC75.webp  
  inflating: /var/www/html/assets/wasimAkram-CBOcRO9q.png  
  inflating: /var/www/html/assets/index-D-JDPNMU.css  
  inflating: /var/www/html/assets/style-DpsRipQV.css  
  inflating: /var/www/html/assets/index-DhYSuvJN.js  
  inflating: /var/www/html/assets/Landing-BJtvvWaO.js  
  inflating: /var/www/html/assets/index-DkHywpJi.js  
  inflating: /var/www/html/assets/index-D2GN8zeE.js  
  inflating: /var/www/html/assets/index-CELNl_kg.js  
  inflating: /var/www/html/assets/index-S1xKpphW.js  
  inflating: /var/www/html/assets/Header-qmvOfFRv.js  
  inflating: /var/www/html/assets/SignUp-BxSxMC9h.js  
  inflating: /var/www/html/assets/ForgotPassword-D9iaqI-D.js  
  inflating: /var/www/html/assets/VerifyUserEmail-BIpbh1qA.js  
  inflating: /var/www/html/assets/ResetPassword-b-qV239V.js  
  inflating: /var/www/html/assets/ContactSupport-Bo9DgIJ3.js  
  inflating: /var/www/html/assets/AuthCallback-0TFwFSKN.js  
  inflating: /var/www/html/assets/SelectRole-CA4HE6Ur.js  
  inflating: /var/www/html/assets/SignupThankYou-C4-dmYHe.js  
  inflating: /var/www/html/assets/arrow-right-C0VPWDvh.js  
  inflating: /var/www/html/assets/Login-CN8O91aK.js  
  inflating: /var/www/html/assets/index-CrFKyLhQ.js  
  inflating: /var/www/html/assets/index-CDmU5_cu.js  
  inflating: /var/www/html/assets/Profile-CfCJtNMU.js  
  inflating: /var/www/html/assets/index-oMFgMML-.js  
  inflating: /var/www/html/assets/index-S9xJyYbV.js  
  inflating: /var/www/html/assets/EditInvestor-DXrKZn0W.js  
  inflating: /var/www/html/assets/index-Be8XWa94.js  
  inflating: /var/www/html/assets/globe-BpE0zVUQ.js  
  inflating: /var/www/html/assets/AssignAdminModal-DWxb4PH4.js  
  inflating: /var/www/html/assets/label-Drk6MHYa.js  
  inflating: /var/www/html/assets/EditFounder-DCSNRTEn.js  
  inflating: /var/www/html/assets/index-DL-x8ZuY.js  
  inflating: /var/www/html/assets/index-BIVlKf1Y.js  
  inflating: /var/www/html/assets/log-in-C7CRlIaq.js  
  inflating: /var/www/html/assets/ban-BP3oVqwQ.js  
  inflating: /var/www/html/assets/user-plus-DGO0Kkkr.js  
  inflating: /var/www/html/assets/phone-DV9RuHsU.js  
  inflating: /var/www/html/assets/pencil-NFAxkZXi.js  
  inflating: /var/www/html/assets/index-CLXDE8Ey.js  
  inflating: /var/www/html/assets/ViewBusinessProposal-BRjTPb2R.js  
  inflating: /var/www/html/assets/circle-check-YymjUG6t.js  
  inflating: /var/www/html/assets/calendar--j1FWZU0.js  
  inflating: /var/www/html/assets/index-CeR56flA.js  
  inflating: /var/www/html/assets/ToggleChips-sGgkPffB.js  
  inflating: /var/www/html/assets/index-Dc2BZksA.js  
  inflating: /var/www/html/assets/useDebounce-Sn-8nMkD.js  
  inflating: /var/www/html/assets/CreateNewBatch-CnM73QlE.js  
  inflating: /var/www/html/assets/message-circle-BaFY4LUt.js  
  inflating: /var/www/html/assets/sparkles-CsIPnzxz.js  
  inflating: /var/www/html/assets/map-pin-D9ugUhjy.js  
  inflating: /var/www/html/assets/shield-check-BmsgVyTn.js  
  inflating: /var/www/html/assets/supabase-bulk-emails-CWM_CKIJ.js  
  inflating: /var/www/html/assets/mail-DZUwt604.js  
  inflating: /var/www/html/assets/table-DMo-Rn_p.js  
  inflating: /var/www/html/assets/Dashboard-BWmI52gh.js  
  inflating: /var/www/html/assets/SimplifiedProfile-B8rgBnJl.js  
  inflating: /var/www/html/assets/index-C8EMJ6ih.js  
  inflating: /var/www/html/assets/trending-up-BhILL5h2.js  
  inflating: /var/www/html/assets/LegalModal-XcTZsxHu.js  
  inflating: /var/www/html/assets/index-MrjAD7AB.js  
  inflating: /var/www/html/assets/input-Br8Uv_5X.js  
  inflating: /var/www/html/assets/style-vlFkaQzH.js  
  inflating: /var/www/html/assets/dialog-CUJx9sEW.js  
  inflating: /var/www/html/assets/download-CUQyA1jc.js  
  inflating: /var/www/html/assets/popover-yqE0xKns.js  
  inflating: /var/www/html/assets/index-D-qwDsGN.js  
  inflating: /var/www/html/assets/index-DYNJoC1P.js  
  inflating: /var/www/html/assets/index-DczHloBO.js  
  inflating: /var/www/html/assets/index-B2drDa5f.js  
  inflating: /var/www/html/assets/index-BdQq_4o_.js  
  inflating: /var/www/html/assets/InfoBox-idFe_Uoa.js  
  inflating: /var/www/html/assets/info-Dm-eszgN.js  
  inflating: /var/www/html/assets/circle-alert-COsPbvSF.js  
  inflating: /var/www/html/assets/select-CL0U5Ka6.js  
  inflating: /var/www/html/assets/chevron-down-BqbyK_hL.js  
  inflating: /var/www/html/assets/index-BchNeemI.js  
  inflating: /var/www/html/assets/index-1bYoH0HL.js  
  inflating: /var/www/html/assets/FileUploader-Dlp1og0R.js  
  inflating: /var/www/html/assets/textarea-CgilYveG.js  
  inflating: /var/www/html/assets/link-CXLG6unK.js  
  inflating: /var/www/html/assets/eye-CnzyyYPR.js  
  inflating: /var/www/html/assets/trash-2-wOePGCPd.js  
  inflating: /var/www/html/assets/topCards-B9uRYbKV.js  
  inflating: /var/www/html/assets/card-D95b2ueu.js  
  inflating: /var/www/html/assets/ImageUploader-YhI5V0rf.js  
  inflating: /var/www/html/assets/upload-2XazIqfb.js  
  inflating: /var/www/html/assets/EmptyState-DQgMRfQU.js  
  inflating: /var/www/html/assets/toolbar-CANkRlxH.js  
  inflating: /var/www/html/assets/message-square-UmmShvUs.js  
  inflating: /var/www/html/assets/tooltip-CAytlFDD.js  
  inflating: /var/www/html/assets/square-pen-BzbFllbg.js  
  inflating: /var/www/html/assets/rotate-ccw-BSQEzfYG.js  
  inflating: /var/www/html/assets/chevron-left-B4yLEfx-.js  
  inflating: /var/www/html/assets/checkbox-FeTKPlPD.js  
  inflating: /var/www/html/assets/plus-CL7rwF2K.js  
  inflating: /var/www/html/assets/file-text-4L77Usmj.js  
  inflating: /var/www/html/assets/businessProposalCard-DvzFmM6E.js  
  inflating: /var/www/html/assets/GetMoreDetailsModal-C-9kzoFf.js  
  inflating: /var/www/html/assets/Tabs-Coo5-FdA.js  
  inflating: /var/www/html/assets/circle-x-C5YxanTk.js  
  inflating: /var/www/html/assets/target-DS1_57PO.js  
  inflating: /var/www/html/assets/Stepper-CRbAZwrt.js  
  inflating: /var/www/html/assets/package-Cx-vfsRt.js  
  inflating: /var/www/html/assets/ContactSupportModal-Cj04OsN6.js  
  inflating: /var/www/html/assets/index-B1qstTjE.js  
  inflating: /var/www/html/assets/index-oVCPfdN_.js  
  inflating: /var/www/html/assets/Dashboard-CFrO_Zoq.js  
  inflating: /var/www/html/assets/index-59smUv2o.js  
  inflating: /var/www/html/assets/index-Ctg5OYu9.js  
  inflating: /var/www/html/assets/index-DTkIYEeR.js  
  inflating: /var/www/html/assets/xlsx-DGuHH-KN.js  
  inflating: /var/www/html/index.html  
Saving Git logs repo SSH key...
Testing GitHub SSH key...
Cloning deployment-logs repo...
Cloning into 'logs-repo'...
