Installing dependencies...
npm warn deprecated w3c-hr-time@1.0.2: Use your platform's native performance.now() and performance.timeOrigin.
npm warn deprecated domexception@2.0.1: Use your platform's native DOMException instead
npm warn deprecated abab@2.0.6: Use your platform's native atob() and btoa() methods instead

> the-business-hub-pakistan@0.0.0 prepare
> husky

.git can't be found
added 1807 packages, and audited 1808 packages in 5m

253 packages are looking for funding
  run `npm fund` for details

70 vulnerabilities (67 moderate, 3 high)

To address issues that do not require attention, run:
  npm audit fix

To address all issues possible (including breaking changes), run:
  npm audit fix --force

Some issues need review, and may require choosing
a different dependency.

Run `npm audit` for details.
Building React app...

> the-business-hub-pakistan@0.0.0 build
> vite build

vite v7.1.11 building for production...
transforming...
✓ 3077 modules transformed.
rendering chunks...
computing gzip size...
dist/index.html                                    2.18 kB │ gzip:   1.05 kB
dist/assets/verifiedBadge-CrcJq1tD.webp           10.83 kB
dist/assets/rectanglePlaceholder-nCbViREl.png     11.85 kB
dist/assets/goldenCheck-CnSHOmXW.webp             13.45 kB
dist/assets/irfanMalikBg-D4osmO_C.jpg             24.66 kB
dist/assets/proposal6-wLmvSjqd.webp               28.15 kB
dist/assets/placeholderMan-BvremNML.png           36.64 kB
dist/assets/handShake-Dk1DoagP.webp               65.18 kB
dist/assets/tower-gldBe0jJ.webp                   66.16 kB
dist/assets/tower2-LuqAcWCu.jpg                   72.52 kB
dist/assets/shakeelBg-NX99JDrP.jpg               143.15 kB
dist/assets/MainLogo-DJpFhlQE.png                144.86 kB
dist/assets/Fav-BPcykgsi.png                     147.34 kB
dist/assets/akhtar-qLBVRLf-.jpg                  173.92 kB
dist/assets/proposal5-DItum-r7.webp              174.24 kB
dist/assets/tower3-DpFzgoGy.jpg                  175.56 kB
dist/assets/proposal2-B9XZZX50.webp              192.62 kB
dist/assets/meerShinyDress-C8scZpYx.webp         229.68 kB
dist/assets/meerGreenJacket-ykCKR2uN.png         230.19 kB
dist/assets/arabic-BElshnQY.jpg                  238.42 kB
dist/assets/wasim-ETjjiRaD.jpg                   242.26 kB
dist/assets/salman-DD3Zraly.jpg                  255.18 kB
dist/assets/fahad-CnovJc60.jpg                   278.62 kB
dist/assets/tech-BdWyL5Pa.jpg                    281.71 kB
dist/assets/dubai-Bmqq4ymj.jpg                   311.77 kB
dist/assets/wasimAkramBg-D4BFEYu1.png            313.57 kB
dist/assets/proposal3-fxAFZeku.webp              445.47 kB
dist/assets/proposal4-CZk7QC75.webp              542.86 kB
dist/assets/proposal1-D37fvLUu.webp              779.05 kB
dist/assets/wasimAkram-CBOcRO9q.png            4,488.96 kB
dist/assets/BlogDetail-oNXnMkFG.css                0.63 kB │ gzip:   0.26 kB
dist/assets/style-DpsRipQV.css                     3.23 kB │ gzip:   0.73 kB
dist/assets/index-BcXEdFNm.css                   154.15 kB │ gzip:  20.74 kB
dist/assets/blogs-ChqPogSE.js                      0.04 kB │ gzip:   0.06 kB
dist/assets/useDebounce-DE8m1L3_.js                0.19 kB │ gzip:   0.17 kB
dist/assets/plus-LxQXcFTH.js                       0.33 kB │ gzip:   0.26 kB
dist/assets/arrow-right-CjndQtR-.js                0.34 kB │ gzip:   0.27 kB
dist/assets/arrow-left-4D43nScd.js                 0.34 kB │ gzip:   0.27 kB
dist/assets/circle-check-B2oo7LtA.js               0.35 kB │ gzip:   0.27 kB
dist/assets/trending-up-CF4YxkBL.js                0.35 kB │ gzip:   0.28 kB
dist/assets/ban-qA5Ufv1p.js                        0.35 kB │ gzip:   0.28 kB
dist/assets/info-C0R1xvjI.js                       0.37 kB │ gzip:   0.28 kB
dist/assets/rotate-ccw-CMWUylDv.js                 0.37 kB │ gzip:   0.29 kB
dist/assets/circle-x-B0MvA_B1.js                   0.38 kB │ gzip:   0.28 kB
dist/assets/mail-DV3ewKwd.js                       0.39 kB │ gzip:   0.31 kB
dist/assets/target-B2Y7xcfy.js                     0.39 kB │ gzip:   0.27 kB
dist/assets/upload-DT5hCRNU.js                     0.40 kB │ gzip:   0.30 kB
dist/assets/log-in-DMJiuRj4.js                     0.40 kB │ gzip:   0.29 kB
dist/assets/message-square-DIdAhnXR.js             0.41 kB │ gzip:   0.31 kB
dist/assets/globe-DT4l6fpl.js                      0.41 kB │ gzip:   0.30 kB
dist/assets/message-circle-BEIDAKI2.js             0.41 kB │ gzip:   0.32 kB
dist/assets/circle-alert-XEwDMA17.js               0.42 kB │ gzip:   0.30 kB
dist/assets/funnel-C7V57yw9.js                     0.42 kB │ gzip:   0.31 kB
dist/assets/map-pin-Ds5eXDkD.js                    0.43 kB │ gzip:   0.33 kB
dist/assets/calendar-B4vmYrOa.js                   0.43 kB │ gzip:   0.31 kB
dist/assets/pencil-DVfLfrLW.js                     0.45 kB │ gzip:   0.33 kB
dist/assets/shield-check-DOul4MTl.js               0.49 kB │ gzip:   0.35 kB
dist/assets/phone-CB4Z8bvb.js                      0.50 kB │ gzip:   0.33 kB
dist/assets/sparkles-Daj6WPE4.js                   0.67 kB │ gzip:   0.39 kB
dist/assets/CkEditor-CSfQQdbv.js                   0.85 kB │ gzip:   0.53 kB
dist/assets/InfoBox-DQ5t5vyU.js                    0.86 kB │ gzip:   0.43 kB
dist/assets/Tabs-0bv5QlVG.js                       1.23 kB │ gzip:   0.65 kB
dist/assets/ToggleChips-w6X1BgIf.js                1.68 kB │ gzip:   0.83 kB
dist/assets/topCards-jW75czN-.js                   1.71 kB │ gzip:   0.74 kB
dist/assets/ImageUploader-DzKnWHq6.js              1.92 kB │ gzip:   0.93 kB
dist/assets/ForgotPassword-BjY5OIvp.js             2.14 kB │ gzip:   1.08 kB
dist/assets/FilterDrawer-DgnfnbeW.js               2.26 kB │ gzip:   0.96 kB
dist/assets/ResetPassword-DGiIlWpV.js              2.37 kB │ gzip:   1.06 kB
dist/assets/MultipleImageUploader-CDLaYQKN.js      2.61 kB │ gzip:   1.14 kB
dist/assets/AuthCallback-DzQ0zlXd.js               2.68 kB │ gzip:   1.29 kB
dist/assets/index-C-8tJemG.js                      2.72 kB │ gzip:   1.22 kB
dist/assets/toolbar-DNs85VGt.js                    2.92 kB │ gzip:   1.19 kB
dist/assets/index-DDa2OmEZ.js                      3.11 kB │ gzip:   1.48 kB
dist/assets/supabase-bulk-emails-CO6tptIk.js       3.14 kB │ gzip:   1.12 kB
dist/assets/index-D9xYoJFs.js                      3.24 kB │ gzip:   1.62 kB
dist/assets/SignupThankYou-BqEt59QX.js             3.30 kB │ gzip:   1.50 kB
dist/assets/index-DLSfsQKE.js                      3.31 kB │ gzip:   1.60 kB
dist/assets/index-DxTkBfuD.js                      3.44 kB │ gzip:   1.64 kB
dist/assets/index-B46_3bfS.js                      3.48 kB │ gzip:   1.68 kB
dist/assets/index-BymzW_s6.js                      3.84 kB │ gzip:   1.89 kB
dist/assets/index-LhciPZwj.js                      3.85 kB │ gzip:   1.90 kB
dist/assets/index-OCaNIcUP.js                      3.97 kB │ gzip:   1.57 kB
dist/assets/index-kJoZ72C_.js                      4.00 kB │ gzip:   1.80 kB
dist/assets/index-gnDNkOWD.js                      4.19 kB │ gzip:   1.86 kB
dist/assets/ContactSupport-wXPF3uFk.js             4.66 kB │ gzip:   1.94 kB
dist/assets/Stepper-CtZGSsIS.js                    4.66 kB │ gzip:   2.01 kB
dist/assets/Login-D4fA5q9H.js                      4.79 kB │ gzip:   1.98 kB
dist/assets/index-flwLaHjF.js                      5.04 kB │ gzip:   2.16 kB
dist/assets/CreateBlog-eyHwaej6.js                 5.16 kB │ gzip:   2.20 kB
dist/assets/AllBlogs-lYwJ6ll8.js                   5.18 kB │ gzip:   2.09 kB
dist/assets/Dashboard-CKYlWbUv.js                  5.36 kB │ gzip:   1.82 kB
dist/assets/SelectRole-IQsuLU30.js                 5.67 kB │ gzip:   2.40 kB
dist/assets/VerifyUserEmail-Cwlo8N0o.js            5.88 kB │ gzip:   2.11 kB
dist/assets/EditBlog-CA-2753x.js                   6.04 kB │ gzip:   2.59 kB
dist/assets/Dashboard-5_q0Dfyh.js                  6.35 kB │ gzip:   1.65 kB
dist/assets/Profile-CLpJe_QL.js                    6.82 kB │ gzip:   2.17 kB
dist/assets/SignUp-CvqLMkAO.js                     6.85 kB │ gzip:   2.59 kB
dist/assets/ViewRemindersModal-CEozm3We.js         6.92 kB │ gzip:   2.55 kB
dist/assets/index-CeHAqjwo.js                      7.82 kB │ gzip:   3.19 kB
dist/assets/businessProposalCard-sCz_sGDm.js       8.93 kB │ gzip:   3.02 kB
dist/assets/index-C4lrpVgO.js                      9.20 kB │ gzip:   3.80 kB
dist/assets/index-D0GB2-f8.js                      9.74 kB │ gzip:   3.61 kB
dist/assets/index-VXeWcbOy.js                      9.97 kB │ gzip:   3.23 kB
dist/assets/Header-gJY5gqhg.js                    11.28 kB │ gzip:   3.37 kB
dist/assets/table-BZbdxrLU.js                     12.01 kB │ gzip:   3.74 kB
dist/assets/SimplifiedProfile-B1edmfWi.js         13.43 kB │ gzip:   3.56 kB
dist/assets/index-DVuFywJk.js                     15.68 kB │ gzip:   4.84 kB
dist/assets/CreateNewBatch-COWwNisb.js            16.81 kB │ gzip:   4.55 kB
dist/assets/EditFounder-BlFDJ-ah.js               17.90 kB │ gzip:   4.33 kB
dist/assets/index-D3UvrVKM.js                     18.44 kB │ gzip:   5.96 kB
dist/assets/EditInvestor-Dg84ly-I.js              18.90 kB │ gzip:   4.60 kB
dist/assets/index-CLD2kO-Q.js                     20.15 kB │ gzip:   6.63 kB
dist/assets/index-BEO1Cfca.js                     20.39 kB │ gzip:   6.55 kB
dist/assets/index-tcTKI3fb.js                     21.01 kB │ gzip:   6.70 kB
dist/assets/index-DNae6VGj.js                     21.25 kB │ gzip:   5.58 kB
dist/assets/BlogDetail-BGFJh9OR.js                22.13 kB │ gzip:   9.02 kB
dist/assets/index-Bwvfnziw.js                     22.33 kB │ gzip:   6.61 kB
dist/assets/ViewBusinessProposal-CchlmkUN.js      24.37 kB │ gzip:   5.93 kB
dist/assets/Landing-B-z6YKdg.js                  151.03 kB │ gzip:  53.09 kB
dist/assets/xlsx-DGuHH-KN.js                     429.49 kB │ gzip: 143.07 kB
dist/assets/index-3PHXY0oB.js                    608.90 kB │ gzip: 164.67 kB
dist/assets/index-BD5Yxb89.js                  2,789.17 kB │ gzip: 744.13 kB

(!) Some chunks are larger than 1500 kB after minification. Consider:
- Using dynamic import() to code-split the application
- Use build.rollupOptions.output.manualChunks to improve chunking: https://rollupjs.org/configuration-options/#output-manualchunks
- Adjust chunk size limit for this warning via build.chunkSizeWarningLimit.
✓ built in 17.63s
Packaging build...
  adding: favicon.ico (deflated 13%)
  adding: assets/ (stored 0%)
  adding: assets/irfanMalikBg-D4osmO_C.jpg (deflated 1%)
  adding: assets/meerGreenJacket-ykCKR2uN.png (deflated 0%)
  adding: assets/meerShinyDress-C8scZpYx.webp (deflated 0%)
  adding: assets/shakeelBg-NX99JDrP.jpg (deflated 0%)
  adding: assets/dubai-Bmqq4ymj.jpg (deflated 0%)
  adding: assets/fahad-CnovJc60.jpg (deflated 0%)
  adding: assets/handShake-Dk1DoagP.webp (deflated 0%)
  adding: assets/salman-DD3Zraly.jpg (deflated 0%)
  adding: assets/tech-BdWyL5Pa.jpg (deflated 0%)
  adding: assets/wasim-ETjjiRaD.jpg (deflated 0%)
  adding: assets/arabic-BElshnQY.jpg (deflated 0%)
  adding: assets/akhtar-qLBVRLf-.jpg (deflated 1%)
  adding: assets/rectanglePlaceholder-nCbViREl.png (deflated 31%)
  adding: assets/Fav-BPcykgsi.png (deflated 5%)
  adding: assets/MainLogo-DJpFhlQE.png (deflated 4%)
  adding: assets/goldenCheck-CnSHOmXW.webp (stored 0%)
  adding: assets/verifiedBadge-CrcJq1tD.webp (deflated 1%)
  adding: assets/tower2-LuqAcWCu.jpg (deflated 2%)
  adding: assets/tower3-DpFzgoGy.jpg (deflated 0%)
  adding: assets/wasimAkramBg-D4BFEYu1.png (deflated 0%)
  adding: assets/proposal2-B9XZZX50.webp (deflated 3%)
  adding: assets/proposal3-fxAFZeku.webp (deflated 1%)
  adding: assets/proposal5-DItum-r7.webp (deflated 4%)
  adding: assets/proposal6-wLmvSjqd.webp (deflated 0%)
  adding: assets/placeholderMan-BvremNML.png (deflated 3%)
  adding: assets/tower-gldBe0jJ.webp (deflated 0%)
  adding: assets/proposal1-D37fvLUu.webp (deflated 1%)
  adding: assets/proposal4-CZk7QC75.webp (deflated 1%)
  adding: assets/wasimAkram-CBOcRO9q.png (deflated 1%)
  adding: assets/index-BcXEdFNm.css (deflated 87%)
  adding: assets/BlogDetail-oNXnMkFG.css (deflated 62%)
  adding: assets/style-DpsRipQV.css (deflated 78%)
  adding: assets/index-BD5Yxb89.js (deflated 73%)
  adding: assets/Landing-B-z6YKdg.js (deflated 65%)
  adding: assets/BlogDetail-BGFJh9OR.js (deflated 60%)
  adding: assets/AllBlogs-lYwJ6ll8.js (deflated 60%)
  adding: assets/index-D9xYoJFs.js (deflated 50%)
  adding: assets/index-DDa2OmEZ.js (deflated 53%)
  adding: assets/index-DxTkBfuD.js (deflated 53%)
  adding: assets/index-DLSfsQKE.js (deflated 52%)
  adding: assets/Header-gJY5gqhg.js (deflated 70%)
  adding: assets/SignUp-CvqLMkAO.js (deflated 63%)
  adding: assets/ForgotPassword-BjY5OIvp.js (deflated 51%)
  adding: assets/VerifyUserEmail-Cwlo8N0o.js (deflated 64%)
  adding: assets/ResetPassword-DGiIlWpV.js (deflated 56%)
  adding: assets/ContactSupport-wXPF3uFk.js (deflated 59%)
  adding: assets/AuthCallback-DzQ0zlXd.js (deflated 52%)
  adding: assets/SelectRole-IQsuLU30.js (deflated 58%)
  adding: assets/SignupThankYou-BqEt59QX.js (deflated 55%)
  adding: assets/Login-D4fA5q9H.js (deflated 59%)
  adding: assets/index-C-8tJemG.js (deflated 55%)
  adding: assets/index-3PHXY0oB.js (deflated 73%)
  adding: assets/Profile-CLpJe_QL.js (deflated 68%)
  adding: assets/index-CeHAqjwo.js (deflated 59%)
  adding: assets/index-tcTKI3fb.js (deflated 68%)
  adding: assets/EditInvestor-Dg84ly-I.js (deflated 76%)
  adding: assets/index-BEO1Cfca.js (deflated 68%)
  adding: assets/ViewRemindersModal-CEozm3We.js (deflated 63%)
  adding: assets/EditFounder-BlFDJ-ah.js (deflated 76%)
  adding: assets/index-C4lrpVgO.js (deflated 59%)
  adding: assets/index-CLD2kO-Q.js (deflated 67%)
  adding: assets/log-in-DMJiuRj4.js (deflated 31%)
  adding: assets/pencil-DVfLfrLW.js (deflated 31%)
  adding: assets/index-D3UvrVKM.js (deflated 68%)
  adding: assets/ViewBusinessProposal-CchlmkUN.js (deflated 76%)
  adding: assets/circle-check-B2oo7LtA.js (deflated 27%)
  adding: assets/index-Bwvfnziw.js (deflated 70%)
  adding: assets/index-VXeWcbOy.js (deflated 68%)
  adding: assets/CreateNewBatch-COWwNisb.js (deflated 73%)
  adding: assets/map-pin-Ds5eXDkD.js (deflated 28%)
  adding: assets/shield-check-DOul4MTl.js (deflated 32%)
  adding: assets/message-circle-BEIDAKI2.js (deflated 28%)
  adding: assets/supabase-bulk-emails-CO6tptIk.js (deflated 65%)
  adding: assets/index-flwLaHjF.js (deflated 58%)
  adding: assets/ban-qA5Ufv1p.js (deflated 26%)
  adding: assets/useDebounce-DE8m1L3_.js (deflated 21%)
  adding: assets/table-BZbdxrLU.js (deflated 69%)
  adding: assets/arrow-right-CjndQtR-.js (deflated 26%)
  adding: assets/mail-DV3ewKwd.js (deflated 26%)
  adding: assets/phone-CB4Z8bvb.js (deflated 36%)
  adding: assets/sparkles-Daj6WPE4.js (deflated 45%)
  adding: assets/trending-up-CF4YxkBL.js (deflated 26%)
  adding: assets/globe-DT4l6fpl.js (deflated 32%)
  adding: assets/blogs-ChqPogSE.js (stored 0%)
  adding: assets/calendar-B4vmYrOa.js (deflated 33%)
  adding: assets/index-B46_3bfS.js (deflated 53%)
  adding: assets/arrow-left-4D43nScd.js (deflated 25%)
  adding: assets/InfoBox-DQ5t5vyU.js (deflated 51%)
  adding: assets/info-C0R1xvjI.js (deflated 30%)
  adding: assets/circle-alert-XEwDMA17.js (deflated 35%)
  adding: assets/topCards-jW75czN-.js (deflated 58%)
  adding: assets/ImageUploader-DzKnWHq6.js (deflated 53%)
  adding: assets/upload-DT5hCRNU.js (deflated 30%)
  adding: assets/toolbar-DNs85VGt.js (deflated 60%)
  adding: assets/message-square-DIdAhnXR.js (deflated 29%)
  adding: assets/funnel-C7V57yw9.js (deflated 30%)
  adding: assets/FilterDrawer-DgnfnbeW.js (deflated 58%)
  adding: assets/rotate-ccw-CMWUylDv.js (deflated 27%)
  adding: assets/ToggleChips-w6X1BgIf.js (deflated 52%)
  adding: assets/circle-x-B0MvA_B1.js (deflated 30%)
  adding: assets/plus-LxQXcFTH.js (deflated 27%)
  adding: assets/Tabs-0bv5QlVG.js (deflated 49%)
  adding: assets/businessProposalCard-sCz_sGDm.js (deflated 67%)
  adding: assets/target-B2Y7xcfy.js (deflated 37%)
  adding: assets/Stepper-CtZGSsIS.js (deflated 57%)
  adding: assets/MultipleImageUploader-CDLaYQKN.js (deflated 57%)
  adding: assets/CkEditor-CSfQQdbv.js (deflated 40%)
  adding: assets/CreateBlog-eyHwaej6.js (deflated 58%)
  adding: assets/EditBlog-CA-2753x.js (deflated 57%)
  adding: assets/index-DVuFywJk.js (deflated 69%)
  adding: assets/Dashboard-5_q0Dfyh.js (deflated 74%)
  adding: assets/SimplifiedProfile-B1edmfWi.js (deflated 74%)
  adding: assets/index-BymzW_s6.js (deflated 51%)
  adding: assets/index-gnDNkOWD.js (deflated 56%)
  adding: assets/index-OCaNIcUP.js (deflated 61%)
  adding: assets/index-kJoZ72C_.js (deflated 56%)
  adding: assets/Dashboard-CKYlWbUv.js (deflated 66%)
  adding: assets/index-DNae6VGj.js (deflated 74%)
  adding: assets/index-D0GB2-f8.js (deflated 63%)
  adding: assets/index-LhciPZwj.js (deflated 51%)
  adding: assets/xlsx-DGuHH-KN.js (deflated 67%)
  adding: index.html (deflated 52%)
Saving Lightsail SSH key...
Uploading build to Lightsail...
Warning: Permanently added '15.207.22.250' (ED25519) to the list of known hosts.
Deploying build to /var/www/html ...
Archive:  /home/ubuntu/react-build.zip
  inflating: /var/www/html/favicon.ico  
   creating: /var/www/html/assets/
  inflating: /var/www/html/assets/irfanMalikBg-D4osmO_C.jpg  
  inflating: /var/www/html/assets/meerGreenJacket-ykCKR2uN.png  
  inflating: /var/www/html/assets/meerShinyDress-C8scZpYx.webp  
  inflating: /var/www/html/assets/shakeelBg-NX99JDrP.jpg  
  inflating: /var/www/html/assets/dubai-Bmqq4ymj.jpg  
  inflating: /var/www/html/assets/fahad-CnovJc60.jpg  
  inflating: /var/www/html/assets/handShake-Dk1DoagP.webp  
  inflating: /var/www/html/assets/salman-DD3Zraly.jpg  
  inflating: /var/www/html/assets/tech-BdWyL5Pa.jpg  
  inflating: /var/www/html/assets/wasim-ETjjiRaD.jpg  
  inflating: /var/www/html/assets/arabic-BElshnQY.jpg  
  inflating: /var/www/html/assets/akhtar-qLBVRLf-.jpg  
  inflating: /var/www/html/assets/rectanglePlaceholder-nCbViREl.png  
  inflating: /var/www/html/assets/Fav-BPcykgsi.png  
  inflating: /var/www/html/assets/MainLogo-DJpFhlQE.png  
 extracting: /var/www/html/assets/goldenCheck-CnSHOmXW.webp  
  inflating: /var/www/html/assets/verifiedBadge-CrcJq1tD.webp  
  inflating: /var/www/html/assets/tower2-LuqAcWCu.jpg  
  inflating: /var/www/html/assets/tower3-DpFzgoGy.jpg  
  inflating: /var/www/html/assets/wasimAkramBg-D4BFEYu1.png  
  inflating: /var/www/html/assets/proposal2-B9XZZX50.webp  
  inflating: /var/www/html/assets/proposal3-fxAFZeku.webp  
  inflating: /var/www/html/assets/proposal5-DItum-r7.webp  
  inflating: /var/www/html/assets/proposal6-wLmvSjqd.webp  
  inflating: /var/www/html/assets/placeholderMan-BvremNML.png  
  inflating: /var/www/html/assets/tower-gldBe0jJ.webp  
  inflating: /var/www/html/assets/proposal1-D37fvLUu.webp  
  inflating: /var/www/html/assets/proposal4-CZk7QC75.webp  
  inflating: /var/www/html/assets/wasimAkram-CBOcRO9q.png  
  inflating: /var/www/html/assets/index-BcXEdFNm.css  
  inflating: /var/www/html/assets/BlogDetail-oNXnMkFG.css  
  inflating: /var/www/html/assets/style-DpsRipQV.css  
  inflating: /var/www/html/assets/index-BD5Yxb89.js  
  inflating: /var/www/html/assets/Landing-B-z6YKdg.js  
  inflating: /var/www/html/assets/BlogDetail-BGFJh9OR.js  
  inflating: /var/www/html/assets/AllBlogs-lYwJ6ll8.js  
  inflating: /var/www/html/assets/index-D9xYoJFs.js  
  inflating: /var/www/html/assets/index-DDa2OmEZ.js  
  inflating: /var/www/html/assets/index-DxTkBfuD.js  
  inflating: /var/www/html/assets/index-DLSfsQKE.js  
  inflating: /var/www/html/assets/Header-gJY5gqhg.js  
  inflating: /var/www/html/assets/SignUp-CvqLMkAO.js  
  inflating: /var/www/html/assets/ForgotPassword-BjY5OIvp.js  
  inflating: /var/www/html/assets/VerifyUserEmail-Cwlo8N0o.js  
  inflating: /var/www/html/assets/ResetPassword-DGiIlWpV.js  
  inflating: /var/www/html/assets/ContactSupport-wXPF3uFk.js  
  inflating: /var/www/html/assets/AuthCallback-DzQ0zlXd.js  
  inflating: /var/www/html/assets/SelectRole-IQsuLU30.js  
  inflating: /var/www/html/assets/SignupThankYou-BqEt59QX.js  
  inflating: /var/www/html/assets/Login-D4fA5q9H.js  
  inflating: /var/www/html/assets/index-C-8tJemG.js  
  inflating: /var/www/html/assets/index-3PHXY0oB.js  
  inflating: /var/www/html/assets/Profile-CLpJe_QL.js  
  inflating: /var/www/html/assets/index-CeHAqjwo.js  
  inflating: /var/www/html/assets/index-tcTKI3fb.js  
  inflating: /var/www/html/assets/EditInvestor-Dg84ly-I.js  
  inflating: /var/www/html/assets/index-BEO1Cfca.js  
  inflating: /var/www/html/assets/ViewRemindersModal-CEozm3We.js  
  inflating: /var/www/html/assets/EditFounder-BlFDJ-ah.js  
  inflating: /var/www/html/assets/index-C4lrpVgO.js  
  inflating: /var/www/html/assets/index-CLD2kO-Q.js  
  inflating: /var/www/html/assets/log-in-DMJiuRj4.js  
  inflating: /var/www/html/assets/pencil-DVfLfrLW.js  
  inflating: /var/www/html/assets/index-D3UvrVKM.js  
  inflating: /var/www/html/assets/ViewBusinessProposal-CchlmkUN.js  
  inflating: /var/www/html/assets/circle-check-B2oo7LtA.js  
  inflating: /var/www/html/assets/index-Bwvfnziw.js  
  inflating: /var/www/html/assets/index-VXeWcbOy.js  
  inflating: /var/www/html/assets/CreateNewBatch-COWwNisb.js  
  inflating: /var/www/html/assets/map-pin-Ds5eXDkD.js  
  inflating: /var/www/html/assets/shield-check-DOul4MTl.js  
  inflating: /var/www/html/assets/message-circle-BEIDAKI2.js  
  inflating: /var/www/html/assets/supabase-bulk-emails-CO6tptIk.js  
  inflating: /var/www/html/assets/index-flwLaHjF.js  
  inflating: /var/www/html/assets/ban-qA5Ufv1p.js  
  inflating: /var/www/html/assets/useDebounce-DE8m1L3_.js  
  inflating: /var/www/html/assets/table-BZbdxrLU.js  
  inflating: /var/www/html/assets/arrow-right-CjndQtR-.js  
  inflating: /var/www/html/assets/mail-DV3ewKwd.js  
  inflating: /var/www/html/assets/phone-CB4Z8bvb.js  
  inflating: /var/www/html/assets/sparkles-Daj6WPE4.js  
  inflating: /var/www/html/assets/trending-up-CF4YxkBL.js  
  inflating: /var/www/html/assets/globe-DT4l6fpl.js  
 extracting: /var/www/html/assets/blogs-ChqPogSE.js  
  inflating: /var/www/html/assets/calendar-B4vmYrOa.js  
  inflating: /var/www/html/assets/index-B46_3bfS.js  
  inflating: /var/www/html/assets/arrow-left-4D43nScd.js  
  inflating: /var/www/html/assets/InfoBox-DQ5t5vyU.js  
  inflating: /var/www/html/assets/info-C0R1xvjI.js  
  inflating: /var/www/html/assets/circle-alert-XEwDMA17.js  
  inflating: /var/www/html/assets/topCards-jW75czN-.js  
  inflating: /var/www/html/assets/ImageUploader-DzKnWHq6.js  
  inflating: /var/www/html/assets/upload-DT5hCRNU.js  
  inflating: /var/www/html/assets/toolbar-DNs85VGt.js  
  inflating: /var/www/html/assets/message-square-DIdAhnXR.js  
  inflating: /var/www/html/assets/funnel-C7V57yw9.js  
  inflating: /var/www/html/assets/FilterDrawer-DgnfnbeW.js  
  inflating: /var/www/html/assets/rotate-ccw-CMWUylDv.js  
  inflating: /var/www/html/assets/ToggleChips-w6X1BgIf.js  
  inflating: /var/www/html/assets/circle-x-B0MvA_B1.js  
  inflating: /var/www/html/assets/plus-LxQXcFTH.js  
  inflating: /var/www/html/assets/Tabs-0bv5QlVG.js  
  inflating: /var/www/html/assets/businessProposalCard-sCz_sGDm.js  
  inflating: /var/www/html/assets/target-B2Y7xcfy.js  
  inflating: /var/www/html/assets/Stepper-CtZGSsIS.js  
  inflating: /var/www/html/assets/MultipleImageUploader-CDLaYQKN.js  
  inflating: /var/www/html/assets/CkEditor-CSfQQdbv.js  
  inflating: /var/www/html/assets/CreateBlog-eyHwaej6.js  
  inflating: /var/www/html/assets/EditBlog-CA-2753x.js  
  inflating: /var/www/html/assets/index-DVuFywJk.js  
  inflating: /var/www/html/assets/Dashboard-5_q0Dfyh.js  
  inflating: /var/www/html/assets/SimplifiedProfile-B1edmfWi.js  
  inflating: /var/www/html/assets/index-BymzW_s6.js  
  inflating: /var/www/html/assets/index-gnDNkOWD.js  
  inflating: /var/www/html/assets/index-OCaNIcUP.js  
  inflating: /var/www/html/assets/index-kJoZ72C_.js  
  inflating: /var/www/html/assets/Dashboard-CKYlWbUv.js  
  inflating: /var/www/html/assets/index-DNae6VGj.js  
  inflating: /var/www/html/assets/index-D0GB2-f8.js  
  inflating: /var/www/html/assets/index-LhciPZwj.js  
  inflating: /var/www/html/assets/xlsx-DGuHH-KN.js  
  inflating: /var/www/html/index.html  
Saving Git logs repo SSH key...
Testing GitHub SSH key...
Cloning deployment-logs repo...
Cloning into 'logs-repo'...
