Installing dependencies...
npm warn deprecated w3c-hr-time@1.0.2: Use your platform's native performance.now() and performance.timeOrigin.
npm warn deprecated domexception@2.0.1: Use your platform's native DOMException instead
npm warn deprecated abab@2.0.6: Use your platform's native atob() and btoa() methods instead

> the-business-hub-pakistan@0.0.0 prepare
> husky

.git can't be found
added 1810 packages, and audited 1811 packages in 8m

253 packages are looking for funding
  run `npm fund` for details

80 vulnerabilities (3 low, 71 moderate, 6 high)

To address issues that do not require attention, run:
  npm audit fix

To address all issues possible (including breaking changes), run:
  npm audit fix --force

Some issues need review, and may require choosing
a different dependency.

Run `npm audit` for details.
Building React app...

> the-business-hub-pakistan@0.0.0 build
> vite build

vite v7.1.11 building for production...
transforming...
✓ 3151 modules transformed.
rendering chunks...
computing gzip size...
dist/index.html                                       2.18 kB │ gzip:   1.05 kB
dist/assets/verifiedBadge-CrcJq1tD.webp              10.83 kB
dist/assets/rectanglePlaceholder-nCbViREl.png        11.85 kB
dist/assets/goldenCheck-CnSHOmXW.webp                13.45 kB
dist/assets/irfanMalikBg-D4osmO_C.jpg                24.66 kB
dist/assets/proposal6-wLmvSjqd.webp                  28.15 kB
dist/assets/placeholderMan-BvremNML.png              36.64 kB
dist/assets/handShake-Dk1DoagP.webp                  65.18 kB
dist/assets/tower-gldBe0jJ.webp                      66.16 kB
dist/assets/tower2-LuqAcWCu.jpg                      72.52 kB
dist/assets/shakeelBg-NX99JDrP.jpg                  143.15 kB
dist/assets/MainLogo-DJpFhlQE.png                   144.86 kB
dist/assets/Fav-BPcykgsi.png                        147.34 kB
dist/assets/akhtar-qLBVRLf-.jpg                     173.92 kB
dist/assets/proposal5-DItum-r7.webp                 174.24 kB
dist/assets/tower3-DpFzgoGy.jpg                     175.56 kB
dist/assets/proposal2-B9XZZX50.webp                 192.62 kB
dist/assets/meerShinyDress-C8scZpYx.webp            229.68 kB
dist/assets/meerGreenJacket-ykCKR2uN.png            230.19 kB
dist/assets/arabic-BElshnQY.jpg                     238.42 kB
dist/assets/wasim-ETjjiRaD.jpg                      242.26 kB
dist/assets/salman-DD3Zraly.jpg                     255.18 kB
dist/assets/fahad-CnovJc60.jpg                      278.62 kB
dist/assets/tech-BdWyL5Pa.jpg                       281.71 kB
dist/assets/dubai-Bmqq4ymj.jpg                      311.77 kB
dist/assets/wasimAkramBg-D4BFEYu1.png               313.57 kB
dist/assets/video-poster-DrQklN8e.png               367.51 kB
dist/assets/proposal3-fxAFZeku.webp                 445.47 kB
dist/assets/proposal4-CZk7QC75.webp                 542.86 kB
dist/assets/proposal1-D37fvLUu.webp                 779.05 kB
dist/assets/wasimAkram-CBOcRO9q.png               4,488.96 kB
dist/assets/BlogDetail-oNXnMkFG.css                   0.63 kB │ gzip:   0.26 kB
dist/assets/style-DpsRipQV.css                        3.23 kB │ gzip:   0.73 kB
dist/assets/index-ggLNrt0T.css                      159.74 kB │ gzip:  21.72 kB
dist/assets/blogs-ChqPogSE.js                         0.04 kB │ gzip:   0.06 kB
dist/assets/webinarBanner-XLbHXaFF.js                 0.17 kB │ gzip:   0.15 kB
dist/assets/useDebounce-Bx6Puc52.js                   0.19 kB │ gzip:   0.17 kB
dist/assets/plus-DlsPv_lD.js                          0.33 kB │ gzip:   0.25 kB
dist/assets/arrow-left-DdwFE3eu.js                    0.34 kB │ gzip:   0.27 kB
dist/assets/circle-check-Dqat5CzF.js                  0.35 kB │ gzip:   0.27 kB
dist/assets/trending-up-Br1PGLcH.js                   0.35 kB │ gzip:   0.28 kB
dist/assets/ban-XtNbuQQi.js                           0.35 kB │ gzip:   0.28 kB
dist/assets/info-BmdQoLmb.js                          0.37 kB │ gzip:   0.28 kB
dist/assets/rotate-ccw-BK2ahmOL.js                    0.37 kB │ gzip:   0.29 kB
dist/assets/circle-x-B_uoODmE.js                      0.38 kB │ gzip:   0.28 kB
dist/assets/ellipsis-CVaWNpEu.js                      0.39 kB │ gzip:   0.27 kB
dist/assets/upload-DdDqHjWA.js                        0.40 kB │ gzip:   0.30 kB
dist/assets/index-Sn4emmv4.js                         0.41 kB │ gzip:   0.30 kB
dist/assets/index-DtndY7w8.js                         0.41 kB │ gzip:   0.30 kB
dist/assets/globe-ChH3Rljq.js                         0.41 kB │ gzip:   0.30 kB
dist/assets/headphones-DJDLdrPq.js                    0.41 kB │ gzip:   0.29 kB
dist/assets/message-circle-CvAvGtJe.js                0.41 kB │ gzip:   0.32 kB
dist/assets/circle-alert-PVtzQyWy.js                  0.42 kB │ gzip:   0.30 kB
dist/assets/external-link-C8TNE7OC.js                 0.42 kB │ gzip:   0.30 kB
dist/assets/funnel-DNJGykJ0.js                        0.42 kB │ gzip:   0.32 kB
dist/assets/user-minus-D2eLkjt8.js                    0.43 kB │ gzip:   0.33 kB
dist/assets/calendar-r1GQNKn3.js                      0.43 kB │ gzip:   0.31 kB
dist/assets/pencil-CXBoHb5p.js                        0.45 kB │ gzip:   0.33 kB
dist/assets/hash-h35t_Q6b.js                          0.47 kB │ gzip:   0.30 kB
dist/assets/shield-check-DK2Kz9i9.js                  0.49 kB │ gzip:   0.36 kB
dist/assets/tag-CNk7pk0U.js                           0.49 kB │ gzip:   0.35 kB
dist/assets/Dashboard-Yb0zTd3M.js                     0.50 kB │ gzip:   0.32 kB
dist/assets/Dashboard-FGn4j8Rs.js                     0.50 kB │ gzip:   0.32 kB
dist/assets/support-ticket-events-Dy-DDECJ.js         0.50 kB │ gzip:   0.37 kB
dist/assets/sparkles-BJGwH1C1.js                      0.67 kB │ gzip:   0.39 kB
dist/assets/meta-pixel-CAHtMBtr.js                    0.82 kB │ gzip:   0.37 kB
dist/assets/CkEditor-DYR54fYO.js                      0.85 kB │ gzip:   0.53 kB
dist/assets/InfoBox-C2Vcves9.js                       0.86 kB │ gzip:   0.43 kB
dist/assets/CurrencyWithApprox-CrJERHzl.js            0.91 kB │ gzip:   0.52 kB
dist/assets/arrow-up--3WbjSK7.js                      0.99 kB │ gzip:   0.39 kB
dist/assets/Tabs-zVpqsyFj.js                          1.23 kB │ gzip:   0.65 kB
dist/assets/Pagination-B8scGcM0.js                    1.32 kB │ gzip:   0.73 kB
dist/assets/ProposalPopup-l7yUo3X0.js                 1.64 kB │ gzip:   0.83 kB
dist/assets/ToggleChips-CF2RVJo4.js                   1.68 kB │ gzip:   0.83 kB
dist/assets/topCards-DnQ4_XJM.js                      1.71 kB │ gzip:   0.75 kB
dist/assets/ForgotPassword-BoGLIH4I.js                2.11 kB │ gzip:   1.06 kB
dist/assets/FounderThankYou-C6IGMoMz.js               2.22 kB │ gzip:   1.08 kB
dist/assets/FilterDrawer-BbA_OOl0.js                  2.26 kB │ gzip:   0.96 kB
dist/assets/InvestorThankYou-B8EOzKZa.js              2.35 kB │ gzip:   1.15 kB
dist/assets/recipientFiltersState-CR7kmKBJ.js         2.50 kB │ gzip:   0.93 kB
dist/assets/supabase-bulk-emails-CfCRKivA.js          2.54 kB │ gzip:   1.01 kB
dist/assets/MultipleImageUploader-ognoN_WX.js         2.61 kB │ gzip:   1.14 kB
dist/assets/AuthCallback-BapYMDsA.js                  2.71 kB │ gzip:   1.29 kB
dist/assets/ImageUploader-smqR0Kfz.js                 2.74 kB │ gzip:   1.19 kB
dist/assets/parseISO-Afkx0CcL.js                      2.79 kB │ gzip:   1.27 kB
dist/assets/index-BV5pZzMk.js                         2.86 kB │ gzip:   1.36 kB
dist/assets/index-j8rflDKd.js                         2.99 kB │ gzip:   1.50 kB
dist/assets/index-_im_WFvZ.js                         3.06 kB │ gzip:   1.49 kB
dist/assets/index-CKMfqUua.js                         3.19 kB │ gzip:   1.52 kB
dist/assets/toolbar-CWKBWEPN.js                       3.31 kB │ gzip:   1.30 kB
dist/assets/index-BgSkMi5p.js                         3.41 kB │ gzip:   1.73 kB
dist/assets/index-BtQdFAoS.js                         3.48 kB │ gzip:   1.67 kB
dist/assets/index-9cHI3sCN.js                         3.51 kB │ gzip:   1.61 kB
dist/assets/index-ISo5fx7r.js                         3.57 kB │ gzip:   1.80 kB
dist/assets/index-S38gB1nd.js                         3.80 kB │ gzip:   1.82 kB
dist/assets/target-audience-L1PEJSrF.js               4.02 kB │ gzip:   1.16 kB
dist/assets/BulkActionsBar-CMHs1wvj.js                4.26 kB │ gzip:   1.75 kB
dist/assets/index-DTZcTGnf.js                         4.53 kB │ gzip:   2.06 kB
dist/assets/Stepper-HxeF1Xpl.js                       4.66 kB │ gzip:   2.02 kB
dist/assets/Login-DKx4JyrR.js                         4.74 kB │ gzip:   1.95 kB
dist/assets/ViewRemindersModal-D4KON8lr.js            4.87 kB │ gzip:   1.85 kB
dist/assets/ContactSupport-BGKmAlRi.js                4.90 kB │ gzip:   2.01 kB
dist/assets/ResetPassword-WJyJFkRU.js                 5.08 kB │ gzip:   1.78 kB
dist/assets/ActivityLogsModal.utils-BMYcW5WE.js       5.10 kB │ gzip:   1.46 kB
dist/assets/CreateBlog-RQ-Vkx74.js                    5.28 kB │ gzip:   2.26 kB
dist/assets/index-Cdkvqlio.js                         5.36 kB │ gzip:   2.45 kB
dist/assets/index-C0RzvS82.js                         5.37 kB │ gzip:   2.28 kB
dist/assets/SelectRole-BeJETCMX.js                    5.41 kB │ gzip:   2.29 kB
dist/assets/HelpPageContent-D2gkoR4A.js               5.51 kB │ gzip:   2.00 kB
dist/assets/AllBlogs-Oc4UZafn.js                      5.78 kB │ gzip:   2.31 kB
dist/assets/VerifyUserEmail-oYcX9xjH.js               5.82 kB │ gzip:   2.08 kB
dist/assets/EditBlog-CEyA8S3b.js                      6.15 kB │ gzip:   2.64 kB
dist/assets/Profile-DJOItu7p.js                       6.86 kB │ gzip:   2.19 kB
dist/assets/CreateTargetAudience-9kjJQKLS.js          7.04 kB │ gzip:   2.69 kB
dist/assets/SignUp-DGMTTzFh.js                        7.08 kB │ gzip:   2.67 kB
dist/assets/index-BrZZNCCk.js                         8.01 kB │ gzip:   2.95 kB
dist/assets/index-B-Wkp8D7.js                         8.03 kB │ gzip:   2.89 kB
dist/assets/EditTargetAudience-BYYXcBtJ.js            8.42 kB │ gzip:   2.97 kB
dist/assets/MiniAdminAnalyticsDetail-D9gVTTVr.js      9.28 kB │ gzip:   2.98 kB
dist/assets/index-BrSVKKix.js                         9.30 kB │ gzip:   3.85 kB
dist/assets/index-BQ5M9zAz.js                         9.77 kB │ gzip:   3.61 kB
dist/assets/table-KdO5eEqD.js                         9.82 kB │ gzip:   3.25 kB
dist/assets/businessProposalCard-B2Ui8GF6.js         10.05 kB │ gzip:   3.50 kB
dist/assets/mini-admin-analytics-Dvmwt-IJ.js         12.59 kB │ gzip:   3.63 kB
dist/assets/TicketDetailPage-DFZcY8CB.js             13.40 kB │ gzip:   4.09 kB
dist/assets/SimplifiedProfile-DT4NIqjA.js            13.75 kB │ gzip:   3.64 kB
dist/assets/index-CnQp42au.js                        15.99 kB │ gzip:   4.95 kB
dist/assets/CreateNewBatch-PiEmUQKi.js               17.70 kB │ gzip:   4.72 kB
dist/assets/index-CBiM2JlK.js                        18.57 kB │ gzip:   5.99 kB
dist/assets/index-CFSuRR0Z.js                        19.96 kB │ gzip:   6.63 kB
dist/assets/index-D4s-l3Ci.js                        20.13 kB │ gzip:   5.41 kB
dist/assets/BlogDetail-Dg8Mpn5U.js                   21.52 kB │ gzip:   8.71 kB
dist/assets/index-DCXOaC_W.js                        22.84 kB │ gzip:   6.77 kB
dist/assets/EditFounder-DGm2m82r.js                  23.52 kB │ gzip:   5.86 kB
dist/assets/index-C3UQzrwI.js                        23.59 kB │ gzip:   7.44 kB
dist/assets/EditInvestor-C2zRpyi2.js                 24.49 kB │ gzip:   6.13 kB
dist/assets/ViewBusinessProposal-Dmgmje4a.js         25.92 kB │ gzip:   6.38 kB
dist/assets/index-mbO7xOr_.js                        28.38 kB │ gzip:   7.29 kB
dist/assets/index-rECnbIyw.js                        30.15 kB │ gzip:   9.06 kB
dist/assets/index-sQYHEhsl.js                        54.82 kB │ gzip:  12.04 kB
dist/assets/Landing-DZoqM0ei.js                     152.14 kB │ gzip:  53.66 kB
dist/assets/xlsx-DGuHH-KN.js                        429.49 kB │ gzip: 143.07 kB
dist/assets/react-apexcharts.min-DkxnqOV6.js        584.37 kB │ gzip: 159.18 kB
dist/assets/index-pgDYvPFS.js                     2,843.13 kB │ gzip: 760.15 kB

(!) Some chunks are larger than 1500 kB after minification. Consider:
- Using dynamic import() to code-split the application
- Use build.rollupOptions.output.manualChunks to improve chunking: https://rollupjs.org/configuration-options/#output-manualchunks
- Adjust chunk size limit for this warning via build.chunkSizeWarningLimit.
✓ built in 17.67s
Packaging build...
  adding: .htaccess (deflated 36%)
  adding: favicon.ico (deflated 13%)
  adding: robots.txt (deflated 3%)
  adding: sitemap.xml (deflated 60%)
  adding: assets/ (stored 0%)
  adding: assets/irfanMalikBg-D4osmO_C.jpg (deflated 1%)
  adding: assets/meerShinyDress-C8scZpYx.webp (deflated 0%)
  adding: assets/shakeelBg-NX99JDrP.jpg (deflated 0%)
  adding: assets/meerGreenJacket-ykCKR2uN.png (deflated 0%)
  adding: assets/akhtar-qLBVRLf-.jpg (deflated 1%)
  adding: assets/arabic-BElshnQY.jpg (deflated 0%)
  adding: assets/wasimAkramBg-D4BFEYu1.png (deflated 0%)
  adding: assets/handShake-Dk1DoagP.webp (deflated 0%)
  adding: assets/dubai-Bmqq4ymj.jpg (deflated 0%)
  adding: assets/fahad-CnovJc60.jpg (deflated 0%)
  adding: assets/salman-DD3Zraly.jpg (deflated 0%)
  adding: assets/placeholderMan-BvremNML.png (deflated 3%)
  adding: assets/rectanglePlaceholder-nCbViREl.png (deflated 31%)
  adding: assets/wasim-ETjjiRaD.jpg (deflated 0%)
  adding: assets/goldenCheck-CnSHOmXW.webp (stored 0%)
  adding: assets/tech-BdWyL5Pa.jpg (deflated 0%)
  adding: assets/verifiedBadge-CrcJq1tD.webp (deflated 1%)
  adding: assets/Fav-BPcykgsi.png (deflated 5%)
  adding: assets/MainLogo-DJpFhlQE.png (deflated 4%)
  adding: assets/tower-gldBe0jJ.webp (deflated 0%)
  adding: assets/tower2-LuqAcWCu.jpg (deflated 2%)
  adding: assets/tower3-DpFzgoGy.jpg (deflated 0%)
  adding: assets/proposal2-B9XZZX50.webp (deflated 3%)
  adding: assets/proposal5-DItum-r7.webp (deflated 4%)
  adding: assets/proposal3-fxAFZeku.webp (deflated 1%)
  adding: assets/proposal6-wLmvSjqd.webp (deflated 0%)
  adding: assets/proposal1-D37fvLUu.webp (deflated 1%)
  adding: assets/proposal4-CZk7QC75.webp (deflated 1%)
  adding: assets/video-poster-DrQklN8e.png (deflated 0%)
  adding: assets/wasimAkram-CBOcRO9q.png (deflated 1%)
  adding: assets/index-ggLNrt0T.css (deflated 87%)
  adding: assets/BlogDetail-oNXnMkFG.css (deflated 62%)
  adding: assets/style-DpsRipQV.css (deflated 78%)
  adding: assets/index-pgDYvPFS.js (deflated 73%)
  adding: assets/xlsx-DGuHH-KN.js (deflated 67%)
  adding: assets/Landing-DZoqM0ei.js (deflated 65%)
  adding: assets/BlogDetail-Dg8Mpn5U.js (deflated 60%)
  adding: assets/AllBlogs-Oc4UZafn.js (deflated 60%)
  adding: assets/index-j8rflDKd.js (deflated 50%)
  adding: assets/index-BV5pZzMk.js (deflated 53%)
  adding: assets/index-CKMfqUua.js (deflated 53%)
  adding: assets/index-_im_WFvZ.js (deflated 52%)
  adding: assets/index-9cHI3sCN.js (deflated 54%)
  adding: assets/SignUp-DGMTTzFh.js (deflated 63%)
  adding: assets/ForgotPassword-BoGLIH4I.js (deflated 51%)
  adding: assets/VerifyUserEmail-oYcX9xjH.js (deflated 64%)
  adding: assets/ResetPassword-WJyJFkRU.js (deflated 65%)
  adding: assets/ContactSupport-BGKmAlRi.js (deflated 59%)
  adding: assets/AuthCallback-BapYMDsA.js (deflated 53%)
  adding: assets/SelectRole-BeJETCMX.js (deflated 58%)
  adding: assets/InvestorThankYou-B8EOzKZa.js (deflated 51%)
  adding: assets/Login-DKx4JyrR.js (deflated 59%)
  adding: assets/Profile-DJOItu7p.js (deflated 68%)
  adding: assets/FounderThankYou-C6IGMoMz.js (deflated 52%)
  adding: assets/index-Cdkvqlio.js (deflated 55%)
  adding: assets/index-rECnbIyw.js (deflated 70%)
  adding: assets/EditInvestor-C2zRpyi2.js (deflated 75%)
  adding: assets/index-C3UQzrwI.js (deflated 69%)
  adding: assets/BulkActionsBar-CMHs1wvj.js (deflated 59%)
  adding: assets/EditFounder-DGm2m82r.js (deflated 75%)
  adding: assets/ViewRemindersModal-D4KON8lr.js (deflated 62%)
  adding: assets/index-BrSVKKix.js (deflated 59%)
  adding: assets/index-CFSuRR0Z.js (deflated 67%)
  adding: assets/index-CBiM2JlK.js (deflated 68%)
  adding: assets/ViewBusinessProposal-Dmgmje4a.js (deflated 75%)
  adding: assets/circle-check-Dqat5CzF.js (deflated 27%)
  adding: assets/index-DCXOaC_W.js (deflated 70%)
  adding: assets/meta-pixel-CAHtMBtr.js (deflated 57%)
  adding: assets/shield-check-DK2Kz9i9.js (deflated 32%)
  adding: assets/sparkles-BJGwH1C1.js (deflated 45%)
  adding: assets/trending-up-Br1PGLcH.js (deflated 26%)
  adding: assets/globe-ChH3Rljq.js (deflated 32%)
  adding: assets/blogs-ChqPogSE.js (stored 0%)
  adding: assets/calendar-r1GQNKn3.js (deflated 33%)
  adding: assets/index-BtQdFAoS.js (deflated 53%)
  adding: assets/message-circle-CvAvGtJe.js (deflated 28%)
  adding: assets/tag-CNk7pk0U.js (deflated 34%)
  adding: assets/arrow-left-DdwFE3eu.js (deflated 25%)
  adding: assets/InfoBox-C2Vcves9.js (deflated 51%)
  adding: assets/info-BmdQoLmb.js (deflated 30%)
  adding: assets/circle-alert-PVtzQyWy.js (deflated 35%)
  adding: assets/index-sQYHEhsl.js (deflated 78%)
  adding: assets/topCards-DnQ4_XJM.js (deflated 57%)
  adding: assets/parseISO-Afkx0CcL.js (deflated 56%)
  adding: assets/webinarBanner-XLbHXaFF.js (deflated 25%)
  adding: assets/react-apexcharts.min-DkxnqOV6.js (deflated 73%)
  adding: assets/CurrencyWithApprox-CrJERHzl.js (deflated 45%)
  adding: assets/ImageUploader-smqR0Kfz.js (deflated 57%)
  adding: assets/external-link-C8TNE7OC.js (deflated 32%)
  adding: assets/upload-DdDqHjWA.js (deflated 30%)
  adding: assets/table-KdO5eEqD.js (deflated 67%)
  adding: assets/toolbar-CWKBWEPN.js (deflated 61%)
  adding: assets/useDebounce-Bx6Puc52.js (deflated 22%)
  adding: assets/support-ticket-events-Dy-DDECJ.js (deflated 29%)
  adding: assets/headphones-DJDLdrPq.js (deflated 33%)
  adding: assets/Pagination-B8scGcM0.js (deflated 47%)
  adding: assets/ellipsis-CVaWNpEu.js (deflated 37%)
  adding: assets/arrow-up--3WbjSK7.js (deflated 62%)
  adding: assets/funnel-DNJGykJ0.js (deflated 30%)
  adding: assets/FilterDrawer-BbA_OOl0.js (deflated 58%)
  adding: assets/rotate-ccw-BK2ahmOL.js (deflated 27%)
  adding: assets/ToggleChips-CF2RVJo4.js (deflated 52%)
  adding: assets/circle-x-B_uoODmE.js (deflated 30%)
  adding: assets/businessProposalCard-B2Ui8GF6.js (deflated 66%)
  adding: assets/user-minus-D2eLkjt8.js (deflated 29%)
  adding: assets/pencil-CXBoHb5p.js (deflated 31%)
  adding: assets/ban-XtNbuQQi.js (deflated 26%)
  adding: assets/plus-DlsPv_lD.js (deflated 27%)
  adding: assets/ActivityLogsModal.utils-BMYcW5WE.js (deflated 72%)
  adding: assets/Tabs-zVpqsyFj.js (deflated 49%)
  adding: assets/Stepper-HxeF1Xpl.js (deflated 57%)
  adding: assets/MultipleImageUploader-ognoN_WX.js (deflated 57%)
  adding: assets/index-B-Wkp8D7.js (deflated 64%)
  adding: assets/supabase-bulk-emails-CfCRKivA.js (deflated 61%)
  adding: assets/CreateNewBatch-PiEmUQKi.js (deflated 73%)
  adding: assets/CkEditor-DYR54fYO.js (deflated 40%)
  adding: assets/recipientFiltersState-CR7kmKBJ.js (deflated 63%)
  adding: assets/target-audience-L1PEJSrF.js (deflated 72%)
  adding: assets/index-DTZcTGnf.js (deflated 55%)
  adding: assets/CreateTargetAudience-9kjJQKLS.js (deflated 62%)
  adding: assets/EditTargetAudience-BYYXcBtJ.js (deflated 65%)
  adding: assets/index-C0RzvS82.js (deflated 58%)
  adding: assets/CreateBlog-RQ-Vkx74.js (deflated 57%)
  adding: assets/EditBlog-CEyA8S3b.js (deflated 57%)
  adding: assets/index-CnQp42au.js (deflated 69%)
  adding: assets/index-BrZZNCCk.js (deflated 63%)
  adding: assets/index-mbO7xOr_.js (deflated 74%)
  adding: assets/mini-admin-analytics-Dvmwt-IJ.js (deflated 71%)
  adding: assets/MiniAdminAnalyticsDetail-D9gVTTVr.js (deflated 68%)
  adding: assets/Dashboard-FGn4j8Rs.js (deflated 39%)
  adding: assets/SimplifiedProfile-DT4NIqjA.js (deflated 74%)
  adding: assets/index-DtndY7w8.js (deflated 32%)
  adding: assets/HelpPageContent-D2gkoR4A.js (deflated 64%)
  adding: assets/hash-h35t_Q6b.js (deflated 40%)
  adding: assets/index-ISo5fx7r.js (deflated 50%)
  adding: assets/ProposalPopup-l7yUo3X0.js (deflated 51%)
  adding: assets/index-S38gB1nd.js (deflated 52%)
  adding: assets/index-BgSkMi5p.js (deflated 50%)
  adding: assets/Dashboard-Yb0zTd3M.js (deflated 39%)
  adding: assets/index-D4s-l3Ci.js (deflated 73%)
  adding: assets/index-BQ5M9zAz.js (deflated 63%)
  adding: assets/index-Sn4emmv4.js (deflated 32%)
  adding: assets/TicketDetailPage-DFZcY8CB.js (deflated 70%)
  adding: index.html (deflated 52%)
Saving Lightsail SSH key...
Uploading build to Lightsail...
Warning: Permanently added '15.207.22.250' (ED25519) to the list of known hosts.
Deploying build to /var/www/html ...
Archive:  /home/ubuntu/react-build.zip
  inflating: /var/www/html/.htaccess  
  inflating: /var/www/html/favicon.ico  
  inflating: /var/www/html/robots.txt  
  inflating: /var/www/html/sitemap.xml  
   creating: /var/www/html/assets/
  inflating: /var/www/html/assets/irfanMalikBg-D4osmO_C.jpg  
  inflating: /var/www/html/assets/meerShinyDress-C8scZpYx.webp  
  inflating: /var/www/html/assets/shakeelBg-NX99JDrP.jpg  
  inflating: /var/www/html/assets/meerGreenJacket-ykCKR2uN.png  
  inflating: /var/www/html/assets/akhtar-qLBVRLf-.jpg  
  inflating: /var/www/html/assets/arabic-BElshnQY.jpg  
  inflating: /var/www/html/assets/wasimAkramBg-D4BFEYu1.png  
  inflating: /var/www/html/assets/handShake-Dk1DoagP.webp  
  inflating: /var/www/html/assets/dubai-Bmqq4ymj.jpg  
  inflating: /var/www/html/assets/fahad-CnovJc60.jpg  
  inflating: /var/www/html/assets/salman-DD3Zraly.jpg  
  inflating: /var/www/html/assets/placeholderMan-BvremNML.png  
  inflating: /var/www/html/assets/rectanglePlaceholder-nCbViREl.png  
  inflating: /var/www/html/assets/wasim-ETjjiRaD.jpg  
 extracting: /var/www/html/assets/goldenCheck-CnSHOmXW.webp  
  inflating: /var/www/html/assets/tech-BdWyL5Pa.jpg  
  inflating: /var/www/html/assets/verifiedBadge-CrcJq1tD.webp  
  inflating: /var/www/html/assets/Fav-BPcykgsi.png  
  inflating: /var/www/html/assets/MainLogo-DJpFhlQE.png  
  inflating: /var/www/html/assets/tower-gldBe0jJ.webp  
  inflating: /var/www/html/assets/tower2-LuqAcWCu.jpg  
  inflating: /var/www/html/assets/tower3-DpFzgoGy.jpg  
  inflating: /var/www/html/assets/proposal2-B9XZZX50.webp  
  inflating: /var/www/html/assets/proposal5-DItum-r7.webp  
  inflating: /var/www/html/assets/proposal3-fxAFZeku.webp  
  inflating: /var/www/html/assets/proposal6-wLmvSjqd.webp  
  inflating: /var/www/html/assets/proposal1-D37fvLUu.webp  
  inflating: /var/www/html/assets/proposal4-CZk7QC75.webp  
  inflating: /var/www/html/assets/video-poster-DrQklN8e.png  
  inflating: /var/www/html/assets/wasimAkram-CBOcRO9q.png  
  inflating: /var/www/html/assets/index-ggLNrt0T.css  
  inflating: /var/www/html/assets/BlogDetail-oNXnMkFG.css  
  inflating: /var/www/html/assets/style-DpsRipQV.css  
  inflating: /var/www/html/assets/index-pgDYvPFS.js  
  inflating: /var/www/html/assets/xlsx-DGuHH-KN.js  
  inflating: /var/www/html/assets/Landing-DZoqM0ei.js  
  inflating: /var/www/html/assets/BlogDetail-Dg8Mpn5U.js  
  inflating: /var/www/html/assets/AllBlogs-Oc4UZafn.js  
  inflating: /var/www/html/assets/index-j8rflDKd.js  
  inflating: /var/www/html/assets/index-BV5pZzMk.js  
  inflating: /var/www/html/assets/index-CKMfqUua.js  
  inflating: /var/www/html/assets/index-_im_WFvZ.js  
  inflating: /var/www/html/assets/index-9cHI3sCN.js  
  inflating: /var/www/html/assets/SignUp-DGMTTzFh.js  
  inflating: /var/www/html/assets/ForgotPassword-BoGLIH4I.js  
  inflating: /var/www/html/assets/VerifyUserEmail-oYcX9xjH.js  
  inflating: /var/www/html/assets/ResetPassword-WJyJFkRU.js  
  inflating: /var/www/html/assets/ContactSupport-BGKmAlRi.js  
  inflating: /var/www/html/assets/AuthCallback-BapYMDsA.js  
  inflating: /var/www/html/assets/SelectRole-BeJETCMX.js  
  inflating: /var/www/html/assets/InvestorThankYou-B8EOzKZa.js  
  inflating: /var/www/html/assets/Login-DKx4JyrR.js  
  inflating: /var/www/html/assets/Profile-DJOItu7p.js  
  inflating: /var/www/html/assets/FounderThankYou-C6IGMoMz.js  
  inflating: /var/www/html/assets/index-Cdkvqlio.js  
  inflating: /var/www/html/assets/index-rECnbIyw.js  
  inflating: /var/www/html/assets/EditInvestor-C2zRpyi2.js  
  inflating: /var/www/html/assets/index-C3UQzrwI.js  
  inflating: /var/www/html/assets/BulkActionsBar-CMHs1wvj.js  
  inflating: /var/www/html/assets/EditFounder-DGm2m82r.js  
  inflating: /var/www/html/assets/ViewRemindersModal-D4KON8lr.js  
  inflating: /var/www/html/assets/index-BrSVKKix.js  
  inflating: /var/www/html/assets/index-CFSuRR0Z.js  
  inflating: /var/www/html/assets/index-CBiM2JlK.js  
  inflating: /var/www/html/assets/ViewBusinessProposal-Dmgmje4a.js  
  inflating: /var/www/html/assets/circle-check-Dqat5CzF.js  
  inflating: /var/www/html/assets/index-DCXOaC_W.js  
  inflating: /var/www/html/assets/meta-pixel-CAHtMBtr.js  
  inflating: /var/www/html/assets/shield-check-DK2Kz9i9.js  
  inflating: /var/www/html/assets/sparkles-BJGwH1C1.js  
  inflating: /var/www/html/assets/trending-up-Br1PGLcH.js  
  inflating: /var/www/html/assets/globe-ChH3Rljq.js  
 extracting: /var/www/html/assets/blogs-ChqPogSE.js  
  inflating: /var/www/html/assets/calendar-r1GQNKn3.js  
  inflating: /var/www/html/assets/index-BtQdFAoS.js  
  inflating: /var/www/html/assets/message-circle-CvAvGtJe.js  
  inflating: /var/www/html/assets/tag-CNk7pk0U.js  
  inflating: /var/www/html/assets/arrow-left-DdwFE3eu.js  
  inflating: /var/www/html/assets/InfoBox-C2Vcves9.js  
  inflating: /var/www/html/assets/info-BmdQoLmb.js  
  inflating: /var/www/html/assets/circle-alert-PVtzQyWy.js  
  inflating: /var/www/html/assets/index-sQYHEhsl.js  
  inflating: /var/www/html/assets/topCards-DnQ4_XJM.js  
  inflating: /var/www/html/assets/parseISO-Afkx0CcL.js  
  inflating: /var/www/html/assets/webinarBanner-XLbHXaFF.js  
  inflating: /var/www/html/assets/react-apexcharts.min-DkxnqOV6.js  
  inflating: /var/www/html/assets/CurrencyWithApprox-CrJERHzl.js  
  inflating: /var/www/html/assets/ImageUploader-smqR0Kfz.js  
  inflating: /var/www/html/assets/external-link-C8TNE7OC.js  
  inflating: /var/www/html/assets/upload-DdDqHjWA.js  
  inflating: /var/www/html/assets/table-KdO5eEqD.js  
  inflating: /var/www/html/assets/toolbar-CWKBWEPN.js  
  inflating: /var/www/html/assets/useDebounce-Bx6Puc52.js  
  inflating: /var/www/html/assets/support-ticket-events-Dy-DDECJ.js  
  inflating: /var/www/html/assets/headphones-DJDLdrPq.js  
  inflating: /var/www/html/assets/Pagination-B8scGcM0.js  
  inflating: /var/www/html/assets/ellipsis-CVaWNpEu.js  
  inflating: /var/www/html/assets/arrow-up--3WbjSK7.js  
  inflating: /var/www/html/assets/funnel-DNJGykJ0.js  
  inflating: /var/www/html/assets/FilterDrawer-BbA_OOl0.js  
  inflating: /var/www/html/assets/rotate-ccw-BK2ahmOL.js  
  inflating: /var/www/html/assets/ToggleChips-CF2RVJo4.js  
  inflating: /var/www/html/assets/circle-x-B_uoODmE.js  
  inflating: /var/www/html/assets/businessProposalCard-B2Ui8GF6.js  
  inflating: /var/www/html/assets/user-minus-D2eLkjt8.js  
  inflating: /var/www/html/assets/pencil-CXBoHb5p.js  
  inflating: /var/www/html/assets/ban-XtNbuQQi.js  
  inflating: /var/www/html/assets/plus-DlsPv_lD.js  
  inflating: /var/www/html/assets/ActivityLogsModal.utils-BMYcW5WE.js  
  inflating: /var/www/html/assets/Tabs-zVpqsyFj.js  
  inflating: /var/www/html/assets/Stepper-HxeF1Xpl.js  
  inflating: /var/www/html/assets/MultipleImageUploader-ognoN_WX.js  
  inflating: /var/www/html/assets/index-B-Wkp8D7.js  
  inflating: /var/www/html/assets/supabase-bulk-emails-CfCRKivA.js  
  inflating: /var/www/html/assets/CreateNewBatch-PiEmUQKi.js  
  inflating: /var/www/html/assets/CkEditor-DYR54fYO.js  
  inflating: /var/www/html/assets/recipientFiltersState-CR7kmKBJ.js  
  inflating: /var/www/html/assets/target-audience-L1PEJSrF.js  
  inflating: /var/www/html/assets/index-DTZcTGnf.js  
  inflating: /var/www/html/assets/CreateTargetAudience-9kjJQKLS.js  
  inflating: /var/www/html/assets/EditTargetAudience-BYYXcBtJ.js  
  inflating: /var/www/html/assets/index-C0RzvS82.js  
  inflating: /var/www/html/assets/CreateBlog-RQ-Vkx74.js  
  inflating: /var/www/html/assets/EditBlog-CEyA8S3b.js  
  inflating: /var/www/html/assets/index-CnQp42au.js  
  inflating: /var/www/html/assets/index-BrZZNCCk.js  
  inflating: /var/www/html/assets/index-mbO7xOr_.js  
  inflating: /var/www/html/assets/mini-admin-analytics-Dvmwt-IJ.js  
  inflating: /var/www/html/assets/MiniAdminAnalyticsDetail-D9gVTTVr.js  
  inflating: /var/www/html/assets/Dashboard-FGn4j8Rs.js  
  inflating: /var/www/html/assets/SimplifiedProfile-DT4NIqjA.js  
  inflating: /var/www/html/assets/index-DtndY7w8.js  
  inflating: /var/www/html/assets/HelpPageContent-D2gkoR4A.js  
  inflating: /var/www/html/assets/hash-h35t_Q6b.js  
  inflating: /var/www/html/assets/index-ISo5fx7r.js  
  inflating: /var/www/html/assets/ProposalPopup-l7yUo3X0.js  
  inflating: /var/www/html/assets/index-S38gB1nd.js  
  inflating: /var/www/html/assets/index-BgSkMi5p.js  
  inflating: /var/www/html/assets/Dashboard-Yb0zTd3M.js  
  inflating: /var/www/html/assets/index-D4s-l3Ci.js  
  inflating: /var/www/html/assets/index-BQ5M9zAz.js  
  inflating: /var/www/html/assets/index-Sn4emmv4.js  
  inflating: /var/www/html/assets/TicketDetailPage-DFZcY8CB.js  
  inflating: /var/www/html/index.html  
Saving Git logs repo SSH key...
Testing GitHub SSH key...
Cloning deployment-logs repo...
Cloning into 'logs-repo'...
