Installing dependencies...
npm warn deprecated w3c-hr-time@1.0.2: Use your platform's native performance.now() and performance.timeOrigin.
npm warn deprecated domexception@2.0.1: Use your platform's native DOMException instead
npm warn deprecated abab@2.0.6: Use your platform's native atob() and btoa() methods instead

> the-business-hub-pakistan@0.0.0 prepare
> husky

.git can't be found
added 1810 packages, and audited 1811 packages in 5m

253 packages are looking for funding
  run `npm fund` for details

77 vulnerabilities (68 moderate, 9 high)

To address issues that do not require attention, run:
  npm audit fix

To address all issues possible (including breaking changes), run:
  npm audit fix --force

Some issues need review, and may require choosing
a different dependency.

Run `npm audit` for details.
Building React app...

> the-business-hub-pakistan@0.0.0 build
> vite build

vite v7.1.11 building for production...
transforming...
✓ 3108 modules transformed.
rendering chunks...
computing gzip size...
dist/index.html                                     2.18 kB │ gzip:   1.05 kB
dist/assets/verifiedBadge-CrcJq1tD.webp            10.83 kB
dist/assets/rectanglePlaceholder-nCbViREl.png      11.85 kB
dist/assets/goldenCheck-CnSHOmXW.webp              13.45 kB
dist/assets/irfanMalikBg-D4osmO_C.jpg              24.66 kB
dist/assets/proposal6-wLmvSjqd.webp                28.15 kB
dist/assets/placeholderMan-BvremNML.png            36.64 kB
dist/assets/handShake-Dk1DoagP.webp                65.18 kB
dist/assets/tower-gldBe0jJ.webp                    66.16 kB
dist/assets/tower2-LuqAcWCu.jpg                    72.52 kB
dist/assets/shakeelBg-NX99JDrP.jpg                143.15 kB
dist/assets/MainLogo-DJpFhlQE.png                 144.86 kB
dist/assets/Fav-BPcykgsi.png                      147.34 kB
dist/assets/akhtar-qLBVRLf-.jpg                   173.92 kB
dist/assets/proposal5-DItum-r7.webp               174.24 kB
dist/assets/tower3-DpFzgoGy.jpg                   175.56 kB
dist/assets/proposal2-B9XZZX50.webp               192.62 kB
dist/assets/meerShinyDress-C8scZpYx.webp          229.68 kB
dist/assets/meerGreenJacket-ykCKR2uN.png          230.19 kB
dist/assets/arabic-BElshnQY.jpg                   238.42 kB
dist/assets/wasim-ETjjiRaD.jpg                    242.26 kB
dist/assets/salman-DD3Zraly.jpg                   255.18 kB
dist/assets/fahad-CnovJc60.jpg                    278.62 kB
dist/assets/tech-BdWyL5Pa.jpg                     281.71 kB
dist/assets/dubai-Bmqq4ymj.jpg                    311.77 kB
dist/assets/wasimAkramBg-D4BFEYu1.png             313.57 kB
dist/assets/proposal3-fxAFZeku.webp               445.47 kB
dist/assets/proposal4-CZk7QC75.webp               542.86 kB
dist/assets/proposal1-D37fvLUu.webp               779.05 kB
dist/assets/wasimAkram-CBOcRO9q.png             4,488.96 kB
dist/assets/video-BgH7ZTnv.mp4                 35,765.26 kB
dist/assets/BlogDetail-oNXnMkFG.css                 0.63 kB │ gzip:   0.26 kB
dist/assets/style-DpsRipQV.css                      3.23 kB │ gzip:   0.73 kB
dist/assets/index-CRC_CHSw.css                    155.35 kB │ gzip:  21.23 kB
dist/assets/blogs-ChqPogSE.js                       0.04 kB │ gzip:   0.06 kB
dist/assets/webinarBanner-XLbHXaFF.js               0.17 kB │ gzip:   0.15 kB
dist/assets/useDebounce-uHcHeeFD.js                 0.19 kB │ gzip:   0.17 kB
dist/assets/plus-Ci_u9MUA.js                        0.33 kB │ gzip:   0.25 kB
dist/assets/arrow-left-DSMr0uBw.js                  0.34 kB │ gzip:   0.27 kB
dist/assets/circle-check-BNG2Mm08.js                0.35 kB │ gzip:   0.27 kB
dist/assets/trending-up-C4syIKXc.js                 0.35 kB │ gzip:   0.28 kB
dist/assets/ban-Dx0jyZCO.js                         0.35 kB │ gzip:   0.28 kB
dist/assets/info-BdDXOvlp.js                        0.37 kB │ gzip:   0.28 kB
dist/assets/rotate-ccw-CvZaIpw9.js                  0.37 kB │ gzip:   0.29 kB
dist/assets/circle-x-BW_Z4n5V.js                    0.38 kB │ gzip:   0.28 kB
dist/assets/Dashboard-B8Fc8tK7.js                   0.39 kB │ gzip:   0.27 kB
dist/assets/Dashboard-yc6NHjA0.js                   0.39 kB │ gzip:   0.27 kB
dist/assets/upload-2CiuE38k.js                      0.40 kB │ gzip:   0.30 kB
dist/assets/message-square-Df1H-w__.js              0.41 kB │ gzip:   0.31 kB
dist/assets/globe-B05xjSnf.js                       0.41 kB │ gzip:   0.30 kB
dist/assets/message-circle-C0uSKQuk.js              0.41 kB │ gzip:   0.32 kB
dist/assets/circle-alert-id12Tdkz.js                0.42 kB │ gzip:   0.30 kB
dist/assets/external-link-Co4uvI7N.js               0.42 kB │ gzip:   0.30 kB
dist/assets/funnel-emJqk5BO.js                      0.42 kB │ gzip:   0.32 kB
dist/assets/calendar-CxWdsEwR.js                    0.43 kB │ gzip:   0.31 kB
dist/assets/pencil-QE6JX_R6.js                      0.45 kB │ gzip:   0.33 kB
dist/assets/bookmark-plus-CZTthXCa.js               0.45 kB │ gzip:   0.33 kB
dist/assets/shield-check-BOrHYfEn.js                0.49 kB │ gzip:   0.36 kB
dist/assets/sparkles-DQup5pu-.js                    0.67 kB │ gzip:   0.39 kB
dist/assets/CkEditor-DwPauOLk.js                    0.85 kB │ gzip:   0.53 kB
dist/assets/InfoBox--dgaYZGq.js                     0.86 kB │ gzip:   0.43 kB
dist/assets/CurrencyWithApprox-RHlhukBF.js          0.91 kB │ gzip:   0.52 kB
dist/assets/Tabs-DcEi0RdE.js                        1.23 kB │ gzip:   0.65 kB
dist/assets/ToggleChips-DQefENbO.js                 1.68 kB │ gzip:   0.83 kB
dist/assets/topCards-CwSyOKPK.js                    1.71 kB │ gzip:   0.74 kB
dist/assets/ForgotPassword-BxCI_JZr.js              2.11 kB │ gzip:   1.06 kB
dist/assets/FounderThankYou-BXXnGwHN.js             2.22 kB │ gzip:   1.08 kB
dist/assets/FilterDrawer-B-ZmWqpk.js                2.26 kB │ gzip:   0.96 kB
dist/assets/ResetPassword-Q0-G9-72.js               2.34 kB │ gzip:   1.04 kB
dist/assets/InvestorThankYou-Bcs4LZAJ.js            2.35 kB │ gzip:   1.15 kB
dist/assets/MultipleImageUploader-G354ATU_.js       2.61 kB │ gzip:   1.14 kB
dist/assets/toolbar-BM7ne2_G.js                     2.69 kB │ gzip:   1.15 kB
dist/assets/AuthCallback-DTGnzkwK.js                2.71 kB │ gzip:   1.29 kB
dist/assets/ImageUploader-BXlTyHhZ.js               2.74 kB │ gzip:   1.19 kB
dist/assets/index-BoCViPQX.js                       2.86 kB │ gzip:   1.36 kB
dist/assets/index-saXDzXTc.js                       2.99 kB │ gzip:   1.50 kB
dist/assets/index-DFPQMKLv.js                       3.06 kB │ gzip:   1.48 kB
dist/assets/supabase-bulk-emails-DgIkmgvz.js        3.14 kB │ gzip:   1.12 kB
dist/assets/index-DMwY7nXV.js                       3.19 kB │ gzip:   1.52 kB
dist/assets/index-BDVTWcpC.js                       3.48 kB │ gzip:   1.67 kB
dist/assets/index-DdqwEpFV.js                       3.51 kB │ gzip:   1.61 kB
dist/assets/index-hvbzEKcE.js                       3.63 kB │ gzip:   1.83 kB
dist/assets/index-BUoB63Op.js                       3.84 kB │ gzip:   1.89 kB
dist/assets/index-D7799L1B.js                       3.85 kB │ gzip:   1.89 kB
dist/assets/index-BYWokQnU.js                       4.35 kB │ gzip:   1.98 kB
dist/assets/index-CIRXHCNr.js                       4.46 kB │ gzip:   2.02 kB
dist/assets/ContactSupport-BzWbntwe.js              4.63 kB │ gzip:   1.93 kB
dist/assets/Stepper-DnrQ9EjC.js                     4.66 kB │ gzip:   2.02 kB
dist/assets/Login-C7t09-Pp.js                       4.74 kB │ gzip:   1.95 kB
dist/assets/index-DJag4KBZ.js                       5.04 kB │ gzip:   2.16 kB
dist/assets/CreateBlog-CIJPlR82.js                  5.16 kB │ gzip:   2.20 kB
dist/assets/AllBlogs-BP80hG8E.js                    5.17 kB │ gzip:   2.06 kB
dist/assets/SelectRole-B5OlvpES.js                  5.45 kB │ gzip:   2.32 kB
dist/assets/VerifyUserEmail-B5OFAZ7n.js             5.82 kB │ gzip:   2.08 kB
dist/assets/EditBlog-B8xI_1eA.js                    6.02 kB │ gzip:   2.57 kB
dist/assets/SignUp-B4kqq6fH.js                      6.64 kB │ gzip:   2.52 kB
dist/assets/Profile-BMTfeoxj.js                     6.86 kB │ gzip:   2.19 kB
dist/assets/ViewRemindersModal-6PwPJ3ek.js          7.30 kB │ gzip:   2.62 kB
dist/assets/index-MIAzUa3G.js                       7.76 kB │ gzip:   3.16 kB
dist/assets/index-DnXlnhqP.js                       8.01 kB │ gzip:   2.95 kB
dist/assets/index-CdhlyzAN.js                       9.20 kB │ gzip:   3.80 kB
dist/assets/businessProposalCard-Bd76GtDK.js        9.66 kB │ gzip:   3.29 kB
dist/assets/index-DU06AXnX.js                       9.81 kB │ gzip:   3.62 kB
dist/assets/index-DuGaD9RE.js                       9.94 kB │ gzip:   3.22 kB
dist/assets/table-DMxxuqUk.js                      11.89 kB │ gzip:   3.72 kB
dist/assets/SimplifiedProfile-Be6FcbfA.js          13.76 kB │ gzip:   3.64 kB
dist/assets/index-gWTTDT32.js                      15.62 kB │ gzip:   4.80 kB
dist/assets/CreateNewBatch-BUm5H7Uv.js             16.75 kB │ gzip:   4.52 kB
dist/assets/EditFounder-3mkCEI-C.js                18.01 kB │ gzip:   4.38 kB
dist/assets/index-BLvjO35c.js                      18.47 kB │ gzip:   5.95 kB
dist/assets/EditInvestor-ZD6V1fb8.js               18.98 kB │ gzip:   4.65 kB
dist/assets/index-CM353Veb.js                      20.05 kB │ gzip:   6.59 kB
dist/assets/index-ADt2J84u.js                      20.13 kB │ gzip:   5.41 kB
dist/assets/index-DV8wLYeC.js                      20.91 kB │ gzip:   6.63 kB
dist/assets/BlogDetail-Crn1u46r.js                 21.83 kB │ gzip:   8.94 kB
dist/assets/index-DS2w4k9l.js                      22.98 kB │ gzip:   6.85 kB
dist/assets/ViewBusinessProposal-BImlwLPk.js       25.92 kB │ gzip:   6.38 kB
dist/assets/index-v2Qmcp_z.js                      27.42 kB │ gzip:   8.62 kB
dist/assets/Landing-hUpFUTZo.js                   151.91 kB │ gzip:  53.56 kB
dist/assets/xlsx-DGuHH-KN.js                      429.49 kB │ gzip: 143.07 kB
dist/assets/index-BHpDonx6.js                     630.89 kB │ gzip: 168.81 kB
dist/assets/index-DxfbwWwA.js                   2,831.93 kB │ gzip: 756.62 kB

(!) Some chunks are larger than 1500 kB after minification. Consider:
- Using dynamic import() to code-split the application
- Use build.rollupOptions.output.manualChunks to improve chunking: https://rollupjs.org/configuration-options/#output-manualchunks
- Adjust chunk size limit for this warning via build.chunkSizeWarningLimit.
✓ built in 17.32s
Packaging build...
  adding: favicon.ico (deflated 13%)
  adding: robots.txt (deflated 3%)
  adding: sitemap.xml (deflated 60%)
  adding: assets/ (stored 0%)
  adding: assets/irfanMalikBg-D4osmO_C.jpg (deflated 1%)
  adding: assets/meerShinyDress-C8scZpYx.webp (deflated 0%)
  adding: assets/meerGreenJacket-ykCKR2uN.png (deflated 0%)
  adding: assets/shakeelBg-NX99JDrP.jpg (deflated 0%)
  adding: assets/akhtar-qLBVRLf-.jpg (deflated 1%)
  adding: assets/wasimAkramBg-D4BFEYu1.png (deflated 0%)
  adding: assets/arabic-BElshnQY.jpg (deflated 0%)
  adding: assets/dubai-Bmqq4ymj.jpg (deflated 0%)
  adding: assets/fahad-CnovJc60.jpg (deflated 0%)
  adding: assets/salman-DD3Zraly.jpg (deflated 0%)
  adding: assets/tech-BdWyL5Pa.jpg (deflated 0%)
  adding: assets/wasim-ETjjiRaD.jpg (deflated 0%)
  adding: assets/placeholderMan-BvremNML.png (deflated 3%)
  adding: assets/Fav-BPcykgsi.png (deflated 5%)
  adding: assets/MainLogo-DJpFhlQE.png (deflated 4%)
  adding: assets/goldenCheck-CnSHOmXW.webp (stored 0%)
  adding: assets/verifiedBadge-CrcJq1tD.webp (deflated 1%)
  adding: assets/tower-gldBe0jJ.webp (deflated 0%)
  adding: assets/tower2-LuqAcWCu.jpg (deflated 2%)
  adding: assets/tower3-DpFzgoGy.jpg (deflated 0%)
  adding: assets/proposal2-B9XZZX50.webp (deflated 3%)
  adding: assets/proposal3-fxAFZeku.webp (deflated 1%)
  adding: assets/proposal5-DItum-r7.webp (deflated 4%)
  adding: assets/proposal6-wLmvSjqd.webp (deflated 0%)
  adding: assets/rectanglePlaceholder-nCbViREl.png (deflated 31%)
  adding: assets/handShake-Dk1DoagP.webp (deflated 0%)
  adding: assets/proposal1-D37fvLUu.webp (deflated 1%)
  adding: assets/proposal4-CZk7QC75.webp (deflated 1%)
  adding: assets/wasimAkram-CBOcRO9q.png (deflated 1%)
  adding: assets/video-BgH7ZTnv.mp4 (deflated 0%)
  adding: assets/index-CRC_CHSw.css (deflated 86%)
  adding: assets/BlogDetail-oNXnMkFG.css (deflated 62%)
  adding: assets/style-DpsRipQV.css (deflated 78%)
  adding: assets/index-DxfbwWwA.js (deflated 73%)
  adding: assets/xlsx-DGuHH-KN.js (deflated 67%)
  adding: assets/Landing-hUpFUTZo.js (deflated 65%)
  adding: assets/BlogDetail-Crn1u46r.js (deflated 59%)
  adding: assets/AllBlogs-BP80hG8E.js (deflated 61%)
  adding: assets/index-saXDzXTc.js (deflated 50%)
  adding: assets/index-BoCViPQX.js (deflated 53%)
  adding: assets/index-DMwY7nXV.js (deflated 53%)
  adding: assets/index-DFPQMKLv.js (deflated 52%)
  adding: assets/index-DdqwEpFV.js (deflated 54%)
  adding: assets/SignUp-B4kqq6fH.js (deflated 62%)
  adding: assets/ForgotPassword-BxCI_JZr.js (deflated 51%)
  adding: assets/VerifyUserEmail-B5OFAZ7n.js (deflated 64%)
  adding: assets/ResetPassword-Q0-G9-72.js (deflated 56%)
  adding: assets/ContactSupport-BzWbntwe.js (deflated 59%)
  adding: assets/AuthCallback-DTGnzkwK.js (deflated 53%)
  adding: assets/SelectRole-B5OlvpES.js (deflated 58%)
  adding: assets/InvestorThankYou-Bcs4LZAJ.js (deflated 51%)
  adding: assets/FounderThankYou-BXXnGwHN.js (deflated 52%)
  adding: assets/Login-C7t09-Pp.js (deflated 59%)
  adding: assets/Profile-BMTfeoxj.js (deflated 68%)
  adding: assets/index-MIAzUa3G.js (deflated 59%)
  adding: assets/index-v2Qmcp_z.js (deflated 69%)
  adding: assets/EditInvestor-ZD6V1fb8.js (deflated 76%)
  adding: assets/index-DV8wLYeC.js (deflated 68%)
  adding: assets/ViewRemindersModal-6PwPJ3ek.js (deflated 64%)
  adding: assets/EditFounder-3mkCEI-C.js (deflated 76%)
  adding: assets/index-CdhlyzAN.js (deflated 59%)
  adding: assets/index-CM353Veb.js (deflated 67%)
  adding: assets/pencil-QE6JX_R6.js (deflated 31%)
  adding: assets/index-BLvjO35c.js (deflated 68%)
  adding: assets/ViewBusinessProposal-BImlwLPk.js (deflated 75%)
  adding: assets/circle-check-BNG2Mm08.js (deflated 27%)
  adding: assets/index-DS2w4k9l.js (deflated 70%)
  adding: assets/shield-check-BOrHYfEn.js (deflated 32%)
  adding: assets/sparkles-DQup5pu-.js (deflated 45%)
  adding: assets/trending-up-C4syIKXc.js (deflated 25%)
  adding: assets/globe-B05xjSnf.js (deflated 33%)
  adding: assets/blogs-ChqPogSE.js (stored 0%)
  adding: assets/calendar-CxWdsEwR.js (deflated 33%)
  adding: assets/index-BDVTWcpC.js (deflated 53%)
  adding: assets/message-circle-C0uSKQuk.js (deflated 27%)
  adding: assets/arrow-left-DSMr0uBw.js (deflated 25%)
  adding: assets/InfoBox--dgaYZGq.js (deflated 52%)
  adding: assets/info-BdDXOvlp.js (deflated 29%)
  adding: assets/circle-alert-id12Tdkz.js (deflated 35%)
  adding: assets/index-BHpDonx6.js (deflated 73%)
  adding: assets/topCards-CwSyOKPK.js (deflated 58%)
  adding: assets/webinarBanner-XLbHXaFF.js (deflated 25%)
  adding: assets/CurrencyWithApprox-RHlhukBF.js (deflated 45%)
  adding: assets/ImageUploader-BXlTyHhZ.js (deflated 58%)
  adding: assets/external-link-Co4uvI7N.js (deflated 32%)
  adding: assets/upload-2CiuE38k.js (deflated 30%)
  adding: assets/table-DMxxuqUk.js (deflated 69%)
  adding: assets/toolbar-BM7ne2_G.js (deflated 58%)
  adding: assets/useDebounce-uHcHeeFD.js (deflated 22%)
  adding: assets/message-square-Df1H-w__.js (deflated 29%)
  adding: assets/funnel-emJqk5BO.js (deflated 30%)
  adding: assets/FilterDrawer-B-ZmWqpk.js (deflated 58%)
  adding: assets/rotate-ccw-CvZaIpw9.js (deflated 27%)
  adding: assets/ToggleChips-DQefENbO.js (deflated 52%)
  adding: assets/circle-x-BW_Z4n5V.js (deflated 30%)
  adding: assets/businessProposalCard-Bd76GtDK.js (deflated 66%)
  adding: assets/ban-Dx0jyZCO.js (deflated 26%)
  adding: assets/plus-Ci_u9MUA.js (deflated 27%)
  adding: assets/Tabs-DcEi0RdE.js (deflated 49%)
  adding: assets/Stepper-DnrQ9EjC.js (deflated 57%)
  adding: assets/MultipleImageUploader-G354ATU_.js (deflated 57%)
  adding: assets/index-DuGaD9RE.js (deflated 68%)
  adding: assets/supabase-bulk-emails-DgIkmgvz.js (deflated 65%)
  adding: assets/CreateNewBatch-BUm5H7Uv.js (deflated 73%)
  adding: assets/CkEditor-DwPauOLk.js (deflated 40%)
  adding: assets/index-DJag4KBZ.js (deflated 58%)
  adding: assets/CreateBlog-CIJPlR82.js (deflated 58%)
  adding: assets/EditBlog-B8xI_1eA.js (deflated 57%)
  adding: assets/index-gWTTDT32.js (deflated 69%)
  adding: assets/index-DnXlnhqP.js (deflated 63%)
  adding: assets/Dashboard-yc6NHjA0.js (deflated 36%)
  adding: assets/SimplifiedProfile-Be6FcbfA.js (deflated 74%)
  adding: assets/index-BUoB63Op.js (deflated 51%)
  adding: assets/index-CIRXHCNr.js (deflated 55%)
  adding: assets/bookmark-plus-CZTthXCa.js (deflated 32%)
  adding: assets/index-hvbzEKcE.js (deflated 50%)
  adding: assets/index-BYWokQnU.js (deflated 55%)
  adding: assets/Dashboard-B8Fc8tK7.js (deflated 36%)
  adding: assets/index-ADt2J84u.js (deflated 73%)
  adding: assets/index-DU06AXnX.js (deflated 63%)
  adding: assets/index-D7799L1B.js (deflated 51%)
  adding: index.html (deflated 52%)
Saving Lightsail SSH key...
Uploading build to Lightsail...
Warning: Permanently added '15.207.22.250' (ED25519) to the list of known hosts.
Deploying build to /var/www/html ...
Archive:  /home/ubuntu/react-build.zip
  inflating: /var/www/html/favicon.ico  
  inflating: /var/www/html/robots.txt  
  inflating: /var/www/html/sitemap.xml  
   creating: /var/www/html/assets/
  inflating: /var/www/html/assets/irfanMalikBg-D4osmO_C.jpg  
  inflating: /var/www/html/assets/meerShinyDress-C8scZpYx.webp  
  inflating: /var/www/html/assets/meerGreenJacket-ykCKR2uN.png  
  inflating: /var/www/html/assets/shakeelBg-NX99JDrP.jpg  
  inflating: /var/www/html/assets/akhtar-qLBVRLf-.jpg  
  inflating: /var/www/html/assets/wasimAkramBg-D4BFEYu1.png  
  inflating: /var/www/html/assets/arabic-BElshnQY.jpg  
  inflating: /var/www/html/assets/dubai-Bmqq4ymj.jpg  
  inflating: /var/www/html/assets/fahad-CnovJc60.jpg  
  inflating: /var/www/html/assets/salman-DD3Zraly.jpg  
  inflating: /var/www/html/assets/tech-BdWyL5Pa.jpg  
  inflating: /var/www/html/assets/wasim-ETjjiRaD.jpg  
  inflating: /var/www/html/assets/placeholderMan-BvremNML.png  
  inflating: /var/www/html/assets/Fav-BPcykgsi.png  
  inflating: /var/www/html/assets/MainLogo-DJpFhlQE.png  
 extracting: /var/www/html/assets/goldenCheck-CnSHOmXW.webp  
  inflating: /var/www/html/assets/verifiedBadge-CrcJq1tD.webp  
  inflating: /var/www/html/assets/tower-gldBe0jJ.webp  
  inflating: /var/www/html/assets/tower2-LuqAcWCu.jpg  
  inflating: /var/www/html/assets/tower3-DpFzgoGy.jpg  
  inflating: /var/www/html/assets/proposal2-B9XZZX50.webp  
  inflating: /var/www/html/assets/proposal3-fxAFZeku.webp  
  inflating: /var/www/html/assets/proposal5-DItum-r7.webp  
  inflating: /var/www/html/assets/proposal6-wLmvSjqd.webp  
  inflating: /var/www/html/assets/rectanglePlaceholder-nCbViREl.png  
  inflating: /var/www/html/assets/handShake-Dk1DoagP.webp  
  inflating: /var/www/html/assets/proposal1-D37fvLUu.webp  
  inflating: /var/www/html/assets/proposal4-CZk7QC75.webp  
  inflating: /var/www/html/assets/wasimAkram-CBOcRO9q.png  
  inflating: /var/www/html/assets/video-BgH7ZTnv.mp4  
  inflating: /var/www/html/assets/index-CRC_CHSw.css  
  inflating: /var/www/html/assets/BlogDetail-oNXnMkFG.css  
  inflating: /var/www/html/assets/style-DpsRipQV.css  
  inflating: /var/www/html/assets/index-DxfbwWwA.js  
  inflating: /var/www/html/assets/xlsx-DGuHH-KN.js  
  inflating: /var/www/html/assets/Landing-hUpFUTZo.js  
  inflating: /var/www/html/assets/BlogDetail-Crn1u46r.js  
  inflating: /var/www/html/assets/AllBlogs-BP80hG8E.js  
  inflating: /var/www/html/assets/index-saXDzXTc.js  
  inflating: /var/www/html/assets/index-BoCViPQX.js  
  inflating: /var/www/html/assets/index-DMwY7nXV.js  
  inflating: /var/www/html/assets/index-DFPQMKLv.js  
  inflating: /var/www/html/assets/index-DdqwEpFV.js  
  inflating: /var/www/html/assets/SignUp-B4kqq6fH.js  
  inflating: /var/www/html/assets/ForgotPassword-BxCI_JZr.js  
  inflating: /var/www/html/assets/VerifyUserEmail-B5OFAZ7n.js  
  inflating: /var/www/html/assets/ResetPassword-Q0-G9-72.js  
  inflating: /var/www/html/assets/ContactSupport-BzWbntwe.js  
  inflating: /var/www/html/assets/AuthCallback-DTGnzkwK.js  
  inflating: /var/www/html/assets/SelectRole-B5OlvpES.js  
  inflating: /var/www/html/assets/InvestorThankYou-Bcs4LZAJ.js  
  inflating: /var/www/html/assets/FounderThankYou-BXXnGwHN.js  
  inflating: /var/www/html/assets/Login-C7t09-Pp.js  
  inflating: /var/www/html/assets/Profile-BMTfeoxj.js  
  inflating: /var/www/html/assets/index-MIAzUa3G.js  
  inflating: /var/www/html/assets/index-v2Qmcp_z.js  
  inflating: /var/www/html/assets/EditInvestor-ZD6V1fb8.js  
  inflating: /var/www/html/assets/index-DV8wLYeC.js  
  inflating: /var/www/html/assets/ViewRemindersModal-6PwPJ3ek.js  
  inflating: /var/www/html/assets/EditFounder-3mkCEI-C.js  
  inflating: /var/www/html/assets/index-CdhlyzAN.js  
  inflating: /var/www/html/assets/index-CM353Veb.js  
  inflating: /var/www/html/assets/pencil-QE6JX_R6.js  
  inflating: /var/www/html/assets/index-BLvjO35c.js  
  inflating: /var/www/html/assets/ViewBusinessProposal-BImlwLPk.js  
  inflating: /var/www/html/assets/circle-check-BNG2Mm08.js  
  inflating: /var/www/html/assets/index-DS2w4k9l.js  
  inflating: /var/www/html/assets/shield-check-BOrHYfEn.js  
  inflating: /var/www/html/assets/sparkles-DQup5pu-.js  
  inflating: /var/www/html/assets/trending-up-C4syIKXc.js  
  inflating: /var/www/html/assets/globe-B05xjSnf.js  
 extracting: /var/www/html/assets/blogs-ChqPogSE.js  
  inflating: /var/www/html/assets/calendar-CxWdsEwR.js  
  inflating: /var/www/html/assets/index-BDVTWcpC.js  
  inflating: /var/www/html/assets/message-circle-C0uSKQuk.js  
  inflating: /var/www/html/assets/arrow-left-DSMr0uBw.js  
  inflating: /var/www/html/assets/InfoBox--dgaYZGq.js  
  inflating: /var/www/html/assets/info-BdDXOvlp.js  
  inflating: /var/www/html/assets/circle-alert-id12Tdkz.js  
  inflating: /var/www/html/assets/index-BHpDonx6.js  
  inflating: /var/www/html/assets/topCards-CwSyOKPK.js  
  inflating: /var/www/html/assets/webinarBanner-XLbHXaFF.js  
  inflating: /var/www/html/assets/CurrencyWithApprox-RHlhukBF.js  
  inflating: /var/www/html/assets/ImageUploader-BXlTyHhZ.js  
  inflating: /var/www/html/assets/external-link-Co4uvI7N.js  
  inflating: /var/www/html/assets/upload-2CiuE38k.js  
  inflating: /var/www/html/assets/table-DMxxuqUk.js  
  inflating: /var/www/html/assets/toolbar-BM7ne2_G.js  
  inflating: /var/www/html/assets/useDebounce-uHcHeeFD.js  
  inflating: /var/www/html/assets/message-square-Df1H-w__.js  
  inflating: /var/www/html/assets/funnel-emJqk5BO.js  
  inflating: /var/www/html/assets/FilterDrawer-B-ZmWqpk.js  
  inflating: /var/www/html/assets/rotate-ccw-CvZaIpw9.js  
  inflating: /var/www/html/assets/ToggleChips-DQefENbO.js  
  inflating: /var/www/html/assets/circle-x-BW_Z4n5V.js  
  inflating: /var/www/html/assets/businessProposalCard-Bd76GtDK.js  
  inflating: /var/www/html/assets/ban-Dx0jyZCO.js  
  inflating: /var/www/html/assets/plus-Ci_u9MUA.js  
  inflating: /var/www/html/assets/Tabs-DcEi0RdE.js  
  inflating: /var/www/html/assets/Stepper-DnrQ9EjC.js  
  inflating: /var/www/html/assets/MultipleImageUploader-G354ATU_.js  
  inflating: /var/www/html/assets/index-DuGaD9RE.js  
  inflating: /var/www/html/assets/supabase-bulk-emails-DgIkmgvz.js  
  inflating: /var/www/html/assets/CreateNewBatch-BUm5H7Uv.js  
  inflating: /var/www/html/assets/CkEditor-DwPauOLk.js  
  inflating: /var/www/html/assets/index-DJag4KBZ.js  
  inflating: /var/www/html/assets/CreateBlog-CIJPlR82.js  
  inflating: /var/www/html/assets/EditBlog-B8xI_1eA.js  
  inflating: /var/www/html/assets/index-gWTTDT32.js  
  inflating: /var/www/html/assets/index-DnXlnhqP.js  
  inflating: /var/www/html/assets/Dashboard-yc6NHjA0.js  
  inflating: /var/www/html/assets/SimplifiedProfile-Be6FcbfA.js  
  inflating: /var/www/html/assets/index-BUoB63Op.js  
  inflating: /var/www/html/assets/index-CIRXHCNr.js  
  inflating: /var/www/html/assets/bookmark-plus-CZTthXCa.js  
  inflating: /var/www/html/assets/index-hvbzEKcE.js  
  inflating: /var/www/html/assets/index-BYWokQnU.js  
  inflating: /var/www/html/assets/Dashboard-B8Fc8tK7.js  
  inflating: /var/www/html/assets/index-ADt2J84u.js  
  inflating: /var/www/html/assets/index-DU06AXnX.js  
  inflating: /var/www/html/assets/index-D7799L1B.js  
  inflating: /var/www/html/index.html  
Saving Git logs repo SSH key...
Testing GitHub SSH key...
Cloning deployment-logs repo...
Cloning into 'logs-repo'...
