Installing dependencies...
npm warn deprecated w3c-hr-time@1.0.2: Use your platform's native performance.now() and performance.timeOrigin.
npm warn deprecated domexception@2.0.1: Use your platform's native DOMException instead
npm warn deprecated abab@2.0.6: Use your platform's native atob() and btoa() methods instead

added 1750 packages, and audited 1751 packages in 4m

222 packages are looking for funding
  run `npm fund` for details

52 vulnerabilities (51 moderate, 1 high)

To address issues that do not require attention, run:
  npm audit fix

To address all issues possible (including breaking changes), run:
  npm audit fix --force

Some issues need review, and may require choosing
a different dependency.

Run `npm audit` for details.
Building React app...

> boilerplate-code-react-js@0.0.0 build
> vite build

vite v7.1.11 building for production...
transforming...
✓ 2933 modules transformed.
rendering chunks...
computing gzip size...
dist/index.html                                    2.18 kB │ gzip:   1.05 kB
dist/assets/verifiedBadge-CrcJq1tD.webp           10.83 kB
dist/assets/rectanglePlaceholder-nCbViREl.png     11.85 kB
dist/assets/goldenCheck-CnSHOmXW.webp             13.45 kB
dist/assets/irfanMalikBg-D4osmO_C.jpg             24.66 kB
dist/assets/proposal6-wLmvSjqd.webp               28.15 kB
dist/assets/placeholderMan-BvremNML.png           36.64 kB
dist/assets/handShake-Dk1DoagP.webp               65.18 kB
dist/assets/tower-gldBe0jJ.webp                   66.16 kB
dist/assets/tower2-LuqAcWCu.jpg                   72.52 kB
dist/assets/shakeelBg-NX99JDrP.jpg               143.15 kB
dist/assets/MainLogo-DJpFhlQE.png                144.86 kB
dist/assets/Fav-BPcykgsi.png                     147.34 kB
dist/assets/akhtar-qLBVRLf-.jpg                  173.92 kB
dist/assets/proposal5-DItum-r7.webp              174.24 kB
dist/assets/tower3-DpFzgoGy.jpg                  175.56 kB
dist/assets/proposal2-B9XZZX50.webp              192.62 kB
dist/assets/meerShinyDress-C8scZpYx.webp         229.68 kB
dist/assets/meerGreenJacket-ykCKR2uN.png         230.19 kB
dist/assets/arabic-BElshnQY.jpg                  238.42 kB
dist/assets/wasim-ETjjiRaD.jpg                   242.26 kB
dist/assets/salman-DD3Zraly.jpg                  255.18 kB
dist/assets/fahad-CnovJc60.jpg                   278.62 kB
dist/assets/tech-BdWyL5Pa.jpg                    281.71 kB
dist/assets/dubai-Bmqq4ymj.jpg                   311.77 kB
dist/assets/wasimAkramBg-D4BFEYu1.png            313.57 kB
dist/assets/proposal3-fxAFZeku.webp              445.47 kB
dist/assets/proposal4-CZk7QC75.webp              542.86 kB
dist/assets/proposal1-D37fvLUu.webp              779.05 kB
dist/assets/wasimAkram-CBOcRO9q.png            4,488.96 kB
dist/assets/index-BiTqy95M.css                   136.68 kB │ gzip:  18.67 kB
dist/assets/useDebounce-CsJLBsCN.js                0.19 kB │ gzip:   0.17 kB
dist/assets/chevron-left-Ch0yBGph.js               0.30 kB │ gzip:   0.25 kB
dist/assets/plus-PZ0fXntP.js                       0.33 kB │ gzip:   0.25 kB
dist/assets/trending-up-Dl5ZYfd4.js                0.35 kB │ gzip:   0.27 kB
dist/assets/ban-xx_Zk1MG.js                        0.35 kB │ gzip:   0.27 kB
dist/assets/info-DalE_HAx.js                       0.37 kB │ gzip:   0.28 kB
dist/assets/circle-x-BKUEuYYy.js                   0.38 kB │ gzip:   0.28 kB
dist/assets/mail-BNwblVLB.js                       0.39 kB │ gzip:   0.31 kB
dist/assets/target-CZEXB9A0.js                     0.39 kB │ gzip:   0.26 kB
dist/assets/upload-DYilBjZS.js                     0.40 kB │ gzip:   0.30 kB
dist/assets/log-in-9JagcPfc.js                     0.40 kB │ gzip:   0.29 kB
dist/assets/download-B2ikaOJz.js                   0.41 kB │ gzip:   0.30 kB
dist/assets/message-square-8HikDtSV.js             0.41 kB │ gzip:   0.31 kB
dist/assets/globe-1A5WlY7W.js                      0.41 kB │ gzip:   0.29 kB
dist/assets/circle-alert-DcL5powf.js               0.42 kB │ gzip:   0.29 kB
dist/assets/eye-DcPHy_la.js                        0.42 kB │ gzip:   0.30 kB
dist/assets/map-pin-B2E-R03p.js                    0.43 kB │ gzip:   0.33 kB
dist/assets/link-DVh2ozxD.js                       0.43 kB │ gzip:   0.30 kB
dist/assets/pencil-cM1tm4b9.js                     0.45 kB │ gzip:   0.33 kB
dist/assets/user-plus-DOQi3g0w.js                  0.48 kB │ gzip:   0.34 kB
dist/assets/shield-check-D-xBs9KA.js               0.49 kB │ gzip:   0.35 kB
dist/assets/square-pen-CT2UlNU2.js                 0.49 kB │ gzip:   0.34 kB
dist/assets/phone-D8UH9nEu.js                      0.50 kB │ gzip:   0.33 kB
dist/assets/trash-2-CsjcT8xs.js                    0.50 kB │ gzip:   0.32 kB
dist/assets/file-text-sLjRAEzb.js                  0.51 kB │ gzip:   0.32 kB
dist/assets/LegalModal-Dl_4BN1I.js                 0.66 kB │ gzip:   0.46 kB
dist/assets/sparkles-DWVCKCza.js                   0.67 kB │ gzip:   0.39 kB
dist/assets/InfoBox-DghArTQl.js                    0.86 kB │ gzip:   0.43 kB
dist/assets/label-9zV-xFVp.js                      0.89 kB │ gzip:   0.55 kB
dist/assets/card-0ZVyVy6G.js                       1.18 kB │ gzip:   0.46 kB
dist/assets/package-DkvuD90J.js                    1.21 kB │ gzip:   0.49 kB
dist/assets/Tabs-D7ghzIcj.js                       1.23 kB │ gzip:   0.65 kB
dist/assets/GetMoreDetailsModal-CmobDof8.js        1.27 kB │ gzip:   0.61 kB
dist/assets/EmptyState-DfGkBMVU.js                 1.47 kB │ gzip:   0.61 kB
dist/assets/textarea-BIrOj_lc.js                   1.49 kB │ gzip:   0.74 kB
dist/assets/ToggleChips-DVIVK-n4.js                1.66 kB │ gzip:   0.82 kB
dist/assets/input-CuFx1L3m.js                      1.68 kB │ gzip:   0.86 kB
dist/assets/topCards-qmBkIy_Q.js                   1.71 kB │ gzip:   0.74 kB
dist/assets/ImageUploader-DNMdFxlj.js              1.95 kB │ gzip:   0.94 kB
dist/assets/index-DDKUHfRm.js                      2.07 kB │ gzip:   0.92 kB
dist/assets/ForgotPassword-BON6XFcJ.js             2.17 kB │ gzip:   1.08 kB
dist/assets/ContactSupportModal-COYTvDHw.js        2.37 kB │ gzip:   1.18 kB
dist/assets/ResetPassword-CWV7gF0z.js              2.40 kB │ gzip:   1.06 kB
dist/assets/AuthCallback-BsLqUVDQ.js               2.67 kB │ gzip:   1.26 kB
dist/assets/index-DQtwF3lO.js                      2.67 kB │ gzip:   1.20 kB
dist/assets/index-CyqjRvLu.js                      2.72 kB │ gzip:   1.22 kB
dist/assets/toolbar-D30FSnFe.js                    2.99 kB │ gzip:   1.22 kB
dist/assets/FileUploader-DQm8wRMb.js               3.02 kB │ gzip:   1.35 kB
dist/assets/index-Bpa6IZ0o.js                      3.07 kB │ gzip:   1.46 kB
dist/assets/index-7LQ6OXuu.js                      3.21 kB │ gzip:   1.60 kB
dist/assets/index-CJHADk8V.js                      3.27 kB │ gzip:   1.59 kB
dist/assets/index-gGegR70y.js                      3.40 kB │ gzip:   1.62 kB
dist/assets/index-Cxy4zlXX.js                      3.48 kB │ gzip:   1.67 kB
dist/assets/index-DdY6rk4V.js                      3.62 kB │ gzip:   1.39 kB
dist/assets/checkbox-2qNqDypP.js                   4.08 kB │ gzip:   1.78 kB
dist/assets/index-BcwRU7jB.js                      4.20 kB │ gzip:   2.06 kB
dist/assets/index-BB7PGbdt.js                      4.21 kB │ gzip:   2.06 kB
dist/assets/index-NzwF24xu.js                      4.25 kB │ gzip:   1.68 kB
dist/assets/Dashboard-G2bal5yJ.js                  4.28 kB │ gzip:   1.46 kB
dist/assets/Dashboard-DomeEwN7.js                  4.30 kB │ gzip:   1.47 kB
dist/assets/Stepper-L_2pvp6Z.js                    4.66 kB │ gzip:   2.02 kB
dist/assets/ContactSupport-Be_k1LdB.js             4.93 kB │ gzip:   2.04 kB
dist/assets/Login-Cd-oLBmt.js                      5.05 kB │ gzip:   2.13 kB
dist/assets/SelectRole-2nU23nEo.js                 5.18 kB │ gzip:   2.19 kB
dist/assets/SignUp-CIgD5fZ2.js                     5.39 kB │ gzip:   2.10 kB
dist/assets/VerifyUserEmail-C0b8c04b.js            6.17 kB │ gzip:   2.28 kB
dist/assets/businessProposalCard-Dw4ctd6v.js       6.18 kB │ gzip:   2.09 kB
dist/assets/Profile-Dx7SVHoX.js                    7.10 kB │ gzip:   2.25 kB
dist/assets/index-Da9_Ulkw.js                      8.15 kB │ gzip:   3.32 kB
dist/assets/index-DrlhDQS5.js                      8.16 kB │ gzip:   3.08 kB
dist/assets/index-f1XlWIyC.js                      8.31 kB │ gzip:   3.19 kB
dist/assets/dialog-BOJpXUH3.js                     8.50 kB │ gzip:   3.28 kB
dist/assets/tooltip-CfTdEzcM.js                    8.77 kB │ gzip:   3.34 kB
dist/assets/index-ClkqSaTF.js                      9.54 kB │ gzip:   3.92 kB
dist/assets/index-CRdc_2Uf.js                     10.02 kB │ gzip:   3.23 kB
dist/assets/Header-CVNvsLgb.js                    11.52 kB │ gzip:   3.53 kB
dist/assets/index-rAfaOy7O.js                     12.34 kB │ gzip:   4.29 kB
dist/assets/SimplifiedProfile-DN1NXnKG.js         13.76 kB │ gzip:   3.71 kB
dist/assets/ViewBusinessProposal-BejZbdXs.js      14.01 kB │ gzip:   4.05 kB
dist/assets/index-CNnhbE4N.js                     14.13 kB │ gzip:   4.98 kB
dist/assets/index-Bg326aoP.js                     14.43 kB │ gzip:   4.94 kB
dist/assets/CreateNewBatch-C7r_oGDg.js            14.89 kB │ gzip:   3.97 kB
dist/assets/index-CVHTBwk6.js                     16.50 kB │ gzip:   6.24 kB
dist/assets/EditFounder-WxPjhkDi.js               18.08 kB │ gzip:   4.39 kB
dist/assets/EditInvestor-DsSXL_Up.js              19.03 kB │ gzip:   4.64 kB
dist/assets/index-BLKB7y9s.js                     20.02 kB │ gzip:   6.52 kB
dist/assets/index-lBuufKjJ.js                     21.67 kB │ gzip:   5.74 kB
dist/assets/index-CKZbcsmG.js                     21.86 kB │ gzip:   6.69 kB
dist/assets/select-uKADoP-x.js                    22.08 kB │ gzip:   7.95 kB
dist/assets/index-DPZHS1Sg.js                     27.84 kB │ gzip:  10.83 kB
dist/assets/table-udggGRdo.js                     37.18 kB │ gzip:  10.86 kB
dist/assets/FilterDrawer-_JFigbj_.js              86.57 kB │ gzip:  25.95 kB
dist/assets/Landing-C0DP_pgM.js                  136.55 kB │ gzip:  48.81 kB
dist/assets/xlsx-DGuHH-KN.js                     429.49 kB │ gzip: 143.07 kB
dist/assets/index-DvDwoSGB.js                    603.90 kB │ gzip: 164.35 kB
dist/assets/index-5-SsLooR.js                    761.38 kB │ gzip: 229.31 kB
dist/assets/CkEditor-DG7eR9QM.js               1,318.06 kB │ gzip: 325.94 kB

(!) Some chunks are larger than 500 kB after minification. Consider:
- Using dynamic import() to code-split the application
- Use build.rollupOptions.output.manualChunks to improve chunking: https://rollupjs.org/configuration-options/#output-manualchunks
- Adjust chunk size limit for this warning via build.chunkSizeWarningLimit.
✓ built in 15.36s
Packaging build...
  adding: favicon.ico (deflated 13%)
  adding: assets/ (stored 0%)
  adding: assets/irfanMalikBg-D4osmO_C.jpg (deflated 1%)
  adding: assets/dubai-Bmqq4ymj.jpg (deflated 0%)
  adding: assets/fahad-CnovJc60.jpg (deflated 0%)
  adding: assets/handShake-Dk1DoagP.webp (deflated 0%)
  adding: assets/salman-DD3Zraly.jpg (deflated 0%)
  adding: assets/tech-BdWyL5Pa.jpg (deflated 0%)
  adding: assets/wasim-ETjjiRaD.jpg (deflated 0%)
  adding: assets/arabic-BElshnQY.jpg (deflated 0%)
  adding: assets/akhtar-qLBVRLf-.jpg (deflated 1%)
  adding: assets/meerShinyDress-C8scZpYx.webp (deflated 0%)
  adding: assets/rectanglePlaceholder-nCbViREl.png (deflated 31%)
  adding: assets/goldenCheck-CnSHOmXW.webp (stored 0%)
  adding: assets/MainLogo-DJpFhlQE.png (deflated 4%)
  adding: assets/verifiedBadge-CrcJq1tD.webp (deflated 1%)
  adding: assets/tower-gldBe0jJ.webp (deflated 0%)
  adding: assets/tower2-LuqAcWCu.jpg (deflated 2%)
  adding: assets/tower3-DpFzgoGy.jpg (deflated 0%)
  adding: assets/proposal2-B9XZZX50.webp (deflated 3%)
  adding: assets/proposal3-fxAFZeku.webp (deflated 1%)
  adding: assets/proposal5-DItum-r7.webp (deflated 4%)
  adding: assets/placeholderMan-BvremNML.png (deflated 3%)
  adding: assets/proposal6-wLmvSjqd.webp (deflated 0%)
  adding: assets/Fav-BPcykgsi.png (deflated 5%)
  adding: assets/proposal1-D37fvLUu.webp (deflated 1%)
  adding: assets/proposal4-CZk7QC75.webp (deflated 1%)
  adding: assets/wasimAkram-CBOcRO9q.png (deflated 1%)
  adding: assets/index-BiTqy95M.css (deflated 86%)
  adding: assets/index-5-SsLooR.js (deflated 70%)
  adding: assets/Landing-C0DP_pgM.js (deflated 64%)
  adding: assets/index-7LQ6OXuu.js (deflated 50%)
  adding: assets/index-Bpa6IZ0o.js (deflated 53%)
  adding: assets/index-gGegR70y.js (deflated 53%)
  adding: assets/index-CJHADk8V.js (deflated 52%)
  adding: assets/Header-CVNvsLgb.js (deflated 70%)
  adding: assets/SignUp-CIgD5fZ2.js (deflated 61%)
  adding: assets/ForgotPassword-BON6XFcJ.js (deflated 51%)
  adding: assets/VerifyUserEmail-C0b8c04b.js (deflated 63%)
  adding: assets/ResetPassword-CWV7gF0z.js (deflated 57%)
  adding: assets/ContactSupport-Be_k1LdB.js (deflated 59%)
  adding: assets/AuthCallback-BsLqUVDQ.js (deflated 53%)
  adding: assets/SelectRole-2nU23nEo.js (deflated 58%)
  adding: assets/Login-Cd-oLBmt.js (deflated 58%)
  adding: assets/index-CyqjRvLu.js (deflated 55%)
  adding: assets/index-DvDwoSGB.js (deflated 73%)
  adding: assets/Profile-Dx7SVHoX.js (deflated 69%)
  adding: assets/index-Da9_Ulkw.js (deflated 60%)
  adding: assets/index-CNnhbE4N.js (deflated 65%)
  adding: assets/EditInvestor-DsSXL_Up.js (deflated 76%)
  adding: assets/index-Bg326aoP.js (deflated 66%)
  adding: assets/globe-1A5WlY7W.js (deflated 33%)
  adding: assets/FilterDrawer-_JFigbj_.js (deflated 70%)
  adding: assets/label-9zV-xFVp.js (deflated 41%)
  adding: assets/EditFounder-WxPjhkDi.js (deflated 76%)
  adding: assets/index-ClkqSaTF.js (deflated 59%)
  adding: assets/index-BLKB7y9s.js (deflated 68%)
  adding: assets/user-plus-DOQi3g0w.js (deflated 34%)
  adding: assets/log-in-9JagcPfc.js (deflated 32%)
  adding: assets/ban-xx_Zk1MG.js (deflated 27%)
  adding: assets/phone-D8UH9nEu.js (deflated 37%)
  adding: assets/pencil-cM1tm4b9.js (deflated 31%)
  adding: assets/index-rAfaOy7O.js (deflated 65%)
  adding: assets/ViewBusinessProposal-BejZbdXs.js (deflated 71%)
  adding: assets/index-CKZbcsmG.js (deflated 69%)
  adding: assets/ToggleChips-DVIVK-n4.js (deflated 52%)
  adding: assets/index-CRdc_2Uf.js (deflated 68%)
  adding: assets/useDebounce-CsJLBsCN.js (deflated 23%)
  adding: assets/CreateNewBatch-C7r_oGDg.js (deflated 73%)
  adding: assets/sparkles-DWVCKCza.js (deflated 45%)
  adding: assets/map-pin-B2E-R03p.js (deflated 28%)
  adding: assets/shield-check-D-xBs9KA.js (deflated 32%)
  adding: assets/CkEditor-DG7eR9QM.js (deflated 75%)
  adding: assets/mail-BNwblVLB.js (deflated 26%)
  adding: assets/table-udggGRdo.js (deflated 71%)
  adding: assets/Dashboard-G2bal5yJ.js (deflated 66%)
  adding: assets/SimplifiedProfile-DN1NXnKG.js (deflated 73%)
  adding: assets/index-BcwRU7jB.js (deflated 51%)
  adding: assets/index-DdY6rk4V.js (deflated 62%)
  adding: assets/GetMoreDetailsModal-CmobDof8.js (deflated 54%)
  adding: assets/trending-up-Dl5ZYfd4.js (deflated 26%)
  adding: assets/LegalModal-Dl_4BN1I.js (deflated 33%)
  adding: assets/index-Cxy4zlXX.js (deflated 53%)
  adding: assets/dialog-BOJpXUH3.js (deflated 61%)
  adding: assets/download-B2ikaOJz.js (deflated 31%)
  adding: assets/index-f1XlWIyC.js (deflated 62%)
  adding: assets/index-CVHTBwk6.js (deflated 62%)
  adding: assets/index-DDKUHfRm.js (deflated 56%)
  adding: assets/InfoBox-DghArTQl.js (deflated 52%)
  adding: assets/input-CuFx1L3m.js (deflated 50%)
  adding: assets/info-DalE_HAx.js (deflated 30%)
  adding: assets/circle-alert-DcL5powf.js (deflated 36%)
  adding: assets/select-uKADoP-x.js (deflated 64%)
  adding: assets/index-DPZHS1Sg.js (deflated 61%)
  adding: assets/index-DQtwF3lO.js (deflated 56%)
  adding: assets/FileUploader-DQm8wRMb.js (deflated 56%)
  adding: assets/textarea-BIrOj_lc.js (deflated 52%)
  adding: assets/link-DVh2ozxD.js (deflated 35%)
  adding: assets/eye-DcPHy_la.js (deflated 33%)
  adding: assets/trash-2-CsjcT8xs.js (deflated 40%)
  adding: assets/topCards-qmBkIy_Q.js (deflated 58%)
  adding: assets/card-0ZVyVy6G.js (deflated 62%)
  adding: assets/ImageUploader-DNMdFxlj.js (deflated 53%)
  adding: assets/upload-DYilBjZS.js (deflated 31%)
  adding: assets/EmptyState-DfGkBMVU.js (deflated 60%)
  adding: assets/toolbar-D30FSnFe.js (deflated 60%)
  adding: assets/message-square-8HikDtSV.js (deflated 29%)
  adding: assets/tooltip-CfTdEzcM.js (deflated 62%)
  adding: assets/square-pen-CT2UlNU2.js (deflated 35%)
  adding: assets/chevron-left-Ch0yBGph.js (deflated 23%)
  adding: assets/checkbox-2qNqDypP.js (deflated 57%)
  adding: assets/plus-PZ0fXntP.js (deflated 28%)
  adding: assets/file-text-sLjRAEzb.js (deflated 40%)
  adding: assets/businessProposalCard-Dw4ctd6v.js (deflated 67%)
  adding: assets/Tabs-D7ghzIcj.js (deflated 49%)
  adding: assets/circle-x-BKUEuYYy.js (deflated 31%)
  adding: assets/target-CZEXB9A0.js (deflated 38%)
  adding: assets/Stepper-L_2pvp6Z.js (deflated 57%)
  adding: assets/package-DkvuD90J.js (deflated 61%)
  adding: assets/ContactSupportModal-COYTvDHw.js (deflated 51%)
  adding: assets/index-NzwF24xu.js (deflated 61%)
  adding: assets/Dashboard-DomeEwN7.js (deflated 66%)
  adding: assets/index-lBuufKjJ.js (deflated 74%)
  adding: assets/index-DrlhDQS5.js (deflated 62%)
  adding: assets/index-BB7PGbdt.js (deflated 52%)
  adding: assets/xlsx-DGuHH-KN.js (deflated 67%)
  adding: assets/shakeelBg-NX99JDrP.jpg (deflated 0%)
  adding: assets/meerGreenJacket-ykCKR2uN.png (deflated 0%)
  adding: assets/wasimAkramBg-D4BFEYu1.png (deflated 0%)
  adding: index.html (deflated 52%)
Saving Lightsail SSH key...
Uploading build to Lightsail...
Warning: Permanently added '15.207.22.250' (ED25519) to the list of known hosts.
Deploying build to /var/www/html ...
Archive:  /home/ubuntu/react-build.zip
  inflating: /var/www/html/favicon.ico  
   creating: /var/www/html/assets/
  inflating: /var/www/html/assets/irfanMalikBg-D4osmO_C.jpg  
  inflating: /var/www/html/assets/dubai-Bmqq4ymj.jpg  
  inflating: /var/www/html/assets/fahad-CnovJc60.jpg  
  inflating: /var/www/html/assets/handShake-Dk1DoagP.webp  
  inflating: /var/www/html/assets/salman-DD3Zraly.jpg  
  inflating: /var/www/html/assets/tech-BdWyL5Pa.jpg  
  inflating: /var/www/html/assets/wasim-ETjjiRaD.jpg  
  inflating: /var/www/html/assets/arabic-BElshnQY.jpg  
  inflating: /var/www/html/assets/akhtar-qLBVRLf-.jpg  
  inflating: /var/www/html/assets/meerShinyDress-C8scZpYx.webp  
  inflating: /var/www/html/assets/rectanglePlaceholder-nCbViREl.png  
 extracting: /var/www/html/assets/goldenCheck-CnSHOmXW.webp  
  inflating: /var/www/html/assets/MainLogo-DJpFhlQE.png  
  inflating: /var/www/html/assets/verifiedBadge-CrcJq1tD.webp  
  inflating: /var/www/html/assets/tower-gldBe0jJ.webp  
  inflating: /var/www/html/assets/tower2-LuqAcWCu.jpg  
  inflating: /var/www/html/assets/tower3-DpFzgoGy.jpg  
  inflating: /var/www/html/assets/proposal2-B9XZZX50.webp  
  inflating: /var/www/html/assets/proposal3-fxAFZeku.webp  
  inflating: /var/www/html/assets/proposal5-DItum-r7.webp  
  inflating: /var/www/html/assets/placeholderMan-BvremNML.png  
  inflating: /var/www/html/assets/proposal6-wLmvSjqd.webp  
  inflating: /var/www/html/assets/Fav-BPcykgsi.png  
  inflating: /var/www/html/assets/proposal1-D37fvLUu.webp  
  inflating: /var/www/html/assets/proposal4-CZk7QC75.webp  
  inflating: /var/www/html/assets/wasimAkram-CBOcRO9q.png  
  inflating: /var/www/html/assets/index-BiTqy95M.css  
  inflating: /var/www/html/assets/index-5-SsLooR.js  
  inflating: /var/www/html/assets/Landing-C0DP_pgM.js  
  inflating: /var/www/html/assets/index-7LQ6OXuu.js  
  inflating: /var/www/html/assets/index-Bpa6IZ0o.js  
  inflating: /var/www/html/assets/index-gGegR70y.js  
  inflating: /var/www/html/assets/index-CJHADk8V.js  
  inflating: /var/www/html/assets/Header-CVNvsLgb.js  
  inflating: /var/www/html/assets/SignUp-CIgD5fZ2.js  
  inflating: /var/www/html/assets/ForgotPassword-BON6XFcJ.js  
  inflating: /var/www/html/assets/VerifyUserEmail-C0b8c04b.js  
  inflating: /var/www/html/assets/ResetPassword-CWV7gF0z.js  
  inflating: /var/www/html/assets/ContactSupport-Be_k1LdB.js  
  inflating: /var/www/html/assets/AuthCallback-BsLqUVDQ.js  
  inflating: /var/www/html/assets/SelectRole-2nU23nEo.js  
  inflating: /var/www/html/assets/Login-Cd-oLBmt.js  
  inflating: /var/www/html/assets/index-CyqjRvLu.js  
  inflating: /var/www/html/assets/index-DvDwoSGB.js  
  inflating: /var/www/html/assets/Profile-Dx7SVHoX.js  
  inflating: /var/www/html/assets/index-Da9_Ulkw.js  
  inflating: /var/www/html/assets/index-CNnhbE4N.js  
  inflating: /var/www/html/assets/EditInvestor-DsSXL_Up.js  
  inflating: /var/www/html/assets/index-Bg326aoP.js  
  inflating: /var/www/html/assets/globe-1A5WlY7W.js  
  inflating: /var/www/html/assets/FilterDrawer-_JFigbj_.js  
  inflating: /var/www/html/assets/label-9zV-xFVp.js  
  inflating: /var/www/html/assets/EditFounder-WxPjhkDi.js  
  inflating: /var/www/html/assets/index-ClkqSaTF.js  
  inflating: /var/www/html/assets/index-BLKB7y9s.js  
  inflating: /var/www/html/assets/user-plus-DOQi3g0w.js  
  inflating: /var/www/html/assets/log-in-9JagcPfc.js  
  inflating: /var/www/html/assets/ban-xx_Zk1MG.js  
  inflating: /var/www/html/assets/phone-D8UH9nEu.js  
  inflating: /var/www/html/assets/pencil-cM1tm4b9.js  
  inflating: /var/www/html/assets/index-rAfaOy7O.js  
  inflating: /var/www/html/assets/ViewBusinessProposal-BejZbdXs.js  
  inflating: /var/www/html/assets/index-CKZbcsmG.js  
  inflating: /var/www/html/assets/ToggleChips-DVIVK-n4.js  
  inflating: /var/www/html/assets/index-CRdc_2Uf.js  
  inflating: /var/www/html/assets/useDebounce-CsJLBsCN.js  
  inflating: /var/www/html/assets/CreateNewBatch-C7r_oGDg.js  
  inflating: /var/www/html/assets/sparkles-DWVCKCza.js  
  inflating: /var/www/html/assets/map-pin-B2E-R03p.js  
  inflating: /var/www/html/assets/shield-check-D-xBs9KA.js  
  inflating: /var/www/html/assets/CkEditor-DG7eR9QM.js  
  inflating: /var/www/html/assets/mail-BNwblVLB.js  
  inflating: /var/www/html/assets/table-udggGRdo.js  
  inflating: /var/www/html/assets/Dashboard-G2bal5yJ.js  
  inflating: /var/www/html/assets/SimplifiedProfile-DN1NXnKG.js  
  inflating: /var/www/html/assets/index-BcwRU7jB.js  
  inflating: /var/www/html/assets/index-DdY6rk4V.js  
  inflating: /var/www/html/assets/GetMoreDetailsModal-CmobDof8.js  
  inflating: /var/www/html/assets/trending-up-Dl5ZYfd4.js  
  inflating: /var/www/html/assets/LegalModal-Dl_4BN1I.js  
  inflating: /var/www/html/assets/index-Cxy4zlXX.js  
  inflating: /var/www/html/assets/dialog-BOJpXUH3.js  
  inflating: /var/www/html/assets/download-B2ikaOJz.js  
  inflating: /var/www/html/assets/index-f1XlWIyC.js  
  inflating: /var/www/html/assets/index-CVHTBwk6.js  
  inflating: /var/www/html/assets/index-DDKUHfRm.js  
  inflating: /var/www/html/assets/InfoBox-DghArTQl.js  
  inflating: /var/www/html/assets/input-CuFx1L3m.js  
  inflating: /var/www/html/assets/info-DalE_HAx.js  
  inflating: /var/www/html/assets/circle-alert-DcL5powf.js  
  inflating: /var/www/html/assets/select-uKADoP-x.js  
  inflating: /var/www/html/assets/index-DPZHS1Sg.js  
  inflating: /var/www/html/assets/index-DQtwF3lO.js  
  inflating: /var/www/html/assets/FileUploader-DQm8wRMb.js  
  inflating: /var/www/html/assets/textarea-BIrOj_lc.js  
  inflating: /var/www/html/assets/link-DVh2ozxD.js  
  inflating: /var/www/html/assets/eye-DcPHy_la.js  
  inflating: /var/www/html/assets/trash-2-CsjcT8xs.js  
  inflating: /var/www/html/assets/topCards-qmBkIy_Q.js  
  inflating: /var/www/html/assets/card-0ZVyVy6G.js  
  inflating: /var/www/html/assets/ImageUploader-DNMdFxlj.js  
  inflating: /var/www/html/assets/upload-DYilBjZS.js  
  inflating: /var/www/html/assets/EmptyState-DfGkBMVU.js  
  inflating: /var/www/html/assets/toolbar-D30FSnFe.js  
  inflating: /var/www/html/assets/message-square-8HikDtSV.js  
  inflating: /var/www/html/assets/tooltip-CfTdEzcM.js  
  inflating: /var/www/html/assets/square-pen-CT2UlNU2.js  
  inflating: /var/www/html/assets/chevron-left-Ch0yBGph.js  
  inflating: /var/www/html/assets/checkbox-2qNqDypP.js  
  inflating: /var/www/html/assets/plus-PZ0fXntP.js  
  inflating: /var/www/html/assets/file-text-sLjRAEzb.js  
  inflating: /var/www/html/assets/businessProposalCard-Dw4ctd6v.js  
  inflating: /var/www/html/assets/Tabs-D7ghzIcj.js  
  inflating: /var/www/html/assets/circle-x-BKUEuYYy.js  
  inflating: /var/www/html/assets/target-CZEXB9A0.js  
  inflating: /var/www/html/assets/Stepper-L_2pvp6Z.js  
  inflating: /var/www/html/assets/package-DkvuD90J.js  
  inflating: /var/www/html/assets/ContactSupportModal-COYTvDHw.js  
  inflating: /var/www/html/assets/index-NzwF24xu.js  
  inflating: /var/www/html/assets/Dashboard-DomeEwN7.js  
  inflating: /var/www/html/assets/index-lBuufKjJ.js  
  inflating: /var/www/html/assets/index-DrlhDQS5.js  
  inflating: /var/www/html/assets/index-BB7PGbdt.js  
  inflating: /var/www/html/assets/xlsx-DGuHH-KN.js  
  inflating: /var/www/html/assets/shakeelBg-NX99JDrP.jpg  
  inflating: /var/www/html/assets/meerGreenJacket-ykCKR2uN.png  
  inflating: /var/www/html/assets/wasimAkramBg-D4BFEYu1.png  
  inflating: /var/www/html/index.html  
Saving Git logs repo SSH key...
Testing GitHub SSH key...
Cloning deployment-logs repo...
Cloning into 'logs-repo'...
