Installing dependencies...
npm warn deprecated w3c-hr-time@1.0.2: Use your platform's native performance.now() and performance.timeOrigin.
npm warn deprecated domexception@2.0.1: Use your platform's native DOMException instead
npm warn deprecated abab@2.0.6: Use your platform's native atob() and btoa() methods instead

> the-business-hub-pakistan@0.0.0 prepare
> husky

.git can't be found
added 1807 packages, and audited 1808 packages in 5m

253 packages are looking for funding
  run `npm fund` for details

70 vulnerabilities (67 moderate, 3 high)

To address issues that do not require attention, run:
  npm audit fix

To address all issues possible (including breaking changes), run:
  npm audit fix --force

Some issues need review, and may require choosing
a different dependency.

Run `npm audit` for details.
Building React app...

> the-business-hub-pakistan@0.0.0 build
> vite build

vite v7.1.11 building for production...
transforming...
✓ 3088 modules transformed.
rendering chunks...
computing gzip size...
dist/index.html                                         2.18 kB │ gzip:   1.05 kB
dist/assets/verifiedBadge-CrcJq1tD.webp                10.83 kB
dist/assets/rectanglePlaceholder-nCbViREl.png          11.85 kB
dist/assets/goldenCheck-CnSHOmXW.webp                  13.45 kB
dist/assets/irfanMalikBg-D4osmO_C.jpg                  24.66 kB
dist/assets/proposal6-wLmvSjqd.webp                    28.15 kB
dist/assets/placeholderMan-BvremNML.png                36.64 kB
dist/assets/handShake-Dk1DoagP.webp                    65.18 kB
dist/assets/tower-gldBe0jJ.webp                        66.16 kB
dist/assets/tower2-LuqAcWCu.jpg                        72.52 kB
dist/assets/shakeelBg-NX99JDrP.jpg                    143.15 kB
dist/assets/MainLogo-DJpFhlQE.png                     144.86 kB
dist/assets/Fav-BPcykgsi.png                          147.34 kB
dist/assets/akhtar-qLBVRLf-.jpg                       173.92 kB
dist/assets/proposal5-DItum-r7.webp                   174.24 kB
dist/assets/tower3-DpFzgoGy.jpg                       175.56 kB
dist/assets/proposal2-B9XZZX50.webp                   192.62 kB
dist/assets/meerShinyDress-C8scZpYx.webp              229.68 kB
dist/assets/meerGreenJacket-ykCKR2uN.png              230.19 kB
dist/assets/arabic-BElshnQY.jpg                       238.42 kB
dist/assets/wasim-ETjjiRaD.jpg                        242.26 kB
dist/assets/salman-DD3Zraly.jpg                       255.18 kB
dist/assets/fahad-CnovJc60.jpg                        278.62 kB
dist/assets/tech-BdWyL5Pa.jpg                         281.71 kB
dist/assets/dubai-Bmqq4ymj.jpg                        311.77 kB
dist/assets/wasimAkramBg-D4BFEYu1.png                 313.57 kB
dist/assets/bhp-webinar-banner-4Y66DNfq.webp          380.92 kB
dist/assets/proposal3-fxAFZeku.webp                   445.47 kB
dist/assets/proposal4-CZk7QC75.webp                   542.86 kB
dist/assets/bhp-webinar-banner-mobile-3Qas_qJl.svg    589.04 kB │ gzip: 438.74 kB
dist/assets/proposal1-D37fvLUu.webp                   779.05 kB
dist/assets/wasimAkram-CBOcRO9q.png                 4,488.96 kB
dist/assets/BlogDetail-oNXnMkFG.css                     0.63 kB │ gzip:   0.26 kB
dist/assets/style-DpsRipQV.css                          3.23 kB │ gzip:   0.73 kB
dist/assets/index-x7RUDbD1.css                        152.89 kB │ gzip:  20.83 kB
dist/assets/blogs-ChqPogSE.js                           0.04 kB │ gzip:   0.06 kB
dist/assets/useDebounce-CgW5C1uc.js                     0.19 kB │ gzip:   0.17 kB
dist/assets/plus-Tx0HpwlC.js                            0.33 kB │ gzip:   0.25 kB
dist/assets/arrow-right-h7gELLOc.js                     0.34 kB │ gzip:   0.26 kB
dist/assets/arrow-left-iRBIo2q3.js                      0.34 kB │ gzip:   0.27 kB
dist/assets/circle-check-CkIChRpC.js                    0.35 kB │ gzip:   0.27 kB
dist/assets/trending-up-DzUyHktb.js                     0.35 kB │ gzip:   0.27 kB
dist/assets/ban-BEvvuXqh.js                             0.35 kB │ gzip:   0.28 kB
dist/assets/info-gpwsuYlo.js                            0.37 kB │ gzip:   0.28 kB
dist/assets/rotate-ccw-bP5RKu7Q.js                      0.37 kB │ gzip:   0.29 kB
dist/assets/circle-x-ClM3P6c2.js                        0.38 kB │ gzip:   0.28 kB
dist/assets/Dashboard-_b2gFiEF.js                       0.38 kB │ gzip:   0.26 kB
dist/assets/Dashboard-wypPox3y.js                       0.38 kB │ gzip:   0.26 kB
dist/assets/mail-p781O_iL.js                            0.39 kB │ gzip:   0.31 kB
dist/assets/upload-CY1MM7jc.js                          0.40 kB │ gzip:   0.30 kB
dist/assets/log-in-BM9aITPX.js                          0.40 kB │ gzip:   0.29 kB
dist/assets/message-square-E2sKbXJg.js                  0.41 kB │ gzip:   0.30 kB
dist/assets/globe-IY46At7c.js                           0.41 kB │ gzip:   0.29 kB
dist/assets/message-circle-BCC-y7MI.js                  0.41 kB │ gzip:   0.32 kB
dist/assets/circle-alert-aUdqMfxH.js                    0.42 kB │ gzip:   0.29 kB
dist/assets/funnel-BgfLOH0p.js                          0.42 kB │ gzip:   0.31 kB
dist/assets/map-pin-K768N-6v.js                         0.43 kB │ gzip:   0.33 kB
dist/assets/calendar-LrIXdiUy.js                        0.43 kB │ gzip:   0.31 kB
dist/assets/pencil-9488PNZH.js                          0.45 kB │ gzip:   0.33 kB
dist/assets/shield-check-DUbk2l7d.js                    0.49 kB │ gzip:   0.35 kB
dist/assets/phone-yB91_Iuv.js                           0.50 kB │ gzip:   0.33 kB
dist/assets/sparkles-jYGiq4p5.js                        0.67 kB │ gzip:   0.39 kB
dist/assets/CkEditor-d2HKDMNr.js                        0.85 kB │ gzip:   0.53 kB
dist/assets/InfoBox-DEixXvvc.js                         0.86 kB │ gzip:   0.43 kB
dist/assets/Tabs-DZAWY8Hc.js                            1.23 kB │ gzip:   0.65 kB
dist/assets/ToggleChips-DXOkeWyR.js                     1.68 kB │ gzip:   0.83 kB
dist/assets/topCards-CgE2Ixwt.js                        1.71 kB │ gzip:   0.75 kB
dist/assets/ImageUploader-Da8z09st.js                   1.92 kB │ gzip:   0.92 kB
dist/assets/ForgotPassword-BLd7sAxG.js                  2.14 kB │ gzip:   1.07 kB
dist/assets/FilterDrawer-BmjRC0IK.js                    2.26 kB │ gzip:   0.96 kB
dist/assets/FounderThankYou-DKLIIwfE.js                 2.29 kB │ gzip:   1.11 kB
dist/assets/ResetPassword-SOqYRh66.js                   2.37 kB │ gzip:   1.05 kB
dist/assets/InvestorThankYou-D2UBXK8L.js                2.42 kB │ gzip:   1.18 kB
dist/assets/MultipleImageUploader-BbX_Dg1X.js           2.61 kB │ gzip:   1.14 kB
dist/assets/index-CUzf7Da-.js                           2.72 kB │ gzip:   1.22 kB
dist/assets/AuthCallback-seDIEGdt.js                    2.73 kB │ gzip:   1.30 kB
dist/assets/toolbar-Mm36krWz.js                         2.92 kB │ gzip:   1.19 kB
dist/assets/WebinarBanner-DFuXwGDa.js                   2.98 kB │ gzip:   1.13 kB
dist/assets/index-B6DtFnk9.js                           3.11 kB │ gzip:   1.48 kB
dist/assets/supabase-bulk-emails-pH71Wy6-.js            3.14 kB │ gzip:   1.12 kB
dist/assets/index-Be8eWNaQ.js                           3.24 kB │ gzip:   1.62 kB
dist/assets/index-DYN-qsK2.js                           3.31 kB │ gzip:   1.61 kB
dist/assets/index-BuTbYKdF.js                           3.44 kB │ gzip:   1.64 kB
dist/assets/index-yrCr3Tp1.js                           3.48 kB │ gzip:   1.67 kB
dist/assets/index-B1q_moT3.js                           3.84 kB │ gzip:   1.89 kB
dist/assets/index-BEH4PtGQ.js                           3.85 kB │ gzip:   1.89 kB
dist/assets/index-YB4wL4jU.js                           3.97 kB │ gzip:   1.57 kB
dist/assets/index-On3nupq3.js                           4.16 kB │ gzip:   1.86 kB
dist/assets/index-BypwQz8l.js                           4.35 kB │ gzip:   1.93 kB
dist/assets/ContactSupport-D2a85CBg.js                  4.66 kB │ gzip:   1.94 kB
dist/assets/Stepper-1mxfBqQj.js                         4.66 kB │ gzip:   2.01 kB
dist/assets/Login-5dSm-qjA.js                           4.77 kB │ gzip:   1.96 kB
dist/assets/index-iYJvbCug.js                           5.04 kB │ gzip:   2.16 kB
dist/assets/CreateBlog-CM1SX0Le.js                      5.16 kB │ gzip:   2.20 kB
dist/assets/AllBlogs-B157lfvO.js                        5.18 kB │ gzip:   2.09 kB
dist/assets/SelectRole-D_ccUWuJ.js                      5.69 kB │ gzip:   2.40 kB
dist/assets/VerifyUserEmail-bbWyBQ_4.js                 5.88 kB │ gzip:   2.11 kB
dist/assets/EditBlog-DBB5sjFN.js                        6.04 kB │ gzip:   2.59 kB
dist/assets/Profile-Ba4X_qnC.js                         6.82 kB │ gzip:   2.17 kB
dist/assets/SignUp-Ct1Yu0q9.js                          6.88 kB │ gzip:   2.59 kB
dist/assets/ViewRemindersModal-BT49tVkt.js              6.92 kB │ gzip:   2.55 kB
dist/assets/index-BJNjwFL-.js                           7.82 kB │ gzip:   3.18 kB
dist/assets/businessProposalCard-DfA5geMy.js            8.93 kB │ gzip:   3.02 kB
dist/assets/index-D0uZLOK8.js                           9.20 kB │ gzip:   3.79 kB
dist/assets/index-Chr3NqQf.js                           9.78 kB │ gzip:   3.62 kB
dist/assets/index-NHLkvl-1.js                           9.97 kB │ gzip:   3.23 kB
dist/assets/Header-DcozhJ4_.js                         11.34 kB │ gzip:   3.43 kB
dist/assets/table-CV0twKKj.js                          12.01 kB │ gzip:   3.74 kB
dist/assets/SimplifiedProfile-Cho18oKG.js              13.43 kB │ gzip:   3.56 kB
dist/assets/index-Dlp2usLv.js                          15.68 kB │ gzip:   4.83 kB
dist/assets/CreateNewBatch-Df0QLyuR.js                 16.81 kB │ gzip:   4.55 kB
dist/assets/EditFounder-B7Dek6rJ.js                    17.95 kB │ gzip:   4.35 kB
dist/assets/index-DTDVppkV.js                          18.44 kB │ gzip:   5.95 kB
dist/assets/EditInvestor-D7fApBm2.js                   18.97 kB │ gzip:   4.64 kB
dist/assets/index-BkC8kVR_.js                          20.15 kB │ gzip:   6.63 kB
dist/assets/index-CXiDYg9t.js                          20.39 kB │ gzip:   6.55 kB
dist/assets/index-DYLkA4d2.js                          21.25 kB │ gzip:   5.58 kB
dist/assets/BlogDetail-BPMEPFqN.js                     22.13 kB │ gzip:   9.03 kB
dist/assets/index-DrOfjCwk.js                          22.33 kB │ gzip:   6.61 kB
dist/assets/index-DlahTu-f.js                          23.49 kB │ gzip:   7.46 kB
dist/assets/ViewBusinessProposal-DZf_95kn.js           24.81 kB │ gzip:   6.03 kB
dist/assets/Landing-CE2Al_16.js                       151.03 kB │ gzip:  53.09 kB
dist/assets/xlsx-DGuHH-KN.js                          429.49 kB │ gzip: 143.07 kB
dist/assets/index-D0IMczAN.js                         616.12 kB │ gzip: 165.76 kB
dist/assets/index-BP2u6eLH.js                       2,791.69 kB │ gzip: 745.13 kB

(!) Some chunks are larger than 1500 kB after minification. Consider:
- Using dynamic import() to code-split the application
- Use build.rollupOptions.output.manualChunks to improve chunking: https://rollupjs.org/configuration-options/#output-manualchunks
- Adjust chunk size limit for this warning via build.chunkSizeWarningLimit.
✓ built in 19.47s
Packaging build...
  adding: favicon.ico (deflated 13%)
  adding: assets/ (stored 0%)
  adding: assets/irfanMalikBg-D4osmO_C.jpg (deflated 1%)
  adding: assets/meerGreenJacket-ykCKR2uN.png (deflated 0%)
  adding: assets/shakeelBg-NX99JDrP.jpg (deflated 0%)
  adding: assets/wasimAkramBg-D4BFEYu1.png (deflated 0%)
  adding: assets/dubai-Bmqq4ymj.jpg (deflated 0%)
  adding: assets/meerShinyDress-C8scZpYx.webp (deflated 0%)
  adding: assets/akhtar-qLBVRLf-.jpg (deflated 1%)
  adding: assets/arabic-BElshnQY.jpg (deflated 0%)
  adding: assets/handShake-Dk1DoagP.webp (deflated 0%)
  adding: assets/salman-DD3Zraly.jpg (deflated 0%)
  adding: assets/fahad-CnovJc60.jpg (deflated 0%)
  adding: assets/tech-BdWyL5Pa.jpg (deflated 0%)
  adding: assets/wasim-ETjjiRaD.jpg (deflated 0%)
  adding: assets/rectanglePlaceholder-nCbViREl.png (deflated 31%)
  adding: assets/placeholderMan-BvremNML.png (deflated 3%)
  adding: assets/Fav-BPcykgsi.png (deflated 5%)
  adding: assets/goldenCheck-CnSHOmXW.webp (stored 0%)
  adding: assets/MainLogo-DJpFhlQE.png (deflated 4%)
  adding: assets/verifiedBadge-CrcJq1tD.webp (deflated 1%)
  adding: assets/bhp-webinar-banner-4Y66DNfq.webp (deflated 1%)
  adding: assets/tower-gldBe0jJ.webp (deflated 0%)
  adding: assets/tower2-LuqAcWCu.jpg (deflated 2%)
  adding: assets/tower3-DpFzgoGy.jpg (deflated 0%)
  adding: assets/proposal2-B9XZZX50.webp (deflated 3%)
  adding: assets/proposal5-DItum-r7.webp (deflated 4%)
  adding: assets/proposal6-wLmvSjqd.webp (deflated 0%)
  adding: assets/proposal3-fxAFZeku.webp (deflated 1%)
  adding: assets/bhp-webinar-banner-mobile-3Qas_qJl.svg (deflated 25%)
  adding: assets/proposal1-D37fvLUu.webp (deflated 1%)
  adding: assets/proposal4-CZk7QC75.webp (deflated 1%)
  adding: assets/wasimAkram-CBOcRO9q.png (deflated 1%)
  adding: assets/index-x7RUDbD1.css (deflated 86%)
  adding: assets/BlogDetail-oNXnMkFG.css (deflated 62%)
  adding: assets/style-DpsRipQV.css (deflated 78%)
  adding: assets/index-BP2u6eLH.js (deflated 73%)
  adding: assets/xlsx-DGuHH-KN.js (deflated 67%)
  adding: assets/Landing-CE2Al_16.js (deflated 65%)
  adding: assets/BlogDetail-BPMEPFqN.js (deflated 60%)
  adding: assets/AllBlogs-B157lfvO.js (deflated 60%)
  adding: assets/index-Be8eWNaQ.js (deflated 50%)
  adding: assets/index-B6DtFnk9.js (deflated 53%)
  adding: assets/index-BuTbYKdF.js (deflated 53%)
  adding: assets/index-DYN-qsK2.js (deflated 52%)
  adding: assets/Header-DcozhJ4_.js (deflated 70%)
  adding: assets/SignUp-Ct1Yu0q9.js (deflated 63%)
  adding: assets/ForgotPassword-BLd7sAxG.js (deflated 51%)
  adding: assets/VerifyUserEmail-bbWyBQ_4.js (deflated 64%)
  adding: assets/ResetPassword-SOqYRh66.js (deflated 56%)
  adding: assets/ContactSupport-D2a85CBg.js (deflated 59%)
  adding: assets/AuthCallback-seDIEGdt.js (deflated 53%)
  adding: assets/SelectRole-D_ccUWuJ.js (deflated 58%)
  adding: assets/InvestorThankYou-D2UBXK8L.js (deflated 52%)
  adding: assets/FounderThankYou-DKLIIwfE.js (deflated 52%)
  adding: assets/arrow-right-h7gELLOc.js (deflated 27%)
  adding: assets/Login-5dSm-qjA.js (deflated 59%)
  adding: assets/Profile-Ba4X_qnC.js (deflated 68%)
  adding: assets/index-BJNjwFL-.js (deflated 60%)
  adding: assets/index-DlahTu-f.js (deflated 68%)
  adding: assets/EditInvestor-D7fApBm2.js (deflated 76%)
  adding: assets/index-CXiDYg9t.js (deflated 68%)
  adding: assets/ViewRemindersModal-BT49tVkt.js (deflated 63%)
  adding: assets/EditFounder-B7Dek6rJ.js (deflated 76%)
  adding: assets/index-D0uZLOK8.js (deflated 59%)
  adding: assets/index-BkC8kVR_.js (deflated 67%)
  adding: assets/log-in-BM9aITPX.js (deflated 32%)
  adding: assets/pencil-9488PNZH.js (deflated 31%)
  adding: assets/index-DTDVppkV.js (deflated 68%)
  adding: assets/ViewBusinessProposal-DZf_95kn.js (deflated 76%)
  adding: assets/circle-check-CkIChRpC.js (deflated 27%)
  adding: assets/index-DrOfjCwk.js (deflated 70%)
  adding: assets/index-NHLkvl-1.js (deflated 68%)
  adding: assets/index-CUzf7Da-.js (deflated 54%)
  adding: assets/mail-p781O_iL.js (deflated 26%)
  adding: assets/phone-yB91_Iuv.js (deflated 37%)
  adding: assets/map-pin-K768N-6v.js (deflated 28%)
  adding: assets/shield-check-DUbk2l7d.js (deflated 32%)
  adding: assets/sparkles-jYGiq4p5.js (deflated 45%)
  adding: assets/trending-up-DzUyHktb.js (deflated 26%)
  adding: assets/globe-IY46At7c.js (deflated 33%)
  adding: assets/blogs-ChqPogSE.js (stored 0%)
  adding: assets/calendar-LrIXdiUy.js (deflated 33%)
  adding: assets/index-yrCr3Tp1.js (deflated 53%)
  adding: assets/message-circle-BCC-y7MI.js (deflated 28%)
  adding: assets/arrow-left-iRBIo2q3.js (deflated 26%)
  adding: assets/InfoBox-DEixXvvc.js (deflated 52%)
  adding: assets/info-gpwsuYlo.js (deflated 30%)
  adding: assets/circle-alert-aUdqMfxH.js (deflated 36%)
  adding: assets/index-D0IMczAN.js (deflated 73%)
  adding: assets/topCards-CgE2Ixwt.js (deflated 57%)
  adding: assets/WebinarBanner-DFuXwGDa.js (deflated 63%)
  adding: assets/ImageUploader-Da8z09st.js (deflated 53%)
  adding: assets/upload-CY1MM7jc.js (deflated 31%)
  adding: assets/table-CV0twKKj.js (deflated 69%)
  adding: assets/toolbar-Mm36krWz.js (deflated 60%)
  adding: assets/useDebounce-CgW5C1uc.js (deflated 21%)
  adding: assets/message-square-E2sKbXJg.js (deflated 29%)
  adding: assets/funnel-BgfLOH0p.js (deflated 30%)
  adding: assets/FilterDrawer-BmjRC0IK.js (deflated 58%)
  adding: assets/rotate-ccw-bP5RKu7Q.js (deflated 28%)
  adding: assets/ToggleChips-DXOkeWyR.js (deflated 51%)
  adding: assets/circle-x-ClM3P6c2.js (deflated 31%)
  adding: assets/ban-BEvvuXqh.js (deflated 27%)
  adding: assets/plus-Tx0HpwlC.js (deflated 28%)
  adding: assets/Tabs-DZAWY8Hc.js (deflated 49%)
  adding: assets/businessProposalCard-DfA5geMy.js (deflated 67%)
  adding: assets/Stepper-1mxfBqQj.js (deflated 57%)
  adding: assets/MultipleImageUploader-BbX_Dg1X.js (deflated 57%)
  adding: assets/supabase-bulk-emails-pH71Wy6-.js (deflated 65%)
  adding: assets/CreateNewBatch-Df0QLyuR.js (deflated 73%)
  adding: assets/CkEditor-d2HKDMNr.js (deflated 40%)
  adding: assets/index-iYJvbCug.js (deflated 58%)
  adding: assets/CreateBlog-CM1SX0Le.js (deflated 58%)
  adding: assets/EditBlog-DBB5sjFN.js (deflated 57%)
  adding: assets/index-Dlp2usLv.js (deflated 69%)
  adding: assets/Dashboard-wypPox3y.js (deflated 36%)
  adding: assets/SimplifiedProfile-Cho18oKG.js (deflated 74%)
  adding: assets/index-B1q_moT3.js (deflated 51%)
  adding: assets/index-BypwQz8l.js (deflated 56%)
  adding: assets/index-YB4wL4jU.js (deflated 61%)
  adding: assets/index-On3nupq3.js (deflated 56%)
  adding: assets/Dashboard-_b2gFiEF.js (deflated 37%)
  adding: assets/index-DYLkA4d2.js (deflated 74%)
  adding: assets/index-Chr3NqQf.js (deflated 63%)
  adding: assets/index-BEH4PtGQ.js (deflated 51%)
  adding: index.html (deflated 52%)
Saving Lightsail SSH key...
Uploading build to Lightsail...
Warning: Permanently added '15.207.22.250' (ED25519) to the list of known hosts.
Deploying build to /var/www/html ...
Archive:  /home/ubuntu/react-build.zip
  inflating: /var/www/html/favicon.ico  
   creating: /var/www/html/assets/
  inflating: /var/www/html/assets/irfanMalikBg-D4osmO_C.jpg  
  inflating: /var/www/html/assets/meerGreenJacket-ykCKR2uN.png  
  inflating: /var/www/html/assets/shakeelBg-NX99JDrP.jpg  
  inflating: /var/www/html/assets/wasimAkramBg-D4BFEYu1.png  
  inflating: /var/www/html/assets/dubai-Bmqq4ymj.jpg  
  inflating: /var/www/html/assets/meerShinyDress-C8scZpYx.webp  
  inflating: /var/www/html/assets/akhtar-qLBVRLf-.jpg  
  inflating: /var/www/html/assets/arabic-BElshnQY.jpg  
  inflating: /var/www/html/assets/handShake-Dk1DoagP.webp  
  inflating: /var/www/html/assets/salman-DD3Zraly.jpg  
  inflating: /var/www/html/assets/fahad-CnovJc60.jpg  
  inflating: /var/www/html/assets/tech-BdWyL5Pa.jpg  
  inflating: /var/www/html/assets/wasim-ETjjiRaD.jpg  
  inflating: /var/www/html/assets/rectanglePlaceholder-nCbViREl.png  
  inflating: /var/www/html/assets/placeholderMan-BvremNML.png  
  inflating: /var/www/html/assets/Fav-BPcykgsi.png  
 extracting: /var/www/html/assets/goldenCheck-CnSHOmXW.webp  
  inflating: /var/www/html/assets/MainLogo-DJpFhlQE.png  
  inflating: /var/www/html/assets/verifiedBadge-CrcJq1tD.webp  
  inflating: /var/www/html/assets/bhp-webinar-banner-4Y66DNfq.webp  
  inflating: /var/www/html/assets/tower-gldBe0jJ.webp  
  inflating: /var/www/html/assets/tower2-LuqAcWCu.jpg  
  inflating: /var/www/html/assets/tower3-DpFzgoGy.jpg  
  inflating: /var/www/html/assets/proposal2-B9XZZX50.webp  
  inflating: /var/www/html/assets/proposal5-DItum-r7.webp  
  inflating: /var/www/html/assets/proposal6-wLmvSjqd.webp  
  inflating: /var/www/html/assets/proposal3-fxAFZeku.webp  
  inflating: /var/www/html/assets/bhp-webinar-banner-mobile-3Qas_qJl.svg  
  inflating: /var/www/html/assets/proposal1-D37fvLUu.webp  
  inflating: /var/www/html/assets/proposal4-CZk7QC75.webp  
  inflating: /var/www/html/assets/wasimAkram-CBOcRO9q.png  
  inflating: /var/www/html/assets/index-x7RUDbD1.css  
  inflating: /var/www/html/assets/BlogDetail-oNXnMkFG.css  
  inflating: /var/www/html/assets/style-DpsRipQV.css  
  inflating: /var/www/html/assets/index-BP2u6eLH.js  
  inflating: /var/www/html/assets/xlsx-DGuHH-KN.js  
  inflating: /var/www/html/assets/Landing-CE2Al_16.js  
  inflating: /var/www/html/assets/BlogDetail-BPMEPFqN.js  
  inflating: /var/www/html/assets/AllBlogs-B157lfvO.js  
  inflating: /var/www/html/assets/index-Be8eWNaQ.js  
  inflating: /var/www/html/assets/index-B6DtFnk9.js  
  inflating: /var/www/html/assets/index-BuTbYKdF.js  
  inflating: /var/www/html/assets/index-DYN-qsK2.js  
  inflating: /var/www/html/assets/Header-DcozhJ4_.js  
  inflating: /var/www/html/assets/SignUp-Ct1Yu0q9.js  
  inflating: /var/www/html/assets/ForgotPassword-BLd7sAxG.js  
  inflating: /var/www/html/assets/VerifyUserEmail-bbWyBQ_4.js  
  inflating: /var/www/html/assets/ResetPassword-SOqYRh66.js  
  inflating: /var/www/html/assets/ContactSupport-D2a85CBg.js  
  inflating: /var/www/html/assets/AuthCallback-seDIEGdt.js  
  inflating: /var/www/html/assets/SelectRole-D_ccUWuJ.js  
  inflating: /var/www/html/assets/InvestorThankYou-D2UBXK8L.js  
  inflating: /var/www/html/assets/FounderThankYou-DKLIIwfE.js  
  inflating: /var/www/html/assets/arrow-right-h7gELLOc.js  
  inflating: /var/www/html/assets/Login-5dSm-qjA.js  
  inflating: /var/www/html/assets/Profile-Ba4X_qnC.js  
  inflating: /var/www/html/assets/index-BJNjwFL-.js  
  inflating: /var/www/html/assets/index-DlahTu-f.js  
  inflating: /var/www/html/assets/EditInvestor-D7fApBm2.js  
  inflating: /var/www/html/assets/index-CXiDYg9t.js  
  inflating: /var/www/html/assets/ViewRemindersModal-BT49tVkt.js  
  inflating: /var/www/html/assets/EditFounder-B7Dek6rJ.js  
  inflating: /var/www/html/assets/index-D0uZLOK8.js  
  inflating: /var/www/html/assets/index-BkC8kVR_.js  
  inflating: /var/www/html/assets/log-in-BM9aITPX.js  
  inflating: /var/www/html/assets/pencil-9488PNZH.js  
  inflating: /var/www/html/assets/index-DTDVppkV.js  
  inflating: /var/www/html/assets/ViewBusinessProposal-DZf_95kn.js  
  inflating: /var/www/html/assets/circle-check-CkIChRpC.js  
  inflating: /var/www/html/assets/index-DrOfjCwk.js  
  inflating: /var/www/html/assets/index-NHLkvl-1.js  
  inflating: /var/www/html/assets/index-CUzf7Da-.js  
  inflating: /var/www/html/assets/mail-p781O_iL.js  
  inflating: /var/www/html/assets/phone-yB91_Iuv.js  
  inflating: /var/www/html/assets/map-pin-K768N-6v.js  
  inflating: /var/www/html/assets/shield-check-DUbk2l7d.js  
  inflating: /var/www/html/assets/sparkles-jYGiq4p5.js  
  inflating: /var/www/html/assets/trending-up-DzUyHktb.js  
  inflating: /var/www/html/assets/globe-IY46At7c.js  
 extracting: /var/www/html/assets/blogs-ChqPogSE.js  
  inflating: /var/www/html/assets/calendar-LrIXdiUy.js  
  inflating: /var/www/html/assets/index-yrCr3Tp1.js  
  inflating: /var/www/html/assets/message-circle-BCC-y7MI.js  
  inflating: /var/www/html/assets/arrow-left-iRBIo2q3.js  
  inflating: /var/www/html/assets/InfoBox-DEixXvvc.js  
  inflating: /var/www/html/assets/info-gpwsuYlo.js  
  inflating: /var/www/html/assets/circle-alert-aUdqMfxH.js  
  inflating: /var/www/html/assets/index-D0IMczAN.js  
  inflating: /var/www/html/assets/topCards-CgE2Ixwt.js  
  inflating: /var/www/html/assets/WebinarBanner-DFuXwGDa.js  
  inflating: /var/www/html/assets/ImageUploader-Da8z09st.js  
  inflating: /var/www/html/assets/upload-CY1MM7jc.js  
  inflating: /var/www/html/assets/table-CV0twKKj.js  
  inflating: /var/www/html/assets/toolbar-Mm36krWz.js  
  inflating: /var/www/html/assets/useDebounce-CgW5C1uc.js  
  inflating: /var/www/html/assets/message-square-E2sKbXJg.js  
  inflating: /var/www/html/assets/funnel-BgfLOH0p.js  
  inflating: /var/www/html/assets/FilterDrawer-BmjRC0IK.js  
  inflating: /var/www/html/assets/rotate-ccw-bP5RKu7Q.js  
  inflating: /var/www/html/assets/ToggleChips-DXOkeWyR.js  
  inflating: /var/www/html/assets/circle-x-ClM3P6c2.js  
  inflating: /var/www/html/assets/ban-BEvvuXqh.js  
  inflating: /var/www/html/assets/plus-Tx0HpwlC.js  
  inflating: /var/www/html/assets/Tabs-DZAWY8Hc.js  
  inflating: /var/www/html/assets/businessProposalCard-DfA5geMy.js  
  inflating: /var/www/html/assets/Stepper-1mxfBqQj.js  
  inflating: /var/www/html/assets/MultipleImageUploader-BbX_Dg1X.js  
  inflating: /var/www/html/assets/supabase-bulk-emails-pH71Wy6-.js  
  inflating: /var/www/html/assets/CreateNewBatch-Df0QLyuR.js  
  inflating: /var/www/html/assets/CkEditor-d2HKDMNr.js  
  inflating: /var/www/html/assets/index-iYJvbCug.js  
  inflating: /var/www/html/assets/CreateBlog-CM1SX0Le.js  
  inflating: /var/www/html/assets/EditBlog-DBB5sjFN.js  
  inflating: /var/www/html/assets/index-Dlp2usLv.js  
  inflating: /var/www/html/assets/Dashboard-wypPox3y.js  
  inflating: /var/www/html/assets/SimplifiedProfile-Cho18oKG.js  
  inflating: /var/www/html/assets/index-B1q_moT3.js  
  inflating: /var/www/html/assets/index-BypwQz8l.js  
  inflating: /var/www/html/assets/index-YB4wL4jU.js  
  inflating: /var/www/html/assets/index-On3nupq3.js  
  inflating: /var/www/html/assets/Dashboard-_b2gFiEF.js  
  inflating: /var/www/html/assets/index-DYLkA4d2.js  
  inflating: /var/www/html/assets/index-Chr3NqQf.js  
  inflating: /var/www/html/assets/index-BEH4PtGQ.js  
  inflating: /var/www/html/index.html  
Saving Git logs repo SSH key...
Testing GitHub SSH key...
Cloning deployment-logs repo...
Cloning into 'logs-repo'...
